Initialized native services in: C:\Users\Kumar\.gradle\native
Initialized jansi services in: C:\Users\Kumar\.gradle\native
Received JVM installation metadata from 'C:\Program Files\Microsoft\jdk-17.0.18.8-hotspot': {JAVA_HOME=C:\Program Files\Microsoft\jdk-17.0.18.8-hotspot, JAVA_VERSION=17.0.18, JAVA_VENDOR=Microsoft, RUNTIME_NAME=OpenJDK Runtime Environment, RUNTIME_VERSION=17.0.18+8-LTS, VM_NAME=OpenJDK 64-Bit Server VM, VM_VERSION=17.0.18+8-LTS, VM_VENDOR=Microsoft, OS_ARCH=amd64}
To honour the JVM settings for this build a single-use Daemon process will be forked. For more on this, please refer to https://docs.gradle.org/8.8/userguide/gradle_daemon.html#sec:disabling_the_daemon in the Gradle documentation.
Starting process 'Gradle build daemon'. Working directory: C:\Users\Kumar\.gradle\daemon\8.8 Command: C:\Program Files\Microsoft\jdk-17.0.18.8-hotspot\bin\java.exe -XX:MaxMetaspaceSize=1024m -XX:+HeapDumpOnOutOfMemoryError --add-opens=java.base/java.util=ALL-UNNAMED --add-opens=java.base/java.lang=ALL-UNNAMED --add-opens=java.base/java.lang.invoke=ALL-UNNAMED --add-opens=java.prefs/java.util.prefs=ALL-UNNAMED --add-opens=java.base/java.nio.charset=ALL-UNNAMED --add-opens=java.base/java.net=ALL-UNNAMED --add-opens=java.base/java.util.concurrent.atomic=ALL-UNNAMED -Xmx4096m -Dfile.encoding=UTF-8 -Duser.country=IN -Duser.language=en -Duser.variant -cp C:\Users\Kumar\.gradle\wrapper\dists\gradle-8.8-bin\dl7vupf4psengwqhwktix4v1\gradle-8.8\lib\gradle-launcher-8.8.jar -javaagent:C:\Users\Kumar\.gradle\wrapper\dists\gradle-8.8-bin\dl7vupf4psengwqhwktix4v1\gradle-8.8\lib\agents\gradle-instrumentation-agent-8.8.jar org.gradle.launcher.daemon.bootstrap.GradleDaemon 8.8
Successfully started process 'Gradle build daemon'
An attempt to start the daemon took 1.863 secs.
The client will now receive all logging from the daemon (pid: 6604). The daemon log file: C:\Users\Kumar\.gradle\daemon\8.8\daemon-6604.out.log
Daemon will be stopped at the end of the build 
Using 4 worker leases.
Received JVM installation metadata from 'C:\Program Files\Microsoft\jdk-17.0.18.8-hotspot': {JAVA_HOME=C:\Program Files\Microsoft\jdk-17.0.18.8-hotspot, JAVA_VERSION=17.0.18, JAVA_VENDOR=Microsoft, RUNTIME_NAME=OpenJDK Runtime Environment, RUNTIME_VERSION=17.0.18+8-LTS, VM_NAME=OpenJDK 64-Bit Server VM, VM_VERSION=17.0.18+8-LTS, VM_VENDOR=Microsoft, OS_ARCH=amd64}
Watching the file system is configured to be enabled if available
Now considering [D:\KushwahaHardware] as hierarchies to watch
File system watching is active
Starting Build
Settings evaluated using settings file 'D:\KushwahaHardware\settings.gradle.kts'.
Projects loaded. Root project using build file 'D:\KushwahaHardware\build.gradle.kts'.
Included projects: [root project 'KushwahaHardware', project ':app']

> Configure project :
Evaluating root project 'KushwahaHardware' using build file 'D:\KushwahaHardware\build.gradle.kts'.
Transforming gradle-8.6.0.jar (com.android.tools.build:gradle:8.6.0) with InstrumentationAnalysisTransform
Transforming hilt-android-gradle-plugin-2.48.jar (com.google.dagger:hilt-android-gradle-plugin:2.48) with InstrumentationAnalysisTransform
Transforming google-services-4.4.1.jar (com.google.gms:google-services:4.4.1) with InstrumentationAnalysisTransform
Transforming gradle-settings-api-8.6.0.jar (com.android.tools.build:gradle-settings-api:8.6.0) with InstrumentationAnalysisTransform
Transforming lint-model-31.6.0.jar (com.android.tools.lint:lint-model:31.6.0) with InstrumentationAnalysisTransform
Transforming builder-8.6.0.jar (com.android.tools.build:builder:8.6.0) with InstrumentationAnalysisTransform
Transforming manifest-merger-31.6.0.jar (com.android.tools.build:manifest-merger:31.6.0) with InstrumentationAnalysisTransform
Transforming sdk-common-31.6.0.jar (com.android.tools:sdk-common:31.6.0) with InstrumentationAnalysisTransform
Transforming sdklib-31.6.0.jar (com.android.tools:sdklib:31.6.0) with InstrumentationAnalysisTransform
Transforming repository-31.6.0.jar (com.android.tools:repository:31.6.0) with InstrumentationAnalysisTransform
Transforming aaptcompiler-8.6.0.jar (com.android.tools.build:aaptcompiler:8.6.0) with InstrumentationAnalysisTransform
Transforming tracker-31.6.0.jar (com.android.tools.analytics-library:tracker:31.6.0) with InstrumentationAnalysisTransform
Transforming shared-31.6.0.jar (com.android.tools.analytics-library:shared:31.6.0) with InstrumentationAnalysisTransform
Transforming databinding-compiler-common-8.6.0.jar (androidx.databinding:databinding-compiler-common:8.6.0) with InstrumentationAnalysisTransform
Transforming android-test-plugin-host-emulator-control-proto-31.6.0.jar (com.android.tools.utp:android-test-plugin-host-emulator-control-proto:31.6.0) with InstrumentationAnalysisTransform
Transforming android-test-plugin-host-retention-proto-31.6.0.jar (com.android.tools.utp:android-test-plugin-host-retention-proto:31.6.0) with InstrumentationAnalysisTransform
Transforming builder-model-8.6.0.jar (com.android.tools.build:builder-model:8.6.0) with InstrumentationAnalysisTransform
Transforming gradle-api-8.6.0.jar (com.android.tools.build:gradle-api:8.6.0) with InstrumentationAnalysisTransform
Transforming strict-version-matcher-plugin-1.2.4.jar (com.google.android.gms:strict-version-matcher-plugin:1.2.4) with InstrumentationAnalysisTransform
Transforming builder-test-api-8.6.0.jar (com.android.tools.build:builder-test-api:8.6.0) with InstrumentationAnalysisTransform
Transforming ddmlib-31.6.0.jar (com.android.tools.ddms:ddmlib:31.6.0) with InstrumentationAnalysisTransform
Transforming layoutlib-api-31.6.0.jar (com.android.tools.layoutlib:layoutlib-api:31.6.0) with InstrumentationAnalysisTransform
Transforming dvlib-31.6.0.jar (com.android.tools:dvlib:31.6.0) with InstrumentationAnalysisTransform
Transforming common-31.6.0.jar (com.android.tools:common:31.6.0) with InstrumentationAnalysisTransform
Transforming kotlin-stdlib-jdk8-1.9.20.jar (org.jetbrains.kotlin:kotlin-stdlib-jdk8:1.9.20) with InstrumentationAnalysisTransform
Transforming jetifier-processor-1.0.0-beta10.jar (com.android.tools.build.jetifier:jetifier-processor:1.0.0-beta10) with InstrumentationAnalysisTransform
Transforming jetifier-core-1.0.0-beta10.jar (com.android.tools.build.jetifier:jetifier-core:1.0.0-beta10) with InstrumentationAnalysisTransform
Transforming kotlin-reflect-1.9.22.jar (org.jetbrains.kotlin:kotlin-reflect:1.9.22) with InstrumentationAnalysisTransform
Transforming kotlin-stdlib-jdk7-1.9.20.jar (org.jetbrains.kotlin:kotlin-stdlib-jdk7:1.9.20) with InstrumentationAnalysisTransform
Transforming kotlin-stdlib-1.9.22.jar (org.jetbrains.kotlin:kotlin-stdlib:1.9.22) with InstrumentationAnalysisTransform
Transforming annotations-13.0.jar (org.jetbrains:annotations:13.0) with InstrumentationAnalysisTransform
Transforming kotlin-gradle-plugin-model-2.0.21.jar (org.jetbrains.kotlin:kotlin-gradle-plugin-model:2.0.21) with InstrumentationAnalysisTransform
Transforming kotlin-gradle-plugin-api-2.0.21.jar (org.jetbrains.kotlin:kotlin-gradle-plugin-api:2.0.21) with InstrumentationAnalysisTransform
Transforming kotlin-gradle-plugin-2.0.21-gradle85.jar (org.jetbrains.kotlin:kotlin-gradle-plugin:2.0.21) with InstrumentationAnalysisTransform
Transforming bundletool-1.16.0.jar (com.android.tools.build:bundletool:1.16.0) with InstrumentationAnalysisTransform
Transforming aapt2-proto-8.6.0-11315950.jar (com.android.tools.build:aapt2-proto:8.6.0-11315950) with InstrumentationAnalysisTransform
Transforming crash-31.6.0.jar (com.android.tools.analytics-library:crash:31.6.0) with InstrumentationAnalysisTransform
Transforming lint-typedef-remover-31.6.0.jar (com.android.tools.lint:lint-typedef-remover:31.6.0) with InstrumentationAnalysisTransform
Transforming databinding-common-8.6.0.jar (androidx.databinding:databinding-common:8.6.0) with InstrumentationAnalysisTransform
Transforming baseLibrary-8.6.0.jar (com.android.databinding:baseLibrary:8.6.0) with InstrumentationAnalysisTransform
Transforming android-device-provider-ddmlib-proto-31.6.0.jar (com.android.tools.utp:android-device-provider-ddmlib-proto:31.6.0) with InstrumentationAnalysisTransform
Transforming android-device-provider-gradle-proto-31.6.0.jar (com.android.tools.utp:android-device-provider-gradle-proto:31.6.0) with InstrumentationAnalysisTransform
Transforming android-test-plugin-host-additional-test-output-proto-31.6.0.jar (com.android.tools.utp:android-test-plugin-host-additional-test-output-proto:31.6.0) with InstrumentationAnalysisTransform
Transforming android-test-plugin-host-coverage-proto-31.6.0.jar (com.android.tools.utp:android-test-plugin-host-coverage-proto:31.6.0) with InstrumentationAnalysisTransform
Transforming android-test-plugin-host-logcat-proto-31.6.0.jar (com.android.tools.utp:android-test-plugin-host-logcat-proto:31.6.0) with InstrumentationAnalysisTransform
Transforming android-test-plugin-host-apk-installer-proto-31.6.0.jar (com.android.tools.utp:android-test-plugin-host-apk-installer-proto:31.6.0) with InstrumentationAnalysisTransform
Transforming android-test-plugin-result-listener-gradle-proto-31.6.0.jar (com.android.tools.utp:android-test-plugin-result-listener-gradle-proto:31.6.0) with InstrumentationAnalysisTransform
Transforming transform-api-2.0.0-deprecated-use-gradle-api.jar (com.android.tools.build:transform-api:2.0.0-deprecated-use-gradle-api) with InstrumentationAnalysisTransform
Transforming httpmime-4.5.6.jar (org.apache.httpcomponents:httpmime:4.5.6) with InstrumentationAnalysisTransform
Transforming commons-io-2.13.0.jar (commons-io:commons-io:2.13.0) with InstrumentationAnalysisTransform
Transforming asm-commons-9.6.jar (org.ow2.asm:asm-commons:9.6) with InstrumentationAnalysisTransform
Transforming asm-util-9.6.jar (org.ow2.asm:asm-util:9.6) with InstrumentationAnalysisTransform
Transforming asm-analysis-9.6.jar (org.ow2.asm:asm-analysis:9.6) with InstrumentationAnalysisTransform
Transforming asm-tree-9.6.jar (org.ow2.asm:asm-tree:9.6) with InstrumentationAnalysisTransform
Transforming asm-9.6.jar (org.ow2.asm:asm:9.6) with InstrumentationAnalysisTransform
Transforming apkzlib-8.6.0.jar (com.android.tools.build:apkzlib:8.6.0) with InstrumentationAnalysisTransform
Transforming bcpkix-jdk18on-1.77.jar (org.bouncycastle:bcpkix-jdk18on:1.77) with InstrumentationAnalysisTransform
Transforming jaxb-runtime-2.3.2.jar (org.glassfish.jaxb:jaxb-runtime:2.3.2) with InstrumentationAnalysisTransform
Transforming jopt-simple-4.9.jar (net.sf.jopt-simple:jopt-simple:4.9) with InstrumentationAnalysisTransform
Transforming javapoet-1.13.0.jar (com.squareup:javapoet:1.13.0) with InstrumentationAnalysisTransform
Transforming protobuf-java-util-3.22.3.jar (com.google.protobuf:protobuf-java-util:3.22.3) with InstrumentationAnalysisTransform
Transforming grpc-protobuf-1.57.0.jar (io.grpc:grpc-protobuf:1.57.0) with InstrumentationAnalysisTransform
Transforming tink-1.7.0.jar (com.google.crypto.tink:tink:1.7.0) with InstrumentationAnalysisTransform
Transforming protos-31.6.0.jar (com.android.tools.analytics-library:protos:31.6.0) with InstrumentationAnalysisTransform
Transforming proto-google-common-protos-2.17.0.jar (com.google.api.grpc:proto-google-common-protos:2.17.0) with InstrumentationAnalysisTransform
Transforming protobuf-java-3.22.3.jar (com.google.protobuf:protobuf-java:3.22.3) with InstrumentationAnalysisTransform
Transforming grpc-netty-1.57.0.jar (io.grpc:grpc-netty:1.57.0) with InstrumentationAnalysisTransform
Transforming grpc-core-1.57.0.jar (io.grpc:grpc-core:1.57.0) with InstrumentationAnalysisTransform
Transforming kotlin-build-statistics-2.0.21.jar (org.jetbrains.kotlin:kotlin-build-statistics:2.0.21) with InstrumentationAnalysisTransform
Transforming gson-2.10.1.jar (com.google.code.gson:gson:2.10.1) with InstrumentationAnalysisTransform
Transforming grpc-stub-1.57.0.jar (io.grpc:grpc-stub:1.57.0) with InstrumentationAnalysisTransform
Transforming core-proto-0.0.9-alpha02.jar (com.google.testing.platform:core-proto:0.0.9-alpha02) with InstrumentationAnalysisTransform
Transforming kxml2-2.3.0.jar (net.sf.kxml:kxml2:2.3.0) with InstrumentationAnalysisTransform
Transforming tensorflow-lite-metadata-0.1.0-rc2.jar (org.tensorflow:tensorflow-lite-metadata:0.1.0-rc2) with InstrumentationAnalysisTransform
Transforming flatbuffers-java-1.12.0.jar (com.google.flatbuffers:flatbuffers-java:1.12.0) with InstrumentationAnalysisTransform
Transforming kotlin-gradle-plugin-idea-proto-2.0.21.jar (org.jetbrains.kotlin:kotlin-gradle-plugin-idea-proto:2.0.21) with InstrumentationAnalysisTransform
Transforming kotlin-gradle-plugin-idea-2.0.21.jar (org.jetbrains.kotlin:kotlin-gradle-plugin-idea:2.0.21) with InstrumentationAnalysisTransform
Transforming kotlin-klib-commonizer-api-2.0.21.jar (org.jetbrains.kotlin:kotlin-klib-commonizer-api:2.0.21) with InstrumentationAnalysisTransform
Transforming kotlin-build-tools-api-2.0.21.jar (org.jetbrains.kotlin:kotlin-build-tools-api:2.0.21) with InstrumentationAnalysisTransform
Transforming kotlin-compiler-runner-2.0.21.jar (org.jetbrains.kotlin:kotlin-compiler-runner:2.0.21) with InstrumentationAnalysisTransform
Transforming kotlin-native-utils-2.0.21.jar (org.jetbrains.kotlin:kotlin-native-utils:2.0.21) with InstrumentationAnalysisTransform
Transforming kotlin-util-klib-2.0.21.jar (org.jetbrains.kotlin:kotlin-util-klib:2.0.21) with InstrumentationAnalysisTransform
Transforming kotlin-compiler-embeddable-2.0.21.jar (org.jetbrains.kotlin:kotlin-compiler-embeddable:2.0.21) with InstrumentationAnalysisTransform
Transforming jimfs-1.1.jar (com.google.jimfs:jimfs:1.1) with InstrumentationAnalysisTransform
Transforming grpc-context-1.57.0.jar (io.grpc:grpc-context:1.57.0) with InstrumentationAnalysisTransform
Transforming grpc-protobuf-lite-1.57.0.jar (io.grpc:grpc-protobuf-lite:1.57.0) with InstrumentationAnalysisTransform
Transforming grpc-api-1.57.0.jar (io.grpc:grpc-api:1.57.0) with InstrumentationAnalysisTransform
Transforming guava-32.0.1-jre.jar (com.google.guava:guava:32.0.1-jre) with InstrumentationAnalysisTransform
Transforming dagger-2.28.3.jar (com.google.dagger:dagger:2.28.3) with InstrumentationAnalysisTransform
Transforming javax.inject-1.jar (javax.inject:javax.inject:1) with InstrumentationAnalysisTransform
Transforming bcutil-jdk18on-1.77.jar (org.bouncycastle:bcutil-jdk18on:1.77) with InstrumentationAnalysisTransform
Transforming bcprov-jdk18on-1.77.jar (org.bouncycastle:bcprov-jdk18on:1.77) with InstrumentationAnalysisTransform
Transforming trove4j-1.0.20200330.jar (org.jetbrains.intellij.deps:trove4j:1.0.20200330) with InstrumentationAnalysisTransform
Transforming commons-compress-1.21.jar (org.apache.commons:commons-compress:1.21) with InstrumentationAnalysisTransform
Transforming httpclient-4.5.14.jar (org.apache.httpcomponents:httpclient:4.5.14) with InstrumentationAnalysisTransform
Transforming httpcore-4.4.16.jar (org.apache.httpcomponents:httpcore:4.4.16) with InstrumentationAnalysisTransform
Transforming javax.activation-1.2.0.jar (com.sun.activation:javax.activation:1.2.0) with InstrumentationAnalysisTransform
Transforming signflinger-8.6.0.jar (com.android:signflinger:8.6.0) with InstrumentationAnalysisTransform
Transforming zipflinger-8.6.0.jar (com.android:zipflinger:8.6.0) with InstrumentationAnalysisTransform
Transforming annotations-31.6.0.jar (com.android.tools:annotations:31.6.0) with InstrumentationAnalysisTransform
Transforming jna-platform-5.6.0.jar (net.java.dev.jna:jna-platform:5.6.0) with InstrumentationAnalysisTransform
Transforming juniversalchardet-1.0.3.jar (com.googlecode.juniversalchardet:juniversalchardet:1.0.3) with InstrumentationAnalysisTransform
Transforming javax.annotation-api-1.3.2.jar (javax.annotation:javax.annotation-api:1.3.2) with InstrumentationAnalysisTransform
Transforming stax-ex-1.8.1.jar (org.jvnet.staxex:stax-ex:1.8.1) with InstrumentationAnalysisTransform
Transforming jakarta.xml.bind-api-2.3.2.jar (jakarta.xml.bind:jakarta.xml.bind-api:2.3.2) with InstrumentationAnalysisTransform
Transforming txw2-2.3.2.jar (org.glassfish.jaxb:txw2:2.3.2) with InstrumentationAnalysisTransform
Transforming istack-commons-runtime-3.0.8.jar (com.sun.istack:istack-commons-runtime:3.0.8) with InstrumentationAnalysisTransform
Transforming FastInfoset-1.2.16.jar (com.sun.xml.fastinfoset:FastInfoset:1.2.16) with InstrumentationAnalysisTransform
Transforming jakarta.activation-api-1.2.1.jar (jakarta.activation:jakarta.activation-api:1.2.1) with InstrumentationAnalysisTransform
Transforming auto-value-annotations-1.6.2.jar (com.google.auto.value:auto-value-annotations:1.6.2) with InstrumentationAnalysisTransform
Transforming error_prone_annotations-2.18.0.jar (com.google.errorprone:error_prone_annotations:2.18.0) with InstrumentationAnalysisTransform
Transforming jose4j-0.9.5.jar (org.bitbucket.b_c:jose4j:0.9.5) with InstrumentationAnalysisTransform
Transforming slf4j-api-1.7.30.jar (org.slf4j:slf4j-api:1.7.30) with InstrumentationAnalysisTransform
Transforming jdom2-2.0.6.jar (org.jdom:jdom2:2.0.6) with InstrumentationAnalysisTransform
Transforming jsr305-3.0.2.jar (com.google.code.findbugs:jsr305:3.0.2) with InstrumentationAnalysisTransform
Transforming j2objc-annotations-2.8.jar (com.google.j2objc:j2objc-annotations:2.8) with InstrumentationAnalysisTransform
Transforming annotations-4.1.1.4.jar (com.google.android:annotations:4.1.1.4) with InstrumentationAnalysisTransform
Transforming animal-sniffer-annotations-1.23.jar (org.codehaus.mojo:animal-sniffer-annotations:1.23) with InstrumentationAnalysisTransform
Transforming perfmark-api-0.26.0.jar (io.perfmark:perfmark-api:0.26.0) with InstrumentationAnalysisTransform
Transforming netty-codec-http2-4.1.93.Final.jar (io.netty:netty-codec-http2:4.1.93.Final) with InstrumentationAnalysisTransform
Transforming netty-handler-proxy-4.1.93.Final.jar (io.netty:netty-handler-proxy:4.1.93.Final) with InstrumentationAnalysisTransform
Transforming netty-codec-http-4.1.93.Final.jar (io.netty:netty-codec-http:4.1.93.Final) with InstrumentationAnalysisTransform
Transforming netty-handler-4.1.93.Final.jar (io.netty:netty-handler:4.1.93.Final) with InstrumentationAnalysisTransform
Transforming netty-transport-native-unix-common-4.1.93.Final.jar (io.netty:netty-transport-native-unix-common:4.1.93.Final) with InstrumentationAnalysisTransform
Transforming checker-qual-3.33.0.jar (org.checkerframework:checker-qual:3.33.0) with InstrumentationAnalysisTransform
Transforming commons-codec-1.11.jar (commons-codec:commons-codec:1.11) with InstrumentationAnalysisTransform
Transforming apksig-8.6.0.jar (com.android.tools.build:apksig:8.6.0) with InstrumentationAnalysisTransform
Transforming javawriter-2.5.0.jar (com.squareup:javawriter:2.5.0) with InstrumentationAnalysisTransform
Transforming kotlin-gradle-plugin-annotations-2.0.21.jar (org.jetbrains.kotlin:kotlin-gradle-plugin-annotations:2.0.21) with InstrumentationAnalysisTransform
Transforming kotlin-tooling-core-2.0.21.jar (org.jetbrains.kotlin:kotlin-tooling-core:2.0.21) with InstrumentationAnalysisTransform
Transforming kotlin-daemon-client-2.0.21.jar (org.jetbrains.kotlin:kotlin-daemon-client:2.0.21) with InstrumentationAnalysisTransform
Transforming kotlinx-coroutines-core-jvm-1.6.4.jar (org.jetbrains.kotlinx:kotlinx-coroutines-core-jvm:1.6.4) with InstrumentationAnalysisTransform
Transforming kotlin-util-io-2.0.21.jar (org.jetbrains.kotlin:kotlin-util-io:2.0.21) with InstrumentationAnalysisTransform
Transforming kotlin-daemon-embeddable-2.0.21.jar (org.jetbrains.kotlin:kotlin-daemon-embeddable:2.0.21) with InstrumentationAnalysisTransform
Transforming failureaccess-1.0.1.jar (com.google.guava:failureaccess:1.0.1) with InstrumentationAnalysisTransform
Transforming listenablefuture-9999.0-empty-to-avoid-conflict-with-guava.jar (com.google.guava:listenablefuture:9999.0-empty-to-avoid-conflict-with-guava) with InstrumentationAnalysisTransform
Transforming commons-logging-1.2.jar (commons-logging:commons-logging:1.2) with InstrumentationAnalysisTransform
Transforming jna-5.6.0.jar (net.java.dev.jna:jna:5.6.0) with InstrumentationAnalysisTransform
Transforming netty-codec-socks-4.1.93.Final.jar (io.netty:netty-codec-socks:4.1.93.Final) with InstrumentationAnalysisTransform
Transforming netty-codec-4.1.93.Final.jar (io.netty:netty-codec:4.1.93.Final) with InstrumentationAnalysisTransform
Transforming netty-transport-4.1.93.Final.jar (io.netty:netty-transport:4.1.93.Final) with InstrumentationAnalysisTransform
Transforming netty-buffer-4.1.93.Final.jar (io.netty:netty-buffer:4.1.93.Final) with InstrumentationAnalysisTransform
Transforming netty-resolver-4.1.93.Final.jar (io.netty:netty-resolver:4.1.93.Final) with InstrumentationAnalysisTransform
Transforming netty-common-4.1.93.Final.jar (io.netty:netty-common:4.1.93.Final) with InstrumentationAnalysisTransform
Transforming gradle-8.6.0.jar (com.android.tools.build:gradle:8.6.0) with InstrumentationAnalysisTransform
Transforming gradle-8.6.0.jar (com.android.tools.build:gradle:8.6.0) with MergeInstrumentationAnalysisTransform
Transforming hilt-android-gradle-plugin-2.48.jar (com.google.dagger:hilt-android-gradle-plugin:2.48) with InstrumentationAnalysisTransform
Transforming hilt-android-gradle-plugin-2.48.jar (com.google.dagger:hilt-android-gradle-plugin:2.48) with MergeInstrumentationAnalysisTransform
Transforming google-services-4.4.1.jar (com.google.gms:google-services:4.4.1) with InstrumentationAnalysisTransform
Transforming google-services-4.4.1.jar (com.google.gms:google-services:4.4.1) with MergeInstrumentationAnalysisTransform
Transforming gradle-settings-api-8.6.0.jar (com.android.tools.build:gradle-settings-api:8.6.0) with InstrumentationAnalysisTransform
Transforming gradle-settings-api-8.6.0.jar (com.android.tools.build:gradle-settings-api:8.6.0) with MergeInstrumentationAnalysisTransform
Transforming lint-model-31.6.0.jar (com.android.tools.lint:lint-model:31.6.0) with InstrumentationAnalysisTransform
Transforming lint-model-31.6.0.jar (com.android.tools.lint:lint-model:31.6.0) with MergeInstrumentationAnalysisTransform
Transforming builder-8.6.0.jar (com.android.tools.build:builder:8.6.0) with InstrumentationAnalysisTransform
Transforming builder-8.6.0.jar (com.android.tools.build:builder:8.6.0) with MergeInstrumentationAnalysisTransform
Transforming manifest-merger-31.6.0.jar (com.android.tools.build:manifest-merger:31.6.0) with InstrumentationAnalysisTransform
Transforming manifest-merger-31.6.0.jar (com.android.tools.build:manifest-merger:31.6.0) with MergeInstrumentationAnalysisTransform
Transforming sdk-common-31.6.0.jar (com.android.tools:sdk-common:31.6.0) with InstrumentationAnalysisTransform
Transforming sdk-common-31.6.0.jar (com.android.tools:sdk-common:31.6.0) with MergeInstrumentationAnalysisTransform
Transforming sdklib-31.6.0.jar (com.android.tools:sdklib:31.6.0) with InstrumentationAnalysisTransform
Transforming sdklib-31.6.0.jar (com.android.tools:sdklib:31.6.0) with MergeInstrumentationAnalysisTransform
Transforming repository-31.6.0.jar (com.android.tools:repository:31.6.0) with InstrumentationAnalysisTransform
Transforming repository-31.6.0.jar (com.android.tools:repository:31.6.0) with MergeInstrumentationAnalysisTransform
Transforming aaptcompiler-8.6.0.jar (com.android.tools.build:aaptcompiler:8.6.0) with InstrumentationAnalysisTransform
Transforming aaptcompiler-8.6.0.jar (com.android.tools.build:aaptcompiler:8.6.0) with MergeInstrumentationAnalysisTransform
Transforming tracker-31.6.0.jar (com.android.tools.analytics-library:tracker:31.6.0) with InstrumentationAnalysisTransform
Transforming tracker-31.6.0.jar (com.android.tools.analytics-library:tracker:31.6.0) with MergeInstrumentationAnalysisTransform
Transforming shared-31.6.0.jar (com.android.tools.analytics-library:shared:31.6.0) with InstrumentationAnalysisTransform
Transforming shared-31.6.0.jar (com.android.tools.analytics-library:shared:31.6.0) with MergeInstrumentationAnalysisTransform
Transforming databinding-compiler-common-8.6.0.jar (androidx.databinding:databinding-compiler-common:8.6.0) with InstrumentationAnalysisTransform
Transforming databinding-compiler-common-8.6.0.jar (androidx.databinding:databinding-compiler-common:8.6.0) with MergeInstrumentationAnalysisTransform
Transforming android-test-plugin-host-emulator-control-proto-31.6.0.jar (com.android.tools.utp:android-test-plugin-host-emulator-control-proto:31.6.0) with InstrumentationAnalysisTransform
Transforming android-test-plugin-host-emulator-control-proto-31.6.0.jar (com.android.tools.utp:android-test-plugin-host-emulator-control-proto:31.6.0) with MergeInstrumentationAnalysisTransform
Transforming android-test-plugin-host-retention-proto-31.6.0.jar (com.android.tools.utp:android-test-plugin-host-retention-proto:31.6.0) with InstrumentationAnalysisTransform
Transforming android-test-plugin-host-retention-proto-31.6.0.jar (com.android.tools.utp:android-test-plugin-host-retention-proto:31.6.0) with MergeInstrumentationAnalysisTransform
Transforming builder-model-8.6.0.jar (com.android.tools.build:builder-model:8.6.0) with InstrumentationAnalysisTransform
Transforming builder-model-8.6.0.jar (com.android.tools.build:builder-model:8.6.0) with MergeInstrumentationAnalysisTransform
Transforming gradle-api-8.6.0.jar (com.android.tools.build:gradle-api:8.6.0) with InstrumentationAnalysisTransform
Transforming gradle-api-8.6.0.jar (com.android.tools.build:gradle-api:8.6.0) with MergeInstrumentationAnalysisTransform
Transforming strict-version-matcher-plugin-1.2.4.jar (com.google.android.gms:strict-version-matcher-plugin:1.2.4) with InstrumentationAnalysisTransform
Transforming strict-version-matcher-plugin-1.2.4.jar (com.google.android.gms:strict-version-matcher-plugin:1.2.4) with MergeInstrumentationAnalysisTransform
Transforming builder-test-api-8.6.0.jar (com.android.tools.build:builder-test-api:8.6.0) with InstrumentationAnalysisTransform
Transforming builder-test-api-8.6.0.jar (com.android.tools.build:builder-test-api:8.6.0) with MergeInstrumentationAnalysisTransform
Transforming ddmlib-31.6.0.jar (com.android.tools.ddms:ddmlib:31.6.0) with InstrumentationAnalysisTransform
Transforming ddmlib-31.6.0.jar (com.android.tools.ddms:ddmlib:31.6.0) with MergeInstrumentationAnalysisTransform
Transforming layoutlib-api-31.6.0.jar (com.android.tools.layoutlib:layoutlib-api:31.6.0) with InstrumentationAnalysisTransform
Transforming layoutlib-api-31.6.0.jar (com.android.tools.layoutlib:layoutlib-api:31.6.0) with MergeInstrumentationAnalysisTransform
Transforming dvlib-31.6.0.jar (com.android.tools:dvlib:31.6.0) with InstrumentationAnalysisTransform
Transforming dvlib-31.6.0.jar (com.android.tools:dvlib:31.6.0) with MergeInstrumentationAnalysisTransform
Transforming common-31.6.0.jar (com.android.tools:common:31.6.0) with InstrumentationAnalysisTransform
Transforming common-31.6.0.jar (com.android.tools:common:31.6.0) with MergeInstrumentationAnalysisTransform
Transforming kotlin-stdlib-jdk8-1.9.20.jar (org.jetbrains.kotlin:kotlin-stdlib-jdk8:1.9.20) with InstrumentationAnalysisTransform
Transforming kotlin-stdlib-jdk8-1.9.20.jar (org.jetbrains.kotlin:kotlin-stdlib-jdk8:1.9.20) with MergeInstrumentationAnalysisTransform
Transforming jetifier-processor-1.0.0-beta10.jar (com.android.tools.build.jetifier:jetifier-processor:1.0.0-beta10) with InstrumentationAnalysisTransform
Transforming jetifier-processor-1.0.0-beta10.jar (com.android.tools.build.jetifier:jetifier-processor:1.0.0-beta10) with MergeInstrumentationAnalysisTransform
Transforming jetifier-core-1.0.0-beta10.jar (com.android.tools.build.jetifier:jetifier-core:1.0.0-beta10) with InstrumentationAnalysisTransform
Transforming jetifier-core-1.0.0-beta10.jar (com.android.tools.build.jetifier:jetifier-core:1.0.0-beta10) with MergeInstrumentationAnalysisTransform
Transforming kotlin-reflect-1.9.22.jar (org.jetbrains.kotlin:kotlin-reflect:1.9.22) with InstrumentationAnalysisTransform
Transforming kotlin-reflect-1.9.22.jar (org.jetbrains.kotlin:kotlin-reflect:1.9.22) with MergeInstrumentationAnalysisTransform
Transforming kotlin-stdlib-jdk7-1.9.20.jar (org.jetbrains.kotlin:kotlin-stdlib-jdk7:1.9.20) with InstrumentationAnalysisTransform
Transforming kotlin-stdlib-jdk7-1.9.20.jar (org.jetbrains.kotlin:kotlin-stdlib-jdk7:1.9.20) with MergeInstrumentationAnalysisTransform
Transforming kotlin-stdlib-1.9.22.jar (org.jetbrains.kotlin:kotlin-stdlib:1.9.22) with InstrumentationAnalysisTransform
Transforming kotlin-stdlib-1.9.22.jar (org.jetbrains.kotlin:kotlin-stdlib:1.9.22) with MergeInstrumentationAnalysisTransform
Transforming hilt-android-gradle-plugin-2.48.jar (com.google.dagger:hilt-android-gradle-plugin:2.48) with ExternalDependencyInstrumentingArtifactTransform
Transforming gradle-8.6.0.jar (com.android.tools.build:gradle:8.6.0) with ExternalDependencyInstrumentingArtifactTransform
Transforming google-services-4.4.1.jar (com.google.gms:google-services:4.4.1) with ExternalDependencyInstrumentingArtifactTransform
Transforming annotations-13.0.jar (org.jetbrains:annotations:13.0) with InstrumentationAnalysisTransform
Transforming lint-model-31.6.0.jar (com.android.tools.lint:lint-model:31.6.0) with ExternalDependencyInstrumentingArtifactTransform
Transforming gradle-settings-api-8.6.0.jar (com.android.tools.build:gradle-settings-api:8.6.0) with ExternalDependencyInstrumentingArtifactTransform
Transforming builder-8.6.0.jar (com.android.tools.build:builder:8.6.0) with ExternalDependencyInstrumentingArtifactTransform
Transforming manifest-merger-31.6.0.jar (com.android.tools.build:manifest-merger:31.6.0) with ExternalDependencyInstrumentingArtifactTransform
Transforming sdk-common-31.6.0.jar (com.android.tools:sdk-common:31.6.0) with ExternalDependencyInstrumentingArtifactTransform
Transforming annotations-13.0.jar (org.jetbrains:annotations:13.0) with MergeInstrumentationAnalysisTransform
Transforming sdklib-31.6.0.jar (com.android.tools:sdklib:31.6.0) with ExternalDependencyInstrumentingArtifactTransform
Transforming kotlin-gradle-plugin-model-2.0.21.jar (org.jetbrains.kotlin:kotlin-gradle-plugin-model:2.0.21) with InstrumentationAnalysisTransform
Transforming kotlin-gradle-plugin-model-2.0.21.jar (org.jetbrains.kotlin:kotlin-gradle-plugin-model:2.0.21) with MergeInstrumentationAnalysisTransform
Transforming kotlin-gradle-plugin-api-2.0.21.jar (org.jetbrains.kotlin:kotlin-gradle-plugin-api:2.0.21) with InstrumentationAnalysisTransform
Transforming kotlin-gradle-plugin-api-2.0.21.jar (org.jetbrains.kotlin:kotlin-gradle-plugin-api:2.0.21) with MergeInstrumentationAnalysisTransform
Transforming kotlin-gradle-plugin-2.0.21-gradle85.jar (org.jetbrains.kotlin:kotlin-gradle-plugin:2.0.21) with InstrumentationAnalysisTransform
Transforming kotlin-gradle-plugin-2.0.21-gradle85.jar (org.jetbrains.kotlin:kotlin-gradle-plugin:2.0.21) with MergeInstrumentationAnalysisTransform
Transforming bundletool-1.16.0.jar (com.android.tools.build:bundletool:1.16.0) with InstrumentationAnalysisTransform
Transforming bundletool-1.16.0.jar (com.android.tools.build:bundletool:1.16.0) with MergeInstrumentationAnalysisTransform
Transforming aapt2-proto-8.6.0-11315950.jar (com.android.tools.build:aapt2-proto:8.6.0-11315950) with InstrumentationAnalysisTransform
Transforming tracker-31.6.0.jar (com.android.tools.analytics-library:tracker:31.6.0) with ExternalDependencyInstrumentingArtifactTransform
Transforming repository-31.6.0.jar (com.android.tools:repository:31.6.0) with ExternalDependencyInstrumentingArtifactTransform
Transforming aaptcompiler-8.6.0.jar (com.android.tools.build:aaptcompiler:8.6.0) with ExternalDependencyInstrumentingArtifactTransform
Transforming shared-31.6.0.jar (com.android.tools.analytics-library:shared:31.6.0) with ExternalDependencyInstrumentingArtifactTransform
Transforming databinding-compiler-common-8.6.0.jar (androidx.databinding:databinding-compiler-common:8.6.0) with ExternalDependencyInstrumentingArtifactTransform
Transforming android-test-plugin-host-emulator-control-proto-31.6.0.jar (com.android.tools.utp:android-test-plugin-host-emulator-control-proto:31.6.0) with ExternalDependencyInstrumentingArtifactTransform
Transforming android-test-plugin-host-retention-proto-31.6.0.jar (com.android.tools.utp:android-test-plugin-host-retention-proto:31.6.0) with ExternalDependencyInstrumentingArtifactTransform
Transforming aapt2-proto-8.6.0-11315950.jar (com.android.tools.build:aapt2-proto:8.6.0-11315950) with MergeInstrumentationAnalysisTransform
Transforming crash-31.6.0.jar (com.android.tools.analytics-library:crash:31.6.0) with InstrumentationAnalysisTransform
Transforming crash-31.6.0.jar (com.android.tools.analytics-library:crash:31.6.0) with MergeInstrumentationAnalysisTransform
Transforming lint-typedef-remover-31.6.0.jar (com.android.tools.lint:lint-typedef-remover:31.6.0) with InstrumentationAnalysisTransform
Transforming lint-typedef-remover-31.6.0.jar (com.android.tools.lint:lint-typedef-remover:31.6.0) with MergeInstrumentationAnalysisTransform
Transforming databinding-common-8.6.0.jar (androidx.databinding:databinding-common:8.6.0) with InstrumentationAnalysisTransform
Transforming databinding-common-8.6.0.jar (androidx.databinding:databinding-common:8.6.0) with MergeInstrumentationAnalysisTransform
Transforming baseLibrary-8.6.0.jar (com.android.databinding:baseLibrary:8.6.0) with InstrumentationAnalysisTransform
Transforming baseLibrary-8.6.0.jar (com.android.databinding:baseLibrary:8.6.0) with MergeInstrumentationAnalysisTransform
Transforming android-device-provider-ddmlib-proto-31.6.0.jar (com.android.tools.utp:android-device-provider-ddmlib-proto:31.6.0) with InstrumentationAnalysisTransform
Transforming android-device-provider-ddmlib-proto-31.6.0.jar (com.android.tools.utp:android-device-provider-ddmlib-proto:31.6.0) with MergeInstrumentationAnalysisTransform
Transforming android-device-provider-gradle-proto-31.6.0.jar (com.android.tools.utp:android-device-provider-gradle-proto:31.6.0) with InstrumentationAnalysisTransform
Transforming android-device-provider-gradle-proto-31.6.0.jar (com.android.tools.utp:android-device-provider-gradle-proto:31.6.0) with MergeInstrumentationAnalysisTransform
Transforming android-test-plugin-host-additional-test-output-proto-31.6.0.jar (com.android.tools.utp:android-test-plugin-host-additional-test-output-proto:31.6.0) with InstrumentationAnalysisTransform
Transforming android-test-plugin-host-additional-test-output-proto-31.6.0.jar (com.android.tools.utp:android-test-plugin-host-additional-test-output-proto:31.6.0) with MergeInstrumentationAnalysisTransform
Transforming android-test-plugin-host-coverage-proto-31.6.0.jar (com.android.tools.utp:android-test-plugin-host-coverage-proto:31.6.0) with InstrumentationAnalysisTransform
Transforming builder-model-8.6.0.jar (com.android.tools.build:builder-model:8.6.0) with ExternalDependencyInstrumentingArtifactTransform
Transforming gradle-api-8.6.0.jar (com.android.tools.build:gradle-api:8.6.0) with ExternalDependencyInstrumentingArtifactTransform
Transforming android-test-plugin-host-coverage-proto-31.6.0.jar (com.android.tools.utp:android-test-plugin-host-coverage-proto:31.6.0) with MergeInstrumentationAnalysisTransform
Transforming android-test-plugin-host-logcat-proto-31.6.0.jar (com.android.tools.utp:android-test-plugin-host-logcat-proto:31.6.0) with InstrumentationAnalysisTransform
Transforming strict-version-matcher-plugin-1.2.4.jar (com.google.android.gms:strict-version-matcher-plugin:1.2.4) with ExternalDependencyInstrumentingArtifactTransform
Transforming android-test-plugin-host-logcat-proto-31.6.0.jar (com.android.tools.utp:android-test-plugin-host-logcat-proto:31.6.0) with MergeInstrumentationAnalysisTransform
Transforming builder-test-api-8.6.0.jar (com.android.tools.build:builder-test-api:8.6.0) with ExternalDependencyInstrumentingArtifactTransform
Transforming ddmlib-31.6.0.jar (com.android.tools.ddms:ddmlib:31.6.0) with ExternalDependencyInstrumentingArtifactTransform
Transforming android-test-plugin-host-apk-installer-proto-31.6.0.jar (com.android.tools.utp:android-test-plugin-host-apk-installer-proto:31.6.0) with InstrumentationAnalysisTransform
Transforming android-test-plugin-host-apk-installer-proto-31.6.0.jar (com.android.tools.utp:android-test-plugin-host-apk-installer-proto:31.6.0) with MergeInstrumentationAnalysisTransform
Transforming android-test-plugin-result-listener-gradle-proto-31.6.0.jar (com.android.tools.utp:android-test-plugin-result-listener-gradle-proto:31.6.0) with InstrumentationAnalysisTransform
Transforming android-test-plugin-result-listener-gradle-proto-31.6.0.jar (com.android.tools.utp:android-test-plugin-result-listener-gradle-proto:31.6.0) with MergeInstrumentationAnalysisTransform
Transforming transform-api-2.0.0-deprecated-use-gradle-api.jar (com.android.tools.build:transform-api:2.0.0-deprecated-use-gradle-api) with InstrumentationAnalysisTransform
Transforming transform-api-2.0.0-deprecated-use-gradle-api.jar (com.android.tools.build:transform-api:2.0.0-deprecated-use-gradle-api) with MergeInstrumentationAnalysisTransform
Transforming httpmime-4.5.6.jar (org.apache.httpcomponents:httpmime:4.5.6) with InstrumentationAnalysisTransform
Transforming httpmime-4.5.6.jar (org.apache.httpcomponents:httpmime:4.5.6) with MergeInstrumentationAnalysisTransform
Transforming commons-io-2.13.0.jar (commons-io:commons-io:2.13.0) with InstrumentationAnalysisTransform
Transforming commons-io-2.13.0.jar (commons-io:commons-io:2.13.0) with MergeInstrumentationAnalysisTransform
Transforming asm-commons-9.6.jar (org.ow2.asm:asm-commons:9.6) with InstrumentationAnalysisTransform
Transforming asm-commons-9.6.jar (org.ow2.asm:asm-commons:9.6) with MergeInstrumentationAnalysisTransform
Transforming asm-util-9.6.jar (org.ow2.asm:asm-util:9.6) with InstrumentationAnalysisTransform
Transforming asm-util-9.6.jar (org.ow2.asm:asm-util:9.6) with MergeInstrumentationAnalysisTransform
Transforming asm-analysis-9.6.jar (org.ow2.asm:asm-analysis:9.6) with InstrumentationAnalysisTransform
Transforming asm-analysis-9.6.jar (org.ow2.asm:asm-analysis:9.6) with MergeInstrumentationAnalysisTransform
Transforming asm-tree-9.6.jar (org.ow2.asm:asm-tree:9.6) with InstrumentationAnalysisTransform
Transforming asm-tree-9.6.jar (org.ow2.asm:asm-tree:9.6) with MergeInstrumentationAnalysisTransform
Transforming asm-9.6.jar (org.ow2.asm:asm:9.6) with InstrumentationAnalysisTransform
Transforming asm-9.6.jar (org.ow2.asm:asm:9.6) with MergeInstrumentationAnalysisTransform
Transforming apkzlib-8.6.0.jar (com.android.tools.build:apkzlib:8.6.0) with InstrumentationAnalysisTransform
Transforming apkzlib-8.6.0.jar (com.android.tools.build:apkzlib:8.6.0) with MergeInstrumentationAnalysisTransform
Transforming bcpkix-jdk18on-1.77.jar (org.bouncycastle:bcpkix-jdk18on:1.77) with InstrumentationAnalysisTransform
Transforming bcpkix-jdk18on-1.77.jar (org.bouncycastle:bcpkix-jdk18on:1.77) with MergeInstrumentationAnalysisTransform
Transforming jaxb-runtime-2.3.2.jar (org.glassfish.jaxb:jaxb-runtime:2.3.2) with InstrumentationAnalysisTransform
Transforming jaxb-runtime-2.3.2.jar (org.glassfish.jaxb:jaxb-runtime:2.3.2) with MergeInstrumentationAnalysisTransform
Transforming jopt-simple-4.9.jar (net.sf.jopt-simple:jopt-simple:4.9) with InstrumentationAnalysisTransform
Transforming jopt-simple-4.9.jar (net.sf.jopt-simple:jopt-simple:4.9) with MergeInstrumentationAnalysisTransform
Transforming javapoet-1.13.0.jar (com.squareup:javapoet:1.13.0) with InstrumentationAnalysisTransform
Transforming javapoet-1.13.0.jar (com.squareup:javapoet:1.13.0) with MergeInstrumentationAnalysisTransform
Transforming protobuf-java-util-3.22.3.jar (com.google.protobuf:protobuf-java-util:3.22.3) with InstrumentationAnalysisTransform
Transforming protobuf-java-util-3.22.3.jar (com.google.protobuf:protobuf-java-util:3.22.3) with MergeInstrumentationAnalysisTransform
Transforming grpc-protobuf-1.57.0.jar (io.grpc:grpc-protobuf:1.57.0) with InstrumentationAnalysisTransform
Transforming grpc-protobuf-1.57.0.jar (io.grpc:grpc-protobuf:1.57.0) with MergeInstrumentationAnalysisTransform
Transforming tink-1.7.0.jar (com.google.crypto.tink:tink:1.7.0) with InstrumentationAnalysisTransform
Transforming tink-1.7.0.jar (com.google.crypto.tink:tink:1.7.0) with MergeInstrumentationAnalysisTransform
Transforming protos-31.6.0.jar (com.android.tools.analytics-library:protos:31.6.0) with InstrumentationAnalysisTransform
Transforming protos-31.6.0.jar (com.android.tools.analytics-library:protos:31.6.0) with MergeInstrumentationAnalysisTransform
Transforming proto-google-common-protos-2.17.0.jar (com.google.api.grpc:proto-google-common-protos:2.17.0) with InstrumentationAnalysisTransform
Transforming proto-google-common-protos-2.17.0.jar (com.google.api.grpc:proto-google-common-protos:2.17.0) with MergeInstrumentationAnalysisTransform
Transforming protobuf-java-3.22.3.jar (com.google.protobuf:protobuf-java:3.22.3) with InstrumentationAnalysisTransform
Transforming protobuf-java-3.22.3.jar (com.google.protobuf:protobuf-java:3.22.3) with MergeInstrumentationAnalysisTransform
Transforming grpc-netty-1.57.0.jar (io.grpc:grpc-netty:1.57.0) with InstrumentationAnalysisTransform
Transforming grpc-netty-1.57.0.jar (io.grpc:grpc-netty:1.57.0) with MergeInstrumentationAnalysisTransform
Transforming grpc-core-1.57.0.jar (io.grpc:grpc-core:1.57.0) with InstrumentationAnalysisTransform
Transforming grpc-core-1.57.0.jar (io.grpc:grpc-core:1.57.0) with MergeInstrumentationAnalysisTransform
Transforming kotlin-build-statistics-2.0.21.jar (org.jetbrains.kotlin:kotlin-build-statistics:2.0.21) with InstrumentationAnalysisTransform
Transforming kotlin-build-statistics-2.0.21.jar (org.jetbrains.kotlin:kotlin-build-statistics:2.0.21) with MergeInstrumentationAnalysisTransform
Transforming gson-2.10.1.jar (com.google.code.gson:gson:2.10.1) with InstrumentationAnalysisTransform
Transforming gson-2.10.1.jar (com.google.code.gson:gson:2.10.1) with MergeInstrumentationAnalysisTransform
Transforming grpc-stub-1.57.0.jar (io.grpc:grpc-stub:1.57.0) with InstrumentationAnalysisTransform
Transforming grpc-stub-1.57.0.jar (io.grpc:grpc-stub:1.57.0) with MergeInstrumentationAnalysisTransform
Transforming core-proto-0.0.9-alpha02.jar (com.google.testing.platform:core-proto:0.0.9-alpha02) with InstrumentationAnalysisTransform
Transforming core-proto-0.0.9-alpha02.jar (com.google.testing.platform:core-proto:0.0.9-alpha02) with MergeInstrumentationAnalysisTransform
Transforming kxml2-2.3.0.jar (net.sf.kxml:kxml2:2.3.0) with InstrumentationAnalysisTransform
Transforming kxml2-2.3.0.jar (net.sf.kxml:kxml2:2.3.0) with MergeInstrumentationAnalysisTransform
Transforming tensorflow-lite-metadata-0.1.0-rc2.jar (org.tensorflow:tensorflow-lite-metadata:0.1.0-rc2) with InstrumentationAnalysisTransform
Transforming tensorflow-lite-metadata-0.1.0-rc2.jar (org.tensorflow:tensorflow-lite-metadata:0.1.0-rc2) with MergeInstrumentationAnalysisTransform
Transforming flatbuffers-java-1.12.0.jar (com.google.flatbuffers:flatbuffers-java:1.12.0) with InstrumentationAnalysisTransform
Transforming flatbuffers-java-1.12.0.jar (com.google.flatbuffers:flatbuffers-java:1.12.0) with MergeInstrumentationAnalysisTransform
Transforming kotlin-gradle-plugin-idea-proto-2.0.21.jar (org.jetbrains.kotlin:kotlin-gradle-plugin-idea-proto:2.0.21) with InstrumentationAnalysisTransform
Transforming kotlin-gradle-plugin-idea-proto-2.0.21.jar (org.jetbrains.kotlin:kotlin-gradle-plugin-idea-proto:2.0.21) with MergeInstrumentationAnalysisTransform
Transforming kotlin-gradle-plugin-idea-2.0.21.jar (org.jetbrains.kotlin:kotlin-gradle-plugin-idea:2.0.21) with InstrumentationAnalysisTransform
Transforming kotlin-gradle-plugin-idea-2.0.21.jar (org.jetbrains.kotlin:kotlin-gradle-plugin-idea:2.0.21) with MergeInstrumentationAnalysisTransform
Transforming kotlin-klib-commonizer-api-2.0.21.jar (org.jetbrains.kotlin:kotlin-klib-commonizer-api:2.0.21) with InstrumentationAnalysisTransform
Transforming kotlin-klib-commonizer-api-2.0.21.jar (org.jetbrains.kotlin:kotlin-klib-commonizer-api:2.0.21) with MergeInstrumentationAnalysisTransform
Transforming kotlin-build-tools-api-2.0.21.jar (org.jetbrains.kotlin:kotlin-build-tools-api:2.0.21) with InstrumentationAnalysisTransform
Transforming kotlin-build-tools-api-2.0.21.jar (org.jetbrains.kotlin:kotlin-build-tools-api:2.0.21) with MergeInstrumentationAnalysisTransform
Transforming kotlin-compiler-runner-2.0.21.jar (org.jetbrains.kotlin:kotlin-compiler-runner:2.0.21) with InstrumentationAnalysisTransform
Transforming kotlin-compiler-runner-2.0.21.jar (org.jetbrains.kotlin:kotlin-compiler-runner:2.0.21) with MergeInstrumentationAnalysisTransform
Transforming kotlin-native-utils-2.0.21.jar (org.jetbrains.kotlin:kotlin-native-utils:2.0.21) with InstrumentationAnalysisTransform
Transforming kotlin-native-utils-2.0.21.jar (org.jetbrains.kotlin:kotlin-native-utils:2.0.21) with MergeInstrumentationAnalysisTransform
Transforming kotlin-util-klib-2.0.21.jar (org.jetbrains.kotlin:kotlin-util-klib:2.0.21) with InstrumentationAnalysisTransform
Transforming kotlin-util-klib-2.0.21.jar (org.jetbrains.kotlin:kotlin-util-klib:2.0.21) with MergeInstrumentationAnalysisTransform
Transforming kotlin-compiler-embeddable-2.0.21.jar (org.jetbrains.kotlin:kotlin-compiler-embeddable:2.0.21) with InstrumentationAnalysisTransform
Transforming kotlin-compiler-embeddable-2.0.21.jar (org.jetbrains.kotlin:kotlin-compiler-embeddable:2.0.21) with MergeInstrumentationAnalysisTransform
Transforming jimfs-1.1.jar (com.google.jimfs:jimfs:1.1) with InstrumentationAnalysisTransform
Transforming jimfs-1.1.jar (com.google.jimfs:jimfs:1.1) with MergeInstrumentationAnalysisTransform
Transforming grpc-context-1.57.0.jar (io.grpc:grpc-context:1.57.0) with InstrumentationAnalysisTransform
Transforming grpc-context-1.57.0.jar (io.grpc:grpc-context:1.57.0) with MergeInstrumentationAnalysisTransform
Transforming grpc-protobuf-lite-1.57.0.jar (io.grpc:grpc-protobuf-lite:1.57.0) with InstrumentationAnalysisTransform
Transforming grpc-protobuf-lite-1.57.0.jar (io.grpc:grpc-protobuf-lite:1.57.0) with MergeInstrumentationAnalysisTransform
Transforming grpc-api-1.57.0.jar (io.grpc:grpc-api:1.57.0) with InstrumentationAnalysisTransform
Transforming grpc-api-1.57.0.jar (io.grpc:grpc-api:1.57.0) with MergeInstrumentationAnalysisTransform
Transforming guava-32.0.1-jre.jar (com.google.guava:guava:32.0.1-jre) with InstrumentationAnalysisTransform
Transforming guava-32.0.1-jre.jar (com.google.guava:guava:32.0.1-jre) with MergeInstrumentationAnalysisTransform
Transforming dagger-2.28.3.jar (com.google.dagger:dagger:2.28.3) with InstrumentationAnalysisTransform
Transforming dagger-2.28.3.jar (com.google.dagger:dagger:2.28.3) with MergeInstrumentationAnalysisTransform
Transforming javax.inject-1.jar (javax.inject:javax.inject:1) with InstrumentationAnalysisTransform
Transforming javax.inject-1.jar (javax.inject:javax.inject:1) with MergeInstrumentationAnalysisTransform
Transforming bcutil-jdk18on-1.77.jar (org.bouncycastle:bcutil-jdk18on:1.77) with InstrumentationAnalysisTransform
Transforming bcutil-jdk18on-1.77.jar (org.bouncycastle:bcutil-jdk18on:1.77) with MergeInstrumentationAnalysisTransform
Transforming bcprov-jdk18on-1.77.jar (org.bouncycastle:bcprov-jdk18on:1.77) with InstrumentationAnalysisTransform
Transforming bcprov-jdk18on-1.77.jar (org.bouncycastle:bcprov-jdk18on:1.77) with MergeInstrumentationAnalysisTransform
Transforming trove4j-1.0.20200330.jar (org.jetbrains.intellij.deps:trove4j:1.0.20200330) with InstrumentationAnalysisTransform
Transforming trove4j-1.0.20200330.jar (org.jetbrains.intellij.deps:trove4j:1.0.20200330) with MergeInstrumentationAnalysisTransform
Transforming commons-compress-1.21.jar (org.apache.commons:commons-compress:1.21) with InstrumentationAnalysisTransform
Transforming commons-compress-1.21.jar (org.apache.commons:commons-compress:1.21) with MergeInstrumentationAnalysisTransform
Transforming httpclient-4.5.14.jar (org.apache.httpcomponents:httpclient:4.5.14) with InstrumentationAnalysisTransform
Transforming httpclient-4.5.14.jar (org.apache.httpcomponents:httpclient:4.5.14) with MergeInstrumentationAnalysisTransform
Transforming httpcore-4.4.16.jar (org.apache.httpcomponents:httpcore:4.4.16) with InstrumentationAnalysisTransform
Transforming httpcore-4.4.16.jar (org.apache.httpcomponents:httpcore:4.4.16) with MergeInstrumentationAnalysisTransform
Transforming javax.activation-1.2.0.jar (com.sun.activation:javax.activation:1.2.0) with InstrumentationAnalysisTransform
Transforming javax.activation-1.2.0.jar (com.sun.activation:javax.activation:1.2.0) with MergeInstrumentationAnalysisTransform
Transforming signflinger-8.6.0.jar (com.android:signflinger:8.6.0) with InstrumentationAnalysisTransform
Transforming signflinger-8.6.0.jar (com.android:signflinger:8.6.0) with MergeInstrumentationAnalysisTransform
Transforming zipflinger-8.6.0.jar (com.android:zipflinger:8.6.0) with InstrumentationAnalysisTransform
Transforming zipflinger-8.6.0.jar (com.android:zipflinger:8.6.0) with MergeInstrumentationAnalysisTransform
Transforming annotations-31.6.0.jar (com.android.tools:annotations:31.6.0) with InstrumentationAnalysisTransform
Transforming annotations-31.6.0.jar (com.android.tools:annotations:31.6.0) with MergeInstrumentationAnalysisTransform
Transforming jna-platform-5.6.0.jar (net.java.dev.jna:jna-platform:5.6.0) with InstrumentationAnalysisTransform
Transforming jna-platform-5.6.0.jar (net.java.dev.jna:jna-platform:5.6.0) with MergeInstrumentationAnalysisTransform
Transforming juniversalchardet-1.0.3.jar (com.googlecode.juniversalchardet:juniversalchardet:1.0.3) with InstrumentationAnalysisTransform
Transforming juniversalchardet-1.0.3.jar (com.googlecode.juniversalchardet:juniversalchardet:1.0.3) with MergeInstrumentationAnalysisTransform
Transforming javax.annotation-api-1.3.2.jar (javax.annotation:javax.annotation-api:1.3.2) with InstrumentationAnalysisTransform
Transforming javax.annotation-api-1.3.2.jar (javax.annotation:javax.annotation-api:1.3.2) with MergeInstrumentationAnalysisTransform
Transforming stax-ex-1.8.1.jar (org.jvnet.staxex:stax-ex:1.8.1) with InstrumentationAnalysisTransform
Transforming stax-ex-1.8.1.jar (org.jvnet.staxex:stax-ex:1.8.1) with MergeInstrumentationAnalysisTransform
Transforming jakarta.xml.bind-api-2.3.2.jar (jakarta.xml.bind:jakarta.xml.bind-api:2.3.2) with InstrumentationAnalysisTransform
Transforming jakarta.xml.bind-api-2.3.2.jar (jakarta.xml.bind:jakarta.xml.bind-api:2.3.2) with MergeInstrumentationAnalysisTransform
Transforming txw2-2.3.2.jar (org.glassfish.jaxb:txw2:2.3.2) with InstrumentationAnalysisTransform
Transforming txw2-2.3.2.jar (org.glassfish.jaxb:txw2:2.3.2) with MergeInstrumentationAnalysisTransform
Transforming istack-commons-runtime-3.0.8.jar (com.sun.istack:istack-commons-runtime:3.0.8) with InstrumentationAnalysisTransform
Transforming istack-commons-runtime-3.0.8.jar (com.sun.istack:istack-commons-runtime:3.0.8) with MergeInstrumentationAnalysisTransform
Transforming FastInfoset-1.2.16.jar (com.sun.xml.fastinfoset:FastInfoset:1.2.16) with InstrumentationAnalysisTransform
Transforming FastInfoset-1.2.16.jar (com.sun.xml.fastinfoset:FastInfoset:1.2.16) with MergeInstrumentationAnalysisTransform
Transforming jakarta.activation-api-1.2.1.jar (jakarta.activation:jakarta.activation-api:1.2.1) with InstrumentationAnalysisTransform
Transforming jakarta.activation-api-1.2.1.jar (jakarta.activation:jakarta.activation-api:1.2.1) with MergeInstrumentationAnalysisTransform
Transforming auto-value-annotations-1.6.2.jar (com.google.auto.value:auto-value-annotations:1.6.2) with InstrumentationAnalysisTransform
Transforming auto-value-annotations-1.6.2.jar (com.google.auto.value:auto-value-annotations:1.6.2) with MergeInstrumentationAnalysisTransform
Transforming error_prone_annotations-2.18.0.jar (com.google.errorprone:error_prone_annotations:2.18.0) with InstrumentationAnalysisTransform
Transforming error_prone_annotations-2.18.0.jar (com.google.errorprone:error_prone_annotations:2.18.0) with MergeInstrumentationAnalysisTransform
Transforming jose4j-0.9.5.jar (org.bitbucket.b_c:jose4j:0.9.5) with InstrumentationAnalysisTransform
Transforming jose4j-0.9.5.jar (org.bitbucket.b_c:jose4j:0.9.5) with MergeInstrumentationAnalysisTransform
Transforming slf4j-api-1.7.30.jar (org.slf4j:slf4j-api:1.7.30) with InstrumentationAnalysisTransform
Transforming slf4j-api-1.7.30.jar (org.slf4j:slf4j-api:1.7.30) with MergeInstrumentationAnalysisTransform
Transforming jdom2-2.0.6.jar (org.jdom:jdom2:2.0.6) with InstrumentationAnalysisTransform
Transforming jdom2-2.0.6.jar (org.jdom:jdom2:2.0.6) with MergeInstrumentationAnalysisTransform
Transforming jsr305-3.0.2.jar (com.google.code.findbugs:jsr305:3.0.2) with InstrumentationAnalysisTransform
Transforming jsr305-3.0.2.jar (com.google.code.findbugs:jsr305:3.0.2) with MergeInstrumentationAnalysisTransform
Transforming j2objc-annotations-2.8.jar (com.google.j2objc:j2objc-annotations:2.8) with InstrumentationAnalysisTransform
Transforming j2objc-annotations-2.8.jar (com.google.j2objc:j2objc-annotations:2.8) with MergeInstrumentationAnalysisTransform
Transforming annotations-4.1.1.4.jar (com.google.android:annotations:4.1.1.4) with InstrumentationAnalysisTransform
Transforming annotations-4.1.1.4.jar (com.google.android:annotations:4.1.1.4) with MergeInstrumentationAnalysisTransform
Transforming animal-sniffer-annotations-1.23.jar (org.codehaus.mojo:animal-sniffer-annotations:1.23) with InstrumentationAnalysisTransform
Transforming animal-sniffer-annotations-1.23.jar (org.codehaus.mojo:animal-sniffer-annotations:1.23) with MergeInstrumentationAnalysisTransform
Transforming perfmark-api-0.26.0.jar (io.perfmark:perfmark-api:0.26.0) with InstrumentationAnalysisTransform
Transforming perfmark-api-0.26.0.jar (io.perfmark:perfmark-api:0.26.0) with MergeInstrumentationAnalysisTransform
Transforming netty-codec-http2-4.1.93.Final.jar (io.netty:netty-codec-http2:4.1.93.Final) with InstrumentationAnalysisTransform
Transforming netty-codec-http2-4.1.93.Final.jar (io.netty:netty-codec-http2:4.1.93.Final) with MergeInstrumentationAnalysisTransform
Transforming netty-handler-proxy-4.1.93.Final.jar (io.netty:netty-handler-proxy:4.1.93.Final) with InstrumentationAnalysisTransform
Transforming netty-handler-proxy-4.1.93.Final.jar (io.netty:netty-handler-proxy:4.1.93.Final) with MergeInstrumentationAnalysisTransform
Transforming netty-codec-http-4.1.93.Final.jar (io.netty:netty-codec-http:4.1.93.Final) with InstrumentationAnalysisTransform
Transforming netty-codec-http-4.1.93.Final.jar (io.netty:netty-codec-http:4.1.93.Final) with MergeInstrumentationAnalysisTransform
Transforming netty-handler-4.1.93.Final.jar (io.netty:netty-handler:4.1.93.Final) with InstrumentationAnalysisTransform
Transforming netty-handler-4.1.93.Final.jar (io.netty:netty-handler:4.1.93.Final) with MergeInstrumentationAnalysisTransform
Transforming netty-transport-native-unix-common-4.1.93.Final.jar (io.netty:netty-transport-native-unix-common:4.1.93.Final) with InstrumentationAnalysisTransform
Transforming netty-transport-native-unix-common-4.1.93.Final.jar (io.netty:netty-transport-native-unix-common:4.1.93.Final) with MergeInstrumentationAnalysisTransform
Transforming checker-qual-3.33.0.jar (org.checkerframework:checker-qual:3.33.0) with InstrumentationAnalysisTransform
Transforming checker-qual-3.33.0.jar (org.checkerframework:checker-qual:3.33.0) with MergeInstrumentationAnalysisTransform
Transforming commons-codec-1.11.jar (commons-codec:commons-codec:1.11) with InstrumentationAnalysisTransform
Transforming commons-codec-1.11.jar (commons-codec:commons-codec:1.11) with MergeInstrumentationAnalysisTransform
Transforming apksig-8.6.0.jar (com.android.tools.build:apksig:8.6.0) with InstrumentationAnalysisTransform
Transforming apksig-8.6.0.jar (com.android.tools.build:apksig:8.6.0) with MergeInstrumentationAnalysisTransform
Transforming javawriter-2.5.0.jar (com.squareup:javawriter:2.5.0) with InstrumentationAnalysisTransform
Transforming javawriter-2.5.0.jar (com.squareup:javawriter:2.5.0) with MergeInstrumentationAnalysisTransform
Transforming kotlin-gradle-plugin-annotations-2.0.21.jar (org.jetbrains.kotlin:kotlin-gradle-plugin-annotations:2.0.21) with InstrumentationAnalysisTransform
Transforming kotlin-gradle-plugin-annotations-2.0.21.jar (org.jetbrains.kotlin:kotlin-gradle-plugin-annotations:2.0.21) with MergeInstrumentationAnalysisTransform
Transforming kotlin-tooling-core-2.0.21.jar (org.jetbrains.kotlin:kotlin-tooling-core:2.0.21) with InstrumentationAnalysisTransform
Transforming kotlin-tooling-core-2.0.21.jar (org.jetbrains.kotlin:kotlin-tooling-core:2.0.21) with MergeInstrumentationAnalysisTransform
Transforming layoutlib-api-31.6.0.jar (com.android.tools.layoutlib:layoutlib-api:31.6.0) with ExternalDependencyInstrumentingArtifactTransform
Transforming kotlin-daemon-client-2.0.21.jar (org.jetbrains.kotlin:kotlin-daemon-client:2.0.21) with InstrumentationAnalysisTransform
Transforming kotlin-daemon-client-2.0.21.jar (org.jetbrains.kotlin:kotlin-daemon-client:2.0.21) with MergeInstrumentationAnalysisTransform
Transforming kotlinx-coroutines-core-jvm-1.6.4.jar (org.jetbrains.kotlinx:kotlinx-coroutines-core-jvm:1.6.4) with InstrumentationAnalysisTransform
Transforming kotlinx-coroutines-core-jvm-1.6.4.jar (org.jetbrains.kotlinx:kotlinx-coroutines-core-jvm:1.6.4) with MergeInstrumentationAnalysisTransform
Transforming kotlin-util-io-2.0.21.jar (org.jetbrains.kotlin:kotlin-util-io:2.0.21) with InstrumentationAnalysisTransform
Transforming kotlin-util-io-2.0.21.jar (org.jetbrains.kotlin:kotlin-util-io:2.0.21) with MergeInstrumentationAnalysisTransform
Transforming kotlin-daemon-embeddable-2.0.21.jar (org.jetbrains.kotlin:kotlin-daemon-embeddable:2.0.21) with InstrumentationAnalysisTransform
Transforming kotlin-daemon-embeddable-2.0.21.jar (org.jetbrains.kotlin:kotlin-daemon-embeddable:2.0.21) with MergeInstrumentationAnalysisTransform
Transforming failureaccess-1.0.1.jar (com.google.guava:failureaccess:1.0.1) with InstrumentationAnalysisTransform
Transforming failureaccess-1.0.1.jar (com.google.guava:failureaccess:1.0.1) with MergeInstrumentationAnalysisTransform
Transforming listenablefuture-9999.0-empty-to-avoid-conflict-with-guava.jar (com.google.guava:listenablefuture:9999.0-empty-to-avoid-conflict-with-guava) with InstrumentationAnalysisTransform
Transforming listenablefuture-9999.0-empty-to-avoid-conflict-with-guava.jar (com.google.guava:listenablefuture:9999.0-empty-to-avoid-conflict-with-guava) with MergeInstrumentationAnalysisTransform
Transforming commons-logging-1.2.jar (commons-logging:commons-logging:1.2) with InstrumentationAnalysisTransform
Transforming commons-logging-1.2.jar (commons-logging:commons-logging:1.2) with MergeInstrumentationAnalysisTransform
Transforming jna-5.6.0.jar (net.java.dev.jna:jna:5.6.0) with InstrumentationAnalysisTransform
Transforming jna-5.6.0.jar (net.java.dev.jna:jna:5.6.0) with MergeInstrumentationAnalysisTransform
Transforming netty-codec-socks-4.1.93.Final.jar (io.netty:netty-codec-socks:4.1.93.Final) with InstrumentationAnalysisTransform
Transforming netty-codec-socks-4.1.93.Final.jar (io.netty:netty-codec-socks:4.1.93.Final) with MergeInstrumentationAnalysisTransform
Transforming netty-codec-4.1.93.Final.jar (io.netty:netty-codec:4.1.93.Final) with InstrumentationAnalysisTransform
Transforming netty-codec-4.1.93.Final.jar (io.netty:netty-codec:4.1.93.Final) with MergeInstrumentationAnalysisTransform
Transforming netty-transport-4.1.93.Final.jar (io.netty:netty-transport:4.1.93.Final) with InstrumentationAnalysisTransform
Transforming netty-transport-4.1.93.Final.jar (io.netty:netty-transport:4.1.93.Final) with MergeInstrumentationAnalysisTransform
Transforming netty-buffer-4.1.93.Final.jar (io.netty:netty-buffer:4.1.93.Final) with InstrumentationAnalysisTransform
Transforming netty-buffer-4.1.93.Final.jar (io.netty:netty-buffer:4.1.93.Final) with MergeInstrumentationAnalysisTransform
Transforming netty-resolver-4.1.93.Final.jar (io.netty:netty-resolver:4.1.93.Final) with InstrumentationAnalysisTransform
Transforming netty-resolver-4.1.93.Final.jar (io.netty:netty-resolver:4.1.93.Final) with MergeInstrumentationAnalysisTransform
Transforming netty-common-4.1.93.Final.jar (io.netty:netty-common:4.1.93.Final) with InstrumentationAnalysisTransform
Transforming netty-common-4.1.93.Final.jar (io.netty:netty-common:4.1.93.Final) with MergeInstrumentationAnalysisTransform
Transforming dvlib-31.6.0.jar (com.android.tools:dvlib:31.6.0) with ExternalDependencyInstrumentingArtifactTransform
Transforming common-31.6.0.jar (com.android.tools:common:31.6.0) with ExternalDependencyInstrumentingArtifactTransform
Transforming jetifier-processor-1.0.0-beta10.jar (com.android.tools.build.jetifier:jetifier-processor:1.0.0-beta10) with ExternalDependencyInstrumentingArtifactTransform
Transforming kotlin-reflect-1.9.22.jar (org.jetbrains.kotlin:kotlin-reflect:1.9.22) with ExternalDependencyInstrumentingArtifactTransform
Transforming jetifier-core-1.0.0-beta10.jar (com.android.tools.build.jetifier:jetifier-core:1.0.0-beta10) with ExternalDependencyInstrumentingArtifactTransform
Transforming kotlin-stdlib-jdk8-1.9.20.jar (org.jetbrains.kotlin:kotlin-stdlib-jdk8:1.9.20) with ExternalDependencyInstrumentingArtifactTransform
Transforming kotlin-gradle-plugin-model-2.0.21.jar (org.jetbrains.kotlin:kotlin-gradle-plugin-model:2.0.21) with ExternalDependencyInstrumentingArtifactTransform
Transforming annotations-13.0.jar (org.jetbrains:annotations:13.0) with ExternalDependencyInstrumentingArtifactTransform
Transforming kotlin-stdlib-jdk7-1.9.20.jar (org.jetbrains.kotlin:kotlin-stdlib-jdk7:1.9.20) with ExternalDependencyInstrumentingArtifactTransform
Transforming kotlin-stdlib-1.9.22.jar (org.jetbrains.kotlin:kotlin-stdlib:1.9.22) with ExternalDependencyInstrumentingArtifactTransform
Transforming kotlin-gradle-plugin-api-2.0.21.jar (org.jetbrains.kotlin:kotlin-gradle-plugin-api:2.0.21) with ExternalDependencyInstrumentingArtifactTransform
Transforming kotlin-gradle-plugin-2.0.21-gradle85.jar (org.jetbrains.kotlin:kotlin-gradle-plugin:2.0.21) with ExternalDependencyInstrumentingArtifactTransform
Transforming bundletool-1.16.0.jar (com.android.tools.build:bundletool:1.16.0) with ExternalDependencyInstrumentingArtifactTransform
Transforming aapt2-proto-8.6.0-11315950.jar (com.android.tools.build:aapt2-proto:8.6.0-11315950) with ExternalDependencyInstrumentingArtifactTransform
Transforming crash-31.6.0.jar (com.android.tools.analytics-library:crash:31.6.0) with ExternalDependencyInstrumentingArtifactTransform
Transforming databinding-common-8.6.0.jar (androidx.databinding:databinding-common:8.6.0) with ExternalDependencyInstrumentingArtifactTransform
Transforming lint-typedef-remover-31.6.0.jar (com.android.tools.lint:lint-typedef-remover:31.6.0) with ExternalDependencyInstrumentingArtifactTransform
Transforming baseLibrary-8.6.0.jar (com.android.databinding:baseLibrary:8.6.0) with ExternalDependencyInstrumentingArtifactTransform
Transforming android-device-provider-gradle-proto-31.6.0.jar (com.android.tools.utp:android-device-provider-gradle-proto:31.6.0) with ExternalDependencyInstrumentingArtifactTransform
Transforming android-test-plugin-host-additional-test-output-proto-31.6.0.jar (com.android.tools.utp:android-test-plugin-host-additional-test-output-proto:31.6.0) with ExternalDependencyInstrumentingArtifactTransform
Transforming android-device-provider-ddmlib-proto-31.6.0.jar (com.android.tools.utp:android-device-provider-ddmlib-proto:31.6.0) with ExternalDependencyInstrumentingArtifactTransform
Transforming android-test-plugin-host-coverage-proto-31.6.0.jar (com.android.tools.utp:android-test-plugin-host-coverage-proto:31.6.0) with ExternalDependencyInstrumentingArtifactTransform
Transforming android-test-plugin-host-logcat-proto-31.6.0.jar (com.android.tools.utp:android-test-plugin-host-logcat-proto:31.6.0) with ExternalDependencyInstrumentingArtifactTransform
Transforming android-test-plugin-host-apk-installer-proto-31.6.0.jar (com.android.tools.utp:android-test-plugin-host-apk-installer-proto:31.6.0) with ExternalDependencyInstrumentingArtifactTransform
Transforming android-test-plugin-result-listener-gradle-proto-31.6.0.jar (com.android.tools.utp:android-test-plugin-result-listener-gradle-proto:31.6.0) with ExternalDependencyInstrumentingArtifactTransform
Transforming transform-api-2.0.0-deprecated-use-gradle-api.jar (com.android.tools.build:transform-api:2.0.0-deprecated-use-gradle-api) with ExternalDependencyInstrumentingArtifactTransform
Transforming commons-io-2.13.0.jar (commons-io:commons-io:2.13.0) with ExternalDependencyInstrumentingArtifactTransform
Transforming asm-commons-9.6.jar (org.ow2.asm:asm-commons:9.6) with ExternalDependencyInstrumentingArtifactTransform
Transforming httpmime-4.5.6.jar (org.apache.httpcomponents:httpmime:4.5.6) with ExternalDependencyInstrumentingArtifactTransform
Transforming asm-util-9.6.jar (org.ow2.asm:asm-util:9.6) with ExternalDependencyInstrumentingArtifactTransform
Transforming asm-analysis-9.6.jar (org.ow2.asm:asm-analysis:9.6) with ExternalDependencyInstrumentingArtifactTransform
Transforming asm-tree-9.6.jar (org.ow2.asm:asm-tree:9.6) with ExternalDependencyInstrumentingArtifactTransform
Transforming asm-9.6.jar (org.ow2.asm:asm:9.6) with ExternalDependencyInstrumentingArtifactTransform
Transforming apkzlib-8.6.0.jar (com.android.tools.build:apkzlib:8.6.0) with ExternalDependencyInstrumentingArtifactTransform
Transforming bcpkix-jdk18on-1.77.jar (org.bouncycastle:bcpkix-jdk18on:1.77) with ExternalDependencyInstrumentingArtifactTransform
Transforming jaxb-runtime-2.3.2.jar (org.glassfish.jaxb:jaxb-runtime:2.3.2) with ExternalDependencyInstrumentingArtifactTransform
Transforming jopt-simple-4.9.jar (net.sf.jopt-simple:jopt-simple:4.9) with ExternalDependencyInstrumentingArtifactTransform
Transforming javapoet-1.13.0.jar (com.squareup:javapoet:1.13.0) with ExternalDependencyInstrumentingArtifactTransform
Transforming protobuf-java-util-3.22.3.jar (com.google.protobuf:protobuf-java-util:3.22.3) with ExternalDependencyInstrumentingArtifactTransform
Transforming tink-1.7.0.jar (com.google.crypto.tink:tink:1.7.0) with ExternalDependencyInstrumentingArtifactTransform
Transforming grpc-protobuf-1.57.0.jar (io.grpc:grpc-protobuf:1.57.0) with ExternalDependencyInstrumentingArtifactTransform
Transforming protos-31.6.0.jar (com.android.tools.analytics-library:protos:31.6.0) with ExternalDependencyInstrumentingArtifactTransform
Transforming proto-google-common-protos-2.17.0.jar (com.google.api.grpc:proto-google-common-protos:2.17.0) with ExternalDependencyInstrumentingArtifactTransform
Transforming grpc-netty-1.57.0.jar (io.grpc:grpc-netty:1.57.0) with ExternalDependencyInstrumentingArtifactTransform
Transforming protobuf-java-3.22.3.jar (com.google.protobuf:protobuf-java:3.22.3) with ExternalDependencyInstrumentingArtifactTransform
Transforming gson-2.10.1.jar (com.google.code.gson:gson:2.10.1) with ExternalDependencyInstrumentingArtifactTransform
Transforming kotlin-build-statistics-2.0.21.jar (org.jetbrains.kotlin:kotlin-build-statistics:2.0.21) with ExternalDependencyInstrumentingArtifactTransform
Transforming grpc-core-1.57.0.jar (io.grpc:grpc-core:1.57.0) with ExternalDependencyInstrumentingArtifactTransform
Transforming grpc-stub-1.57.0.jar (io.grpc:grpc-stub:1.57.0) with ExternalDependencyInstrumentingArtifactTransform
Transforming core-proto-0.0.9-alpha02.jar (com.google.testing.platform:core-proto:0.0.9-alpha02) with ExternalDependencyInstrumentingArtifactTransform
Transforming tensorflow-lite-metadata-0.1.0-rc2.jar (org.tensorflow:tensorflow-lite-metadata:0.1.0-rc2) with ExternalDependencyInstrumentingArtifactTransform
Transforming kxml2-2.3.0.jar (net.sf.kxml:kxml2:2.3.0) with ExternalDependencyInstrumentingArtifactTransform
Transforming flatbuffers-java-1.12.0.jar (com.google.flatbuffers:flatbuffers-java:1.12.0) with ExternalDependencyInstrumentingArtifactTransform
Transforming kotlin-gradle-plugin-idea-2.0.21.jar (org.jetbrains.kotlin:kotlin-gradle-plugin-idea:2.0.21) with ExternalDependencyInstrumentingArtifactTransform
Transforming kotlin-klib-commonizer-api-2.0.21.jar (org.jetbrains.kotlin:kotlin-klib-commonizer-api:2.0.21) with ExternalDependencyInstrumentingArtifactTransform
Transforming kotlin-gradle-plugin-idea-proto-2.0.21.jar (org.jetbrains.kotlin:kotlin-gradle-plugin-idea-proto:2.0.21) with ExternalDependencyInstrumentingArtifactTransform
Transforming kotlin-build-tools-api-2.0.21.jar (org.jetbrains.kotlin:kotlin-build-tools-api:2.0.21) with ExternalDependencyInstrumentingArtifactTransform
Transforming kotlin-native-utils-2.0.21.jar (org.jetbrains.kotlin:kotlin-native-utils:2.0.21) with ExternalDependencyInstrumentingArtifactTransform
Transforming kotlin-compiler-runner-2.0.21.jar (org.jetbrains.kotlin:kotlin-compiler-runner:2.0.21) with ExternalDependencyInstrumentingArtifactTransform
Transforming kotlin-util-klib-2.0.21.jar (org.jetbrains.kotlin:kotlin-util-klib:2.0.21) with ExternalDependencyInstrumentingArtifactTransform
Transforming kotlin-compiler-embeddable-2.0.21.jar (org.jetbrains.kotlin:kotlin-compiler-embeddable:2.0.21) with ExternalDependencyInstrumentingArtifactTransform
Transforming grpc-context-1.57.0.jar (io.grpc:grpc-context:1.57.0) with ExternalDependencyInstrumentingArtifactTransform
Transforming jimfs-1.1.jar (com.google.jimfs:jimfs:1.1) with ExternalDependencyInstrumentingArtifactTransform
Transforming grpc-protobuf-lite-1.57.0.jar (io.grpc:grpc-protobuf-lite:1.57.0) with ExternalDependencyInstrumentingArtifactTransform
Transforming guava-32.0.1-jre.jar (com.google.guava:guava:32.0.1-jre) with ExternalDependencyInstrumentingArtifactTransform
Transforming grpc-api-1.57.0.jar (io.grpc:grpc-api:1.57.0) with ExternalDependencyInstrumentingArtifactTransform
Transforming dagger-2.28.3.jar (com.google.dagger:dagger:2.28.3) with ExternalDependencyInstrumentingArtifactTransform
Transforming javax.inject-1.jar (javax.inject:javax.inject:1) with ExternalDependencyInstrumentingArtifactTransform
Transforming bcutil-jdk18on-1.77.jar (org.bouncycastle:bcutil-jdk18on:1.77) with ExternalDependencyInstrumentingArtifactTransform
Transforming trove4j-1.0.20200330.jar (org.jetbrains.intellij.deps:trove4j:1.0.20200330) with ExternalDependencyInstrumentingArtifactTransform
Transforming commons-compress-1.21.jar (org.apache.commons:commons-compress:1.21) with ExternalDependencyInstrumentingArtifactTransform
Transforming bcprov-jdk18on-1.77.jar (org.bouncycastle:bcprov-jdk18on:1.77) with ExternalDependencyInstrumentingArtifactTransform
Transforming httpclient-4.5.14.jar (org.apache.httpcomponents:httpclient:4.5.14) with ExternalDependencyInstrumentingArtifactTransform
Transforming httpcore-4.4.16.jar (org.apache.httpcomponents:httpcore:4.4.16) with ExternalDependencyInstrumentingArtifactTransform
Transforming javax.activation-1.2.0.jar (com.sun.activation:javax.activation:1.2.0) with ExternalDependencyInstrumentingArtifactTransform
Transforming signflinger-8.6.0.jar (com.android:signflinger:8.6.0) with ExternalDependencyInstrumentingArtifactTransform
Transforming zipflinger-8.6.0.jar (com.android:zipflinger:8.6.0) with ExternalDependencyInstrumentingArtifactTransform
Transforming annotations-31.6.0.jar (com.android.tools:annotations:31.6.0) with ExternalDependencyInstrumentingArtifactTransform
Transforming jna-platform-5.6.0.jar (net.java.dev.jna:jna-platform:5.6.0) with ExternalDependencyInstrumentingArtifactTransform
Transforming juniversalchardet-1.0.3.jar (com.googlecode.juniversalchardet:juniversalchardet:1.0.3) with ExternalDependencyInstrumentingArtifactTransform
Transforming javax.annotation-api-1.3.2.jar (javax.annotation:javax.annotation-api:1.3.2) with ExternalDependencyInstrumentingArtifactTransform
Transforming stax-ex-1.8.1.jar (org.jvnet.staxex:stax-ex:1.8.1) with ExternalDependencyInstrumentingArtifactTransform
Transforming jakarta.xml.bind-api-2.3.2.jar (jakarta.xml.bind:jakarta.xml.bind-api:2.3.2) with ExternalDependencyInstrumentingArtifactTransform
Transforming txw2-2.3.2.jar (org.glassfish.jaxb:txw2:2.3.2) with ExternalDependencyInstrumentingArtifactTransform
Transforming istack-commons-runtime-3.0.8.jar (com.sun.istack:istack-commons-runtime:3.0.8) with ExternalDependencyInstrumentingArtifactTransform
Transforming FastInfoset-1.2.16.jar (com.sun.xml.fastinfoset:FastInfoset:1.2.16) with ExternalDependencyInstrumentingArtifactTransform
Transforming jakarta.activation-api-1.2.1.jar (jakarta.activation:jakarta.activation-api:1.2.1) with ExternalDependencyInstrumentingArtifactTransform
Transforming auto-value-annotations-1.6.2.jar (com.google.auto.value:auto-value-annotations:1.6.2) with ExternalDependencyInstrumentingArtifactTransform
Transforming error_prone_annotations-2.18.0.jar (com.google.errorprone:error_prone_annotations:2.18.0) with ExternalDependencyInstrumentingArtifactTransform
Transforming jose4j-0.9.5.jar (org.bitbucket.b_c:jose4j:0.9.5) with ExternalDependencyInstrumentingArtifactTransform
Transforming jsr305-3.0.2.jar (com.google.code.findbugs:jsr305:3.0.2) with ExternalDependencyInstrumentingArtifactTransform
Transforming jdom2-2.0.6.jar (org.jdom:jdom2:2.0.6) with ExternalDependencyInstrumentingArtifactTransform
Transforming slf4j-api-1.7.30.jar (org.slf4j:slf4j-api:1.7.30) with ExternalDependencyInstrumentingArtifactTransform
Transforming j2objc-annotations-2.8.jar (com.google.j2objc:j2objc-annotations:2.8) with ExternalDependencyInstrumentingArtifactTransform
Transforming annotations-4.1.1.4.jar (com.google.android:annotations:4.1.1.4) with ExternalDependencyInstrumentingArtifactTransform
Transforming animal-sniffer-annotations-1.23.jar (org.codehaus.mojo:animal-sniffer-annotations:1.23) with ExternalDependencyInstrumentingArtifactTransform
Transforming perfmark-api-0.26.0.jar (io.perfmark:perfmark-api:0.26.0) with ExternalDependencyInstrumentingArtifactTransform
Transforming netty-codec-http2-4.1.93.Final.jar (io.netty:netty-codec-http2:4.1.93.Final) with ExternalDependencyInstrumentingArtifactTransform
Transforming netty-handler-proxy-4.1.93.Final.jar (io.netty:netty-handler-proxy:4.1.93.Final) with ExternalDependencyInstrumentingArtifactTransform
Transforming netty-handler-4.1.93.Final.jar (io.netty:netty-handler:4.1.93.Final) with ExternalDependencyInstrumentingArtifactTransform
Transforming netty-codec-http-4.1.93.Final.jar (io.netty:netty-codec-http:4.1.93.Final) with ExternalDependencyInstrumentingArtifactTransform
Transforming netty-transport-native-unix-common-4.1.93.Final.jar (io.netty:netty-transport-native-unix-common:4.1.93.Final) with ExternalDependencyInstrumentingArtifactTransform
Transforming checker-qual-3.33.0.jar (org.checkerframework:checker-qual:3.33.0) with ExternalDependencyInstrumentingArtifactTransform
Transforming commons-codec-1.11.jar (commons-codec:commons-codec:1.11) with ExternalDependencyInstrumentingArtifactTransform
Transforming apksig-8.6.0.jar (com.android.tools.build:apksig:8.6.0) with ExternalDependencyInstrumentingArtifactTransform
Transforming kotlin-gradle-plugin-annotations-2.0.21.jar (org.jetbrains.kotlin:kotlin-gradle-plugin-annotations:2.0.21) with ExternalDependencyInstrumentingArtifactTransform
Transforming javawriter-2.5.0.jar (com.squareup:javawriter:2.5.0) with ExternalDependencyInstrumentingArtifactTransform
Transforming kotlin-tooling-core-2.0.21.jar (org.jetbrains.kotlin:kotlin-tooling-core:2.0.21) with ExternalDependencyInstrumentingArtifactTransform
Transforming kotlin-daemon-client-2.0.21.jar (org.jetbrains.kotlin:kotlin-daemon-client:2.0.21) with ExternalDependencyInstrumentingArtifactTransform
Transforming kotlinx-coroutines-core-jvm-1.6.4.jar (org.jetbrains.kotlinx:kotlinx-coroutines-core-jvm:1.6.4) with ExternalDependencyInstrumentingArtifactTransform
Transforming kotlin-util-io-2.0.21.jar (org.jetbrains.kotlin:kotlin-util-io:2.0.21) with ExternalDependencyInstrumentingArtifactTransform
Transforming kotlin-daemon-embeddable-2.0.21.jar (org.jetbrains.kotlin:kotlin-daemon-embeddable:2.0.21) with ExternalDependencyInstrumentingArtifactTransform
Transforming failureaccess-1.0.1.jar (com.google.guava:failureaccess:1.0.1) with ExternalDependencyInstrumentingArtifactTransform
Transforming listenablefuture-9999.0-empty-to-avoid-conflict-with-guava.jar (com.google.guava:listenablefuture:9999.0-empty-to-avoid-conflict-with-guava) with ExternalDependencyInstrumentingArtifactTransform
Transforming commons-logging-1.2.jar (commons-logging:commons-logging:1.2) with ExternalDependencyInstrumentingArtifactTransform
Transforming jna-5.6.0.jar (net.java.dev.jna:jna:5.6.0) with ExternalDependencyInstrumentingArtifactTransform
Transforming netty-codec-socks-4.1.93.Final.jar (io.netty:netty-codec-socks:4.1.93.Final) with ExternalDependencyInstrumentingArtifactTransform
Transforming netty-codec-4.1.93.Final.jar (io.netty:netty-codec:4.1.93.Final) with ExternalDependencyInstrumentingArtifactTransform
Transforming netty-transport-4.1.93.Final.jar (io.netty:netty-transport:4.1.93.Final) with ExternalDependencyInstrumentingArtifactTransform
Transforming netty-buffer-4.1.93.Final.jar (io.netty:netty-buffer:4.1.93.Final) with ExternalDependencyInstrumentingArtifactTransform
Transforming netty-resolver-4.1.93.Final.jar (io.netty:netty-resolver:4.1.93.Final) with ExternalDependencyInstrumentingArtifactTransform
Transforming netty-common-4.1.93.Final.jar (io.netty:netty-common:4.1.93.Final) with ExternalDependencyInstrumentingArtifactTransform

> Configure project :app
Evaluating project ':app' using build file 'D:\KushwahaHardware\app\build.gradle.kts'.
Transforming kotlin-gradle-plugin-2.0.21-gradle85.jar (org.jetbrains.kotlin:kotlin-gradle-plugin:2.0.21) with InstrumentationAnalysisTransform
Transforming kotlin-gradle-plugin-model-2.0.21.jar (org.jetbrains.kotlin:kotlin-gradle-plugin-model:2.0.21) with InstrumentationAnalysisTransform
Transforming kotlin-gradle-plugin-api-2.0.21-gradle85.jar (org.jetbrains.kotlin:kotlin-gradle-plugin-api:2.0.21) with InstrumentationAnalysisTransform
Transforming kotlin-gradle-plugin-api-2.0.21.jar (org.jetbrains.kotlin:kotlin-gradle-plugin-api:2.0.21) with InstrumentationAnalysisTransform
Transforming compose-compiler-gradle-plugin-2.0.21-gradle85.jar (org.jetbrains.kotlin:compose-compiler-gradle-plugin:2.0.21) with InstrumentationAnalysisTransform
Transforming kotlin-gradle-plugin-idea-proto-2.0.21.jar (org.jetbrains.kotlin:kotlin-gradle-plugin-idea-proto:2.0.21) with InstrumentationAnalysisTransform
Transforming kotlin-gradle-plugin-idea-2.0.21.jar (org.jetbrains.kotlin:kotlin-gradle-plugin-idea:2.0.21) with InstrumentationAnalysisTransform
Transforming kotlin-gradle-plugin-annotations-2.0.21.jar (org.jetbrains.kotlin:kotlin-gradle-plugin-annotations:2.0.21) with InstrumentationAnalysisTransform
Transforming kotlin-klib-commonizer-api-2.0.21.jar (org.jetbrains.kotlin:kotlin-klib-commonizer-api:2.0.21) with InstrumentationAnalysisTransform
Transforming kotlin-native-utils-2.0.21.jar (org.jetbrains.kotlin:kotlin-native-utils:2.0.21) with InstrumentationAnalysisTransform
Transforming kotlin-tooling-core-2.0.21.jar (org.jetbrains.kotlin:kotlin-tooling-core:2.0.21) with InstrumentationAnalysisTransform
Transforming kotlin-build-statistics-2.0.21.jar (org.jetbrains.kotlin:kotlin-build-statistics:2.0.21) with InstrumentationAnalysisTransform
Transforming kotlin-build-tools-api-2.0.21.jar (org.jetbrains.kotlin:kotlin-build-tools-api:2.0.21) with InstrumentationAnalysisTransform
Transforming kotlin-compiler-runner-2.0.21.jar (org.jetbrains.kotlin:kotlin-compiler-runner:2.0.21) with InstrumentationAnalysisTransform
Transforming kotlin-util-klib-2.0.21.jar (org.jetbrains.kotlin:kotlin-util-klib:2.0.21) with InstrumentationAnalysisTransform
Transforming kotlin-compiler-embeddable-2.0.21.jar (org.jetbrains.kotlin:kotlin-compiler-embeddable:2.0.21) with InstrumentationAnalysisTransform
Transforming kotlin-util-io-2.0.21.jar (org.jetbrains.kotlin:kotlin-util-io:2.0.21) with InstrumentationAnalysisTransform
Transforming gson-2.8.9.jar (com.google.code.gson:gson:2.8.9) with InstrumentationAnalysisTransform
Transforming kotlin-daemon-client-2.0.21.jar (org.jetbrains.kotlin:kotlin-daemon-client:2.0.21) with InstrumentationAnalysisTransform
Transforming kotlinx-coroutines-core-jvm-1.6.4.jar (org.jetbrains.kotlinx:kotlinx-coroutines-core-jvm:1.6.4) with InstrumentationAnalysisTransform
Transforming kotlin-daemon-embeddable-2.0.21.jar (org.jetbrains.kotlin:kotlin-daemon-embeddable:2.0.21) with InstrumentationAnalysisTransform
Transforming trove4j-1.0.20200330.jar (org.jetbrains.intellij.deps:trove4j:1.0.20200330) with InstrumentationAnalysisTransform
Transforming kotlin-gradle-plugin-2.0.21-gradle85.jar (org.jetbrains.kotlin:kotlin-gradle-plugin:2.0.21) with InstrumentationAnalysisTransform
Transforming kotlin-gradle-plugin-2.0.21-gradle85.jar (org.jetbrains.kotlin:kotlin-gradle-plugin:2.0.21) with MergeInstrumentationAnalysisTransform
Transforming kotlin-gradle-plugin-model-2.0.21.jar (org.jetbrains.kotlin:kotlin-gradle-plugin-model:2.0.21) with InstrumentationAnalysisTransform
Transforming kotlin-gradle-plugin-model-2.0.21.jar (org.jetbrains.kotlin:kotlin-gradle-plugin-model:2.0.21) with MergeInstrumentationAnalysisTransform
Transforming kotlin-gradle-plugin-api-2.0.21-gradle85.jar (org.jetbrains.kotlin:kotlin-gradle-plugin-api:2.0.21) with InstrumentationAnalysisTransform
Transforming kotlin-gradle-plugin-api-2.0.21-gradle85.jar (org.jetbrains.kotlin:kotlin-gradle-plugin-api:2.0.21) with MergeInstrumentationAnalysisTransform
Transforming kotlin-gradle-plugin-api-2.0.21.jar (org.jetbrains.kotlin:kotlin-gradle-plugin-api:2.0.21) with InstrumentationAnalysisTransform
Transforming kotlin-gradle-plugin-api-2.0.21.jar (org.jetbrains.kotlin:kotlin-gradle-plugin-api:2.0.21) with MergeInstrumentationAnalysisTransform
Transforming compose-compiler-gradle-plugin-2.0.21-gradle85.jar (org.jetbrains.kotlin:compose-compiler-gradle-plugin:2.0.21) with InstrumentationAnalysisTransform
Transforming compose-compiler-gradle-plugin-2.0.21-gradle85.jar (org.jetbrains.kotlin:compose-compiler-gradle-plugin:2.0.21) with MergeInstrumentationAnalysisTransform
Transforming kotlin-gradle-plugin-idea-proto-2.0.21.jar (org.jetbrains.kotlin:kotlin-gradle-plugin-idea-proto:2.0.21) with InstrumentationAnalysisTransform
Transforming kotlin-gradle-plugin-idea-proto-2.0.21.jar (org.jetbrains.kotlin:kotlin-gradle-plugin-idea-proto:2.0.21) with MergeInstrumentationAnalysisTransform
Transforming kotlin-gradle-plugin-idea-2.0.21.jar (org.jetbrains.kotlin:kotlin-gradle-plugin-idea:2.0.21) with InstrumentationAnalysisTransform
Transforming kotlin-gradle-plugin-idea-2.0.21.jar (org.jetbrains.kotlin:kotlin-gradle-plugin-idea:2.0.21) with MergeInstrumentationAnalysisTransform
Transforming kotlin-gradle-plugin-annotations-2.0.21.jar (org.jetbrains.kotlin:kotlin-gradle-plugin-annotations:2.0.21) with InstrumentationAnalysisTransform
Transforming kotlin-gradle-plugin-annotations-2.0.21.jar (org.jetbrains.kotlin:kotlin-gradle-plugin-annotations:2.0.21) with MergeInstrumentationAnalysisTransform
Transforming kotlin-klib-commonizer-api-2.0.21.jar (org.jetbrains.kotlin:kotlin-klib-commonizer-api:2.0.21) with InstrumentationAnalysisTransform
Transforming kotlin-klib-commonizer-api-2.0.21.jar (org.jetbrains.kotlin:kotlin-klib-commonizer-api:2.0.21) with MergeInstrumentationAnalysisTransform
Transforming kotlin-native-utils-2.0.21.jar (org.jetbrains.kotlin:kotlin-native-utils:2.0.21) with InstrumentationAnalysisTransform
Transforming kotlin-native-utils-2.0.21.jar (org.jetbrains.kotlin:kotlin-native-utils:2.0.21) with MergeInstrumentationAnalysisTransform
Transforming kotlin-tooling-core-2.0.21.jar (org.jetbrains.kotlin:kotlin-tooling-core:2.0.21) with InstrumentationAnalysisTransform
Transforming kotlin-tooling-core-2.0.21.jar (org.jetbrains.kotlin:kotlin-tooling-core:2.0.21) with MergeInstrumentationAnalysisTransform
Transforming kotlin-build-statistics-2.0.21.jar (org.jetbrains.kotlin:kotlin-build-statistics:2.0.21) with InstrumentationAnalysisTransform
Transforming kotlin-build-statistics-2.0.21.jar (org.jetbrains.kotlin:kotlin-build-statistics:2.0.21) with MergeInstrumentationAnalysisTransform
Transforming kotlin-build-tools-api-2.0.21.jar (org.jetbrains.kotlin:kotlin-build-tools-api:2.0.21) with InstrumentationAnalysisTransform
Transforming kotlin-build-tools-api-2.0.21.jar (org.jetbrains.kotlin:kotlin-build-tools-api:2.0.21) with MergeInstrumentationAnalysisTransform
Transforming kotlin-compiler-runner-2.0.21.jar (org.jetbrains.kotlin:kotlin-compiler-runner:2.0.21) with InstrumentationAnalysisTransform
Transforming kotlin-compiler-runner-2.0.21.jar (org.jetbrains.kotlin:kotlin-compiler-runner:2.0.21) with MergeInstrumentationAnalysisTransform
Transforming kotlin-util-klib-2.0.21.jar (org.jetbrains.kotlin:kotlin-util-klib:2.0.21) with InstrumentationAnalysisTransform
Transforming kotlin-util-klib-2.0.21.jar (org.jetbrains.kotlin:kotlin-util-klib:2.0.21) with MergeInstrumentationAnalysisTransform
Transforming kotlin-compiler-embeddable-2.0.21.jar (org.jetbrains.kotlin:kotlin-compiler-embeddable:2.0.21) with InstrumentationAnalysisTransform
Transforming kotlin-compiler-embeddable-2.0.21.jar (org.jetbrains.kotlin:kotlin-compiler-embeddable:2.0.21) with MergeInstrumentationAnalysisTransform
Transforming kotlin-util-io-2.0.21.jar (org.jetbrains.kotlin:kotlin-util-io:2.0.21) with InstrumentationAnalysisTransform
Transforming kotlin-util-io-2.0.21.jar (org.jetbrains.kotlin:kotlin-util-io:2.0.21) with MergeInstrumentationAnalysisTransform
Transforming gson-2.8.9.jar (com.google.code.gson:gson:2.8.9) with InstrumentationAnalysisTransform
Transforming gson-2.8.9.jar (com.google.code.gson:gson:2.8.9) with MergeInstrumentationAnalysisTransform
Transforming kotlin-daemon-client-2.0.21.jar (org.jetbrains.kotlin:kotlin-daemon-client:2.0.21) with InstrumentationAnalysisTransform
Transforming kotlin-daemon-client-2.0.21.jar (org.jetbrains.kotlin:kotlin-daemon-client:2.0.21) with MergeInstrumentationAnalysisTransform
Transforming kotlinx-coroutines-core-jvm-1.6.4.jar (org.jetbrains.kotlinx:kotlinx-coroutines-core-jvm:1.6.4) with InstrumentationAnalysisTransform
Transforming kotlinx-coroutines-core-jvm-1.6.4.jar (org.jetbrains.kotlinx:kotlinx-coroutines-core-jvm:1.6.4) with MergeInstrumentationAnalysisTransform
Transforming kotlin-daemon-embeddable-2.0.21.jar (org.jetbrains.kotlin:kotlin-daemon-embeddable:2.0.21) with InstrumentationAnalysisTransform
Transforming kotlin-daemon-embeddable-2.0.21.jar (org.jetbrains.kotlin:kotlin-daemon-embeddable:2.0.21) with MergeInstrumentationAnalysisTransform
Transforming trove4j-1.0.20200330.jar (org.jetbrains.intellij.deps:trove4j:1.0.20200330) with InstrumentationAnalysisTransform
Transforming trove4j-1.0.20200330.jar (org.jetbrains.intellij.deps:trove4j:1.0.20200330) with MergeInstrumentationAnalysisTransform
Transforming kotlin-gradle-plugin-2.0.21-gradle85.jar (org.jetbrains.kotlin:kotlin-gradle-plugin:2.0.21) with ExternalDependencyInstrumentingArtifactTransform
Transforming kotlin-gradle-plugin-model-2.0.21.jar (org.jetbrains.kotlin:kotlin-gradle-plugin-model:2.0.21) with ExternalDependencyInstrumentingArtifactTransform
Transforming kotlin-gradle-plugin-api-2.0.21-gradle85.jar (org.jetbrains.kotlin:kotlin-gradle-plugin-api:2.0.21) with ExternalDependencyInstrumentingArtifactTransform
Transforming kotlin-gradle-plugin-idea-proto-2.0.21.jar (org.jetbrains.kotlin:kotlin-gradle-plugin-idea-proto:2.0.21) with ExternalDependencyInstrumentingArtifactTransform
Transforming compose-compiler-gradle-plugin-2.0.21-gradle85.jar (org.jetbrains.kotlin:compose-compiler-gradle-plugin:2.0.21) with ExternalDependencyInstrumentingArtifactTransform
Transforming kotlin-gradle-plugin-idea-2.0.21.jar (org.jetbrains.kotlin:kotlin-gradle-plugin-idea:2.0.21) with ExternalDependencyInstrumentingArtifactTransform
Transforming kotlin-gradle-plugin-api-2.0.21.jar (org.jetbrains.kotlin:kotlin-gradle-plugin-api:2.0.21) with ExternalDependencyInstrumentingArtifactTransform
Transforming kotlin-gradle-plugin-annotations-2.0.21.jar (org.jetbrains.kotlin:kotlin-gradle-plugin-annotations:2.0.21) with ExternalDependencyInstrumentingArtifactTransform
Transforming kotlin-klib-commonizer-api-2.0.21.jar (org.jetbrains.kotlin:kotlin-klib-commonizer-api:2.0.21) with ExternalDependencyInstrumentingArtifactTransform
Transforming kotlin-native-utils-2.0.21.jar (org.jetbrains.kotlin:kotlin-native-utils:2.0.21) with ExternalDependencyInstrumentingArtifactTransform
Transforming kotlin-tooling-core-2.0.21.jar (org.jetbrains.kotlin:kotlin-tooling-core:2.0.21) with ExternalDependencyInstrumentingArtifactTransform
Transforming kotlin-build-statistics-2.0.21.jar (org.jetbrains.kotlin:kotlin-build-statistics:2.0.21) with ExternalDependencyInstrumentingArtifactTransform
Transforming kotlin-compiler-runner-2.0.21.jar (org.jetbrains.kotlin:kotlin-compiler-runner:2.0.21) with ExternalDependencyInstrumentingArtifactTransform
Transforming kotlin-build-tools-api-2.0.21.jar (org.jetbrains.kotlin:kotlin-build-tools-api:2.0.21) with ExternalDependencyInstrumentingArtifactTransform
Transforming kotlin-util-klib-2.0.21.jar (org.jetbrains.kotlin:kotlin-util-klib:2.0.21) with ExternalDependencyInstrumentingArtifactTransform
Transforming kotlin-compiler-embeddable-2.0.21.jar (org.jetbrains.kotlin:kotlin-compiler-embeddable:2.0.21) with ExternalDependencyInstrumentingArtifactTransform
Transforming gson-2.8.9.jar (com.google.code.gson:gson:2.8.9) with ExternalDependencyInstrumentingArtifactTransform
Transforming kotlin-daemon-client-2.0.21.jar (org.jetbrains.kotlin:kotlin-daemon-client:2.0.21) with ExternalDependencyInstrumentingArtifactTransform
Transforming kotlinx-coroutines-core-jvm-1.6.4.jar (org.jetbrains.kotlinx:kotlinx-coroutines-core-jvm:1.6.4) with ExternalDependencyInstrumentingArtifactTransform
Transforming trove4j-1.0.20200330.jar (org.jetbrains.intellij.deps:trove4j:1.0.20200330) with ExternalDependencyInstrumentingArtifactTransform
Transforming kotlin-daemon-embeddable-2.0.21.jar (org.jetbrains.kotlin:kotlin-daemon-embeddable:2.0.21) with ExternalDependencyInstrumentingArtifactTransform
Transforming kotlin-util-io-2.0.21.jar (org.jetbrains.kotlin:kotlin-util-io:2.0.21) with ExternalDependencyInstrumentingArtifactTransform
Using default execution profile
Using Kotlin Gradle Plugin gradle85 variant
Detected Android Gradle Plugin compose compiler configuration
Detected Android Gradle Plugin compose compiler configuration
Detected Android Gradle Plugin compose compiler configuration
Detected Android Gradle Plugin compose compiler configuration
Detected Android Gradle Plugin compose compiler configuration
All projects evaluated.
Task name matched 'testDebugUnitTest'
Selected primary task 'testDebugUnitTest' from project :
Tasks to be executed: [task ':app:preBuild', task ':app:preDebugBuild', task ':app:checkKotlinGradlePluginConfigurationErrors', task ':app:dataBindingMergeDependencyArtifactsDebug', task ':app:generateDebugResValues', task ':app:generateDebugResources', task ':app:processDebugGoogleServices', task ':app:mergeDebugResources', task ':app:packageDebugResources', task ':app:parseDebugLocalResources', task ':app:dataBindingGenBaseClassesDebug', task ':app:checkDebugAarMetadata', task ':app:mapDebugSourceSetPaths', task ':app:createDebugCompatibleScreenManifests', task ':app:extractDeepLinksDebug', task ':app:processDebugMainManifest', task ':app:processDebugManifest', task ':app:processDebugManifestForPackage', task ':app:processDebugResources', task ':app:kaptGenerateStubsDebugKotlin', task ':app:kaptDebugKotlin', task ':app:compileDebugKotlin', task ':app:javaPreCompileDebug', task ':app:compileDebugJavaWithJavac', task ':app:hiltAggregateDepsDebug', task ':app:hiltJavaCompileDebug', task ':app:transformDebugClassesWithAsm', task ':app:bundleDebugClassesToRuntimeJar', task ':app:preDebugUnitTestBuild', task ':app:processDebugJavaRes', task ':app:bundleDebugClassesToCompileJar', task ':app:kaptGenerateStubsDebugUnitTestKotlin', task ':app:kaptDebugUnitTestKotlin', task ':app:compileDebugUnitTestKotlin', task ':app:javaPreCompileDebugUnitTest', task ':app:compileDebugUnitTestJavaWithJavac', task ':app:hiltAggregateDepsDebugUnitTest', task ':app:hiltJavaCompileDebugUnitTest', task ':app:processDebugUnitTestJavaRes', task ':app:transformDebugUnitTestClassesWithAsm', task ':app:testDebugUnitTest']
Tasks that were excluded: []
work action Parameters of IdentityTransform (Thread[included builds,5,main]) started.
work action Parameters of CopyTransform (Thread[included builds,5,main]) started.
work action Parameters of AggregatedPackagesTransform (Thread[included builds,5,main]) started.
Resolve mutations for :app:preBuild (Thread[included builds,5,main]) started.
:app:preBuild (Thread[included builds,5,main]) started.

> Task :app:preBuild UP-TO-DATE
Skipping task ':app:preBuild' as it has no actions.
Resolve mutations for :app:preDebugBuild (Thread[included builds,5,main]) started.
:app:preDebugBuild (Thread[included builds,5,main]) started.

> Task :app:preDebugBuild UP-TO-DATE
Skipping task ':app:preDebugBuild' as it has no actions.
Resolve mutations for :app:checkKotlinGradlePluginConfigurationErrors (Thread[included builds,5,main]) started.
:app:checkKotlinGradlePluginConfigurationErrors (Thread[included builds,5,main]) started.

> Task :app:checkKotlinGradlePluginConfigurationErrors SKIPPED
Skipping task ':app:checkKotlinGradlePluginConfigurationErrors' as task onlyIf 'errorDiagnostics are present' is false.
Resolve mutations for :app:dataBindingMergeDependencyArtifactsDebug (Thread[included builds,5,main]) started.
:app:dataBindingMergeDependencyArtifactsDebug (Thread[included builds,5,main]) started.

> Task :app:dataBindingMergeDependencyArtifactsDebug
Registered task dependencies: app:debugCompileClasspath
Skipping misunderstood TO dep string: androidx.compose.ui:ui-tooling
Skipping misunderstood TO dep string: androidx.compose.ui:ui
Skipping misunderstood TO dep string: androidx.compose.ui:ui-graphics
Skipping misunderstood TO dep string: androidx.compose.ui:ui-tooling-preview
Skipping misunderstood TO dep string: androidx.compose.material3:material3
Skipping misunderstood TO dep string: com.google.firebase:firebase-auth
Starting dependency analysis
Transforming hilt-navigation-compose-1.1.0.aar (androidx.hilt:hilt-navigation-compose:1.1.0) with JetifyTransform
Transforming viewbinding-8.6.0.aar (androidx.databinding:viewbinding:8.6.0) with JetifyTransform
Transforming hilt-navigation-1.1.0.aar (androidx.hilt:hilt-navigation:1.1.0) with JetifyTransform
Transforming hilt-navigation-compose-1.1.0.aar (androidx.hilt:hilt-navigation-compose:1.1.0) with ExtractAarTransform
Transforming navigation-common-2.7.6.aar (androidx.navigation:navigation-common:2.7.6) with JetifyTransform
Transforming hilt-navigation-compose-1.1.0.aar (androidx.hilt:hilt-navigation-compose:1.1.0) with AarTransform
Transforming viewbinding-8.6.0.aar (androidx.databinding:viewbinding:8.6.0) with ExtractAarTransform
Transforming navigation-common-2.7.6.aar (androidx.navigation:navigation-common:2.7.6) with ExtractAarTransform
Transforming navigation-runtime-2.7.6.aar (androidx.navigation:navigation-runtime:2.7.6) with JetifyTransform
Transforming viewbinding-8.6.0.aar (androidx.databinding:viewbinding:8.6.0) with AarTransform
Transforming navigation-common-2.7.6.aar (androidx.navigation:navigation-common:2.7.6) with AarTransform
Transforming navigation-common-ktx-2.7.6.aar (androidx.navigation:navigation-common-ktx:2.7.6) with JetifyTransform
Transforming navigation-runtime-2.7.6.aar (androidx.navigation:navigation-runtime:2.7.6) with ExtractAarTransform
Transforming navigation-fragment-2.7.6.aar (androidx.navigation:navigation-fragment:2.7.6) with JetifyTransform
Transforming hilt-navigation-1.1.0.aar (androidx.hilt:hilt-navigation:1.1.0) with ExtractAarTransform
Transforming navigation-common-ktx-2.7.6.aar (androidx.navigation:navigation-common-ktx:2.7.6) with ExtractAarTransform
Transforming navigation-fragment-2.7.6.aar (androidx.navigation:navigation-fragment:2.7.6) with ExtractAarTransform
Transforming navigation-runtime-2.7.6.aar (androidx.navigation:navigation-runtime:2.7.6) with AarTransform
Transforming hilt-navigation-1.1.0.aar (androidx.hilt:hilt-navigation:1.1.0) with AarTransform
Transforming navigation-common-ktx-2.7.6.aar (androidx.navigation:navigation-common-ktx:2.7.6) with AarTransform
Transforming navigation-runtime-ktx-2.7.6.aar (androidx.navigation:navigation-runtime-ktx:2.7.6) with JetifyTransform
Transforming navigation-fragment-ktx-2.7.6.aar (androidx.navigation:navigation-fragment-ktx:2.7.6) with JetifyTransform
Transforming navigation-runtime-ktx-2.7.6.aar (androidx.navigation:navigation-runtime-ktx:2.7.6) with ExtractAarTransform
Transforming navigation-fragment-2.7.6.aar (androidx.navigation:navigation-fragment:2.7.6) with AarTransform
Transforming navigation-fragment-ktx-2.7.6.aar (androidx.navigation:navigation-fragment-ktx:2.7.6) with ExtractAarTransform
Transforming navigation-compose-2.7.6.aar (androidx.navigation:navigation-compose:2.7.6) with JetifyTransform
Transforming navigation-ui-ktx-2.7.6.aar (androidx.navigation:navigation-ui-ktx:2.7.6) with JetifyTransform
Transforming navigation-runtime-ktx-2.7.6.aar (androidx.navigation:navigation-runtime-ktx:2.7.6) with AarTransform
Transforming navigation-compose-2.7.6.aar (androidx.navigation:navigation-compose:2.7.6) with ExtractAarTransform
Transforming navigation-ui-ktx-2.7.6.aar (androidx.navigation:navigation-ui-ktx:2.7.6) with ExtractAarTransform
Transforming navigation-ui-2.7.6.aar (androidx.navigation:navigation-ui:2.7.6) with JetifyTransform
Transforming navigation-fragment-ktx-2.7.6.aar (androidx.navigation:navigation-fragment-ktx:2.7.6) with AarTransform
Transforming navigation-ui-2.7.6.aar (androidx.navigation:navigation-ui:2.7.6) with ExtractAarTransform
Transforming material-1.11.0.aar (com.google.android.material:material:1.11.0) with JetifyTransform
Transforming navigation-compose-2.7.6.aar (androidx.navigation:navigation-compose:2.7.6) with AarTransform
Transforming navigation-ui-ktx-2.7.6.aar (androidx.navigation:navigation-ui-ktx:2.7.6) with AarTransform
Transforming material-1.11.0.aar (com.google.android.material:material:1.11.0) with ExtractAarTransform
Transforming play-services-mlkit-barcode-scanning-18.3.1.aar (com.google.android.gms:play-services-mlkit-barcode-scanning:18.3.1) with JetifyTransform
Transforming barcode-scanning-common-17.0.0.aar (com.google.mlkit:barcode-scanning-common:17.0.0) with JetifyTransform
Transforming barcode-scanning-common-17.0.0.aar (com.google.mlkit:barcode-scanning-common:17.0.0) with ExtractAarTransform
Transforming barcode-scanning-common-17.0.0.aar (com.google.mlkit:barcode-scanning-common:17.0.0) with AarTransform
Transforming vision-common-17.3.0.aar (com.google.mlkit:vision-common:17.3.0) with JetifyTransform
Transforming vision-common-17.3.0.aar (com.google.mlkit:vision-common:17.3.0) with ExtractAarTransform
Transforming vision-common-17.3.0.aar (com.google.mlkit:vision-common:17.3.0) with AarTransform
Transforming navigation-ui-2.7.6.aar (androidx.navigation:navigation-ui:2.7.6) with AarTransform
Transforming play-services-mlkit-barcode-scanning-18.3.1.aar (com.google.android.gms:play-services-mlkit-barcode-scanning:18.3.1) with ExtractAarTransform
Transforming vision-common-17.3.0.aar (com.google.mlkit:vision-common:17.3.0) with JetifyTransform
Transforming vision-common-17.3.0.aar (com.google.mlkit:vision-common:17.3.0) with ExtractAarTransform
Transforming vision-common-17.3.0.aar (com.google.mlkit:vision-common:17.3.0) with AarTransform
Transforming common-18.11.0.aar (com.google.mlkit:common:18.11.0) with JetifyTransform
Transforming common-18.11.0.aar (com.google.mlkit:common:18.11.0) with JetifyTransform
Transforming play-services-mlkit-barcode-scanning-18.3.1.aar (com.google.android.gms:play-services-mlkit-barcode-scanning:18.3.1) with AarTransform
Transforming common-18.11.0.aar (com.google.mlkit:common:18.11.0) with ExtractAarTransform
Transforming common-18.11.0.aar (com.google.mlkit:common:18.11.0) with ExtractAarTransform
Transforming appcompat-1.6.1.aar (androidx.appcompat:appcompat:1.6.1) with JetifyTransform
Transforming common-18.11.0.aar (com.google.mlkit:common:18.11.0) with AarTransform
Transforming common-18.11.0.aar (com.google.mlkit:common:18.11.0) with AarTransform
Transforming appcompat-1.6.1.aar (androidx.appcompat:appcompat:1.6.1) with ExtractAarTransform
Transforming appcompat-1.6.1.aar (androidx.appcompat:appcompat:1.6.1) with JetifyTransform
Transforming appcompat-1.6.1.aar (androidx.appcompat:appcompat:1.6.1) with ExtractAarTransform
Transforming hilt-android-2.48.aar (com.google.dagger:hilt-android:2.48) with JetifyTransform
Transforming hilt-android-2.48.aar (com.google.dagger:hilt-android:2.48) with ExtractAarTransform
Transforming hilt-android-2.48.aar (com.google.dagger:hilt-android:2.48) with AarTransform
Transforming biometric-1.1.0.aar (androidx.biometric:biometric:1.1.0) with JetifyTransform
Transforming biometric-1.1.0.aar (androidx.biometric:biometric:1.1.0) with ExtractAarTransform
Transforming material-1.11.0.aar (com.google.android.material:material:1.11.0) with AarTransform
Transforming firebase-auth-22.3.1.aar (com.google.firebase:firebase-auth:22.3.1) with JetifyTransform
Transforming firebase-auth-22.3.1.aar (com.google.firebase:firebase-auth:22.3.1) with ExtractAarTransform
Transforming firebase-auth-22.3.1.aar (com.google.firebase:firebase-auth:22.3.1) with AarTransform
Transforming play-services-auth-21.0.0.aar (com.google.android.gms:play-services-auth:21.0.0) with JetifyTransform
Transforming play-services-auth-21.0.0.aar (com.google.android.gms:play-services-auth:21.0.0) with ExtractAarTransform
Transforming play-services-auth-21.0.0.aar (com.google.android.gms:play-services-auth:21.0.0) with AarTransform
Transforming viewpager2-1.0.0.aar (androidx.viewpager2:viewpager2:1.0.0) with JetifyTransform
Transforming viewpager2-1.0.0.aar (androidx.viewpager2:viewpager2:1.0.0) with ExtractAarTransform
Transforming viewpager2-1.0.0.aar (androidx.viewpager2:viewpager2:1.0.0) with AarTransform
Transforming play-services-auth-api-phone-18.0.2.aar (com.google.android.gms:play-services-auth-api-phone:18.0.2) with JetifyTransform
Transforming play-services-auth-api-phone-18.0.2.aar (com.google.android.gms:play-services-auth-api-phone:18.0.2) with ExtractAarTransform
Transforming biometric-1.1.0.aar (androidx.biometric:biometric:1.1.0) with AarTransform
Transforming play-services-auth-api-phone-18.0.2.aar (com.google.android.gms:play-services-auth-api-phone:18.0.2) with JetifyTransform
Transforming play-services-auth-api-phone-18.0.2.aar (com.google.android.gms:play-services-auth-api-phone:18.0.2) with ExtractAarTransform
Transforming play-services-auth-api-phone-18.0.2.aar (com.google.android.gms:play-services-auth-api-phone:18.0.2) with AarTransform
Transforming play-services-auth-api-phone-18.0.2.aar (com.google.android.gms:play-services-auth-api-phone:18.0.2) with AarTransform
Transforming appcompat-1.6.1.aar (androidx.appcompat:appcompat:1.6.1) with AarTransform
Transforming firebase-appcheck-interop-17.0.0.aar (com.google.firebase:firebase-appcheck-interop:17.0.0) with JetifyTransform
Transforming play-services-auth-base-18.0.10.aar (com.google.android.gms:play-services-auth-base:18.0.10) with JetifyTransform
Transforming play-services-fido-20.0.1.aar (com.google.android.gms:play-services-fido:20.0.1) with JetifyTransform
Transforming firebase-appcheck-interop-17.0.0.aar (com.google.firebase:firebase-appcheck-interop:17.0.0) with ExtractAarTransform
Transforming play-services-auth-base-18.0.10.aar (com.google.android.gms:play-services-auth-base:18.0.10) with ExtractAarTransform
Transforming play-services-fido-20.0.1.aar (com.google.android.gms:play-services-fido:20.0.1) with ExtractAarTransform
Transforming firebase-appcheck-interop-17.0.0.aar (com.google.firebase:firebase-appcheck-interop:17.0.0) with AarTransform
Transforming play-services-base-18.5.0.aar (com.google.android.gms:play-services-base:18.5.0) with JetifyTransform
Transforming play-services-auth-base-18.0.10.aar (com.google.android.gms:play-services-auth-base:18.0.10) with AarTransform
Transforming play-services-base-18.5.0.aar (com.google.android.gms:play-services-base:18.5.0) with JetifyTransform
Transforming play-services-base-18.5.0.aar (com.google.android.gms:play-services-base:18.5.0) with ExtractAarTransform
Transforming play-services-fido-20.0.1.aar (com.google.android.gms:play-services-fido:20.0.1) with AarTransform
Transforming play-services-base-18.5.0.aar (com.google.android.gms:play-services-base:18.5.0) with ExtractAarTransform
Transforming play-services-base-18.5.0.aar (com.google.android.gms:play-services-base:18.5.0) with JetifyTransform
Transforming play-services-base-18.5.0.aar (com.google.android.gms:play-services-base:18.5.0) with ExtractAarTransform
Transforming appcompat-1.6.1.aar (androidx.appcompat:appcompat:1.6.1) with AarTransform
Transforming play-services-base-18.5.0.aar (com.google.android.gms:play-services-base:18.5.0) with JetifyTransform
Transforming play-services-base-18.5.0.aar (com.google.android.gms:play-services-base:18.5.0) with ExtractAarTransform
Transforming play-services-base-18.5.0.aar (com.google.android.gms:play-services-base:18.5.0) with AarTransform
Transforming play-services-base-18.5.0.aar (com.google.android.gms:play-services-base:18.5.0) with AarTransform
Transforming play-services-base-18.5.0.aar (com.google.android.gms:play-services-base:18.5.0) with AarTransform
Transforming vision-interfaces-16.3.0.aar (com.google.mlkit:vision-interfaces:16.3.0) with JetifyTransform
Transforming firebase-common-ktx-20.4.2.aar (com.google.firebase:firebase-common-ktx:20.4.2) with JetifyTransform
Transforming firebase-auth-interop-20.0.0.aar (com.google.firebase:firebase-auth-interop:20.0.0) with JetifyTransform
Transforming firebase-common-ktx-20.4.2.aar (com.google.firebase:firebase-common-ktx:20.4.2) with ExtractAarTransform
Transforming vision-interfaces-16.3.0.aar (com.google.mlkit:vision-interfaces:16.3.0) with ExtractAarTransform
Transforming firebase-auth-interop-20.0.0.aar (com.google.firebase:firebase-auth-interop:20.0.0) with ExtractAarTransform
Transforming firebase-common-ktx-20.4.2.aar (com.google.firebase:firebase-common-ktx:20.4.2) with AarTransform
Transforming vision-interfaces-16.3.0.aar (com.google.mlkit:vision-interfaces:16.3.0) with AarTransform
Transforming firebase-auth-interop-20.0.0.aar (com.google.firebase:firebase-auth-interop:20.0.0) with AarTransform
Transforming firebase-common-20.4.2.aar (com.google.firebase:firebase-common:20.4.2) with JetifyTransform
Transforming firebase-common-20.4.2.aar (com.google.firebase:firebase-common:20.4.2) with JetifyTransform
Transforming firebase-common-20.4.2.aar (com.google.firebase:firebase-common:20.4.2) with JetifyTransform
Transforming firebase-common-20.4.2.aar (com.google.firebase:firebase-common:20.4.2) with ExtractAarTransform
Transforming firebase-common-20.4.2.aar (com.google.firebase:firebase-common:20.4.2) with ExtractAarTransform
Transforming firebase-common-20.4.2.aar (com.google.firebase:firebase-common:20.4.2) with ExtractAarTransform
Transforming play-services-base-18.5.0.aar (com.google.android.gms:play-services-base:18.5.0) with AarTransform
Transforming recaptcha-18.4.0.aar (com.google.android.recaptcha:recaptcha:18.4.0) with JetifyTransform
Transforming firebase-common-20.4.2.aar (com.google.firebase:firebase-common:20.4.2) with AarTransform
Transforming firebase-common-20.4.2.aar (com.google.firebase:firebase-common:20.4.2) with AarTransform
Transforming firebase-common-20.4.2.aar (com.google.firebase:firebase-common:20.4.2) with AarTransform
Transforming recaptcha-18.4.0.aar (com.google.android.recaptcha:recaptcha:18.4.0) with ExtractAarTransform
Transforming integrity-1.2.0.aar (com.google.android.play:integrity:1.2.0) with JetifyTransform
Transforming integrity-1.2.0.aar (com.google.android.play:integrity:1.2.0) with JetifyTransform
Transforming integrity-1.2.0.aar (com.google.android.play:integrity:1.2.0) with ExtractAarTransform
Transforming recaptcha-18.4.0.aar (com.google.android.recaptcha:recaptcha:18.4.0) with AarTransform
Transforming integrity-1.2.0.aar (com.google.android.play:integrity:1.2.0) with ExtractAarTransform
Transforming room-ktx-2.6.1.aar (androidx.room:room-ktx:2.6.1) with JetifyTransform
Transforming integrity-1.2.0.aar (com.google.android.play:integrity:1.2.0) with AarTransform
Transforming room-runtime-2.6.1.aar (androidx.room:room-runtime:2.6.1) with JetifyTransform
Transforming integrity-1.2.0.aar (com.google.android.play:integrity:1.2.0) with AarTransform
Transforming fragment-ktx-1.6.2.aar (androidx.fragment:fragment-ktx:1.6.2) with JetifyTransform
Transforming room-ktx-2.6.1.aar (androidx.room:room-ktx:2.6.1) with ExtractAarTransform
Transforming activity-ktx-1.8.2.aar (androidx.activity:activity-ktx:1.8.2) with JetifyTransform
Transforming room-runtime-2.6.1.aar (androidx.room:room-runtime:2.6.1) with ExtractAarTransform
Transforming activity-ktx-1.8.2.aar (androidx.activity:activity-ktx:1.8.2) with ExtractAarTransform
Transforming fragment-ktx-1.6.2.aar (androidx.fragment:fragment-ktx:1.6.2) with ExtractAarTransform
Transforming room-ktx-2.6.1.aar (androidx.room:room-ktx:2.6.1) with AarTransform
Transforming fragment-ktx-1.6.2.aar (androidx.fragment:fragment-ktx:1.6.2) with AarTransform
Transforming room-runtime-2.6.1.aar (androidx.room:room-runtime:2.6.1) with AarTransform
Transforming activity-compose-1.8.2.aar (androidx.activity:activity-compose:1.8.2) with JetifyTransform
Transforming activity-ktx-1.8.2.aar (androidx.activity:activity-ktx:1.8.2) with AarTransform
Transforming activity-1.8.2.aar (androidx.activity:activity:1.8.2) with JetifyTransform
Transforming camera-video-1.3.1.aar (androidx.camera:camera-video:1.3.1) with JetifyTransform
Transforming activity-compose-1.8.2.aar (androidx.activity:activity-compose:1.8.2) with ExtractAarTransform
Transforming camera-view-1.3.1.aar (androidx.camera:camera-view:1.3.1) with JetifyTransform
Transforming camera-video-1.3.1.aar (androidx.camera:camera-video:1.3.1) with ExtractAarTransform
Transforming activity-1.8.2.aar (androidx.activity:activity:1.8.2) with ExtractAarTransform
Transforming camera-view-1.3.1.aar (androidx.camera:camera-view:1.3.1) with ExtractAarTransform
Transforming activity-compose-1.8.2.aar (androidx.activity:activity-compose:1.8.2) with AarTransform
Transforming camera-video-1.3.1.aar (androidx.camera:camera-video:1.3.1) with AarTransform
Transforming camera-lifecycle-1.3.1.aar (androidx.camera:camera-lifecycle:1.3.1) with JetifyTransform
Transforming activity-1.8.2.aar (androidx.activity:activity:1.8.2) with AarTransform
Transforming camera-lifecycle-1.3.1.aar (androidx.camera:camera-lifecycle:1.3.1) with ExtractAarTransform
Transforming camera-camera2-1.3.1.aar (androidx.camera:camera-camera2:1.3.1) with JetifyTransform
Transforming camera-view-1.3.1.aar (androidx.camera:camera-view:1.3.1) with AarTransform
Transforming camera-core-1.3.1.aar (androidx.camera:camera-core:1.3.1) with JetifyTransform
Transforming appcompat-resources-1.6.1.aar (androidx.appcompat:appcompat-resources:1.6.1) with JetifyTransform
Transforming camera-lifecycle-1.3.1.aar (androidx.camera:camera-lifecycle:1.3.1) with AarTransform
Transforming camera-camera2-1.3.1.aar (androidx.camera:camera-camera2:1.3.1) with ExtractAarTransform
Transforming drawerlayout-1.1.1.aar (androidx.drawerlayout:drawerlayout:1.1.1) with JetifyTransform
Transforming camera-core-1.3.1.aar (androidx.camera:camera-core:1.3.1) with ExtractAarTransform
Transforming appcompat-resources-1.6.1.aar (androidx.appcompat:appcompat-resources:1.6.1) with ExtractAarTransform
Transforming appcompat-resources-1.6.1.aar (androidx.appcompat:appcompat-resources:1.6.1) with AarTransform
Transforming camera-core-1.3.1.aar (androidx.camera:camera-core:1.3.1) with AarTransform
Transforming drawerlayout-1.1.1.aar (androidx.drawerlayout:drawerlayout:1.1.1) with ExtractAarTransform
Transforming dynamicanimation-1.0.0.aar (androidx.dynamicanimation:dynamicanimation:1.0.0) with JetifyTransform
Transforming coordinatorlayout-1.1.0.aar (androidx.coordinatorlayout:coordinatorlayout:1.1.0) with JetifyTransform
Transforming coordinatorlayout-1.1.0.aar (androidx.coordinatorlayout:coordinatorlayout:1.1.0) with ExtractAarTransform
Transforming camera-camera2-1.3.1.aar (androidx.camera:camera-camera2:1.3.1) with AarTransform
Transforming recyclerview-1.1.0.aar (androidx.recyclerview:recyclerview:1.1.0) with JetifyTransform
Transforming coordinatorlayout-1.1.0.aar (androidx.coordinatorlayout:coordinatorlayout:1.1.0) with AarTransform
Transforming recyclerview-1.1.0.aar (androidx.recyclerview:recyclerview:1.1.0) with ExtractAarTransform
Transforming recyclerview-1.1.0.aar (androidx.recyclerview:recyclerview:1.1.0) with JetifyTransform
Transforming recyclerview-1.1.0.aar (androidx.recyclerview:recyclerview:1.1.0) with ExtractAarTransform
Transforming recyclerview-1.1.0.aar (androidx.recyclerview:recyclerview:1.1.0) with AarTransform
Transforming recyclerview-1.1.0.aar (androidx.recyclerview:recyclerview:1.1.0) with AarTransform
Transforming dynamicanimation-1.0.0.aar (androidx.dynamicanimation:dynamicanimation:1.0.0) with ExtractAarTransform
Transforming transition-1.4.1.aar (androidx.transition:transition:1.4.1) with JetifyTransform
Transforming dynamicanimation-1.0.0.aar (androidx.dynamicanimation:dynamicanimation:1.0.0) with AarTransform
Transforming vectordrawable-animated-1.1.0.aar (androidx.vectordrawable:vectordrawable-animated:1.1.0) with JetifyTransform
Transforming transition-1.4.1.aar (androidx.transition:transition:1.4.1) with ExtractAarTransform
Transforming vectordrawable-1.1.0.aar (androidx.vectordrawable:vectordrawable:1.1.0) with JetifyTransform
Transforming vectordrawable-animated-1.1.0.aar (androidx.vectordrawable:vectordrawable-animated:1.1.0) with ExtractAarTransform
Transforming vectordrawable-1.1.0.aar (androidx.vectordrawable:vectordrawable:1.1.0) with ExtractAarTransform
Transforming transition-1.4.1.aar (androidx.transition:transition:1.4.1) with AarTransform
Transforming vectordrawable-1.1.0.aar (androidx.vectordrawable:vectordrawable:1.1.0) with AarTransform
Transforming vectordrawable-animated-1.1.0.aar (androidx.vectordrawable:vectordrawable-animated:1.1.0) with AarTransform
Transforming vectordrawable-1.1.0.aar (androidx.vectordrawable:vectordrawable:1.1.0) with JetifyTransform
Transforming vectordrawable-1.1.0.aar (androidx.vectordrawable:vectordrawable:1.1.0) with ExtractAarTransform
Transforming vectordrawable-1.1.0.aar (androidx.vectordrawable:vectordrawable:1.1.0) with AarTransform
Transforming browser-1.4.0.aar (androidx.browser:browser:1.4.0) with JetifyTransform
Transforming legacy-support-core-utils-1.0.0.aar (androidx.legacy:legacy-support-core-utils:1.0.0) with JetifyTransform
Transforming loader-1.1.0.aar (androidx.loader:loader:1.1.0) with JetifyTransform
Transforming legacy-support-core-utils-1.0.0.aar (androidx.legacy:legacy-support-core-utils:1.0.0) with ExtractAarTransform
Transforming drawerlayout-1.1.1.aar (androidx.drawerlayout:drawerlayout:1.1.1) with AarTransform
Transforming loader-1.1.0.aar (androidx.loader:loader:1.1.0) with ExtractAarTransform
Transforming legacy-support-core-utils-1.0.0.aar (androidx.legacy:legacy-support-core-utils:1.0.0) with AarTransform
Transforming loader-1.1.0.aar (androidx.loader:loader:1.1.0) with JetifyTransform
Transforming loader-1.1.0.aar (androidx.loader:loader:1.1.0) with ExtractAarTransform
Transforming loader-1.1.0.aar (androidx.loader:loader:1.1.0) with AarTransform
Transforming loader-1.1.0.aar (androidx.loader:loader:1.1.0) with AarTransform
Transforming loader-1.1.0.aar (androidx.loader:loader:1.1.0) with JetifyTransform
Transforming loader-1.1.0.aar (androidx.loader:loader:1.1.0) with ExtractAarTransform
Transforming loader-1.1.0.aar (androidx.loader:loader:1.1.0) with AarTransform
Transforming slidingpanelayout-1.2.0.aar (androidx.slidingpanelayout:slidingpanelayout:1.2.0) with JetifyTransform
Transforming customview-1.1.0.aar (androidx.customview:customview:1.1.0) with JetifyTransform
Transforming viewpager-1.0.0.aar (androidx.viewpager:viewpager:1.0.0) with JetifyTransform
Transforming customview-1.1.0.aar (androidx.customview:customview:1.1.0) with ExtractAarTransform
Transforming viewpager-1.0.0.aar (androidx.viewpager:viewpager:1.0.0) with ExtractAarTransform
Transforming customview-1.1.0.aar (androidx.customview:customview:1.1.0) with AarTransform
Transforming viewpager-1.0.0.aar (androidx.viewpager:viewpager:1.0.0) with AarTransform
Transforming customview-1.1.0.aar (androidx.customview:customview:1.1.0) with JetifyTransform
Transforming customview-1.1.0.aar (androidx.customview:customview:1.1.0) with ExtractAarTransform
Transforming customview-1.1.0.aar (androidx.customview:customview:1.1.0) with AarTransform
Transforming core-1.12.0.aar (androidx.core:core:1.12.0) with JetifyTransform
Transforming core-1.12.0.aar (androidx.core:core:1.12.0) with JetifyTransform
Transforming core-1.12.0.aar (androidx.core:core:1.12.0) with ExtractAarTransform
Transforming core-1.12.0.aar (androidx.core:core:1.12.0) with ExtractAarTransform
Transforming slidingpanelayout-1.2.0.aar (androidx.slidingpanelayout:slidingpanelayout:1.2.0) with ExtractAarTransform
Transforming browser-1.4.0.aar (androidx.browser:browser:1.4.0) with ExtractAarTransform
Transforming slidingpanelayout-1.2.0.aar (androidx.slidingpanelayout:slidingpanelayout:1.2.0) with AarTransform
Transforming core-1.12.0.aar (androidx.core:core:1.12.0) with JetifyTransform
Transforming core-1.12.0.aar (androidx.core:core:1.12.0) with ExtractAarTransform
Transforming browser-1.4.0.aar (androidx.browser:browser:1.4.0) with AarTransform
Transforming core-1.12.0.aar (androidx.core:core:1.12.0) with AarTransform
Transforming core-1.12.0.aar (androidx.core:core:1.12.0) with AarTransform
Transforming core-1.12.0.aar (androidx.core:core:1.12.0) with AarTransform
Transforming core-1.12.0.aar (androidx.core:core:1.12.0) with JetifyTransform
Transforming lifecycle-livedata-core-2.7.0.aar (androidx.lifecycle:lifecycle-livedata-core:2.7.0) with JetifyTransform
Transforming core-1.12.0.aar (androidx.core:core:1.12.0) with ExtractAarTransform
Transforming core-1.12.0.aar (androidx.core:core:1.12.0) with AarTransform
Transforming lifecycle-livedata-core-2.7.0.aar (androidx.lifecycle:lifecycle-livedata-core:2.7.0) with JetifyTransform
Transforming lifecycle-livedata-core-ktx-2.7.0.aar (androidx.lifecycle:lifecycle-livedata-core-ktx:2.7.0) with JetifyTransform
Transforming lifecycle-livedata-2.7.0.aar (androidx.lifecycle:lifecycle-livedata:2.7.0) with JetifyTransform
Transforming lifecycle-livedata-core-2.7.0.aar (androidx.lifecycle:lifecycle-livedata-core:2.7.0) with ExtractAarTransform
Transforming lifecycle-livedata-core-2.7.0.aar (androidx.lifecycle:lifecycle-livedata-core:2.7.0) with ExtractAarTransform
Transforming lifecycle-livedata-core-ktx-2.7.0.aar (androidx.lifecycle:lifecycle-livedata-core-ktx:2.7.0) with ExtractAarTransform
Transforming lifecycle-livedata-2.7.0.aar (androidx.lifecycle:lifecycle-livedata:2.7.0) with ExtractAarTransform
Transforming lifecycle-livedata-core-ktx-2.7.0.aar (androidx.lifecycle:lifecycle-livedata-core-ktx:2.7.0) with AarTransform
Transforming lifecycle-livedata-core-2.7.0.aar (androidx.lifecycle:lifecycle-livedata-core:2.7.0) with AarTransform
Transforming lifecycle-livedata-core-2.7.0.aar (androidx.lifecycle:lifecycle-livedata-core:2.7.0) with AarTransform
Transforming lifecycle-livedata-2.7.0.aar (androidx.lifecycle:lifecycle-livedata:2.7.0) with AarTransform
Transforming lifecycle-runtime-ktx-2.7.0.aar (androidx.lifecycle:lifecycle-runtime-ktx:2.7.0) with JetifyTransform
Transforming lifecycle-viewmodel-compose-2.7.0.aar (androidx.lifecycle:lifecycle-viewmodel-compose:2.7.0) with JetifyTransform
Transforming lifecycle-viewmodel-savedstate-2.7.0.aar (androidx.lifecycle:lifecycle-viewmodel-savedstate:2.7.0) with JetifyTransform
Transforming lifecycle-viewmodel-2.7.0.aar (androidx.lifecycle:lifecycle-viewmodel:2.7.0) with JetifyTransform
Transforming lifecycle-viewmodel-compose-2.7.0.aar (androidx.lifecycle:lifecycle-viewmodel-compose:2.7.0) with ExtractAarTransform
Transforming lifecycle-viewmodel-2.7.0.aar (androidx.lifecycle:lifecycle-viewmodel:2.7.0) with ExtractAarTransform
Transforming lifecycle-runtime-ktx-2.7.0.aar (androidx.lifecycle:lifecycle-runtime-ktx:2.7.0) with ExtractAarTransform
Transforming lifecycle-viewmodel-savedstate-2.7.0.aar (androidx.lifecycle:lifecycle-viewmodel-savedstate:2.7.0) with ExtractAarTransform
Transforming lifecycle-viewmodel-compose-2.7.0.aar (androidx.lifecycle:lifecycle-viewmodel-compose:2.7.0) with AarTransform
Transforming lifecycle-runtime-ktx-2.7.0.aar (androidx.lifecycle:lifecycle-runtime-ktx:2.7.0) with AarTransform
Transforming lifecycle-viewmodel-savedstate-2.7.0.aar (androidx.lifecycle:lifecycle-viewmodel-savedstate:2.7.0) with AarTransform
Transforming lifecycle-viewmodel-2.7.0.aar (androidx.lifecycle:lifecycle-viewmodel:2.7.0) with AarTransform
Transforming coil-compose-2.5.0.aar (io.coil-kt:coil-compose:2.5.0) with JetifyTransform
Transforming lifecycle-viewmodel-2.7.0.aar (androidx.lifecycle:lifecycle-viewmodel:2.7.0) with JetifyTransform
Transforming coil-compose-base-2.5.0.aar (io.coil-kt:coil-compose-base:2.5.0) with JetifyTransform
Transforming lifecycle-viewmodel-2.7.0.aar (androidx.lifecycle:lifecycle-viewmodel:2.7.0) with ExtractAarTransform
Transforming lifecycle-viewmodel-2.7.0.aar (androidx.lifecycle:lifecycle-viewmodel:2.7.0) with AarTransform
Transforming coil-2.5.0.aar (io.coil-kt:coil:2.5.0) with JetifyTransform
Transforming coil-base-2.5.0.aar (io.coil-kt:coil-base:2.5.0) with JetifyTransform
Transforming coil-compose-2.5.0.aar (io.coil-kt:coil-compose:2.5.0) with ExtractAarTransform
Transforming coil-2.5.0.aar (io.coil-kt:coil:2.5.0) with ExtractAarTransform
Transforming coil-base-2.5.0.aar (io.coil-kt:coil-base:2.5.0) with ExtractAarTransform
Transforming coil-compose-base-2.5.0.aar (io.coil-kt:coil-compose-base:2.5.0) with ExtractAarTransform
Transforming coil-compose-2.5.0.aar (io.coil-kt:coil-compose:2.5.0) with AarTransform
Transforming coil-2.5.0.aar (io.coil-kt:coil:2.5.0) with AarTransform
Transforming lifecycle-runtime-2.7.0.aar (androidx.lifecycle:lifecycle-runtime:2.7.0) with JetifyTransform
Transforming lifecycle-livedata-ktx-2.7.0.aar (androidx.lifecycle:lifecycle-livedata-ktx:2.7.0) with JetifyTransform
Transforming coil-base-2.5.0.aar (io.coil-kt:coil-base:2.5.0) with AarTransform
Transforming lifecycle-runtime-2.7.0.aar (androidx.lifecycle:lifecycle-runtime:2.7.0) with ExtractAarTransform
Transforming coil-compose-base-2.5.0.aar (io.coil-kt:coil-compose-base:2.5.0) with AarTransform
Transforming lifecycle-runtime-compose-2.7.0.aar (androidx.lifecycle:lifecycle-runtime-compose:2.7.0) with JetifyTransform
Transforming lifecycle-livedata-ktx-2.7.0.aar (androidx.lifecycle:lifecycle-livedata-ktx:2.7.0) with ExtractAarTransform
Transforming lifecycle-viewmodel-ktx-2.7.0.aar (androidx.lifecycle:lifecycle-viewmodel-ktx:2.7.0) with JetifyTransform
Transforming lifecycle-runtime-compose-2.7.0.aar (androidx.lifecycle:lifecycle-runtime-compose:2.7.0) with ExtractAarTransform
Transforming lifecycle-runtime-2.7.0.aar (androidx.lifecycle:lifecycle-runtime:2.7.0) with AarTransform
Transforming material3-release.aar (androidx.compose.material3:material3-android:1.2.0) with JetifyTransform
Transforming lifecycle-runtime-compose-2.7.0.aar (androidx.lifecycle:lifecycle-runtime-compose:2.7.0) with AarTransform
Transforming lifecycle-livedata-ktx-2.7.0.aar (androidx.lifecycle:lifecycle-livedata-ktx:2.7.0) with AarTransform
Transforming material3-release.aar (androidx.compose.material3:material3-android:1.2.0) with ExtractAarTransform
Transforming foundation-layout-release.aar (androidx.compose.foundation:foundation-layout-android:1.6.1) with JetifyTransform
Transforming material-icons-core-release.aar (androidx.compose.material:material-icons-core-android:1.6.1) with JetifyTransform
Transforming lifecycle-viewmodel-ktx-2.7.0.aar (androidx.lifecycle:lifecycle-viewmodel-ktx:2.7.0) with ExtractAarTransform
Transforming foundation-layout-release.aar (androidx.compose.foundation:foundation-layout-android:1.6.1) with ExtractAarTransform
Transforming material-icons-core-release.aar (androidx.compose.material:material-icons-core-android:1.6.1) with ExtractAarTransform
Transforming foundation-layout-release.aar (androidx.compose.foundation:foundation-layout-android:1.6.1) with AarTransform
Transforming material-icons-core-release.aar (androidx.compose.material:material-icons-core-android:1.6.1) with AarTransform
Transforming material-icons-extended-release.aar (androidx.compose.material:material-icons-extended-android:1.6.1) with JetifyTransform
Transforming material-icons-extended-release.aar (androidx.compose.material:material-icons-extended-android:1.6.1) with ExtractAarTransform
Transforming material-icons-extended-release.aar (androidx.compose.material:material-icons-extended-android:1.6.1) with AarTransform
Transforming material-ripple-release.aar (androidx.compose.material:material-ripple-android:1.6.1) with JetifyTransform
Transforming material-ripple-release.aar (androidx.compose.material:material-ripple-android:1.6.1) with ExtractAarTransform
Transforming material-ripple-release.aar (androidx.compose.material:material-ripple-android:1.6.1) with AarTransform
Transforming foundation-release.aar (androidx.compose.foundation:foundation-android:1.6.1) with JetifyTransform
Transforming foundation-release.aar (androidx.compose.foundation:foundation-android:1.6.1) with ExtractAarTransform
Transforming material3-release.aar (androidx.compose.material3:material3-android:1.2.0) with AarTransform
Transforming lifecycle-viewmodel-ktx-2.7.0.aar (androidx.lifecycle:lifecycle-viewmodel-ktx:2.7.0) with AarTransform
Transforming animation-core-release.aar (androidx.compose.animation:animation-core-android:1.6.1) with JetifyTransform
Transforming animation-release.aar (androidx.compose.animation:animation-android:1.6.1) with JetifyTransform
Transforming animation-core-release.aar (androidx.compose.animation:animation-core-android:1.6.1) with ExtractAarTransform
Transforming animation-release.aar (androidx.compose.animation:animation-android:1.6.1) with ExtractAarTransform
Transforming animation-core-release.aar (androidx.compose.animation:animation-core-android:1.6.1) with AarTransform
Transforming ui-util-release.aar (androidx.compose.ui:ui-util-android:1.6.1) with JetifyTransform
Transforming animation-release.aar (androidx.compose.animation:animation-android:1.6.1) with AarTransform
Transforming ui-util-release.aar (androidx.compose.ui:ui-util-android:1.6.1) with ExtractAarTransform
Transforming ui-unit-release.aar (androidx.compose.ui:ui-unit-android:1.6.1) with JetifyTransform
Transforming ui-unit-release.aar (androidx.compose.ui:ui-unit-android:1.6.1) with ExtractAarTransform
Transforming ui-util-release.aar (androidx.compose.ui:ui-util-android:1.6.1) with AarTransform
Transforming ui-text-release.aar (androidx.compose.ui:ui-text-android:1.6.1) with JetifyTransform
Transforming ui-unit-release.aar (androidx.compose.ui:ui-unit-android:1.6.1) with AarTransform
Transforming ui-geometry-release.aar (androidx.compose.ui:ui-geometry-android:1.6.1) with JetifyTransform
Transforming ui-text-release.aar (androidx.compose.ui:ui-text-android:1.6.1) with ExtractAarTransform
Transforming ui-geometry-release.aar (androidx.compose.ui:ui-geometry-android:1.6.1) with ExtractAarTransform
Transforming foundation-release.aar (androidx.compose.foundation:foundation-android:1.6.1) with AarTransform
Transforming ui-tooling-data-release.aar (androidx.compose.ui:ui-tooling-data-android:1.6.1) with JetifyTransform
Transforming ui-tooling-preview-release.aar (androidx.compose.ui:ui-tooling-preview-android:1.6.1) with JetifyTransform
Transforming ui-tooling-data-release.aar (androidx.compose.ui:ui-tooling-data-android:1.6.1) with ExtractAarTransform
Transforming ui-tooling-preview-release.aar (androidx.compose.ui:ui-tooling-preview-android:1.6.1) with ExtractAarTransform
Transforming ui-text-release.aar (androidx.compose.ui:ui-text-android:1.6.1) with AarTransform
Transforming ui-graphics-release.aar (androidx.compose.ui:ui-graphics-android:1.6.1) with JetifyTransform
Transforming ui-tooling-data-release.aar (androidx.compose.ui:ui-tooling-data-android:1.6.1) with AarTransform
Transforming ui-graphics-release.aar (androidx.compose.ui:ui-graphics-android:1.6.1) with ExtractAarTransform
Transforming ui-geometry-release.aar (androidx.compose.ui:ui-geometry-android:1.6.1) with AarTransform
Transforming ui-release.aar (androidx.compose.ui:ui-android:1.6.1) with JetifyTransform
Transforming ui-tooling-release.aar (androidx.compose.ui:ui-tooling-android:1.6.1) with JetifyTransform
Transforming ui-release.aar (androidx.compose.ui:ui-android:1.6.1) with ExtractAarTransform
Transforming ui-tooling-release.aar (androidx.compose.ui:ui-tooling-android:1.6.1) with ExtractAarTransform
Transforming ui-graphics-release.aar (androidx.compose.ui:ui-graphics-android:1.6.1) with AarTransform
Transforming runtime-saveable-release.aar (androidx.compose.runtime:runtime-saveable-android:1.6.1) with JetifyTransform
Transforming ui-tooling-release.aar (androidx.compose.ui:ui-tooling-android:1.6.1) with AarTransform
Transforming runtime-release.aar (androidx.compose.runtime:runtime-android:1.6.1) with JetifyTransform
Transforming runtime-release.aar (androidx.compose.runtime:runtime-android:1.6.1) with ExtractAarTransform
Transforming runtime-release.aar (androidx.compose.runtime:runtime-android:1.6.1) with AarTransform
Transforming play-services-tasks-18.2.0.aar (com.google.android.gms:play-services-tasks:18.2.0) with JetifyTransform
Transforming play-services-tasks-18.2.0.aar (com.google.android.gms:play-services-tasks:18.2.0) with ExtractAarTransform
Transforming play-services-tasks-18.2.0.aar (com.google.android.gms:play-services-tasks:18.2.0) with AarTransform
Transforming play-services-tasks-18.2.0.aar (com.google.android.gms:play-services-tasks:18.2.0) with JetifyTransform
Transforming play-services-tasks-18.2.0.aar (com.google.android.gms:play-services-tasks:18.2.0) with ExtractAarTransform
Transforming play-services-tasks-18.2.0.aar (com.google.android.gms:play-services-tasks:18.2.0) with AarTransform
Transforming play-services-basement-18.4.0.aar (com.google.android.gms:play-services-basement:18.4.0) with JetifyTransform
Transforming play-services-basement-18.4.0.aar (com.google.android.gms:play-services-basement:18.4.0) with ExtractAarTransform
Transforming ui-tooling-preview-release.aar (androidx.compose.ui:ui-tooling-preview-android:1.6.1) with AarTransform
Transforming play-services-basement-18.4.0.aar (com.google.android.gms:play-services-basement:18.4.0) with JetifyTransform
Transforming play-services-basement-18.4.0.aar (com.google.android.gms:play-services-basement:18.4.0) with ExtractAarTransform
Transforming ui-release.aar (androidx.compose.ui:ui-android:1.6.1) with AarTransform
Transforming play-services-basement-18.4.0.aar (com.google.android.gms:play-services-basement:18.4.0) with JetifyTransform
Transforming runtime-saveable-release.aar (androidx.compose.runtime:runtime-saveable-android:1.6.1) with ExtractAarTransform
Transforming play-services-basement-18.4.0.aar (com.google.android.gms:play-services-basement:18.4.0) with ExtractAarTransform
Transforming runtime-saveable-release.aar (androidx.compose.runtime:runtime-saveable-android:1.6.1) with AarTransform
Transforming play-services-basement-18.4.0.aar (com.google.android.gms:play-services-basement:18.4.0) with JetifyTransform
Transforming play-services-basement-18.4.0.aar (com.google.android.gms:play-services-basement:18.4.0) with ExtractAarTransform
Transforming play-services-basement-18.4.0.aar (com.google.android.gms:play-services-basement:18.4.0) with AarTransform
Transforming play-services-basement-18.4.0.aar (com.google.android.gms:play-services-basement:18.4.0) with AarTransform
Transforming play-services-basement-18.4.0.aar (com.google.android.gms:play-services-basement:18.4.0) with AarTransform
Transforming play-services-basement-18.4.0.aar (com.google.android.gms:play-services-basement:18.4.0) with AarTransform
Transforming fragment-1.6.2.aar (androidx.fragment:fragment:1.6.2) with JetifyTransform
Transforming fragment-1.6.2.aar (androidx.fragment:fragment:1.6.2) with JetifyTransform
Transforming fragment-1.6.2.aar (androidx.fragment:fragment:1.6.2) with ExtractAarTransform
Transforming fragment-1.6.2.aar (androidx.fragment:fragment:1.6.2) with ExtractAarTransform
Transforming fragment-1.6.2.aar (androidx.fragment:fragment:1.6.2) with JetifyTransform
Transforming fragment-1.6.2.aar (androidx.fragment:fragment:1.6.2) with ExtractAarTransform
Transforming fragment-1.6.2.aar (androidx.fragment:fragment:1.6.2) with JetifyTransform
Transforming fragment-1.6.2.aar (androidx.fragment:fragment:1.6.2) with ExtractAarTransform
Transforming fragment-1.6.2.aar (androidx.fragment:fragment:1.6.2) with AarTransform
Transforming fragment-1.6.2.aar (androidx.fragment:fragment:1.6.2) with AarTransform
Transforming fragment-1.6.2.aar (androidx.fragment:fragment:1.6.2) with AarTransform
Transforming fragment-1.6.2.aar (androidx.fragment:fragment:1.6.2) with AarTransform
Transforming core-ktx-1.12.0.aar (androidx.core:core-ktx:1.12.0) with JetifyTransform
Transforming savedstate-ktx-1.2.1.aar (androidx.savedstate:savedstate-ktx:1.2.1) with JetifyTransform
Transforming core-splashscreen-1.0.1.aar (androidx.core:core-splashscreen:1.0.1) with JetifyTransform
Transforming googleid-1.1.0.aar (com.google.android.libraries.identity.googleid:googleid:1.1.0) with JetifyTransform
Transforming core-ktx-1.12.0.aar (androidx.core:core-ktx:1.12.0) with ExtractAarTransform
Transforming savedstate-ktx-1.2.1.aar (androidx.savedstate:savedstate-ktx:1.2.1) with ExtractAarTransform
Transforming googleid-1.1.0.aar (com.google.android.libraries.identity.googleid:googleid:1.1.0) with ExtractAarTransform
Transforming core-splashscreen-1.0.1.aar (androidx.core:core-splashscreen:1.0.1) with ExtractAarTransform
Transforming core-ktx-1.12.0.aar (androidx.core:core-ktx:1.12.0) with AarTransform
Transforming googleid-1.1.0.aar (com.google.android.libraries.identity.googleid:googleid:1.1.0) with AarTransform
Transforming savedstate-ktx-1.2.1.aar (androidx.savedstate:savedstate-ktx:1.2.1) with AarTransform
Transforming savedstate-1.2.1.aar (androidx.savedstate:savedstate:1.2.1) with JetifyTransform
Transforming annotation-experimental-1.4.0.aar (androidx.annotation:annotation-experimental:1.4.0) with JetifyTransform
Transforming credentials-1.0.0-alpha04.aar (androidx.credentials:credentials:1.0.0-alpha04) with JetifyTransform
Transforming savedstate-1.2.1.aar (androidx.savedstate:savedstate:1.2.1) with ExtractAarTransform
Transforming credentials-1.0.0-alpha04.aar (androidx.credentials:credentials:1.0.0-alpha04) with ExtractAarTransform
Transforming savedstate-1.2.1.aar (androidx.savedstate:savedstate:1.2.1) with AarTransform
Transforming core-splashscreen-1.0.1.aar (androidx.core:core-splashscreen:1.0.1) with AarTransform
Transforming cursoradapter-1.0.0.aar (androidx.cursoradapter:cursoradapter:1.0.0) with JetifyTransform
Transforming annotation-experimental-1.4.0.aar (androidx.annotation:annotation-experimental:1.4.0) with ExtractAarTransform
Transforming cursoradapter-1.0.0.aar (androidx.cursoradapter:cursoradapter:1.0.0) with ExtractAarTransform
Transforming cursoradapter-1.0.0.aar (androidx.cursoradapter:cursoradapter:1.0.0) with AarTransform
Transforming annotation-experimental-1.4.0.aar (androidx.annotation:annotation-experimental:1.4.0) with AarTransform
Transforming cardview-1.0.0.aar (androidx.cardview:cardview:1.0.0) with JetifyTransform
Transforming sqlite-framework-2.4.0.aar (androidx.sqlite:sqlite-framework:2.4.0) with JetifyTransform
Transforming cardview-1.0.0.aar (androidx.cardview:cardview:1.0.0) with ExtractAarTransform
Transforming sqlite-framework-2.4.0.aar (androidx.sqlite:sqlite-framework:2.4.0) with ExtractAarTransform
Transforming sqlite-framework-2.4.0.aar (androidx.sqlite:sqlite-framework:2.4.0) with AarTransform
Transforming sqlite-2.4.0.aar (androidx.sqlite:sqlite:2.4.0) with JetifyTransform
Transforming sqlite-2.4.0.aar (androidx.sqlite:sqlite:2.4.0) with ExtractAarTransform
Transforming sqlite-2.4.0.aar (androidx.sqlite:sqlite:2.4.0) with AarTransform
Transforming cardview-1.0.0.aar (androidx.cardview:cardview:1.0.0) with AarTransform
Transforming transport-backend-cct-2.3.3.aar (com.google.android.datatransport:transport-backend-cct:2.3.3) with JetifyTransform
Transforming transport-backend-cct-2.3.3.aar (com.google.android.datatransport:transport-backend-cct:2.3.3) with JetifyTransform
Transforming transport-backend-cct-2.3.3.aar (com.google.android.datatransport:transport-backend-cct:2.3.3) with ExtractAarTransform
Transforming transport-backend-cct-2.3.3.aar (com.google.android.datatransport:transport-backend-cct:2.3.3) with ExtractAarTransform
Transforming transport-backend-cct-2.3.3.aar (com.google.android.datatransport:transport-backend-cct:2.3.3) with AarTransform
Transforming transport-backend-cct-2.3.3.aar (com.google.android.datatransport:transport-backend-cct:2.3.3) with AarTransform
Transforming transport-runtime-2.2.6.aar (com.google.android.datatransport:transport-runtime:2.2.6) with JetifyTransform
Transforming transport-runtime-2.2.6.aar (com.google.android.datatransport:transport-runtime:2.2.6) with JetifyTransform
Transforming transport-runtime-2.2.6.aar (com.google.android.datatransport:transport-runtime:2.2.6) with ExtractAarTransform
Transforming transport-runtime-2.2.6.aar (com.google.android.datatransport:transport-runtime:2.2.6) with ExtractAarTransform
Transforming transport-runtime-2.2.6.aar (com.google.android.datatransport:transport-runtime:2.2.6) with AarTransform
Transforming credentials-1.0.0-alpha04.aar (androidx.credentials:credentials:1.0.0-alpha04) with AarTransform
Transforming transport-runtime-2.2.6.aar (com.google.android.datatransport:transport-runtime:2.2.6) with AarTransform
Transforming transport-api-2.2.1.aar (com.google.android.datatransport:transport-api:2.2.1) with JetifyTransform
Transforming transport-api-2.2.1.aar (com.google.android.datatransport:transport-api:2.2.1) with JetifyTransform
Transforming transport-api-2.2.1.aar (com.google.android.datatransport:transport-api:2.2.1) with JetifyTransform
Transforming transport-api-2.2.1.aar (com.google.android.datatransport:transport-api:2.2.1) with JetifyTransform
Transforming transport-api-2.2.1.aar (com.google.android.datatransport:transport-api:2.2.1) with ExtractAarTransform
Transforming transport-api-2.2.1.aar (com.google.android.datatransport:transport-api:2.2.1) with ExtractAarTransform
Transforming transport-api-2.2.1.aar (com.google.android.datatransport:transport-api:2.2.1) with ExtractAarTransform
Transforming transport-api-2.2.1.aar (com.google.android.datatransport:transport-api:2.2.1) with ExtractAarTransform
Transforming transport-api-2.2.1.aar (com.google.android.datatransport:transport-api:2.2.1) with AarTransform
Transforming transport-api-2.2.1.aar (com.google.android.datatransport:transport-api:2.2.1) with AarTransform
Transforming transport-api-2.2.1.aar (com.google.android.datatransport:transport-api:2.2.1) with AarTransform
Transforming transport-api-2.2.1.aar (com.google.android.datatransport:transport-api:2.2.1) with AarTransform
Transforming firebase-components-17.1.5.aar (com.google.firebase:firebase-components:17.1.5) with JetifyTransform
Transforming firebase-components-17.1.5.aar (com.google.firebase:firebase-components:17.1.5) with JetifyTransform
Transforming firebase-components-17.1.5.aar (com.google.firebase:firebase-components:17.1.5) with JetifyTransform
Transforming firebase-components-17.1.5.aar (com.google.firebase:firebase-components:17.1.5) with JetifyTransform
Transforming firebase-components-17.1.5.aar (com.google.firebase:firebase-components:17.1.5) with ExtractAarTransform
Transforming firebase-components-17.1.5.aar (com.google.firebase:firebase-components:17.1.5) with ExtractAarTransform
Transforming firebase-components-17.1.5.aar (com.google.firebase:firebase-components:17.1.5) with ExtractAarTransform
Transforming firebase-components-17.1.5.aar (com.google.firebase:firebase-components:17.1.5) with ExtractAarTransform
Transforming firebase-components-17.1.5.aar (com.google.firebase:firebase-components:17.1.5) with AarTransform
Transforming firebase-components-17.1.5.aar (com.google.firebase:firebase-components:17.1.5) with AarTransform
Transforming firebase-components-17.1.5.aar (com.google.firebase:firebase-components:17.1.5) with AarTransform
Transforming firebase-components-17.1.5.aar (com.google.firebase:firebase-components:17.1.5) with AarTransform
Transforming firebase-components-17.1.5.aar (com.google.firebase:firebase-components:17.1.5) with JetifyTransform
Transforming firebase-components-17.1.5.aar (com.google.firebase:firebase-components:17.1.5) with ExtractAarTransform
Transforming firebase-encoders-json-17.1.0.aar (com.google.firebase:firebase-encoders-json:17.1.0) with JetifyTransform
Transforming firebase-components-17.1.5.aar (com.google.firebase:firebase-components:17.1.5) with AarTransform
Transforming firebase-encoders-json-17.1.0.aar (com.google.firebase:firebase-encoders-json:17.1.0) with JetifyTransform
Transforming firebase-encoders-json-17.1.0.aar (com.google.firebase:firebase-encoders-json:17.1.0) with JetifyTransform
Transforming firebase-encoders-json-17.1.0.aar (com.google.firebase:firebase-encoders-json:17.1.0) with JetifyTransform
Transforming firebase-encoders-json-17.1.0.aar (com.google.firebase:firebase-encoders-json:17.1.0) with ExtractAarTransform
Transforming firebase-encoders-json-17.1.0.aar (com.google.firebase:firebase-encoders-json:17.1.0) with ExtractAarTransform
Transforming firebase-encoders-json-17.1.0.aar (com.google.firebase:firebase-encoders-json:17.1.0) with ExtractAarTransform
Transforming firebase-encoders-json-17.1.0.aar (com.google.firebase:firebase-encoders-json:17.1.0) with ExtractAarTransform
Transforming firebase-encoders-json-17.1.0.aar (com.google.firebase:firebase-encoders-json:17.1.0) with AarTransform
Transforming firebase-encoders-json-17.1.0.aar (com.google.firebase:firebase-encoders-json:17.1.0) with AarTransform
Transforming firebase-encoders-json-17.1.0.aar (com.google.firebase:firebase-encoders-json:17.1.0) with AarTransform
Transforming firebase-encoders-json-17.1.0.aar (com.google.firebase:firebase-encoders-json:17.1.0) with AarTransform
Transforming versionedparcelable-1.1.1.aar (androidx.versionedparcelable:versionedparcelable:1.1.1) with JetifyTransform
Transforming core-runtime-2.2.0.aar (androidx.arch.core:core-runtime:2.2.0) with JetifyTransform
Transforming localbroadcastmanager-1.0.0.aar (androidx.localbroadcastmanager:localbroadcastmanager:1.0.0) with JetifyTransform
Transforming localbroadcastmanager-1.0.0.aar (androidx.localbroadcastmanager:localbroadcastmanager:1.0.0) with JetifyTransform
Transforming core-runtime-2.2.0.aar (androidx.arch.core:core-runtime:2.2.0) with ExtractAarTransform
Transforming localbroadcastmanager-1.0.0.aar (androidx.localbroadcastmanager:localbroadcastmanager:1.0.0) with ExtractAarTransform
Transforming versionedparcelable-1.1.1.aar (androidx.versionedparcelable:versionedparcelable:1.1.1) with ExtractAarTransform
Transforming localbroadcastmanager-1.0.0.aar (androidx.localbroadcastmanager:localbroadcastmanager:1.0.0) with ExtractAarTransform
Transforming localbroadcastmanager-1.0.0.aar (androidx.localbroadcastmanager:localbroadcastmanager:1.0.0) with AarTransform
Transforming localbroadcastmanager-1.0.0.aar (androidx.localbroadcastmanager:localbroadcastmanager:1.0.0) with AarTransform
Transforming core-runtime-2.2.0.aar (androidx.arch.core:core-runtime:2.2.0) with AarTransform
Transforming versionedparcelable-1.1.1.aar (androidx.versionedparcelable:versionedparcelable:1.1.1) with AarTransform
Transforming interpolator-1.0.0.aar (androidx.interpolator:interpolator:1.0.0) with JetifyTransform
Transforming documentfile-1.0.0.aar (androidx.documentfile:documentfile:1.0.0) with JetifyTransform
Transforming print-1.0.0.aar (androidx.print:print:1.0.0) with JetifyTransform
Transforming constraintlayout-2.1.4.aar (androidx.constraintlayout:constraintlayout:2.1.4) with JetifyTransform
Transforming print-1.0.0.aar (androidx.print:print:1.0.0) with ExtractAarTransform
Transforming documentfile-1.0.0.aar (androidx.documentfile:documentfile:1.0.0) with ExtractAarTransform
Transforming constraintlayout-2.1.4.aar (androidx.constraintlayout:constraintlayout:2.1.4) with ExtractAarTransform
Transforming interpolator-1.0.0.aar (androidx.interpolator:interpolator:1.0.0) with ExtractAarTransform
Transforming print-1.0.0.aar (androidx.print:print:1.0.0) with AarTransform
Transforming documentfile-1.0.0.aar (androidx.documentfile:documentfile:1.0.0) with AarTransform
Transforming interpolator-1.0.0.aar (androidx.interpolator:interpolator:1.0.0) with AarTransform
Transforming MPAndroidChart-3.1.0.aar (com.github.PhilJay:MPAndroidChart:3.1.0) with JetifyTransform
Transforming constraintlayout-2.1.4.aar (androidx.constraintlayout:constraintlayout:2.1.4) with AarTransform
Transforming exifinterface-1.3.6.aar (androidx.exifinterface:exifinterface:1.3.6) with JetifyTransform
Transforming dagger-lint-aar-2.48.aar (com.google.dagger:dagger-lint-aar:2.48) with JetifyTransform
Transforming image-1.0.0-beta1.aar (com.google.android.odml:image:1.0.0-beta1) with JetifyTransform
Transforming exifinterface-1.3.6.aar (androidx.exifinterface:exifinterface:1.3.6) with ExtractAarTransform
Transforming MPAndroidChart-3.1.0.aar (com.github.PhilJay:MPAndroidChart:3.1.0) with ExtractAarTransform
Transforming image-1.0.0-beta1.aar (com.google.android.odml:image:1.0.0-beta1) with ExtractAarTransform
Transforming dagger-lint-aar-2.48.aar (com.google.dagger:dagger-lint-aar:2.48) with ExtractAarTransform
Transforming MPAndroidChart-3.1.0.aar (com.github.PhilJay:MPAndroidChart:3.1.0) with AarTransform
Transforming exifinterface-1.3.6.aar (androidx.exifinterface:exifinterface:1.3.6) with AarTransform
Transforming image-1.0.0-beta1.aar (com.google.android.odml:image:1.0.0-beta1) with AarTransform
Transforming image-1.0.0-beta1.aar (com.google.android.odml:image:1.0.0-beta1) with JetifyTransform
Transforming image-1.0.0-beta1.aar (com.google.android.odml:image:1.0.0-beta1) with ExtractAarTransform
Transforming image-1.0.0-beta1.aar (com.google.android.odml:image:1.0.0-beta1) with AarTransform
Transforming dagger-lint-aar-2.48.aar (com.google.dagger:dagger-lint-aar:2.48) with AarTransform
Transforming viewbinding-8.6.0.aar (androidx.databinding:viewbinding:8.6.0) with JetifyTransform
Transforming viewbinding-8.6.0.aar (androidx.databinding:viewbinding:8.6.0) with ExtractAarTransform
Transforming viewbinding-8.6.0.aar (androidx.databinding:viewbinding:8.6.0) with AarTransform
Transforming hilt-navigation-compose-1.1.0.aar (androidx.hilt:hilt-navigation-compose:1.1.0) with JetifyTransform
Transforming hilt-navigation-compose-1.1.0.aar (androidx.hilt:hilt-navigation-compose:1.1.0) with ExtractAarTransform
Transforming hilt-navigation-compose-1.1.0.aar (androidx.hilt:hilt-navigation-compose:1.1.0) with AarTransform
Transforming hilt-navigation-1.1.0.aar (androidx.hilt:hilt-navigation:1.1.0) with JetifyTransform
Transforming hilt-navigation-1.1.0.aar (androidx.hilt:hilt-navigation:1.1.0) with ExtractAarTransform
Transforming hilt-navigation-1.1.0.aar (androidx.hilt:hilt-navigation:1.1.0) with AarTransform
Transforming navigation-common-2.7.6.aar (androidx.navigation:navigation-common:2.7.6) with JetifyTransform
Transforming navigation-common-2.7.6.aar (androidx.navigation:navigation-common:2.7.6) with ExtractAarTransform
Transforming navigation-common-2.7.6.aar (androidx.navigation:navigation-common:2.7.6) with AarTransform
Transforming navigation-runtime-2.7.6.aar (androidx.navigation:navigation-runtime:2.7.6) with JetifyTransform
Transforming navigation-runtime-2.7.6.aar (androidx.navigation:navigation-runtime:2.7.6) with ExtractAarTransform
Transforming navigation-runtime-2.7.6.aar (androidx.navigation:navigation-runtime:2.7.6) with AarTransform
Transforming navigation-common-ktx-2.7.6.aar (androidx.navigation:navigation-common-ktx:2.7.6) with JetifyTransform
Transforming navigation-common-ktx-2.7.6.aar (androidx.navigation:navigation-common-ktx:2.7.6) with ExtractAarTransform
Transforming navigation-common-ktx-2.7.6.aar (androidx.navigation:navigation-common-ktx:2.7.6) with AarTransform
Transforming navigation-fragment-2.7.6.aar (androidx.navigation:navigation-fragment:2.7.6) with JetifyTransform
Transforming navigation-fragment-2.7.6.aar (androidx.navigation:navigation-fragment:2.7.6) with ExtractAarTransform
Transforming navigation-fragment-2.7.6.aar (androidx.navigation:navigation-fragment:2.7.6) with AarTransform
Transforming navigation-runtime-ktx-2.7.6.aar (androidx.navigation:navigation-runtime-ktx:2.7.6) with JetifyTransform
Transforming navigation-runtime-ktx-2.7.6.aar (androidx.navigation:navigation-runtime-ktx:2.7.6) with ExtractAarTransform
Transforming navigation-runtime-ktx-2.7.6.aar (androidx.navigation:navigation-runtime-ktx:2.7.6) with AarTransform
Transforming navigation-fragment-ktx-2.7.6.aar (androidx.navigation:navigation-fragment-ktx:2.7.6) with JetifyTransform
Transforming navigation-fragment-ktx-2.7.6.aar (androidx.navigation:navigation-fragment-ktx:2.7.6) with ExtractAarTransform
Transforming navigation-fragment-ktx-2.7.6.aar (androidx.navigation:navigation-fragment-ktx:2.7.6) with AarTransform
Transforming navigation-compose-2.7.6.aar (androidx.navigation:navigation-compose:2.7.6) with JetifyTransform
Transforming navigation-compose-2.7.6.aar (androidx.navigation:navigation-compose:2.7.6) with ExtractAarTransform
Transforming navigation-compose-2.7.6.aar (androidx.navigation:navigation-compose:2.7.6) with AarTransform
Transforming navigation-ui-ktx-2.7.6.aar (androidx.navigation:navigation-ui-ktx:2.7.6) with JetifyTransform
Transforming navigation-ui-ktx-2.7.6.aar (androidx.navigation:navigation-ui-ktx:2.7.6) with ExtractAarTransform
Transforming navigation-ui-ktx-2.7.6.aar (androidx.navigation:navigation-ui-ktx:2.7.6) with AarTransform
Transforming navigation-ui-2.7.6.aar (androidx.navigation:navigation-ui:2.7.6) with JetifyTransform
Transforming navigation-ui-2.7.6.aar (androidx.navigation:navigation-ui:2.7.6) with ExtractAarTransform
Transforming navigation-ui-2.7.6.aar (androidx.navigation:navigation-ui:2.7.6) with AarTransform
Transforming material-1.11.0.aar (com.google.android.material:material:1.11.0) with JetifyTransform
Transforming material-1.11.0.aar (com.google.android.material:material:1.11.0) with ExtractAarTransform
Transforming material-1.11.0.aar (com.google.android.material:material:1.11.0) with AarTransform
Transforming constraintlayout-2.1.4.aar (androidx.constraintlayout:constraintlayout:2.1.4) with JetifyTransform
Transforming constraintlayout-2.1.4.aar (androidx.constraintlayout:constraintlayout:2.1.4) with ExtractAarTransform
Transforming constraintlayout-2.1.4.aar (androidx.constraintlayout:constraintlayout:2.1.4) with AarTransform
Transforming biometric-1.1.0.aar (androidx.biometric:biometric:1.1.0) with JetifyTransform
Transforming biometric-1.1.0.aar (androidx.biometric:biometric:1.1.0) with ExtractAarTransform
Transforming biometric-1.1.0.aar (androidx.biometric:biometric:1.1.0) with AarTransform
Transforming camera-video-1.3.1.aar (androidx.camera:camera-video:1.3.1) with JetifyTransform
Transforming camera-video-1.3.1.aar (androidx.camera:camera-video:1.3.1) with ExtractAarTransform
Transforming camera-video-1.3.1.aar (androidx.camera:camera-video:1.3.1) with AarTransform
Transforming camera-lifecycle-1.3.1.aar (androidx.camera:camera-lifecycle:1.3.1) with JetifyTransform
Transforming camera-lifecycle-1.3.1.aar (androidx.camera:camera-lifecycle:1.3.1) with ExtractAarTransform
Transforming camera-lifecycle-1.3.1.aar (androidx.camera:camera-lifecycle:1.3.1) with AarTransform
Transforming camera-camera2-1.3.1.aar (androidx.camera:camera-camera2:1.3.1) with JetifyTransform
Transforming camera-camera2-1.3.1.aar (androidx.camera:camera-camera2:1.3.1) with ExtractAarTransform
Transforming camera-camera2-1.3.1.aar (androidx.camera:camera-camera2:1.3.1) with AarTransform
Transforming camera-core-1.3.1.aar (androidx.camera:camera-core:1.3.1) with JetifyTransform
Transforming camera-core-1.3.1.aar (androidx.camera:camera-core:1.3.1) with ExtractAarTransform
Transforming camera-core-1.3.1.aar (androidx.camera:camera-core:1.3.1) with AarTransform
Transforming camera-view-1.3.1.aar (androidx.camera:camera-view:1.3.1) with JetifyTransform
Transforming camera-view-1.3.1.aar (androidx.camera:camera-view:1.3.1) with ExtractAarTransform
Transforming camera-view-1.3.1.aar (androidx.camera:camera-view:1.3.1) with AarTransform
Transforming coil-compose-2.5.0.aar (io.coil-kt:coil-compose:2.5.0) with JetifyTransform
Transforming coil-compose-2.5.0.aar (io.coil-kt:coil-compose:2.5.0) with ExtractAarTransform
Transforming coil-compose-2.5.0.aar (io.coil-kt:coil-compose:2.5.0) with AarTransform
Transforming coil-compose-base-2.5.0.aar (io.coil-kt:coil-compose-base:2.5.0) with JetifyTransform
Transforming coil-compose-base-2.5.0.aar (io.coil-kt:coil-compose-base:2.5.0) with ExtractAarTransform
Transforming coil-compose-base-2.5.0.aar (io.coil-kt:coil-compose-base:2.5.0) with AarTransform
Transforming coil-2.5.0.aar (io.coil-kt:coil:2.5.0) with JetifyTransform
Transforming coil-2.5.0.aar (io.coil-kt:coil:2.5.0) with ExtractAarTransform
Transforming coil-2.5.0.aar (io.coil-kt:coil:2.5.0) with AarTransform
Transforming coil-base-2.5.0.aar (io.coil-kt:coil-base:2.5.0) with JetifyTransform
Transforming coil-base-2.5.0.aar (io.coil-kt:coil-base:2.5.0) with ExtractAarTransform
Transforming coil-base-2.5.0.aar (io.coil-kt:coil-base:2.5.0) with AarTransform
Transforming appcompat-resources-1.6.1.aar (androidx.appcompat:appcompat-resources:1.6.1) with JetifyTransform
Transforming appcompat-resources-1.6.1.aar (androidx.appcompat:appcompat-resources:1.6.1) with ExtractAarTransform
Transforming appcompat-resources-1.6.1.aar (androidx.appcompat:appcompat-resources:1.6.1) with AarTransform
Transforming play-services-mlkit-barcode-scanning-18.3.1.aar (com.google.android.gms:play-services-mlkit-barcode-scanning:18.3.1) with JetifyTransform
Transforming play-services-mlkit-barcode-scanning-18.3.1.aar (com.google.android.gms:play-services-mlkit-barcode-scanning:18.3.1) with ExtractAarTransform
Transforming play-services-mlkit-barcode-scanning-18.3.1.aar (com.google.android.gms:play-services-mlkit-barcode-scanning:18.3.1) with AarTransform
Transforming appcompat-1.6.1.aar (androidx.appcompat:appcompat:1.6.1) with JetifyTransform
Transforming appcompat-1.6.1.aar (androidx.appcompat:appcompat:1.6.1) with ExtractAarTransform
Transforming appcompat-1.6.1.aar (androidx.appcompat:appcompat:1.6.1) with AarTransform
Transforming hilt-android-2.48.aar (com.google.dagger:hilt-android:2.48) with JetifyTransform
Transforming hilt-android-2.48.aar (com.google.dagger:hilt-android:2.48) with ExtractAarTransform
Transforming hilt-android-2.48.aar (com.google.dagger:hilt-android:2.48) with AarTransform
Transforming material3-release.aar (androidx.compose.material3:material3-android:1.2.0) with JetifyTransform
Transforming material3-release.aar (androidx.compose.material3:material3-android:1.2.0) with ExtractAarTransform
Transforming material3-release.aar (androidx.compose.material3:material3-android:1.2.0) with AarTransform
Transforming material-icons-core-release.aar (androidx.compose.material:material-icons-core-android:1.6.1) with JetifyTransform
Transforming material-icons-core-release.aar (androidx.compose.material:material-icons-core-android:1.6.1) with ExtractAarTransform
Transforming material-icons-core-release.aar (androidx.compose.material:material-icons-core-android:1.6.1) with AarTransform
Transforming material-icons-extended-release.aar (androidx.compose.material:material-icons-extended-android:1.6.1) with JetifyTransform
Transforming material-icons-extended-release.aar (androidx.compose.material:material-icons-extended-android:1.6.1) with ExtractAarTransform
Transforming material-icons-extended-release.aar (androidx.compose.material:material-icons-extended-android:1.6.1) with AarTransform
Transforming material-ripple-release.aar (androidx.compose.material:material-ripple-android:1.6.1) with JetifyTransform
Transforming material-ripple-release.aar (androidx.compose.material:material-ripple-android:1.6.1) with ExtractAarTransform
Transforming material-ripple-release.aar (androidx.compose.material:material-ripple-android:1.6.1) with AarTransform
Transforming material-release.aar (androidx.compose.material:material-android:1.6.1) with JetifyTransform
Transforming animation-core-release.aar (androidx.compose.animation:animation-core-android:1.6.1) with JetifyTransform
Transforming animation-core-release.aar (androidx.compose.animation:animation-core-android:1.6.1) with ExtractAarTransform
Transforming animation-core-release.aar (androidx.compose.animation:animation-core-android:1.6.1) with AarTransform
Transforming animation-release.aar (androidx.compose.animation:animation-android:1.6.1) with JetifyTransform
Transforming animation-release.aar (androidx.compose.animation:animation-android:1.6.1) with ExtractAarTransform
Transforming animation-release.aar (androidx.compose.animation:animation-android:1.6.1) with AarTransform
Transforming foundation-layout-release.aar (androidx.compose.foundation:foundation-layout-android:1.6.1) with JetifyTransform
Transforming foundation-layout-release.aar (androidx.compose.foundation:foundation-layout-android:1.6.1) with ExtractAarTransform
Transforming foundation-layout-release.aar (androidx.compose.foundation:foundation-layout-android:1.6.1) with AarTransform
Transforming foundation-release.aar (androidx.compose.foundation:foundation-android:1.6.1) with JetifyTransform
Transforming foundation-release.aar (androidx.compose.foundation:foundation-android:1.6.1) with ExtractAarTransform
Transforming foundation-release.aar (androidx.compose.foundation:foundation-android:1.6.1) with AarTransform
Transforming ui-tooling-data-release.aar (androidx.compose.ui:ui-tooling-data-android:1.6.1) with JetifyTransform
Transforming ui-tooling-data-release.aar (androidx.compose.ui:ui-tooling-data-android:1.6.1) with ExtractAarTransform
Transforming ui-tooling-data-release.aar (androidx.compose.ui:ui-tooling-data-android:1.6.1) with AarTransform
Transforming ui-unit-release.aar (androidx.compose.ui:ui-unit-android:1.6.1) with JetifyTransform
Transforming ui-unit-release.aar (androidx.compose.ui:ui-unit-android:1.6.1) with ExtractAarTransform
Transforming ui-unit-release.aar (androidx.compose.ui:ui-unit-android:1.6.1) with AarTransform
Transforming ui-geometry-release.aar (androidx.compose.ui:ui-geometry-android:1.6.1) with JetifyTransform
Transforming ui-geometry-release.aar (androidx.compose.ui:ui-geometry-android:1.6.1) with ExtractAarTransform
Transforming ui-geometry-release.aar (androidx.compose.ui:ui-geometry-android:1.6.1) with AarTransform
Transforming ui-util-release.aar (androidx.compose.ui:ui-util-android:1.6.1) with JetifyTransform
Transforming ui-util-release.aar (androidx.compose.ui:ui-util-android:1.6.1) with ExtractAarTransform
Transforming ui-util-release.aar (androidx.compose.ui:ui-util-android:1.6.1) with AarTransform
Transforming ui-text-release.aar (androidx.compose.ui:ui-text-android:1.6.1) with JetifyTransform
Transforming ui-text-release.aar (androidx.compose.ui:ui-text-android:1.6.1) with ExtractAarTransform
Transforming ui-text-release.aar (androidx.compose.ui:ui-text-android:1.6.1) with AarTransform
Transforming ui-tooling-preview-release.aar (androidx.compose.ui:ui-tooling-preview-android:1.6.1) with JetifyTransform
Transforming ui-tooling-preview-release.aar (androidx.compose.ui:ui-tooling-preview-android:1.6.1) with ExtractAarTransform
Transforming ui-tooling-preview-release.aar (androidx.compose.ui:ui-tooling-preview-android:1.6.1) with AarTransform
Transforming ui-graphics-release.aar (androidx.compose.ui:ui-graphics-android:1.6.1) with JetifyTransform
Transforming ui-graphics-release.aar (androidx.compose.ui:ui-graphics-android:1.6.1) with ExtractAarTransform
Transforming ui-graphics-release.aar (androidx.compose.ui:ui-graphics-android:1.6.1) with AarTransform
Transforming ui-tooling-release.aar (androidx.compose.ui:ui-tooling-android:1.6.1) with JetifyTransform
Transforming ui-tooling-release.aar (androidx.compose.ui:ui-tooling-android:1.6.1) with ExtractAarTransform
Transforming ui-tooling-release.aar (androidx.compose.ui:ui-tooling-android:1.6.1) with AarTransform
Transforming play-services-auth-21.0.0.aar (com.google.android.gms:play-services-auth:21.0.0) with JetifyTransform
Transforming material-release.aar (androidx.compose.material:material-android:1.6.1) with ExtractAarTransform
Transforming play-services-auth-21.0.0.aar (com.google.android.gms:play-services-auth:21.0.0) with ExtractAarTransform
Transforming play-services-auth-21.0.0.aar (com.google.android.gms:play-services-auth:21.0.0) with AarTransform
Transforming viewpager2-1.0.0.aar (androidx.viewpager2:viewpager2:1.0.0) with JetifyTransform
Transforming viewpager2-1.0.0.aar (androidx.viewpager2:viewpager2:1.0.0) with ExtractAarTransform
Transforming viewpager2-1.0.0.aar (androidx.viewpager2:viewpager2:1.0.0) with AarTransform
Transforming firebase-auth-22.3.1.aar (com.google.firebase:firebase-auth:22.3.1) with JetifyTransform
Transforming firebase-auth-22.3.1.aar (com.google.firebase:firebase-auth:22.3.1) with ExtractAarTransform
Transforming firebase-auth-22.3.1.aar (com.google.firebase:firebase-auth:22.3.1) with AarTransform
Transforming room-runtime-2.6.1.aar (androidx.room:room-runtime:2.6.1) with JetifyTransform
Transforming room-runtime-2.6.1.aar (androidx.room:room-runtime:2.6.1) with ExtractAarTransform
Transforming room-runtime-2.6.1.aar (androidx.room:room-runtime:2.6.1) with AarTransform
Transforming room-ktx-2.6.1.aar (androidx.room:room-ktx:2.6.1) with JetifyTransform
Transforming room-ktx-2.6.1.aar (androidx.room:room-ktx:2.6.1) with ExtractAarTransform
Transforming room-ktx-2.6.1.aar (androidx.room:room-ktx:2.6.1) with AarTransform
Transforming runtime-saveable-release.aar (androidx.compose.runtime:runtime-saveable-android:1.6.1) with JetifyTransform
Transforming runtime-saveable-release.aar (androidx.compose.runtime:runtime-saveable-android:1.6.1) with ExtractAarTransform
Transforming runtime-saveable-release.aar (androidx.compose.runtime:runtime-saveable-android:1.6.1) with AarTransform
Transforming runtime-release.aar (androidx.compose.runtime:runtime-android:1.6.1) with JetifyTransform
Transforming runtime-release.aar (androidx.compose.runtime:runtime-android:1.6.1) with ExtractAarTransform
Transforming runtime-release.aar (androidx.compose.runtime:runtime-android:1.6.1) with AarTransform
Transforming slidingpanelayout-1.2.0.aar (androidx.slidingpanelayout:slidingpanelayout:1.2.0) with JetifyTransform
Transforming slidingpanelayout-1.2.0.aar (androidx.slidingpanelayout:slidingpanelayout:1.2.0) with ExtractAarTransform
Transforming slidingpanelayout-1.2.0.aar (androidx.slidingpanelayout:slidingpanelayout:1.2.0) with AarTransform
Transforming dynamicanimation-1.0.0.aar (androidx.dynamicanimation:dynamicanimation:1.0.0) with JetifyTransform
Transforming dynamicanimation-1.0.0.aar (androidx.dynamicanimation:dynamicanimation:1.0.0) with ExtractAarTransform
Transforming dynamicanimation-1.0.0.aar (androidx.dynamicanimation:dynamicanimation:1.0.0) with AarTransform
Transforming loader-1.1.0.aar (androidx.loader:loader:1.1.0) with JetifyTransform
Transforming loader-1.1.0.aar (androidx.loader:loader:1.1.0) with ExtractAarTransform
Transforming loader-1.1.0.aar (androidx.loader:loader:1.1.0) with AarTransform
Transforming lifecycle-livedata-core-2.7.0.aar (androidx.lifecycle:lifecycle-livedata-core:2.7.0) with JetifyTransform
Transforming lifecycle-livedata-core-2.7.0.aar (androidx.lifecycle:lifecycle-livedata-core:2.7.0) with ExtractAarTransform
Transforming lifecycle-livedata-core-2.7.0.aar (androidx.lifecycle:lifecycle-livedata-core:2.7.0) with AarTransform
Transforming lifecycle-livedata-core-ktx-2.7.0.aar (androidx.lifecycle:lifecycle-livedata-core-ktx:2.7.0) with JetifyTransform
Transforming lifecycle-livedata-core-ktx-2.7.0.aar (androidx.lifecycle:lifecycle-livedata-core-ktx:2.7.0) with ExtractAarTransform
Transforming lifecycle-livedata-core-ktx-2.7.0.aar (androidx.lifecycle:lifecycle-livedata-core-ktx:2.7.0) with AarTransform
Transforming lifecycle-livedata-2.7.0.aar (androidx.lifecycle:lifecycle-livedata:2.7.0) with JetifyTransform
Transforming lifecycle-livedata-2.7.0.aar (androidx.lifecycle:lifecycle-livedata:2.7.0) with ExtractAarTransform
Transforming lifecycle-livedata-2.7.0.aar (androidx.lifecycle:lifecycle-livedata:2.7.0) with AarTransform
Transforming googleid-1.1.0.aar (com.google.android.libraries.identity.googleid:googleid:1.1.0) with JetifyTransform
Transforming googleid-1.1.0.aar (com.google.android.libraries.identity.googleid:googleid:1.1.0) with ExtractAarTransform
Transforming accompanist-drawablepainter-0.32.0.aar (com.google.accompanist:accompanist-drawablepainter:0.32.0) with JetifyTransform
Transforming material-release.aar (androidx.compose.material:material-android:1.6.1) with AarTransform
Transforming window-1.0.0.aar (androidx.window:window:1.0.0) with JetifyTransform
Transforming googleid-1.1.0.aar (com.google.android.libraries.identity.googleid:googleid:1.1.0) with AarTransform
Transforming play-services-tasks-18.2.0.aar (com.google.android.gms:play-services-tasks:18.2.0) with JetifyTransform
Transforming play-services-tasks-18.2.0.aar (com.google.android.gms:play-services-tasks:18.2.0) with ExtractAarTransform
Transforming play-services-tasks-18.2.0.aar (com.google.android.gms:play-services-tasks:18.2.0) with AarTransform
Transforming accompanist-drawablepainter-0.32.0.aar (com.google.accompanist:accompanist-drawablepainter:0.32.0) with ExtractAarTransform
Transforming emoji2-views-helper-1.3.0.aar (androidx.emoji2:emoji2-views-helper:1.3.0) with JetifyTransform
Transforming accompanist-drawablepainter-0.32.0.aar (com.google.accompanist:accompanist-drawablepainter:0.32.0) with AarTransform
Transforming emoji2-views-helper-1.3.0.aar (androidx.emoji2:emoji2-views-helper:1.3.0) with ExtractAarTransform
Transforming emoji2-1.3.0.aar (androidx.emoji2:emoji2:1.3.0) with JetifyTransform
Transforming window-1.0.0.aar (androidx.window:window:1.0.0) with ExtractAarTransform
Transforming fragment-1.6.2.aar (androidx.fragment:fragment:1.6.2) with JetifyTransform
Transforming emoji2-1.3.0.aar (androidx.emoji2:emoji2:1.3.0) with ExtractAarTransform
Transforming emoji2-views-helper-1.3.0.aar (androidx.emoji2:emoji2-views-helper:1.3.0) with AarTransform
Transforming fragment-1.6.2.aar (androidx.fragment:fragment:1.6.2) with ExtractAarTransform
Transforming fragment-1.6.2.aar (androidx.fragment:fragment:1.6.2) with AarTransform
Transforming fragment-ktx-1.6.2.aar (androidx.fragment:fragment-ktx:1.6.2) with JetifyTransform
Transforming fragment-ktx-1.6.2.aar (androidx.fragment:fragment-ktx:1.6.2) with ExtractAarTransform
Transforming lifecycle-process-2.7.0.aar (androidx.lifecycle:lifecycle-process:2.7.0) with JetifyTransform
Transforming window-1.0.0.aar (androidx.window:window:1.0.0) with AarTransform
Transforming lifecycle-process-2.7.0.aar (androidx.lifecycle:lifecycle-process:2.7.0) with ExtractAarTransform
Transforming emoji2-1.3.0.aar (androidx.emoji2:emoji2:1.3.0) with AarTransform
Transforming fragment-ktx-1.6.2.aar (androidx.fragment:fragment-ktx:1.6.2) with AarTransform
Transforming savedstate-ktx-1.2.1.aar (androidx.savedstate:savedstate-ktx:1.2.1) with JetifyTransform
Transforming savedstate-ktx-1.2.1.aar (androidx.savedstate:savedstate-ktx:1.2.1) with ExtractAarTransform
Transforming savedstate-ktx-1.2.1.aar (androidx.savedstate:savedstate-ktx:1.2.1) with AarTransform
Transforming savedstate-1.2.1.aar (androidx.savedstate:savedstate:1.2.1) with JetifyTransform
Transforming savedstate-1.2.1.aar (androidx.savedstate:savedstate:1.2.1) with ExtractAarTransform
Transforming savedstate-1.2.1.aar (androidx.savedstate:savedstate:1.2.1) with AarTransform
Transforming lifecycle-runtime-ktx-2.7.0.aar (androidx.lifecycle:lifecycle-runtime-ktx:2.7.0) with JetifyTransform
Transforming lifecycle-runtime-ktx-2.7.0.aar (androidx.lifecycle:lifecycle-runtime-ktx:2.7.0) with ExtractAarTransform
Transforming lifecycle-runtime-ktx-2.7.0.aar (androidx.lifecycle:lifecycle-runtime-ktx:2.7.0) with AarTransform
Transforming lifecycle-viewmodel-savedstate-2.7.0.aar (androidx.lifecycle:lifecycle-viewmodel-savedstate:2.7.0) with JetifyTransform
Transforming lifecycle-process-2.7.0.aar (androidx.lifecycle:lifecycle-process:2.7.0) with AarTransform
Transforming lifecycle-viewmodel-savedstate-2.7.0.aar (androidx.lifecycle:lifecycle-viewmodel-savedstate:2.7.0) with ExtractAarTransform
Transforming lifecycle-viewmodel-savedstate-2.7.0.aar (androidx.lifecycle:lifecycle-viewmodel-savedstate:2.7.0) with AarTransform
Transforming lifecycle-viewmodel-compose-2.7.0.aar (androidx.lifecycle:lifecycle-viewmodel-compose:2.7.0) with JetifyTransform
Transforming lifecycle-viewmodel-compose-2.7.0.aar (androidx.lifecycle:lifecycle-viewmodel-compose:2.7.0) with ExtractAarTransform
Transforming lifecycle-viewmodel-compose-2.7.0.aar (androidx.lifecycle:lifecycle-viewmodel-compose:2.7.0) with AarTransform
Transforming lifecycle-viewmodel-2.7.0.aar (androidx.lifecycle:lifecycle-viewmodel:2.7.0) with JetifyTransform
Transforming lifecycle-viewmodel-2.7.0.aar (androidx.lifecycle:lifecycle-viewmodel:2.7.0) with ExtractAarTransform
Transforming lifecycle-viewmodel-2.7.0.aar (androidx.lifecycle:lifecycle-viewmodel:2.7.0) with AarTransform
Transforming lifecycle-runtime-2.7.0.aar (androidx.lifecycle:lifecycle-runtime:2.7.0) with JetifyTransform
Transforming lifecycle-runtime-2.7.0.aar (androidx.lifecycle:lifecycle-runtime:2.7.0) with ExtractAarTransform
Transforming lifecycle-runtime-2.7.0.aar (androidx.lifecycle:lifecycle-runtime:2.7.0) with AarTransform
Transforming lifecycle-livedata-ktx-2.7.0.aar (androidx.lifecycle:lifecycle-livedata-ktx:2.7.0) with JetifyTransform
Transforming lifecycle-livedata-ktx-2.7.0.aar (androidx.lifecycle:lifecycle-livedata-ktx:2.7.0) with ExtractAarTransform
Transforming lifecycle-livedata-ktx-2.7.0.aar (androidx.lifecycle:lifecycle-livedata-ktx:2.7.0) with AarTransform
Transforming lifecycle-viewmodel-ktx-2.7.0.aar (androidx.lifecycle:lifecycle-viewmodel-ktx:2.7.0) with JetifyTransform
Transforming lifecycle-viewmodel-ktx-2.7.0.aar (androidx.lifecycle:lifecycle-viewmodel-ktx:2.7.0) with ExtractAarTransform
Transforming lifecycle-viewmodel-ktx-2.7.0.aar (androidx.lifecycle:lifecycle-viewmodel-ktx:2.7.0) with AarTransform
Transforming lifecycle-runtime-compose-2.7.0.aar (androidx.lifecycle:lifecycle-runtime-compose:2.7.0) with JetifyTransform
Transforming lifecycle-runtime-compose-2.7.0.aar (androidx.lifecycle:lifecycle-runtime-compose:2.7.0) with ExtractAarTransform
Transforming lifecycle-runtime-compose-2.7.0.aar (androidx.lifecycle:lifecycle-runtime-compose:2.7.0) with AarTransform
Transforming ui-release.aar (androidx.compose.ui:ui-android:1.6.1) with JetifyTransform
Transforming ui-release.aar (androidx.compose.ui:ui-android:1.6.1) with ExtractAarTransform
Transforming ui-release.aar (androidx.compose.ui:ui-android:1.6.1) with AarTransform
Transforming activity-ktx-1.8.2.aar (androidx.activity:activity-ktx:1.8.2) with JetifyTransform
Transforming activity-ktx-1.8.2.aar (androidx.activity:activity-ktx:1.8.2) with ExtractAarTransform
Transforming activity-ktx-1.8.2.aar (androidx.activity:activity-ktx:1.8.2) with AarTransform
Transforming activity-compose-1.8.2.aar (androidx.activity:activity-compose:1.8.2) with JetifyTransform
Transforming activity-compose-1.8.2.aar (androidx.activity:activity-compose:1.8.2) with ExtractAarTransform
Transforming activity-compose-1.8.2.aar (androidx.activity:activity-compose:1.8.2) with AarTransform
Transforming activity-1.8.2.aar (androidx.activity:activity:1.8.2) with JetifyTransform
Transforming activity-1.8.2.aar (androidx.activity:activity:1.8.2) with ExtractAarTransform
Transforming activity-1.8.2.aar (androidx.activity:activity:1.8.2) with AarTransform
Transforming drawerlayout-1.1.1.aar (androidx.drawerlayout:drawerlayout:1.1.1) with JetifyTransform
Transforming drawerlayout-1.1.1.aar (androidx.drawerlayout:drawerlayout:1.1.1) with ExtractAarTransform
Transforming drawerlayout-1.1.1.aar (androidx.drawerlayout:drawerlayout:1.1.1) with AarTransform
Transforming coordinatorlayout-1.1.0.aar (androidx.coordinatorlayout:coordinatorlayout:1.1.0) with JetifyTransform
Transforming coordinatorlayout-1.1.0.aar (androidx.coordinatorlayout:coordinatorlayout:1.1.0) with ExtractAarTransform
Transforming coordinatorlayout-1.1.0.aar (androidx.coordinatorlayout:coordinatorlayout:1.1.0) with AarTransform
Transforming vectordrawable-animated-1.1.0.aar (androidx.vectordrawable:vectordrawable-animated:1.1.0) with JetifyTransform
Transforming vectordrawable-animated-1.1.0.aar (androidx.vectordrawable:vectordrawable-animated:1.1.0) with ExtractAarTransform
Transforming vectordrawable-animated-1.1.0.aar (androidx.vectordrawable:vectordrawable-animated:1.1.0) with AarTransform
Transforming vectordrawable-1.1.0.aar (androidx.vectordrawable:vectordrawable:1.1.0) with JetifyTransform
Transforming vectordrawable-1.1.0.aar (androidx.vectordrawable:vectordrawable:1.1.0) with ExtractAarTransform
Transforming vectordrawable-1.1.0.aar (androidx.vectordrawable:vectordrawable:1.1.0) with AarTransform
Transforming recyclerview-1.1.0.aar (androidx.recyclerview:recyclerview:1.1.0) with JetifyTransform
Transforming recyclerview-1.1.0.aar (androidx.recyclerview:recyclerview:1.1.0) with ExtractAarTransform
Transforming recyclerview-1.1.0.aar (androidx.recyclerview:recyclerview:1.1.0) with AarTransform
Transforming viewpager-1.0.0.aar (androidx.viewpager:viewpager:1.0.0) with JetifyTransform
Transforming viewpager-1.0.0.aar (androidx.viewpager:viewpager:1.0.0) with ExtractAarTransform
Transforming viewpager-1.0.0.aar (androidx.viewpager:viewpager:1.0.0) with AarTransform
Transforming customview-1.1.0.aar (androidx.customview:customview:1.1.0) with JetifyTransform
Transforming customview-1.1.0.aar (androidx.customview:customview:1.1.0) with ExtractAarTransform
Transforming customview-1.1.0.aar (androidx.customview:customview:1.1.0) with AarTransform
Transforming transition-1.4.1.aar (androidx.transition:transition:1.4.1) with JetifyTransform
Transforming transition-1.4.1.aar (androidx.transition:transition:1.4.1) with ExtractAarTransform
Transforming transition-1.4.1.aar (androidx.transition:transition:1.4.1) with AarTransform
Transforming core-1.12.0.aar (androidx.core:core:1.12.0) with JetifyTransform
Transforming core-1.12.0.aar (androidx.core:core:1.12.0) with ExtractAarTransform
Transforming core-1.12.0.aar (androidx.core:core:1.12.0) with AarTransform
Transforming core-ktx-1.12.0.aar (androidx.core:core-ktx:1.12.0) with JetifyTransform
Transforming autofill-1.0.0.aar (androidx.autofill:autofill:1.0.0) with JetifyTransform
Transforming core-ktx-1.12.0.aar (androidx.core:core-ktx:1.12.0) with ExtractAarTransform
Transforming customview-poolingcontainer-1.0.0.aar (androidx.customview:customview-poolingcontainer:1.0.0) with JetifyTransform
Transforming core-ktx-1.12.0.aar (androidx.core:core-ktx:1.12.0) with AarTransform
Transforming core-splashscreen-1.0.1.aar (androidx.core:core-splashscreen:1.0.1) with JetifyTransform
Transforming core-splashscreen-1.0.1.aar (androidx.core:core-splashscreen:1.0.1) with ExtractAarTransform
Transforming core-splashscreen-1.0.1.aar (androidx.core:core-splashscreen:1.0.1) with AarTransform
Transforming sqlite-framework-2.4.0.aar (androidx.sqlite:sqlite-framework:2.4.0) with JetifyTransform
Transforming sqlite-framework-2.4.0.aar (androidx.sqlite:sqlite-framework:2.4.0) with ExtractAarTransform
Transforming sqlite-framework-2.4.0.aar (androidx.sqlite:sqlite-framework:2.4.0) with AarTransform
Transforming sqlite-2.4.0.aar (androidx.sqlite:sqlite:2.4.0) with JetifyTransform
Transforming sqlite-2.4.0.aar (androidx.sqlite:sqlite:2.4.0) with ExtractAarTransform
Transforming sqlite-2.4.0.aar (androidx.sqlite:sqlite:2.4.0) with AarTransform
Transforming annotation-experimental-1.4.0.aar (androidx.annotation:annotation-experimental:1.4.0) with JetifyTransform
Transforming annotation-experimental-1.4.0.aar (androidx.annotation:annotation-experimental:1.4.0) with ExtractAarTransform
Transforming annotation-experimental-1.4.0.aar (androidx.annotation:annotation-experimental:1.4.0) with AarTransform
Transforming versionedparcelable-1.1.1.aar (androidx.versionedparcelable:versionedparcelable:1.1.1) with JetifyTransform
Transforming versionedparcelable-1.1.1.aar (androidx.versionedparcelable:versionedparcelable:1.1.1) with ExtractAarTransform
Transforming versionedparcelable-1.1.1.aar (androidx.versionedparcelable:versionedparcelable:1.1.1) with AarTransform
Transforming MPAndroidChart-3.1.0.aar (com.github.PhilJay:MPAndroidChart:3.1.0) with JetifyTransform
Transforming MPAndroidChart-3.1.0.aar (com.github.PhilJay:MPAndroidChart:3.1.0) with ExtractAarTransform
Transforming MPAndroidChart-3.1.0.aar (com.github.PhilJay:MPAndroidChart:3.1.0) with AarTransform
Transforming cursoradapter-1.0.0.aar (androidx.cursoradapter:cursoradapter:1.0.0) with JetifyTransform
Transforming cursoradapter-1.0.0.aar (androidx.cursoradapter:cursoradapter:1.0.0) with ExtractAarTransform
Transforming cursoradapter-1.0.0.aar (androidx.cursoradapter:cursoradapter:1.0.0) with AarTransform
Transforming cardview-1.0.0.aar (androidx.cardview:cardview:1.0.0) with JetifyTransform
Transforming cardview-1.0.0.aar (androidx.cardview:cardview:1.0.0) with ExtractAarTransform
Transforming cardview-1.0.0.aar (androidx.cardview:cardview:1.0.0) with AarTransform
Transforming core-runtime-2.2.0.aar (androidx.arch.core:core-runtime:2.2.0) with JetifyTransform
Transforming core-runtime-2.2.0.aar (androidx.arch.core:core-runtime:2.2.0) with ExtractAarTransform
Transforming core-runtime-2.2.0.aar (androidx.arch.core:core-runtime:2.2.0) with AarTransform
Transforming interpolator-1.0.0.aar (androidx.interpolator:interpolator:1.0.0) with JetifyTransform
Transforming profileinstaller-1.3.1.aar (androidx.profileinstaller:profileinstaller:1.3.1) with JetifyTransform
Transforming interpolator-1.0.0.aar (androidx.interpolator:interpolator:1.0.0) with ExtractAarTransform
Transforming interpolator-1.0.0.aar (androidx.interpolator:interpolator:1.0.0) with AarTransform
Transforming firebase-components-17.1.5.aar (com.google.firebase:firebase-components:17.1.5) with JetifyTransform
Transforming firebase-components-17.1.5.aar (com.google.firebase:firebase-components:17.1.5) with ExtractAarTransform
Transforming firebase-components-17.1.5.aar (com.google.firebase:firebase-components:17.1.5) with AarTransform
Transforming dagger-lint-aar-2.48.aar (com.google.dagger:dagger-lint-aar:2.48) with JetifyTransform
Transforming dagger-lint-aar-2.48.aar (com.google.dagger:dagger-lint-aar:2.48) with ExtractAarTransform
Transforming dagger-lint-aar-2.48.aar (com.google.dagger:dagger-lint-aar:2.48) with AarTransform
Transforming startup-runtime-1.1.1.aar (androidx.startup:startup-runtime:1.1.1) with JetifyTransform
Transforming autofill-1.0.0.aar (androidx.autofill:autofill:1.0.0) with ExtractAarTransform
Transforming customview-poolingcontainer-1.0.0.aar (androidx.customview:customview-poolingcontainer:1.0.0) with ExtractAarTransform
Transforming startup-runtime-1.1.1.aar (androidx.startup:startup-runtime:1.1.1) with ExtractAarTransform
Transforming profileinstaller-1.3.1.aar (androidx.profileinstaller:profileinstaller:1.3.1) with ExtractAarTransform
Transforming autofill-1.0.0.aar (androidx.autofill:autofill:1.0.0) with AarTransform
Transforming tracing-1.0.0.aar (androidx.tracing:tracing:1.0.0) with JetifyTransform
Transforming customview-poolingcontainer-1.0.0.aar (androidx.customview:customview-poolingcontainer:1.0.0) with AarTransform
Transforming profileinstaller-1.3.1.aar (androidx.profileinstaller:profileinstaller:1.3.1) with AarTransform
Transforming startup-runtime-1.1.1.aar (androidx.startup:startup-runtime:1.1.1) with AarTransform
Transforming tracing-1.0.0.aar (androidx.tracing:tracing:1.0.0) with ExtractAarTransform
Transforming exifinterface-1.3.6.aar (androidx.exifinterface:exifinterface:1.3.6) with JetifyTransform
Transforming exifinterface-1.3.6.aar (androidx.exifinterface:exifinterface:1.3.6) with ExtractAarTransform
Transforming exifinterface-1.3.6.aar (androidx.exifinterface:exifinterface:1.3.6) with AarTransform
Transforming tracing-1.0.0.aar (androidx.tracing:tracing:1.0.0) with AarTransform
Caching disabled for task ':app:dataBindingMergeDependencyArtifactsDebug' because:
  Build cache is disabled
  Caching has been disabled for the task
Skipping task ':app:dataBindingMergeDependencyArtifactsDebug' as it is up-to-date.

> Task :app:dataBindingMergeDependencyArtifactsDebug UP-TO-DATE
Resolve mutations for :app:generateDebugResValues (Thread[included builds,5,main]) started.
:app:generateDebugResValues (Thread[included builds,5,main]) started.

> Task :app:generateDebugResValues UP-TO-DATE
Caching disabled for task ':app:generateDebugResValues' because:
  Build cache is disabled
Skipping task ':app:generateDebugResValues' as it is up-to-date.
Resolve mutations for :app:generateDebugResources (Thread[Execution worker,5,main]) started.
:app:generateDebugResources (Thread[Execution worker,5,main]) started.

> Task :app:generateDebugResources UP-TO-DATE
Caching disabled for task ':app:generateDebugResources' because:
  Build cache is disabled
Skipping task ':app:generateDebugResources' as it is up-to-date.
Resolve mutations for :app:processDebugGoogleServices (Thread[Execution worker,5,main]) started.
:app:processDebugGoogleServices (Thread[Execution worker,5,main]) started.

> Task :app:processDebugGoogleServices UP-TO-DATE
Caching disabled for task ':app:processDebugGoogleServices' because:
  Build cache is disabled
Skipping task ':app:processDebugGoogleServices' as it is up-to-date.
Resolve mutations for :app:mergeDebugResources (Thread[Execution worker,5,main]) started.
:app:mergeDebugResources (Thread[Execution worker,5,main]) started.

> Task :app:mergeDebugResources UP-TO-DATE
Transforming viewbinding-8.6.0.aar (androidx.databinding:viewbinding:8.6.0) with JetifyTransform
Transforming viewbinding-8.6.0.aar (androidx.databinding:viewbinding:8.6.0) with ExtractAarTransform
Transforming viewbinding-8.6.0.aar (androidx.databinding:viewbinding:8.6.0) with AarTransform
Transforming hilt-navigation-compose-1.1.0.aar (androidx.hilt:hilt-navigation-compose:1.1.0) with JetifyTransform
Transforming hilt-navigation-compose-1.1.0.aar (androidx.hilt:hilt-navigation-compose:1.1.0) with ExtractAarTransform
Transforming hilt-navigation-compose-1.1.0.aar (androidx.hilt:hilt-navigation-compose:1.1.0) with AarTransform
Transforming hilt-navigation-1.1.0.aar (androidx.hilt:hilt-navigation:1.1.0) with JetifyTransform
Transforming hilt-navigation-1.1.0.aar (androidx.hilt:hilt-navigation:1.1.0) with ExtractAarTransform
Transforming hilt-navigation-1.1.0.aar (androidx.hilt:hilt-navigation:1.1.0) with AarTransform
Transforming navigation-common-2.7.6.aar (androidx.navigation:navigation-common:2.7.6) with JetifyTransform
Transforming navigation-common-2.7.6.aar (androidx.navigation:navigation-common:2.7.6) with ExtractAarTransform
Transforming navigation-common-2.7.6.aar (androidx.navigation:navigation-common:2.7.6) with AarTransform
Transforming navigation-runtime-2.7.6.aar (androidx.navigation:navigation-runtime:2.7.6) with JetifyTransform
Transforming navigation-runtime-2.7.6.aar (androidx.navigation:navigation-runtime:2.7.6) with ExtractAarTransform
Transforming navigation-runtime-2.7.6.aar (androidx.navigation:navigation-runtime:2.7.6) with AarTransform
Transforming navigation-common-ktx-2.7.6.aar (androidx.navigation:navigation-common-ktx:2.7.6) with JetifyTransform
Transforming navigation-common-ktx-2.7.6.aar (androidx.navigation:navigation-common-ktx:2.7.6) with ExtractAarTransform
Transforming navigation-common-ktx-2.7.6.aar (androidx.navigation:navigation-common-ktx:2.7.6) with AarTransform
Transforming navigation-fragment-2.7.6.aar (androidx.navigation:navigation-fragment:2.7.6) with JetifyTransform
Transforming navigation-fragment-2.7.6.aar (androidx.navigation:navigation-fragment:2.7.6) with ExtractAarTransform
Transforming navigation-fragment-2.7.6.aar (androidx.navigation:navigation-fragment:2.7.6) with AarTransform
Transforming navigation-runtime-ktx-2.7.6.aar (androidx.navigation:navigation-runtime-ktx:2.7.6) with JetifyTransform
Transforming navigation-runtime-ktx-2.7.6.aar (androidx.navigation:navigation-runtime-ktx:2.7.6) with ExtractAarTransform
Transforming navigation-runtime-ktx-2.7.6.aar (androidx.navigation:navigation-runtime-ktx:2.7.6) with AarTransform
Transforming navigation-fragment-ktx-2.7.6.aar (androidx.navigation:navigation-fragment-ktx:2.7.6) with JetifyTransform
Transforming navigation-fragment-ktx-2.7.6.aar (androidx.navigation:navigation-fragment-ktx:2.7.6) with ExtractAarTransform
Transforming navigation-fragment-ktx-2.7.6.aar (androidx.navigation:navigation-fragment-ktx:2.7.6) with AarTransform
Transforming navigation-compose-2.7.6.aar (androidx.navigation:navigation-compose:2.7.6) with JetifyTransform
Transforming navigation-compose-2.7.6.aar (androidx.navigation:navigation-compose:2.7.6) with ExtractAarTransform
Transforming navigation-compose-2.7.6.aar (androidx.navigation:navigation-compose:2.7.6) with AarTransform
Transforming navigation-ui-ktx-2.7.6.aar (androidx.navigation:navigation-ui-ktx:2.7.6) with JetifyTransform
Transforming navigation-ui-ktx-2.7.6.aar (androidx.navigation:navigation-ui-ktx:2.7.6) with ExtractAarTransform
Transforming navigation-ui-ktx-2.7.6.aar (androidx.navigation:navigation-ui-ktx:2.7.6) with AarTransform
Transforming navigation-ui-2.7.6.aar (androidx.navigation:navigation-ui:2.7.6) with JetifyTransform
Transforming navigation-ui-2.7.6.aar (androidx.navigation:navigation-ui:2.7.6) with ExtractAarTransform
Transforming navigation-ui-2.7.6.aar (androidx.navigation:navigation-ui:2.7.6) with AarTransform
Transforming material-1.11.0.aar (com.google.android.material:material:1.11.0) with JetifyTransform
Transforming material-1.11.0.aar (com.google.android.material:material:1.11.0) with ExtractAarTransform
Transforming material-1.11.0.aar (com.google.android.material:material:1.11.0) with AarTransform
Transforming constraintlayout-2.1.4.aar (androidx.constraintlayout:constraintlayout:2.1.4) with JetifyTransform
Transforming constraintlayout-2.1.4.aar (androidx.constraintlayout:constraintlayout:2.1.4) with ExtractAarTransform
Transforming constraintlayout-2.1.4.aar (androidx.constraintlayout:constraintlayout:2.1.4) with AarTransform
Transforming biometric-1.1.0.aar (androidx.biometric:biometric:1.1.0) with JetifyTransform
Transforming biometric-1.1.0.aar (androidx.biometric:biometric:1.1.0) with ExtractAarTransform
Transforming biometric-1.1.0.aar (androidx.biometric:biometric:1.1.0) with AarTransform
Transforming camera-video-1.3.1.aar (androidx.camera:camera-video:1.3.1) with JetifyTransform
Transforming camera-video-1.3.1.aar (androidx.camera:camera-video:1.3.1) with ExtractAarTransform
Transforming camera-video-1.3.1.aar (androidx.camera:camera-video:1.3.1) with AarTransform
Transforming camera-lifecycle-1.3.1.aar (androidx.camera:camera-lifecycle:1.3.1) with JetifyTransform
Transforming camera-lifecycle-1.3.1.aar (androidx.camera:camera-lifecycle:1.3.1) with ExtractAarTransform
Transforming camera-lifecycle-1.3.1.aar (androidx.camera:camera-lifecycle:1.3.1) with AarTransform
Transforming camera-camera2-1.3.1.aar (androidx.camera:camera-camera2:1.3.1) with JetifyTransform
Transforming camera-camera2-1.3.1.aar (androidx.camera:camera-camera2:1.3.1) with ExtractAarTransform
Transforming camera-camera2-1.3.1.aar (androidx.camera:camera-camera2:1.3.1) with AarTransform
Transforming camera-core-1.3.1.aar (androidx.camera:camera-core:1.3.1) with JetifyTransform
Transforming camera-core-1.3.1.aar (androidx.camera:camera-core:1.3.1) with ExtractAarTransform
Transforming camera-core-1.3.1.aar (androidx.camera:camera-core:1.3.1) with AarTransform
Transforming camera-view-1.3.1.aar (androidx.camera:camera-view:1.3.1) with JetifyTransform
Transforming camera-view-1.3.1.aar (androidx.camera:camera-view:1.3.1) with ExtractAarTransform
Transforming camera-view-1.3.1.aar (androidx.camera:camera-view:1.3.1) with AarTransform
Transforming coil-compose-2.5.0.aar (io.coil-kt:coil-compose:2.5.0) with JetifyTransform
Transforming coil-compose-2.5.0.aar (io.coil-kt:coil-compose:2.5.0) with ExtractAarTransform
Transforming coil-compose-2.5.0.aar (io.coil-kt:coil-compose:2.5.0) with AarTransform
Transforming coil-compose-base-2.5.0.aar (io.coil-kt:coil-compose-base:2.5.0) with JetifyTransform
Transforming coil-compose-base-2.5.0.aar (io.coil-kt:coil-compose-base:2.5.0) with ExtractAarTransform
Transforming coil-compose-base-2.5.0.aar (io.coil-kt:coil-compose-base:2.5.0) with AarTransform
Transforming coil-2.5.0.aar (io.coil-kt:coil:2.5.0) with JetifyTransform
Transforming coil-2.5.0.aar (io.coil-kt:coil:2.5.0) with ExtractAarTransform
Transforming coil-2.5.0.aar (io.coil-kt:coil:2.5.0) with AarTransform
Transforming coil-base-2.5.0.aar (io.coil-kt:coil-base:2.5.0) with JetifyTransform
Transforming coil-base-2.5.0.aar (io.coil-kt:coil-base:2.5.0) with ExtractAarTransform
Transforming coil-base-2.5.0.aar (io.coil-kt:coil-base:2.5.0) with AarTransform
Transforming appcompat-resources-1.6.1.aar (androidx.appcompat:appcompat-resources:1.6.1) with JetifyTransform
Transforming appcompat-resources-1.6.1.aar (androidx.appcompat:appcompat-resources:1.6.1) with ExtractAarTransform
Transforming appcompat-resources-1.6.1.aar (androidx.appcompat:appcompat-resources:1.6.1) with AarTransform
Transforming play-services-mlkit-barcode-scanning-18.3.1.aar (com.google.android.gms:play-services-mlkit-barcode-scanning:18.3.1) with JetifyTransform
Transforming play-services-mlkit-barcode-scanning-18.3.1.aar (com.google.android.gms:play-services-mlkit-barcode-scanning:18.3.1) with ExtractAarTransform
Transforming play-services-mlkit-barcode-scanning-18.3.1.aar (com.google.android.gms:play-services-mlkit-barcode-scanning:18.3.1) with AarTransform
Transforming barcode-scanning-common-17.0.0.aar (com.google.mlkit:barcode-scanning-common:17.0.0) with JetifyTransform
Transforming barcode-scanning-common-17.0.0.aar (com.google.mlkit:barcode-scanning-common:17.0.0) with ExtractAarTransform
Transforming barcode-scanning-common-17.0.0.aar (com.google.mlkit:barcode-scanning-common:17.0.0) with AarTransform
Transforming vision-common-17.3.0.aar (com.google.mlkit:vision-common:17.3.0) with JetifyTransform
Transforming vision-common-17.3.0.aar (com.google.mlkit:vision-common:17.3.0) with ExtractAarTransform
Transforming vision-common-17.3.0.aar (com.google.mlkit:vision-common:17.3.0) with AarTransform
Transforming vision-common-17.3.0.aar (com.google.mlkit:vision-common:17.3.0) with JetifyTransform
Transforming vision-common-17.3.0.aar (com.google.mlkit:vision-common:17.3.0) with ExtractAarTransform
Transforming vision-common-17.3.0.aar (com.google.mlkit:vision-common:17.3.0) with AarTransform
Transforming common-18.11.0.aar (com.google.mlkit:common:18.11.0) with JetifyTransform
Transforming common-18.11.0.aar (com.google.mlkit:common:18.11.0) with ExtractAarTransform
Transforming common-18.11.0.aar (com.google.mlkit:common:18.11.0) with AarTransform
Transforming common-18.11.0.aar (com.google.mlkit:common:18.11.0) with JetifyTransform
Transforming common-18.11.0.aar (com.google.mlkit:common:18.11.0) with ExtractAarTransform
Transforming common-18.11.0.aar (com.google.mlkit:common:18.11.0) with AarTransform
Transforming appcompat-1.6.1.aar (androidx.appcompat:appcompat:1.6.1) with JetifyTransform
Transforming appcompat-1.6.1.aar (androidx.appcompat:appcompat:1.6.1) with ExtractAarTransform
Transforming appcompat-1.6.1.aar (androidx.appcompat:appcompat:1.6.1) with AarTransform
Transforming appcompat-1.6.1.aar (androidx.appcompat:appcompat:1.6.1) with JetifyTransform
Transforming appcompat-1.6.1.aar (androidx.appcompat:appcompat:1.6.1) with ExtractAarTransform
Transforming appcompat-1.6.1.aar (androidx.appcompat:appcompat:1.6.1) with AarTransform
Transforming hilt-android-2.48.aar (com.google.dagger:hilt-android:2.48) with JetifyTransform
Transforming hilt-android-2.48.aar (com.google.dagger:hilt-android:2.48) with ExtractAarTransform
Transforming hilt-android-2.48.aar (com.google.dagger:hilt-android:2.48) with AarTransform
Transforming material3-release.aar (androidx.compose.material3:material3-android:1.2.0) with JetifyTransform
Transforming material3-release.aar (androidx.compose.material3:material3-android:1.2.0) with ExtractAarTransform
Transforming material3-release.aar (androidx.compose.material3:material3-android:1.2.0) with AarTransform
Transforming material-release.aar (androidx.compose.material:material-android:1.6.1) with JetifyTransform
Transforming material-release.aar (androidx.compose.material:material-android:1.6.1) with ExtractAarTransform
Transforming material-release.aar (androidx.compose.material:material-android:1.6.1) with AarTransform
Transforming material-icons-core-release.aar (androidx.compose.material:material-icons-core-android:1.6.1) with JetifyTransform
Transforming material-icons-core-release.aar (androidx.compose.material:material-icons-core-android:1.6.1) with ExtractAarTransform
Transforming material-icons-core-release.aar (androidx.compose.material:material-icons-core-android:1.6.1) with AarTransform
Transforming material-icons-extended-release.aar (androidx.compose.material:material-icons-extended-android:1.6.1) with JetifyTransform
Transforming material-icons-extended-release.aar (androidx.compose.material:material-icons-extended-android:1.6.1) with ExtractAarTransform
Transforming material-icons-extended-release.aar (androidx.compose.material:material-icons-extended-android:1.6.1) with AarTransform
Transforming material-ripple-release.aar (androidx.compose.material:material-ripple-android:1.6.1) with JetifyTransform
Transforming material-ripple-release.aar (androidx.compose.material:material-ripple-android:1.6.1) with ExtractAarTransform
Transforming material-ripple-release.aar (androidx.compose.material:material-ripple-android:1.6.1) with AarTransform
Transforming animation-core-release.aar (androidx.compose.animation:animation-core-android:1.6.1) with JetifyTransform
Transforming animation-core-release.aar (androidx.compose.animation:animation-core-android:1.6.1) with ExtractAarTransform
Transforming animation-core-release.aar (androidx.compose.animation:animation-core-android:1.6.1) with AarTransform
Transforming animation-release.aar (androidx.compose.animation:animation-android:1.6.1) with JetifyTransform
Transforming animation-release.aar (androidx.compose.animation:animation-android:1.6.1) with ExtractAarTransform
Transforming animation-release.aar (androidx.compose.animation:animation-android:1.6.1) with AarTransform
Transforming foundation-layout-release.aar (androidx.compose.foundation:foundation-layout-android:1.6.1) with JetifyTransform
Transforming foundation-layout-release.aar (androidx.compose.foundation:foundation-layout-android:1.6.1) with ExtractAarTransform
Transforming foundation-layout-release.aar (androidx.compose.foundation:foundation-layout-android:1.6.1) with AarTransform
Transforming foundation-release.aar (androidx.compose.foundation:foundation-android:1.6.1) with JetifyTransform
Transforming foundation-release.aar (androidx.compose.foundation:foundation-android:1.6.1) with ExtractAarTransform
Transforming foundation-release.aar (androidx.compose.foundation:foundation-android:1.6.1) with AarTransform
Transforming ui-tooling-data-release.aar (androidx.compose.ui:ui-tooling-data-android:1.6.1) with JetifyTransform
Transforming ui-tooling-data-release.aar (androidx.compose.ui:ui-tooling-data-android:1.6.1) with ExtractAarTransform
Transforming ui-tooling-data-release.aar (androidx.compose.ui:ui-tooling-data-android:1.6.1) with AarTransform
Transforming ui-unit-release.aar (androidx.compose.ui:ui-unit-android:1.6.1) with JetifyTransform
Transforming ui-unit-release.aar (androidx.compose.ui:ui-unit-android:1.6.1) with ExtractAarTransform
Transforming ui-unit-release.aar (androidx.compose.ui:ui-unit-android:1.6.1) with AarTransform
Transforming ui-geometry-release.aar (androidx.compose.ui:ui-geometry-android:1.6.1) with JetifyTransform
Transforming ui-geometry-release.aar (androidx.compose.ui:ui-geometry-android:1.6.1) with ExtractAarTransform
Transforming ui-geometry-release.aar (androidx.compose.ui:ui-geometry-android:1.6.1) with AarTransform
Transforming ui-util-release.aar (androidx.compose.ui:ui-util-android:1.6.1) with JetifyTransform
Transforming ui-util-release.aar (androidx.compose.ui:ui-util-android:1.6.1) with ExtractAarTransform
Transforming ui-util-release.aar (androidx.compose.ui:ui-util-android:1.6.1) with AarTransform
Transforming ui-text-release.aar (androidx.compose.ui:ui-text-android:1.6.1) with JetifyTransform
Transforming ui-text-release.aar (androidx.compose.ui:ui-text-android:1.6.1) with ExtractAarTransform
Transforming ui-text-release.aar (androidx.compose.ui:ui-text-android:1.6.1) with AarTransform
Transforming ui-tooling-preview-release.aar (androidx.compose.ui:ui-tooling-preview-android:1.6.1) with JetifyTransform
Transforming ui-tooling-preview-release.aar (androidx.compose.ui:ui-tooling-preview-android:1.6.1) with ExtractAarTransform
Transforming ui-tooling-preview-release.aar (androidx.compose.ui:ui-tooling-preview-android:1.6.1) with AarTransform
Transforming ui-graphics-release.aar (androidx.compose.ui:ui-graphics-android:1.6.1) with JetifyTransform
Transforming ui-graphics-release.aar (androidx.compose.ui:ui-graphics-android:1.6.1) with ExtractAarTransform
Transforming ui-graphics-release.aar (androidx.compose.ui:ui-graphics-android:1.6.1) with AarTransform
Transforming ui-tooling-release.aar (androidx.compose.ui:ui-tooling-android:1.6.1) with JetifyTransform
Transforming ui-tooling-release.aar (androidx.compose.ui:ui-tooling-android:1.6.1) with ExtractAarTransform
Transforming ui-tooling-release.aar (androidx.compose.ui:ui-tooling-android:1.6.1) with AarTransform
Transforming play-services-auth-21.0.0.aar (com.google.android.gms:play-services-auth:21.0.0) with JetifyTransform
Transforming play-services-auth-21.0.0.aar (com.google.android.gms:play-services-auth:21.0.0) with ExtractAarTransform
Transforming play-services-auth-21.0.0.aar (com.google.android.gms:play-services-auth:21.0.0) with AarTransform
Transforming viewpager2-1.0.0.aar (androidx.viewpager2:viewpager2:1.0.0) with JetifyTransform
Transforming viewpager2-1.0.0.aar (androidx.viewpager2:viewpager2:1.0.0) with ExtractAarTransform
Transforming viewpager2-1.0.0.aar (androidx.viewpager2:viewpager2:1.0.0) with AarTransform
Transforming firebase-auth-22.3.1.aar (com.google.firebase:firebase-auth:22.3.1) with JetifyTransform
Transforming firebase-auth-22.3.1.aar (com.google.firebase:firebase-auth:22.3.1) with ExtractAarTransform
Transforming firebase-auth-22.3.1.aar (com.google.firebase:firebase-auth:22.3.1) with AarTransform
Transforming play-services-auth-api-phone-18.0.2.aar (com.google.android.gms:play-services-auth-api-phone:18.0.2) with JetifyTransform
Transforming play-services-auth-api-phone-18.0.2.aar (com.google.android.gms:play-services-auth-api-phone:18.0.2) with ExtractAarTransform
Transforming play-services-auth-api-phone-18.0.2.aar (com.google.android.gms:play-services-auth-api-phone:18.0.2) with AarTransform
Transforming play-services-auth-api-phone-18.0.2.aar (com.google.android.gms:play-services-auth-api-phone:18.0.2) with JetifyTransform
Transforming play-services-auth-api-phone-18.0.2.aar (com.google.android.gms:play-services-auth-api-phone:18.0.2) with ExtractAarTransform
Transforming play-services-auth-api-phone-18.0.2.aar (com.google.android.gms:play-services-auth-api-phone:18.0.2) with AarTransform
Transforming play-services-auth-base-18.0.10.aar (com.google.android.gms:play-services-auth-base:18.0.10) with JetifyTransform
Transforming play-services-auth-base-18.0.10.aar (com.google.android.gms:play-services-auth-base:18.0.10) with ExtractAarTransform
Transforming play-services-auth-base-18.0.10.aar (com.google.android.gms:play-services-auth-base:18.0.10) with AarTransform
Transforming play-services-fido-20.0.1.aar (com.google.android.gms:play-services-fido:20.0.1) with JetifyTransform
Transforming play-services-fido-20.0.1.aar (com.google.android.gms:play-services-fido:20.0.1) with ExtractAarTransform
Transforming play-services-fido-20.0.1.aar (com.google.android.gms:play-services-fido:20.0.1) with AarTransform
Transforming firebase-appcheck-interop-17.0.0.aar (com.google.firebase:firebase-appcheck-interop:17.0.0) with JetifyTransform
Transforming firebase-appcheck-interop-17.0.0.aar (com.google.firebase:firebase-appcheck-interop:17.0.0) with ExtractAarTransform
Transforming firebase-appcheck-interop-17.0.0.aar (com.google.firebase:firebase-appcheck-interop:17.0.0) with AarTransform
Transforming play-services-base-18.5.0.aar (com.google.android.gms:play-services-base:18.5.0) with JetifyTransform
Transforming play-services-base-18.5.0.aar (com.google.android.gms:play-services-base:18.5.0) with ExtractAarTransform
Transforming play-services-base-18.5.0.aar (com.google.android.gms:play-services-base:18.5.0) with AarTransform
Transforming play-services-base-18.5.0.aar (com.google.android.gms:play-services-base:18.5.0) with JetifyTransform
Transforming play-services-base-18.5.0.aar (com.google.android.gms:play-services-base:18.5.0) with ExtractAarTransform
Transforming play-services-base-18.5.0.aar (com.google.android.gms:play-services-base:18.5.0) with AarTransform
Transforming play-services-base-18.5.0.aar (com.google.android.gms:play-services-base:18.5.0) with JetifyTransform
Transforming play-services-base-18.5.0.aar (com.google.android.gms:play-services-base:18.5.0) with ExtractAarTransform
Transforming play-services-base-18.5.0.aar (com.google.android.gms:play-services-base:18.5.0) with AarTransform
Transforming play-services-base-18.5.0.aar (com.google.android.gms:play-services-base:18.5.0) with JetifyTransform
Transforming play-services-base-18.5.0.aar (com.google.android.gms:play-services-base:18.5.0) with ExtractAarTransform
Transforming play-services-base-18.5.0.aar (com.google.android.gms:play-services-base:18.5.0) with AarTransform
Transforming play-services-base-18.5.0.aar (com.google.android.gms:play-services-base:18.5.0) with JetifyTransform
Transforming play-services-base-18.5.0.aar (com.google.android.gms:play-services-base:18.5.0) with ExtractAarTransform
Transforming play-services-base-18.5.0.aar (com.google.android.gms:play-services-base:18.5.0) with AarTransform
Transforming play-services-base-18.5.0.aar (com.google.android.gms:play-services-base:18.5.0) with JetifyTransform
Transforming play-services-base-18.5.0.aar (com.google.android.gms:play-services-base:18.5.0) with ExtractAarTransform
Transforming play-services-base-18.5.0.aar (com.google.android.gms:play-services-base:18.5.0) with AarTransform
Transforming play-services-base-18.5.0.aar (com.google.android.gms:play-services-base:18.5.0) with JetifyTransform
Transforming play-services-base-18.5.0.aar (com.google.android.gms:play-services-base:18.5.0) with ExtractAarTransform
Transforming play-services-base-18.5.0.aar (com.google.android.gms:play-services-base:18.5.0) with AarTransform
Transforming play-services-base-18.5.0.aar (com.google.android.gms:play-services-base:18.5.0) with JetifyTransform
Transforming play-services-base-18.5.0.aar (com.google.android.gms:play-services-base:18.5.0) with ExtractAarTransform
Transforming play-services-base-18.5.0.aar (com.google.android.gms:play-services-base:18.5.0) with AarTransform
Transforming vision-interfaces-16.3.0.aar (com.google.mlkit:vision-interfaces:16.3.0) with JetifyTransform
Transforming vision-interfaces-16.3.0.aar (com.google.mlkit:vision-interfaces:16.3.0) with ExtractAarTransform
Transforming vision-interfaces-16.3.0.aar (com.google.mlkit:vision-interfaces:16.3.0) with AarTransform
Transforming recaptcha-18.4.0.aar (com.google.android.recaptcha:recaptcha:18.4.0) with JetifyTransform
Transforming recaptcha-18.4.0.aar (com.google.android.recaptcha:recaptcha:18.4.0) with ExtractAarTransform
Transforming recaptcha-18.4.0.aar (com.google.android.recaptcha:recaptcha:18.4.0) with AarTransform
Transforming integrity-1.2.0.aar (com.google.android.play:integrity:1.2.0) with JetifyTransform
Transforming integrity-1.2.0.aar (com.google.android.play:integrity:1.2.0) with ExtractAarTransform
Transforming integrity-1.2.0.aar (com.google.android.play:integrity:1.2.0) with AarTransform
Transforming integrity-1.2.0.aar (com.google.android.play:integrity:1.2.0) with JetifyTransform
Transforming integrity-1.2.0.aar (com.google.android.play:integrity:1.2.0) with ExtractAarTransform
Transforming integrity-1.2.0.aar (com.google.android.play:integrity:1.2.0) with AarTransform
Transforming firebase-auth-interop-20.0.0.aar (com.google.firebase:firebase-auth-interop:20.0.0) with JetifyTransform
Transforming firebase-auth-interop-20.0.0.aar (com.google.firebase:firebase-auth-interop:20.0.0) with ExtractAarTransform
Transforming firebase-auth-interop-20.0.0.aar (com.google.firebase:firebase-auth-interop:20.0.0) with AarTransform
Transforming firebase-common-ktx-20.4.2.aar (com.google.firebase:firebase-common-ktx:20.4.2) with JetifyTransform
Transforming firebase-common-ktx-20.4.2.aar (com.google.firebase:firebase-common-ktx:20.4.2) with ExtractAarTransform
Transforming firebase-common-ktx-20.4.2.aar (com.google.firebase:firebase-common-ktx:20.4.2) with AarTransform
Transforming firebase-common-20.4.2.aar (com.google.firebase:firebase-common:20.4.2) with JetifyTransform
Transforming firebase-common-20.4.2.aar (com.google.firebase:firebase-common:20.4.2) with ExtractAarTransform
Transforming firebase-common-20.4.2.aar (com.google.firebase:firebase-common:20.4.2) with AarTransform
Transforming firebase-common-20.4.2.aar (com.google.firebase:firebase-common:20.4.2) with JetifyTransform
Transforming firebase-common-20.4.2.aar (com.google.firebase:firebase-common:20.4.2) with ExtractAarTransform
Transforming firebase-common-20.4.2.aar (com.google.firebase:firebase-common:20.4.2) with AarTransform
Transforming firebase-common-20.4.2.aar (com.google.firebase:firebase-common:20.4.2) with JetifyTransform
Transforming firebase-common-20.4.2.aar (com.google.firebase:firebase-common:20.4.2) with ExtractAarTransform
Transforming firebase-common-20.4.2.aar (com.google.firebase:firebase-common:20.4.2) with AarTransform
Transforming room-runtime-2.6.1.aar (androidx.room:room-runtime:2.6.1) with JetifyTransform
Transforming room-runtime-2.6.1.aar (androidx.room:room-runtime:2.6.1) with ExtractAarTransform
Transforming room-runtime-2.6.1.aar (androidx.room:room-runtime:2.6.1) with AarTransform
Transforming room-ktx-2.6.1.aar (androidx.room:room-ktx:2.6.1) with JetifyTransform
Transforming room-ktx-2.6.1.aar (androidx.room:room-ktx:2.6.1) with ExtractAarTransform
Transforming room-ktx-2.6.1.aar (androidx.room:room-ktx:2.6.1) with AarTransform
Transforming runtime-saveable-release.aar (androidx.compose.runtime:runtime-saveable-android:1.6.1) with JetifyTransform
Transforming runtime-saveable-release.aar (androidx.compose.runtime:runtime-saveable-android:1.6.1) with ExtractAarTransform
Transforming runtime-saveable-release.aar (androidx.compose.runtime:runtime-saveable-android:1.6.1) with AarTransform
Transforming runtime-release.aar (androidx.compose.runtime:runtime-android:1.6.1) with JetifyTransform
Transforming runtime-release.aar (androidx.compose.runtime:runtime-android:1.6.1) with ExtractAarTransform
Transforming runtime-release.aar (androidx.compose.runtime:runtime-android:1.6.1) with AarTransform
Transforming accompanist-drawablepainter-0.32.0.aar (com.google.accompanist:accompanist-drawablepainter:0.32.0) with JetifyTransform
Transforming accompanist-drawablepainter-0.32.0.aar (com.google.accompanist:accompanist-drawablepainter:0.32.0) with ExtractAarTransform
Transforming accompanist-drawablepainter-0.32.0.aar (com.google.accompanist:accompanist-drawablepainter:0.32.0) with AarTransform
Transforming slidingpanelayout-1.2.0.aar (androidx.slidingpanelayout:slidingpanelayout:1.2.0) with JetifyTransform
Transforming slidingpanelayout-1.2.0.aar (androidx.slidingpanelayout:slidingpanelayout:1.2.0) with ExtractAarTransform
Transforming slidingpanelayout-1.2.0.aar (androidx.slidingpanelayout:slidingpanelayout:1.2.0) with AarTransform
Transforming window-1.0.0.aar (androidx.window:window:1.0.0) with JetifyTransform
Transforming window-1.0.0.aar (androidx.window:window:1.0.0) with ExtractAarTransform
Transforming window-1.0.0.aar (androidx.window:window:1.0.0) with AarTransform
Transforming dynamicanimation-1.0.0.aar (androidx.dynamicanimation:dynamicanimation:1.0.0) with JetifyTransform
Transforming dynamicanimation-1.0.0.aar (androidx.dynamicanimation:dynamicanimation:1.0.0) with ExtractAarTransform
Transforming dynamicanimation-1.0.0.aar (androidx.dynamicanimation:dynamicanimation:1.0.0) with AarTransform
Transforming legacy-support-core-utils-1.0.0.aar (androidx.legacy:legacy-support-core-utils:1.0.0) with JetifyTransform
Transforming legacy-support-core-utils-1.0.0.aar (androidx.legacy:legacy-support-core-utils:1.0.0) with ExtractAarTransform
Transforming legacy-support-core-utils-1.0.0.aar (androidx.legacy:legacy-support-core-utils:1.0.0) with AarTransform
Transforming loader-1.1.0.aar (androidx.loader:loader:1.1.0) with JetifyTransform
Transforming loader-1.1.0.aar (androidx.loader:loader:1.1.0) with ExtractAarTransform
Transforming loader-1.1.0.aar (androidx.loader:loader:1.1.0) with AarTransform
Transforming loader-1.1.0.aar (androidx.loader:loader:1.1.0) with JetifyTransform
Transforming loader-1.1.0.aar (androidx.loader:loader:1.1.0) with ExtractAarTransform
Transforming loader-1.1.0.aar (androidx.loader:loader:1.1.0) with AarTransform
Transforming loader-1.1.0.aar (androidx.loader:loader:1.1.0) with JetifyTransform
Transforming loader-1.1.0.aar (androidx.loader:loader:1.1.0) with ExtractAarTransform
Transforming loader-1.1.0.aar (androidx.loader:loader:1.1.0) with AarTransform
Transforming emoji2-views-helper-1.3.0.aar (androidx.emoji2:emoji2-views-helper:1.3.0) with JetifyTransform
Transforming emoji2-views-helper-1.3.0.aar (androidx.emoji2:emoji2-views-helper:1.3.0) with ExtractAarTransform
Transforming emoji2-views-helper-1.3.0.aar (androidx.emoji2:emoji2-views-helper:1.3.0) with AarTransform
Transforming emoji2-1.3.0.aar (androidx.emoji2:emoji2:1.3.0) with JetifyTransform
Transforming emoji2-1.3.0.aar (androidx.emoji2:emoji2:1.3.0) with ExtractAarTransform
Transforming emoji2-1.3.0.aar (androidx.emoji2:emoji2:1.3.0) with AarTransform
Transforming lifecycle-process-2.7.0.aar (androidx.lifecycle:lifecycle-process:2.7.0) with JetifyTransform
Transforming lifecycle-process-2.7.0.aar (androidx.lifecycle:lifecycle-process:2.7.0) with ExtractAarTransform
Transforming lifecycle-process-2.7.0.aar (androidx.lifecycle:lifecycle-process:2.7.0) with AarTransform
Transforming lifecycle-livedata-core-2.7.0.aar (androidx.lifecycle:lifecycle-livedata-core:2.7.0) with JetifyTransform
Transforming lifecycle-livedata-core-2.7.0.aar (androidx.lifecycle:lifecycle-livedata-core:2.7.0) with ExtractAarTransform
Transforming lifecycle-livedata-core-2.7.0.aar (androidx.lifecycle:lifecycle-livedata-core:2.7.0) with AarTransform
Transforming lifecycle-livedata-core-2.7.0.aar (androidx.lifecycle:lifecycle-livedata-core:2.7.0) with JetifyTransform
Transforming lifecycle-livedata-core-2.7.0.aar (androidx.lifecycle:lifecycle-livedata-core:2.7.0) with ExtractAarTransform
Transforming lifecycle-livedata-core-2.7.0.aar (androidx.lifecycle:lifecycle-livedata-core:2.7.0) with AarTransform
Transforming lifecycle-livedata-core-ktx-2.7.0.aar (androidx.lifecycle:lifecycle-livedata-core-ktx:2.7.0) with JetifyTransform
Transforming lifecycle-livedata-core-ktx-2.7.0.aar (androidx.lifecycle:lifecycle-livedata-core-ktx:2.7.0) with ExtractAarTransform
Transforming lifecycle-livedata-core-ktx-2.7.0.aar (androidx.lifecycle:lifecycle-livedata-core-ktx:2.7.0) with AarTransform
Transforming lifecycle-livedata-2.7.0.aar (androidx.lifecycle:lifecycle-livedata:2.7.0) with JetifyTransform
Transforming lifecycle-livedata-2.7.0.aar (androidx.lifecycle:lifecycle-livedata:2.7.0) with ExtractAarTransform
Transforming lifecycle-livedata-2.7.0.aar (androidx.lifecycle:lifecycle-livedata:2.7.0) with AarTransform
Transforming googleid-1.1.0.aar (com.google.android.libraries.identity.googleid:googleid:1.1.0) with JetifyTransform
Transforming googleid-1.1.0.aar (com.google.android.libraries.identity.googleid:googleid:1.1.0) with ExtractAarTransform
Transforming googleid-1.1.0.aar (com.google.android.libraries.identity.googleid:googleid:1.1.0) with AarTransform
Transforming credentials-1.0.0-alpha04.aar (androidx.credentials:credentials:1.0.0-alpha04) with JetifyTransform
Transforming credentials-1.0.0-alpha04.aar (androidx.credentials:credentials:1.0.0-alpha04) with ExtractAarTransform
Transforming credentials-1.0.0-alpha04.aar (androidx.credentials:credentials:1.0.0-alpha04) with AarTransform
Transforming play-services-tasks-18.2.0.aar (com.google.android.gms:play-services-tasks:18.2.0) with JetifyTransform
Transforming play-services-tasks-18.2.0.aar (com.google.android.gms:play-services-tasks:18.2.0) with ExtractAarTransform
Transforming play-services-tasks-18.2.0.aar (com.google.android.gms:play-services-tasks:18.2.0) with AarTransform
Transforming play-services-tasks-18.2.0.aar (com.google.android.gms:play-services-tasks:18.2.0) with JetifyTransform
Transforming play-services-tasks-18.2.0.aar (com.google.android.gms:play-services-tasks:18.2.0) with ExtractAarTransform
Transforming play-services-tasks-18.2.0.aar (com.google.android.gms:play-services-tasks:18.2.0) with AarTransform
Transforming play-services-tasks-18.2.0.aar (com.google.android.gms:play-services-tasks:18.2.0) with JetifyTransform
Transforming play-services-tasks-18.2.0.aar (com.google.android.gms:play-services-tasks:18.2.0) with ExtractAarTransform
Transforming play-services-tasks-18.2.0.aar (com.google.android.gms:play-services-tasks:18.2.0) with AarTransform
Transforming play-services-tasks-18.2.0.aar (com.google.android.gms:play-services-tasks:18.2.0) with JetifyTransform
Transforming play-services-tasks-18.2.0.aar (com.google.android.gms:play-services-tasks:18.2.0) with ExtractAarTransform
Transforming play-services-tasks-18.2.0.aar (com.google.android.gms:play-services-tasks:18.2.0) with AarTransform
Transforming play-services-tasks-18.2.0.aar (com.google.android.gms:play-services-tasks:18.2.0) with JetifyTransform
Transforming play-services-tasks-18.2.0.aar (com.google.android.gms:play-services-tasks:18.2.0) with ExtractAarTransform
Transforming play-services-tasks-18.2.0.aar (com.google.android.gms:play-services-tasks:18.2.0) with AarTransform
Transforming play-services-tasks-18.2.0.aar (com.google.android.gms:play-services-tasks:18.2.0) with JetifyTransform
Transforming play-services-tasks-18.2.0.aar (com.google.android.gms:play-services-tasks:18.2.0) with ExtractAarTransform
Transforming play-services-tasks-18.2.0.aar (com.google.android.gms:play-services-tasks:18.2.0) with AarTransform
Transforming play-services-tasks-18.2.0.aar (com.google.android.gms:play-services-tasks:18.2.0) with JetifyTransform
Transforming play-services-tasks-18.2.0.aar (com.google.android.gms:play-services-tasks:18.2.0) with ExtractAarTransform
Transforming play-services-tasks-18.2.0.aar (com.google.android.gms:play-services-tasks:18.2.0) with AarTransform
Transforming play-services-tasks-18.2.0.aar (com.google.android.gms:play-services-tasks:18.2.0) with JetifyTransform
Transforming play-services-tasks-18.2.0.aar (com.google.android.gms:play-services-tasks:18.2.0) with ExtractAarTransform
Transforming play-services-tasks-18.2.0.aar (com.google.android.gms:play-services-tasks:18.2.0) with AarTransform
Transforming play-services-tasks-18.2.0.aar (com.google.android.gms:play-services-tasks:18.2.0) with JetifyTransform
Transforming play-services-tasks-18.2.0.aar (com.google.android.gms:play-services-tasks:18.2.0) with ExtractAarTransform
Transforming play-services-tasks-18.2.0.aar (com.google.android.gms:play-services-tasks:18.2.0) with AarTransform
Transforming play-services-tasks-18.2.0.aar (com.google.android.gms:play-services-tasks:18.2.0) with JetifyTransform
Transforming play-services-tasks-18.2.0.aar (com.google.android.gms:play-services-tasks:18.2.0) with ExtractAarTransform
Transforming play-services-tasks-18.2.0.aar (com.google.android.gms:play-services-tasks:18.2.0) with AarTransform
Transforming play-services-tasks-18.2.0.aar (com.google.android.gms:play-services-tasks:18.2.0) with JetifyTransform
Transforming play-services-tasks-18.2.0.aar (com.google.android.gms:play-services-tasks:18.2.0) with ExtractAarTransform
Transforming play-services-tasks-18.2.0.aar (com.google.android.gms:play-services-tasks:18.2.0) with AarTransform
Transforming play-services-tasks-18.2.0.aar (com.google.android.gms:play-services-tasks:18.2.0) with JetifyTransform
Transforming play-services-tasks-18.2.0.aar (com.google.android.gms:play-services-tasks:18.2.0) with ExtractAarTransform
Transforming play-services-tasks-18.2.0.aar (com.google.android.gms:play-services-tasks:18.2.0) with AarTransform
Transforming play-services-tasks-18.2.0.aar (com.google.android.gms:play-services-tasks:18.2.0) with JetifyTransform
Transforming play-services-tasks-18.2.0.aar (com.google.android.gms:play-services-tasks:18.2.0) with ExtractAarTransform
Transforming play-services-tasks-18.2.0.aar (com.google.android.gms:play-services-tasks:18.2.0) with AarTransform
Transforming play-services-tasks-18.2.0.aar (com.google.android.gms:play-services-tasks:18.2.0) with JetifyTransform
Transforming play-services-tasks-18.2.0.aar (com.google.android.gms:play-services-tasks:18.2.0) with ExtractAarTransform
Transforming play-services-tasks-18.2.0.aar (com.google.android.gms:play-services-tasks:18.2.0) with AarTransform
Transforming play-services-tasks-18.2.0.aar (com.google.android.gms:play-services-tasks:18.2.0) with JetifyTransform
Transforming play-services-tasks-18.2.0.aar (com.google.android.gms:play-services-tasks:18.2.0) with ExtractAarTransform
Transforming play-services-tasks-18.2.0.aar (com.google.android.gms:play-services-tasks:18.2.0) with AarTransform
Transforming play-services-tasks-18.2.0.aar (com.google.android.gms:play-services-tasks:18.2.0) with JetifyTransform
Transforming play-services-tasks-18.2.0.aar (com.google.android.gms:play-services-tasks:18.2.0) with ExtractAarTransform
Transforming play-services-tasks-18.2.0.aar (com.google.android.gms:play-services-tasks:18.2.0) with AarTransform
Transforming play-services-basement-18.4.0.aar (com.google.android.gms:play-services-basement:18.4.0) with JetifyTransform
Transforming play-services-basement-18.4.0.aar (com.google.android.gms:play-services-basement:18.4.0) with ExtractAarTransform
Transforming play-services-basement-18.4.0.aar (com.google.android.gms:play-services-basement:18.4.0) with AarTransform
Transforming play-services-basement-18.4.0.aar (com.google.android.gms:play-services-basement:18.4.0) with JetifyTransform
Transforming play-services-basement-18.4.0.aar (com.google.android.gms:play-services-basement:18.4.0) with ExtractAarTransform
Transforming play-services-basement-18.4.0.aar (com.google.android.gms:play-services-basement:18.4.0) with AarTransform
Transforming play-services-basement-18.4.0.aar (com.google.android.gms:play-services-basement:18.4.0) with JetifyTransform
Transforming play-services-basement-18.4.0.aar (com.google.android.gms:play-services-basement:18.4.0) with ExtractAarTransform
Transforming play-services-basement-18.4.0.aar (com.google.android.gms:play-services-basement:18.4.0) with AarTransform
Transforming play-services-basement-18.4.0.aar (com.google.android.gms:play-services-basement:18.4.0) with JetifyTransform
Transforming play-services-basement-18.4.0.aar (com.google.android.gms:play-services-basement:18.4.0) with ExtractAarTransform
Transforming play-services-basement-18.4.0.aar (com.google.android.gms:play-services-basement:18.4.0) with AarTransform
Transforming play-services-basement-18.4.0.aar (com.google.android.gms:play-services-basement:18.4.0) with JetifyTransform
Transforming play-services-basement-18.4.0.aar (com.google.android.gms:play-services-basement:18.4.0) with ExtractAarTransform
Transforming play-services-basement-18.4.0.aar (com.google.android.gms:play-services-basement:18.4.0) with AarTransform
Transforming play-services-basement-18.4.0.aar (com.google.android.gms:play-services-basement:18.4.0) with JetifyTransform
Transforming play-services-basement-18.4.0.aar (com.google.android.gms:play-services-basement:18.4.0) with ExtractAarTransform
Transforming play-services-basement-18.4.0.aar (com.google.android.gms:play-services-basement:18.4.0) with AarTransform
Transforming play-services-basement-18.4.0.aar (com.google.android.gms:play-services-basement:18.4.0) with JetifyTransform
Transforming play-services-basement-18.4.0.aar (com.google.android.gms:play-services-basement:18.4.0) with ExtractAarTransform
Transforming play-services-basement-18.4.0.aar (com.google.android.gms:play-services-basement:18.4.0) with AarTransform
Transforming play-services-basement-18.4.0.aar (com.google.android.gms:play-services-basement:18.4.0) with JetifyTransform
Transforming play-services-basement-18.4.0.aar (com.google.android.gms:play-services-basement:18.4.0) with ExtractAarTransform
Transforming play-services-basement-18.4.0.aar (com.google.android.gms:play-services-basement:18.4.0) with AarTransform
Transforming play-services-basement-18.4.0.aar (com.google.android.gms:play-services-basement:18.4.0) with JetifyTransform
Transforming play-services-basement-18.4.0.aar (com.google.android.gms:play-services-basement:18.4.0) with ExtractAarTransform
Transforming play-services-basement-18.4.0.aar (com.google.android.gms:play-services-basement:18.4.0) with AarTransform
Transforming play-services-basement-18.4.0.aar (com.google.android.gms:play-services-basement:18.4.0) with JetifyTransform
Transforming play-services-basement-18.4.0.aar (com.google.android.gms:play-services-basement:18.4.0) with ExtractAarTransform
Transforming play-services-basement-18.4.0.aar (com.google.android.gms:play-services-basement:18.4.0) with AarTransform
Transforming play-services-basement-18.4.0.aar (com.google.android.gms:play-services-basement:18.4.0) with JetifyTransform
Transforming play-services-basement-18.4.0.aar (com.google.android.gms:play-services-basement:18.4.0) with ExtractAarTransform
Transforming play-services-basement-18.4.0.aar (com.google.android.gms:play-services-basement:18.4.0) with AarTransform
Transforming play-services-basement-18.4.0.aar (com.google.android.gms:play-services-basement:18.4.0) with JetifyTransform
Transforming play-services-basement-18.4.0.aar (com.google.android.gms:play-services-basement:18.4.0) with ExtractAarTransform
Transforming play-services-basement-18.4.0.aar (com.google.android.gms:play-services-basement:18.4.0) with AarTransform
Transforming play-services-basement-18.4.0.aar (com.google.android.gms:play-services-basement:18.4.0) with JetifyTransform
Transforming play-services-basement-18.4.0.aar (com.google.android.gms:play-services-basement:18.4.0) with ExtractAarTransform
Transforming play-services-basement-18.4.0.aar (com.google.android.gms:play-services-basement:18.4.0) with AarTransform
Transforming play-services-basement-18.4.0.aar (com.google.android.gms:play-services-basement:18.4.0) with JetifyTransform
Transforming play-services-basement-18.4.0.aar (com.google.android.gms:play-services-basement:18.4.0) with ExtractAarTransform
Transforming play-services-basement-18.4.0.aar (com.google.android.gms:play-services-basement:18.4.0) with AarTransform
Transforming play-services-basement-18.4.0.aar (com.google.android.gms:play-services-basement:18.4.0) with JetifyTransform
Transforming play-services-basement-18.4.0.aar (com.google.android.gms:play-services-basement:18.4.0) with ExtractAarTransform
Transforming play-services-basement-18.4.0.aar (com.google.android.gms:play-services-basement:18.4.0) with AarTransform
Transforming play-services-basement-18.4.0.aar (com.google.android.gms:play-services-basement:18.4.0) with JetifyTransform
Transforming play-services-basement-18.4.0.aar (com.google.android.gms:play-services-basement:18.4.0) with ExtractAarTransform
Transforming play-services-basement-18.4.0.aar (com.google.android.gms:play-services-basement:18.4.0) with AarTransform
Transforming fragment-1.6.2.aar (androidx.fragment:fragment:1.6.2) with JetifyTransform
Transforming fragment-1.6.2.aar (androidx.fragment:fragment:1.6.2) with ExtractAarTransform
Transforming fragment-1.6.2.aar (androidx.fragment:fragment:1.6.2) with AarTransform
Transforming fragment-1.6.2.aar (androidx.fragment:fragment:1.6.2) with JetifyTransform
Transforming fragment-1.6.2.aar (androidx.fragment:fragment:1.6.2) with ExtractAarTransform
Transforming fragment-1.6.2.aar (androidx.fragment:fragment:1.6.2) with AarTransform
Transforming fragment-1.6.2.aar (androidx.fragment:fragment:1.6.2) with JetifyTransform
Transforming fragment-1.6.2.aar (androidx.fragment:fragment:1.6.2) with ExtractAarTransform
Transforming fragment-1.6.2.aar (androidx.fragment:fragment:1.6.2) with AarTransform
Transforming fragment-1.6.2.aar (androidx.fragment:fragment:1.6.2) with JetifyTransform
Transforming fragment-1.6.2.aar (androidx.fragment:fragment:1.6.2) with ExtractAarTransform
Transforming fragment-1.6.2.aar (androidx.fragment:fragment:1.6.2) with AarTransform
Transforming fragment-1.6.2.aar (androidx.fragment:fragment:1.6.2) with JetifyTransform
Transforming fragment-1.6.2.aar (androidx.fragment:fragment:1.6.2) with ExtractAarTransform
Transforming fragment-1.6.2.aar (androidx.fragment:fragment:1.6.2) with AarTransform
Transforming fragment-1.6.2.aar (androidx.fragment:fragment:1.6.2) with JetifyTransform
Transforming fragment-1.6.2.aar (androidx.fragment:fragment:1.6.2) with ExtractAarTransform
Transforming fragment-1.6.2.aar (androidx.fragment:fragment:1.6.2) with AarTransform
Transforming fragment-ktx-1.6.2.aar (androidx.fragment:fragment-ktx:1.6.2) with JetifyTransform
Transforming fragment-ktx-1.6.2.aar (androidx.fragment:fragment-ktx:1.6.2) with ExtractAarTransform
Transforming fragment-ktx-1.6.2.aar (androidx.fragment:fragment-ktx:1.6.2) with AarTransform
Transforming savedstate-ktx-1.2.1.aar (androidx.savedstate:savedstate-ktx:1.2.1) with JetifyTransform
Transforming savedstate-ktx-1.2.1.aar (androidx.savedstate:savedstate-ktx:1.2.1) with ExtractAarTransform
Transforming savedstate-ktx-1.2.1.aar (androidx.savedstate:savedstate-ktx:1.2.1) with AarTransform
Transforming savedstate-1.2.1.aar (androidx.savedstate:savedstate:1.2.1) with JetifyTransform
Transforming savedstate-1.2.1.aar (androidx.savedstate:savedstate:1.2.1) with ExtractAarTransform
Transforming savedstate-1.2.1.aar (androidx.savedstate:savedstate:1.2.1) with AarTransform
Transforming lifecycle-runtime-ktx-2.7.0.aar (androidx.lifecycle:lifecycle-runtime-ktx:2.7.0) with JetifyTransform
Transforming lifecycle-runtime-ktx-2.7.0.aar (androidx.lifecycle:lifecycle-runtime-ktx:2.7.0) with ExtractAarTransform
Transforming lifecycle-runtime-ktx-2.7.0.aar (androidx.lifecycle:lifecycle-runtime-ktx:2.7.0) with AarTransform
Transforming lifecycle-viewmodel-savedstate-2.7.0.aar (androidx.lifecycle:lifecycle-viewmodel-savedstate:2.7.0) with JetifyTransform
Transforming lifecycle-viewmodel-savedstate-2.7.0.aar (androidx.lifecycle:lifecycle-viewmodel-savedstate:2.7.0) with ExtractAarTransform
Transforming lifecycle-viewmodel-savedstate-2.7.0.aar (androidx.lifecycle:lifecycle-viewmodel-savedstate:2.7.0) with AarTransform
Transforming lifecycle-viewmodel-compose-2.7.0.aar (androidx.lifecycle:lifecycle-viewmodel-compose:2.7.0) with JetifyTransform
Transforming lifecycle-viewmodel-compose-2.7.0.aar (androidx.lifecycle:lifecycle-viewmodel-compose:2.7.0) with ExtractAarTransform
Transforming lifecycle-viewmodel-compose-2.7.0.aar (androidx.lifecycle:lifecycle-viewmodel-compose:2.7.0) with AarTransform
Transforming lifecycle-viewmodel-2.7.0.aar (androidx.lifecycle:lifecycle-viewmodel:2.7.0) with JetifyTransform
Transforming lifecycle-viewmodel-2.7.0.aar (androidx.lifecycle:lifecycle-viewmodel:2.7.0) with ExtractAarTransform
Transforming lifecycle-viewmodel-2.7.0.aar (androidx.lifecycle:lifecycle-viewmodel:2.7.0) with AarTransform
Transforming lifecycle-viewmodel-2.7.0.aar (androidx.lifecycle:lifecycle-viewmodel:2.7.0) with JetifyTransform
Transforming lifecycle-viewmodel-2.7.0.aar (androidx.lifecycle:lifecycle-viewmodel:2.7.0) with ExtractAarTransform
Transforming lifecycle-viewmodel-2.7.0.aar (androidx.lifecycle:lifecycle-viewmodel:2.7.0) with AarTransform
Transforming lifecycle-runtime-2.7.0.aar (androidx.lifecycle:lifecycle-runtime:2.7.0) with JetifyTransform
Transforming lifecycle-runtime-2.7.0.aar (androidx.lifecycle:lifecycle-runtime:2.7.0) with ExtractAarTransform
Transforming lifecycle-runtime-2.7.0.aar (androidx.lifecycle:lifecycle-runtime:2.7.0) with AarTransform
Transforming lifecycle-livedata-ktx-2.7.0.aar (androidx.lifecycle:lifecycle-livedata-ktx:2.7.0) with JetifyTransform
Transforming lifecycle-livedata-ktx-2.7.0.aar (androidx.lifecycle:lifecycle-livedata-ktx:2.7.0) with ExtractAarTransform
Transforming lifecycle-livedata-ktx-2.7.0.aar (androidx.lifecycle:lifecycle-livedata-ktx:2.7.0) with AarTransform
Transforming lifecycle-viewmodel-ktx-2.7.0.aar (androidx.lifecycle:lifecycle-viewmodel-ktx:2.7.0) with JetifyTransform
Transforming lifecycle-viewmodel-ktx-2.7.0.aar (androidx.lifecycle:lifecycle-viewmodel-ktx:2.7.0) with ExtractAarTransform
Transforming lifecycle-viewmodel-ktx-2.7.0.aar (androidx.lifecycle:lifecycle-viewmodel-ktx:2.7.0) with AarTransform
Transforming lifecycle-runtime-compose-2.7.0.aar (androidx.lifecycle:lifecycle-runtime-compose:2.7.0) with JetifyTransform
Transforming lifecycle-runtime-compose-2.7.0.aar (androidx.lifecycle:lifecycle-runtime-compose:2.7.0) with ExtractAarTransform
Transforming lifecycle-runtime-compose-2.7.0.aar (androidx.lifecycle:lifecycle-runtime-compose:2.7.0) with AarTransform
Transforming ui-release.aar (androidx.compose.ui:ui-android:1.6.1) with JetifyTransform
Transforming ui-release.aar (androidx.compose.ui:ui-android:1.6.1) with ExtractAarTransform
Transforming ui-release.aar (androidx.compose.ui:ui-android:1.6.1) with AarTransform
Transforming activity-ktx-1.8.2.aar (androidx.activity:activity-ktx:1.8.2) with JetifyTransform
Transforming activity-ktx-1.8.2.aar (androidx.activity:activity-ktx:1.8.2) with ExtractAarTransform
Transforming activity-ktx-1.8.2.aar (androidx.activity:activity-ktx:1.8.2) with AarTransform
Transforming activity-compose-1.8.2.aar (androidx.activity:activity-compose:1.8.2) with JetifyTransform
Transforming activity-compose-1.8.2.aar (androidx.activity:activity-compose:1.8.2) with ExtractAarTransform
Transforming activity-compose-1.8.2.aar (androidx.activity:activity-compose:1.8.2) with AarTransform
Transforming activity-1.8.2.aar (androidx.activity:activity:1.8.2) with JetifyTransform
Transforming activity-1.8.2.aar (androidx.activity:activity:1.8.2) with ExtractAarTransform
Transforming activity-1.8.2.aar (androidx.activity:activity:1.8.2) with AarTransform
Transforming drawerlayout-1.1.1.aar (androidx.drawerlayout:drawerlayout:1.1.1) with JetifyTransform
Transforming drawerlayout-1.1.1.aar (androidx.drawerlayout:drawerlayout:1.1.1) with ExtractAarTransform
Transforming drawerlayout-1.1.1.aar (androidx.drawerlayout:drawerlayout:1.1.1) with AarTransform
Transforming coordinatorlayout-1.1.0.aar (androidx.coordinatorlayout:coordinatorlayout:1.1.0) with JetifyTransform
Transforming coordinatorlayout-1.1.0.aar (androidx.coordinatorlayout:coordinatorlayout:1.1.0) with ExtractAarTransform
Transforming coordinatorlayout-1.1.0.aar (androidx.coordinatorlayout:coordinatorlayout:1.1.0) with AarTransform
Transforming vectordrawable-animated-1.1.0.aar (androidx.vectordrawable:vectordrawable-animated:1.1.0) with JetifyTransform
Transforming vectordrawable-animated-1.1.0.aar (androidx.vectordrawable:vectordrawable-animated:1.1.0) with ExtractAarTransform
Transforming vectordrawable-animated-1.1.0.aar (androidx.vectordrawable:vectordrawable-animated:1.1.0) with AarTransform
Transforming vectordrawable-1.1.0.aar (androidx.vectordrawable:vectordrawable:1.1.0) with JetifyTransform
Transforming vectordrawable-1.1.0.aar (androidx.vectordrawable:vectordrawable:1.1.0) with ExtractAarTransform
Transforming vectordrawable-1.1.0.aar (androidx.vectordrawable:vectordrawable:1.1.0) with AarTransform
Transforming vectordrawable-1.1.0.aar (androidx.vectordrawable:vectordrawable:1.1.0) with JetifyTransform
Transforming vectordrawable-1.1.0.aar (androidx.vectordrawable:vectordrawable:1.1.0) with ExtractAarTransform
Transforming vectordrawable-1.1.0.aar (androidx.vectordrawable:vectordrawable:1.1.0) with AarTransform
Transforming recyclerview-1.1.0.aar (androidx.recyclerview:recyclerview:1.1.0) with JetifyTransform
Transforming recyclerview-1.1.0.aar (androidx.recyclerview:recyclerview:1.1.0) with ExtractAarTransform
Transforming recyclerview-1.1.0.aar (androidx.recyclerview:recyclerview:1.1.0) with AarTransform
Transforming recyclerview-1.1.0.aar (androidx.recyclerview:recyclerview:1.1.0) with JetifyTransform
Transforming recyclerview-1.1.0.aar (androidx.recyclerview:recyclerview:1.1.0) with ExtractAarTransform
Transforming recyclerview-1.1.0.aar (androidx.recyclerview:recyclerview:1.1.0) with AarTransform
Transforming viewpager-1.0.0.aar (androidx.viewpager:viewpager:1.0.0) with JetifyTransform
Transforming viewpager-1.0.0.aar (androidx.viewpager:viewpager:1.0.0) with ExtractAarTransform
Transforming viewpager-1.0.0.aar (androidx.viewpager:viewpager:1.0.0) with AarTransform
Transforming customview-1.1.0.aar (androidx.customview:customview:1.1.0) with JetifyTransform
Transforming customview-1.1.0.aar (androidx.customview:customview:1.1.0) with ExtractAarTransform
Transforming customview-1.1.0.aar (androidx.customview:customview:1.1.0) with AarTransform
Transforming customview-1.1.0.aar (androidx.customview:customview:1.1.0) with JetifyTransform
Transforming customview-1.1.0.aar (androidx.customview:customview:1.1.0) with ExtractAarTransform
Transforming customview-1.1.0.aar (androidx.customview:customview:1.1.0) with AarTransform
Transforming browser-1.4.0.aar (androidx.browser:browser:1.4.0) with JetifyTransform
Transforming browser-1.4.0.aar (androidx.browser:browser:1.4.0) with ExtractAarTransform
Transforming browser-1.4.0.aar (androidx.browser:browser:1.4.0) with AarTransform
Transforming autofill-1.0.0.aar (androidx.autofill:autofill:1.0.0) with JetifyTransform
Transforming autofill-1.0.0.aar (androidx.autofill:autofill:1.0.0) with ExtractAarTransform
Transforming autofill-1.0.0.aar (androidx.autofill:autofill:1.0.0) with AarTransform
Transforming transition-1.4.1.aar (androidx.transition:transition:1.4.1) with JetifyTransform
Transforming transition-1.4.1.aar (androidx.transition:transition:1.4.1) with ExtractAarTransform
Transforming transition-1.4.1.aar (androidx.transition:transition:1.4.1) with AarTransform
Transforming core-1.12.0.aar (androidx.core:core:1.12.0) with JetifyTransform
Transforming core-1.12.0.aar (androidx.core:core:1.12.0) with ExtractAarTransform
Transforming core-1.12.0.aar (androidx.core:core:1.12.0) with AarTransform
Transforming core-1.12.0.aar (androidx.core:core:1.12.0) with JetifyTransform
Transforming core-1.12.0.aar (androidx.core:core:1.12.0) with ExtractAarTransform
Transforming core-1.12.0.aar (androidx.core:core:1.12.0) with AarTransform
Transforming customview-poolingcontainer-1.0.0.aar (androidx.customview:customview-poolingcontainer:1.0.0) with JetifyTransform
Transforming customview-poolingcontainer-1.0.0.aar (androidx.customview:customview-poolingcontainer:1.0.0) with ExtractAarTransform
Transforming customview-poolingcontainer-1.0.0.aar (androidx.customview:customview-poolingcontainer:1.0.0) with AarTransform
Transforming core-ktx-1.12.0.aar (androidx.core:core-ktx:1.12.0) with JetifyTransform
Transforming core-ktx-1.12.0.aar (androidx.core:core-ktx:1.12.0) with ExtractAarTransform
Transforming core-ktx-1.12.0.aar (androidx.core:core-ktx:1.12.0) with AarTransform
Transforming core-splashscreen-1.0.1.aar (androidx.core:core-splashscreen:1.0.1) with JetifyTransform
Transforming core-splashscreen-1.0.1.aar (androidx.core:core-splashscreen:1.0.1) with ExtractAarTransform
Transforming core-splashscreen-1.0.1.aar (androidx.core:core-splashscreen:1.0.1) with AarTransform
Transforming sqlite-framework-2.4.0.aar (androidx.sqlite:sqlite-framework:2.4.0) with JetifyTransform
Transforming sqlite-framework-2.4.0.aar (androidx.sqlite:sqlite-framework:2.4.0) with ExtractAarTransform
Transforming sqlite-framework-2.4.0.aar (androidx.sqlite:sqlite-framework:2.4.0) with AarTransform
Transforming sqlite-2.4.0.aar (androidx.sqlite:sqlite:2.4.0) with JetifyTransform
Transforming sqlite-2.4.0.aar (androidx.sqlite:sqlite:2.4.0) with ExtractAarTransform
Transforming sqlite-2.4.0.aar (androidx.sqlite:sqlite:2.4.0) with AarTransform
Transforming annotation-experimental-1.4.0.aar (androidx.annotation:annotation-experimental:1.4.0) with JetifyTransform
Transforming annotation-experimental-1.4.0.aar (androidx.annotation:annotation-experimental:1.4.0) with ExtractAarTransform
Transforming annotation-experimental-1.4.0.aar (androidx.annotation:annotation-experimental:1.4.0) with AarTransform
Transforming versionedparcelable-1.1.1.aar (androidx.versionedparcelable:versionedparcelable:1.1.1) with JetifyTransform
Transforming versionedparcelable-1.1.1.aar (androidx.versionedparcelable:versionedparcelable:1.1.1) with ExtractAarTransform
Transforming versionedparcelable-1.1.1.aar (androidx.versionedparcelable:versionedparcelable:1.1.1) with AarTransform
Transforming MPAndroidChart-3.1.0.aar (com.github.PhilJay:MPAndroidChart:3.1.0) with JetifyTransform
Transforming MPAndroidChart-3.1.0.aar (com.github.PhilJay:MPAndroidChart:3.1.0) with ExtractAarTransform
Transforming MPAndroidChart-3.1.0.aar (com.github.PhilJay:MPAndroidChart:3.1.0) with AarTransform
Transforming cursoradapter-1.0.0.aar (androidx.cursoradapter:cursoradapter:1.0.0) with JetifyTransform
Transforming cursoradapter-1.0.0.aar (androidx.cursoradapter:cursoradapter:1.0.0) with ExtractAarTransform
Transforming cursoradapter-1.0.0.aar (androidx.cursoradapter:cursoradapter:1.0.0) with AarTransform
Transforming cardview-1.0.0.aar (androidx.cardview:cardview:1.0.0) with JetifyTransform
Transforming cardview-1.0.0.aar (androidx.cardview:cardview:1.0.0) with ExtractAarTransform
Transforming cardview-1.0.0.aar (androidx.cardview:cardview:1.0.0) with AarTransform
Transforming profileinstaller-1.3.1.aar (androidx.profileinstaller:profileinstaller:1.3.1) with JetifyTransform
Transforming profileinstaller-1.3.1.aar (androidx.profileinstaller:profileinstaller:1.3.1) with ExtractAarTransform
Transforming profileinstaller-1.3.1.aar (androidx.profileinstaller:profileinstaller:1.3.1) with AarTransform
Transforming startup-runtime-1.1.1.aar (androidx.startup:startup-runtime:1.1.1) with JetifyTransform
Transforming startup-runtime-1.1.1.aar (androidx.startup:startup-runtime:1.1.1) with ExtractAarTransform
Transforming startup-runtime-1.1.1.aar (androidx.startup:startup-runtime:1.1.1) with AarTransform
Transforming tracing-1.0.0.aar (androidx.tracing:tracing:1.0.0) with JetifyTransform
Transforming tracing-1.0.0.aar (androidx.tracing:tracing:1.0.0) with ExtractAarTransform
Transforming tracing-1.0.0.aar (androidx.tracing:tracing:1.0.0) with AarTransform
Transforming core-runtime-2.2.0.aar (androidx.arch.core:core-runtime:2.2.0) with JetifyTransform
Transforming core-runtime-2.2.0.aar (androidx.arch.core:core-runtime:2.2.0) with ExtractAarTransform
Transforming core-runtime-2.2.0.aar (androidx.arch.core:core-runtime:2.2.0) with AarTransform
Transforming transport-backend-cct-2.3.3.aar (com.google.android.datatransport:transport-backend-cct:2.3.3) with JetifyTransform
Transforming transport-backend-cct-2.3.3.aar (com.google.android.datatransport:transport-backend-cct:2.3.3) with ExtractAarTransform
Transforming transport-backend-cct-2.3.3.aar (com.google.android.datatransport:transport-backend-cct:2.3.3) with AarTransform
Transforming transport-backend-cct-2.3.3.aar (com.google.android.datatransport:transport-backend-cct:2.3.3) with JetifyTransform
Transforming transport-backend-cct-2.3.3.aar (com.google.android.datatransport:transport-backend-cct:2.3.3) with ExtractAarTransform
Transforming transport-backend-cct-2.3.3.aar (com.google.android.datatransport:transport-backend-cct:2.3.3) with AarTransform
Transforming transport-runtime-2.2.6.aar (com.google.android.datatransport:transport-runtime:2.2.6) with JetifyTransform
Transforming transport-runtime-2.2.6.aar (com.google.android.datatransport:transport-runtime:2.2.6) with ExtractAarTransform
Transforming transport-runtime-2.2.6.aar (com.google.android.datatransport:transport-runtime:2.2.6) with AarTransform
Transforming transport-runtime-2.2.6.aar (com.google.android.datatransport:transport-runtime:2.2.6) with JetifyTransform
Transforming transport-runtime-2.2.6.aar (com.google.android.datatransport:transport-runtime:2.2.6) with ExtractAarTransform
Transforming transport-runtime-2.2.6.aar (com.google.android.datatransport:transport-runtime:2.2.6) with AarTransform
Transforming transport-runtime-2.2.6.aar (com.google.android.datatransport:transport-runtime:2.2.6) with JetifyTransform
Transforming transport-runtime-2.2.6.aar (com.google.android.datatransport:transport-runtime:2.2.6) with ExtractAarTransform
Transforming transport-runtime-2.2.6.aar (com.google.android.datatransport:transport-runtime:2.2.6) with AarTransform
Transforming transport-api-2.2.1.aar (com.google.android.datatransport:transport-api:2.2.1) with JetifyTransform
Transforming transport-api-2.2.1.aar (com.google.android.datatransport:transport-api:2.2.1) with ExtractAarTransform
Transforming transport-api-2.2.1.aar (com.google.android.datatransport:transport-api:2.2.1) with AarTransform
Transforming transport-api-2.2.1.aar (com.google.android.datatransport:transport-api:2.2.1) with JetifyTransform
Transforming transport-api-2.2.1.aar (com.google.android.datatransport:transport-api:2.2.1) with ExtractAarTransform
Transforming transport-api-2.2.1.aar (com.google.android.datatransport:transport-api:2.2.1) with AarTransform
Transforming transport-api-2.2.1.aar (com.google.android.datatransport:transport-api:2.2.1) with JetifyTransform
Transforming transport-api-2.2.1.aar (com.google.android.datatransport:transport-api:2.2.1) with ExtractAarTransform
Transforming transport-api-2.2.1.aar (com.google.android.datatransport:transport-api:2.2.1) with AarTransform
Transforming transport-api-2.2.1.aar (com.google.android.datatransport:transport-api:2.2.1) with JetifyTransform
Transforming transport-api-2.2.1.aar (com.google.android.datatransport:transport-api:2.2.1) with ExtractAarTransform
Transforming transport-api-2.2.1.aar (com.google.android.datatransport:transport-api:2.2.1) with AarTransform
Transforming transport-api-2.2.1.aar (com.google.android.datatransport:transport-api:2.2.1) with JetifyTransform
Transforming transport-api-2.2.1.aar (com.google.android.datatransport:transport-api:2.2.1) with ExtractAarTransform
Transforming transport-api-2.2.1.aar (com.google.android.datatransport:transport-api:2.2.1) with AarTransform
Transforming firebase-encoders-json-17.1.0.aar (com.google.firebase:firebase-encoders-json:17.1.0) with JetifyTransform
Transforming firebase-encoders-json-17.1.0.aar (com.google.firebase:firebase-encoders-json:17.1.0) with ExtractAarTransform
Transforming firebase-encoders-json-17.1.0.aar (com.google.firebase:firebase-encoders-json:17.1.0) with AarTransform
Transforming firebase-encoders-json-17.1.0.aar (com.google.firebase:firebase-encoders-json:17.1.0) with JetifyTransform
Transforming firebase-encoders-json-17.1.0.aar (com.google.firebase:firebase-encoders-json:17.1.0) with ExtractAarTransform
Transforming firebase-encoders-json-17.1.0.aar (com.google.firebase:firebase-encoders-json:17.1.0) with AarTransform
Transforming firebase-encoders-json-17.1.0.aar (com.google.firebase:firebase-encoders-json:17.1.0) with JetifyTransform
Transforming firebase-encoders-json-17.1.0.aar (com.google.firebase:firebase-encoders-json:17.1.0) with ExtractAarTransform
Transforming firebase-encoders-json-17.1.0.aar (com.google.firebase:firebase-encoders-json:17.1.0) with AarTransform
Transforming firebase-encoders-json-17.1.0.aar (com.google.firebase:firebase-encoders-json:17.1.0) with JetifyTransform
Transforming firebase-encoders-json-17.1.0.aar (com.google.firebase:firebase-encoders-json:17.1.0) with ExtractAarTransform
Transforming firebase-encoders-json-17.1.0.aar (com.google.firebase:firebase-encoders-json:17.1.0) with AarTransform
Transforming interpolator-1.0.0.aar (androidx.interpolator:interpolator:1.0.0) with JetifyTransform
Transforming interpolator-1.0.0.aar (androidx.interpolator:interpolator:1.0.0) with ExtractAarTransform
Transforming interpolator-1.0.0.aar (androidx.interpolator:interpolator:1.0.0) with AarTransform
Transforming interpolator-1.0.0.aar (androidx.interpolator:interpolator:1.0.0) with JetifyTransform
Transforming interpolator-1.0.0.aar (androidx.interpolator:interpolator:1.0.0) with ExtractAarTransform
Transforming interpolator-1.0.0.aar (androidx.interpolator:interpolator:1.0.0) with AarTransform
Transforming firebase-components-17.1.5.aar (com.google.firebase:firebase-components:17.1.5) with JetifyTransform
Transforming firebase-components-17.1.5.aar (com.google.firebase:firebase-components:17.1.5) with ExtractAarTransform
Transforming firebase-components-17.1.5.aar (com.google.firebase:firebase-components:17.1.5) with AarTransform
Transforming firebase-components-17.1.5.aar (com.google.firebase:firebase-components:17.1.5) with JetifyTransform
Transforming firebase-components-17.1.5.aar (com.google.firebase:firebase-components:17.1.5) with ExtractAarTransform
Transforming firebase-components-17.1.5.aar (com.google.firebase:firebase-components:17.1.5) with AarTransform
Transforming firebase-components-17.1.5.aar (com.google.firebase:firebase-components:17.1.5) with JetifyTransform
Transforming firebase-components-17.1.5.aar (com.google.firebase:firebase-components:17.1.5) with ExtractAarTransform
Transforming firebase-components-17.1.5.aar (com.google.firebase:firebase-components:17.1.5) with AarTransform
Transforming firebase-components-17.1.5.aar (com.google.firebase:firebase-components:17.1.5) with JetifyTransform
Transforming firebase-components-17.1.5.aar (com.google.firebase:firebase-components:17.1.5) with ExtractAarTransform
Transforming firebase-components-17.1.5.aar (com.google.firebase:firebase-components:17.1.5) with AarTransform
Transforming firebase-components-17.1.5.aar (com.google.firebase:firebase-components:17.1.5) with JetifyTransform
Transforming firebase-components-17.1.5.aar (com.google.firebase:firebase-components:17.1.5) with ExtractAarTransform
Transforming firebase-components-17.1.5.aar (com.google.firebase:firebase-components:17.1.5) with AarTransform
Transforming localbroadcastmanager-1.0.0.aar (androidx.localbroadcastmanager:localbroadcastmanager:1.0.0) with JetifyTransform
Transforming localbroadcastmanager-1.0.0.aar (androidx.localbroadcastmanager:localbroadcastmanager:1.0.0) with ExtractAarTransform
Transforming localbroadcastmanager-1.0.0.aar (androidx.localbroadcastmanager:localbroadcastmanager:1.0.0) with AarTransform
Transforming localbroadcastmanager-1.0.0.aar (androidx.localbroadcastmanager:localbroadcastmanager:1.0.0) with JetifyTransform
Transforming localbroadcastmanager-1.0.0.aar (androidx.localbroadcastmanager:localbroadcastmanager:1.0.0) with ExtractAarTransform
Transforming localbroadcastmanager-1.0.0.aar (androidx.localbroadcastmanager:localbroadcastmanager:1.0.0) with AarTransform
Transforming documentfile-1.0.0.aar (androidx.documentfile:documentfile:1.0.0) with JetifyTransform
Transforming documentfile-1.0.0.aar (androidx.documentfile:documentfile:1.0.0) with ExtractAarTransform
Transforming documentfile-1.0.0.aar (androidx.documentfile:documentfile:1.0.0) with AarTransform
Transforming print-1.0.0.aar (androidx.print:print:1.0.0) with JetifyTransform
Transforming print-1.0.0.aar (androidx.print:print:1.0.0) with ExtractAarTransform
Transforming print-1.0.0.aar (androidx.print:print:1.0.0) with AarTransform
Transforming exifinterface-1.3.6.aar (androidx.exifinterface:exifinterface:1.3.6) with JetifyTransform
Transforming exifinterface-1.3.6.aar (androidx.exifinterface:exifinterface:1.3.6) with ExtractAarTransform
Transforming exifinterface-1.3.6.aar (androidx.exifinterface:exifinterface:1.3.6) with AarTransform
Transforming exifinterface-1.3.6.aar (androidx.exifinterface:exifinterface:1.3.6) with JetifyTransform
Transforming exifinterface-1.3.6.aar (androidx.exifinterface:exifinterface:1.3.6) with ExtractAarTransform
Transforming exifinterface-1.3.6.aar (androidx.exifinterface:exifinterface:1.3.6) with AarTransform
Transforming dagger-lint-aar-2.48.aar (com.google.dagger:dagger-lint-aar:2.48) with JetifyTransform
Transforming dagger-lint-aar-2.48.aar (com.google.dagger:dagger-lint-aar:2.48) with ExtractAarTransform
Transforming dagger-lint-aar-2.48.aar (com.google.dagger:dagger-lint-aar:2.48) with AarTransform
Transforming image-1.0.0-beta1.aar (com.google.android.odml:image:1.0.0-beta1) with JetifyTransform
Transforming image-1.0.0-beta1.aar (com.google.android.odml:image:1.0.0-beta1) with ExtractAarTransform
Transforming image-1.0.0-beta1.aar (com.google.android.odml:image:1.0.0-beta1) with AarTransform
Transforming image-1.0.0-beta1.aar (com.google.android.odml:image:1.0.0-beta1) with JetifyTransform
Transforming image-1.0.0-beta1.aar (com.google.android.odml:image:1.0.0-beta1) with ExtractAarTransform
Transforming image-1.0.0-beta1.aar (com.google.android.odml:image:1.0.0-beta1) with AarTransform
Caching disabled for task ':app:mergeDebugResources' because:
  Build cache is disabled
Skipping task ':app:mergeDebugResources' as it is up-to-date.
Resolve mutations for :app:packageDebugResources (Thread[included builds,5,main]) started.
:app:packageDebugResources (Thread[included builds,5,main]) started.

> Task :app:packageDebugResources UP-TO-DATE
Caching disabled for task ':app:packageDebugResources' because:
  Build cache is disabled
Skipping task ':app:packageDebugResources' as it is up-to-date.
Resolve mutations for :app:parseDebugLocalResources (Thread[Execution worker,5,main]) started.
:app:parseDebugLocalResources (Thread[included builds,5,main]) started.

> Task :app:parseDebugLocalResources UP-TO-DATE
Transforming android.jar with PlatformAttrTransform
Transforming android.jar with PlatformAttrTransform
Caching disabled for task ':app:parseDebugLocalResources' because:
  Build cache is disabled
Skipping task ':app:parseDebugLocalResources' as it is up-to-date.
Resolve mutations for :app:dataBindingGenBaseClassesDebug (Thread[included builds,5,main]) started.
:app:dataBindingGenBaseClassesDebug (Thread[included builds,5,main]) started.

> Task :app:dataBindingGenBaseClassesDebug UP-TO-DATE
Transforming viewbinding-8.6.0.aar (androidx.databinding:viewbinding:8.6.0) with JetifyTransform
Transforming viewbinding-8.6.0.aar (androidx.databinding:viewbinding:8.6.0) with ExtractAarTransform
Transforming viewbinding-8.6.0.aar (androidx.databinding:viewbinding:8.6.0) with LibrarySymbolTableTransform
Transforming hilt-navigation-compose-1.1.0.aar (androidx.hilt:hilt-navigation-compose:1.1.0) with JetifyTransform
Transforming hilt-navigation-compose-1.1.0.aar (androidx.hilt:hilt-navigation-compose:1.1.0) with ExtractAarTransform
Transforming hilt-navigation-compose-1.1.0.aar (androidx.hilt:hilt-navigation-compose:1.1.0) with LibrarySymbolTableTransform
Transforming hilt-navigation-1.1.0.aar (androidx.hilt:hilt-navigation:1.1.0) with JetifyTransform
Transforming hilt-navigation-1.1.0.aar (androidx.hilt:hilt-navigation:1.1.0) with ExtractAarTransform
Transforming hilt-navigation-1.1.0.aar (androidx.hilt:hilt-navigation:1.1.0) with LibrarySymbolTableTransform
Transforming navigation-common-2.7.6.aar (androidx.navigation:navigation-common:2.7.6) with JetifyTransform
Transforming navigation-common-2.7.6.aar (androidx.navigation:navigation-common:2.7.6) with ExtractAarTransform
Transforming navigation-common-2.7.6.aar (androidx.navigation:navigation-common:2.7.6) with LibrarySymbolTableTransform
Transforming navigation-runtime-2.7.6.aar (androidx.navigation:navigation-runtime:2.7.6) with JetifyTransform
Transforming navigation-runtime-2.7.6.aar (androidx.navigation:navigation-runtime:2.7.6) with ExtractAarTransform
Transforming navigation-runtime-2.7.6.aar (androidx.navigation:navigation-runtime:2.7.6) with LibrarySymbolTableTransform
Transforming navigation-common-ktx-2.7.6.aar (androidx.navigation:navigation-common-ktx:2.7.6) with JetifyTransform
Transforming navigation-common-ktx-2.7.6.aar (androidx.navigation:navigation-common-ktx:2.7.6) with ExtractAarTransform
Transforming navigation-common-ktx-2.7.6.aar (androidx.navigation:navigation-common-ktx:2.7.6) with LibrarySymbolTableTransform
Transforming navigation-fragment-2.7.6.aar (androidx.navigation:navigation-fragment:2.7.6) with JetifyTransform
Transforming navigation-fragment-2.7.6.aar (androidx.navigation:navigation-fragment:2.7.6) with ExtractAarTransform
Transforming navigation-fragment-2.7.6.aar (androidx.navigation:navigation-fragment:2.7.6) with LibrarySymbolTableTransform
Transforming navigation-runtime-ktx-2.7.6.aar (androidx.navigation:navigation-runtime-ktx:2.7.6) with JetifyTransform
Transforming navigation-runtime-ktx-2.7.6.aar (androidx.navigation:navigation-runtime-ktx:2.7.6) with ExtractAarTransform
Transforming navigation-runtime-ktx-2.7.6.aar (androidx.navigation:navigation-runtime-ktx:2.7.6) with LibrarySymbolTableTransform
Transforming navigation-fragment-ktx-2.7.6.aar (androidx.navigation:navigation-fragment-ktx:2.7.6) with JetifyTransform
Transforming navigation-fragment-ktx-2.7.6.aar (androidx.navigation:navigation-fragment-ktx:2.7.6) with ExtractAarTransform
Transforming navigation-fragment-ktx-2.7.6.aar (androidx.navigation:navigation-fragment-ktx:2.7.6) with LibrarySymbolTableTransform
Transforming navigation-compose-2.7.6.aar (androidx.navigation:navigation-compose:2.7.6) with JetifyTransform
Transforming navigation-compose-2.7.6.aar (androidx.navigation:navigation-compose:2.7.6) with ExtractAarTransform
Transforming navigation-compose-2.7.6.aar (androidx.navigation:navigation-compose:2.7.6) with LibrarySymbolTableTransform
Transforming navigation-ui-ktx-2.7.6.aar (androidx.navigation:navigation-ui-ktx:2.7.6) with JetifyTransform
Transforming navigation-ui-ktx-2.7.6.aar (androidx.navigation:navigation-ui-ktx:2.7.6) with ExtractAarTransform
Transforming navigation-ui-ktx-2.7.6.aar (androidx.navigation:navigation-ui-ktx:2.7.6) with LibrarySymbolTableTransform
Transforming navigation-ui-2.7.6.aar (androidx.navigation:navigation-ui:2.7.6) with JetifyTransform
Transforming navigation-ui-2.7.6.aar (androidx.navigation:navigation-ui:2.7.6) with ExtractAarTransform
Transforming navigation-ui-2.7.6.aar (androidx.navigation:navigation-ui:2.7.6) with LibrarySymbolTableTransform
Transforming material-1.11.0.aar (com.google.android.material:material:1.11.0) with JetifyTransform
Transforming material-1.11.0.aar (com.google.android.material:material:1.11.0) with ExtractAarTransform
Transforming material-1.11.0.aar (com.google.android.material:material:1.11.0) with LibrarySymbolTableTransform
Transforming constraintlayout-2.1.4.aar (androidx.constraintlayout:constraintlayout:2.1.4) with JetifyTransform
Transforming constraintlayout-2.1.4.aar (androidx.constraintlayout:constraintlayout:2.1.4) with ExtractAarTransform
Transforming constraintlayout-2.1.4.aar (androidx.constraintlayout:constraintlayout:2.1.4) with LibrarySymbolTableTransform
Transforming biometric-1.1.0.aar (androidx.biometric:biometric:1.1.0) with JetifyTransform
Transforming biometric-1.1.0.aar (androidx.biometric:biometric:1.1.0) with ExtractAarTransform
Transforming biometric-1.1.0.aar (androidx.biometric:biometric:1.1.0) with LibrarySymbolTableTransform
Transforming camera-video-1.3.1.aar (androidx.camera:camera-video:1.3.1) with JetifyTransform
Transforming camera-video-1.3.1.aar (androidx.camera:camera-video:1.3.1) with ExtractAarTransform
Transforming camera-video-1.3.1.aar (androidx.camera:camera-video:1.3.1) with LibrarySymbolTableTransform
Transforming camera-lifecycle-1.3.1.aar (androidx.camera:camera-lifecycle:1.3.1) with JetifyTransform
Transforming camera-lifecycle-1.3.1.aar (androidx.camera:camera-lifecycle:1.3.1) with ExtractAarTransform
Transforming camera-lifecycle-1.3.1.aar (androidx.camera:camera-lifecycle:1.3.1) with LibrarySymbolTableTransform
Transforming camera-camera2-1.3.1.aar (androidx.camera:camera-camera2:1.3.1) with JetifyTransform
Transforming camera-camera2-1.3.1.aar (androidx.camera:camera-camera2:1.3.1) with ExtractAarTransform
Transforming camera-camera2-1.3.1.aar (androidx.camera:camera-camera2:1.3.1) with LibrarySymbolTableTransform
Transforming camera-core-1.3.1.aar (androidx.camera:camera-core:1.3.1) with JetifyTransform
Transforming camera-core-1.3.1.aar (androidx.camera:camera-core:1.3.1) with ExtractAarTransform
Transforming camera-core-1.3.1.aar (androidx.camera:camera-core:1.3.1) with LibrarySymbolTableTransform
Transforming camera-view-1.3.1.aar (androidx.camera:camera-view:1.3.1) with JetifyTransform
Transforming camera-view-1.3.1.aar (androidx.camera:camera-view:1.3.1) with ExtractAarTransform
Transforming camera-view-1.3.1.aar (androidx.camera:camera-view:1.3.1) with LibrarySymbolTableTransform
Transforming coil-compose-2.5.0.aar (io.coil-kt:coil-compose:2.5.0) with JetifyTransform
Transforming coil-compose-2.5.0.aar (io.coil-kt:coil-compose:2.5.0) with ExtractAarTransform
Transforming coil-compose-2.5.0.aar (io.coil-kt:coil-compose:2.5.0) with LibrarySymbolTableTransform
Transforming coil-compose-base-2.5.0.aar (io.coil-kt:coil-compose-base:2.5.0) with JetifyTransform
Transforming coil-compose-base-2.5.0.aar (io.coil-kt:coil-compose-base:2.5.0) with ExtractAarTransform
Transforming coil-compose-base-2.5.0.aar (io.coil-kt:coil-compose-base:2.5.0) with LibrarySymbolTableTransform
Transforming coil-2.5.0.aar (io.coil-kt:coil:2.5.0) with JetifyTransform
Transforming coil-2.5.0.aar (io.coil-kt:coil:2.5.0) with ExtractAarTransform
Transforming coil-2.5.0.aar (io.coil-kt:coil:2.5.0) with LibrarySymbolTableTransform
Transforming coil-base-2.5.0.aar (io.coil-kt:coil-base:2.5.0) with JetifyTransform
Transforming coil-base-2.5.0.aar (io.coil-kt:coil-base:2.5.0) with ExtractAarTransform
Transforming coil-base-2.5.0.aar (io.coil-kt:coil-base:2.5.0) with LibrarySymbolTableTransform
Transforming appcompat-resources-1.6.1.aar (androidx.appcompat:appcompat-resources:1.6.1) with JetifyTransform
Transforming appcompat-resources-1.6.1.aar (androidx.appcompat:appcompat-resources:1.6.1) with ExtractAarTransform
Transforming appcompat-resources-1.6.1.aar (androidx.appcompat:appcompat-resources:1.6.1) with LibrarySymbolTableTransform
Transforming play-services-mlkit-barcode-scanning-18.3.1.aar (com.google.android.gms:play-services-mlkit-barcode-scanning:18.3.1) with JetifyTransform
Transforming play-services-mlkit-barcode-scanning-18.3.1.aar (com.google.android.gms:play-services-mlkit-barcode-scanning:18.3.1) with ExtractAarTransform
Transforming play-services-mlkit-barcode-scanning-18.3.1.aar (com.google.android.gms:play-services-mlkit-barcode-scanning:18.3.1) with LibrarySymbolTableTransform
Transforming barcode-scanning-common-17.0.0.aar (com.google.mlkit:barcode-scanning-common:17.0.0) with JetifyTransform
Transforming barcode-scanning-common-17.0.0.aar (com.google.mlkit:barcode-scanning-common:17.0.0) with ExtractAarTransform
Transforming barcode-scanning-common-17.0.0.aar (com.google.mlkit:barcode-scanning-common:17.0.0) with LibrarySymbolTableTransform
Transforming vision-common-17.3.0.aar (com.google.mlkit:vision-common:17.3.0) with JetifyTransform
Transforming vision-common-17.3.0.aar (com.google.mlkit:vision-common:17.3.0) with ExtractAarTransform
Transforming vision-common-17.3.0.aar (com.google.mlkit:vision-common:17.3.0) with LibrarySymbolTableTransform
Transforming vision-common-17.3.0.aar (com.google.mlkit:vision-common:17.3.0) with JetifyTransform
Transforming vision-common-17.3.0.aar (com.google.mlkit:vision-common:17.3.0) with ExtractAarTransform
Transforming vision-common-17.3.0.aar (com.google.mlkit:vision-common:17.3.0) with LibrarySymbolTableTransform
Transforming common-18.11.0.aar (com.google.mlkit:common:18.11.0) with JetifyTransform
Transforming common-18.11.0.aar (com.google.mlkit:common:18.11.0) with ExtractAarTransform
Transforming common-18.11.0.aar (com.google.mlkit:common:18.11.0) with LibrarySymbolTableTransform
Transforming common-18.11.0.aar (com.google.mlkit:common:18.11.0) with JetifyTransform
Transforming common-18.11.0.aar (com.google.mlkit:common:18.11.0) with ExtractAarTransform
Transforming common-18.11.0.aar (com.google.mlkit:common:18.11.0) with LibrarySymbolTableTransform
Transforming appcompat-1.6.1.aar (androidx.appcompat:appcompat:1.6.1) with JetifyTransform
Transforming appcompat-1.6.1.aar (androidx.appcompat:appcompat:1.6.1) with ExtractAarTransform
Transforming appcompat-1.6.1.aar (androidx.appcompat:appcompat:1.6.1) with LibrarySymbolTableTransform
Transforming appcompat-1.6.1.aar (androidx.appcompat:appcompat:1.6.1) with JetifyTransform
Transforming appcompat-1.6.1.aar (androidx.appcompat:appcompat:1.6.1) with ExtractAarTransform
Transforming appcompat-1.6.1.aar (androidx.appcompat:appcompat:1.6.1) with LibrarySymbolTableTransform
Transforming hilt-android-2.48.aar (com.google.dagger:hilt-android:2.48) with JetifyTransform
Transforming hilt-android-2.48.aar (com.google.dagger:hilt-android:2.48) with ExtractAarTransform
Transforming hilt-android-2.48.aar (com.google.dagger:hilt-android:2.48) with LibrarySymbolTableTransform
Transforming material3-release.aar (androidx.compose.material3:material3-android:1.2.0) with JetifyTransform
Transforming material3-release.aar (androidx.compose.material3:material3-android:1.2.0) with ExtractAarTransform
Transforming material3-release.aar (androidx.compose.material3:material3-android:1.2.0) with LibrarySymbolTableTransform
Transforming material-release.aar (androidx.compose.material:material-android:1.6.1) with JetifyTransform
Transforming material-release.aar (androidx.compose.material:material-android:1.6.1) with ExtractAarTransform
Transforming material-release.aar (androidx.compose.material:material-android:1.6.1) with LibrarySymbolTableTransform
Transforming material-icons-core-release.aar (androidx.compose.material:material-icons-core-android:1.6.1) with JetifyTransform
Transforming material-icons-core-release.aar (androidx.compose.material:material-icons-core-android:1.6.1) with ExtractAarTransform
Transforming material-icons-core-release.aar (androidx.compose.material:material-icons-core-android:1.6.1) with LibrarySymbolTableTransform
Transforming material-icons-extended-release.aar (androidx.compose.material:material-icons-extended-android:1.6.1) with JetifyTransform
Transforming material-icons-extended-release.aar (androidx.compose.material:material-icons-extended-android:1.6.1) with ExtractAarTransform
Transforming material-icons-extended-release.aar (androidx.compose.material:material-icons-extended-android:1.6.1) with LibrarySymbolTableTransform
Transforming material-ripple-release.aar (androidx.compose.material:material-ripple-android:1.6.1) with JetifyTransform
Transforming material-ripple-release.aar (androidx.compose.material:material-ripple-android:1.6.1) with ExtractAarTransform
Transforming material-ripple-release.aar (androidx.compose.material:material-ripple-android:1.6.1) with LibrarySymbolTableTransform
Transforming animation-core-release.aar (androidx.compose.animation:animation-core-android:1.6.1) with JetifyTransform
Transforming animation-core-release.aar (androidx.compose.animation:animation-core-android:1.6.1) with ExtractAarTransform
Transforming animation-core-release.aar (androidx.compose.animation:animation-core-android:1.6.1) with LibrarySymbolTableTransform
Transforming animation-release.aar (androidx.compose.animation:animation-android:1.6.1) with JetifyTransform
Transforming animation-release.aar (androidx.compose.animation:animation-android:1.6.1) with ExtractAarTransform
Transforming animation-release.aar (androidx.compose.animation:animation-android:1.6.1) with LibrarySymbolTableTransform
Transforming foundation-layout-release.aar (androidx.compose.foundation:foundation-layout-android:1.6.1) with JetifyTransform
Transforming foundation-layout-release.aar (androidx.compose.foundation:foundation-layout-android:1.6.1) with ExtractAarTransform
Transforming foundation-layout-release.aar (androidx.compose.foundation:foundation-layout-android:1.6.1) with LibrarySymbolTableTransform
Transforming foundation-release.aar (androidx.compose.foundation:foundation-android:1.6.1) with JetifyTransform
Transforming foundation-release.aar (androidx.compose.foundation:foundation-android:1.6.1) with ExtractAarTransform
Transforming foundation-release.aar (androidx.compose.foundation:foundation-android:1.6.1) with LibrarySymbolTableTransform
Transforming ui-tooling-data-release.aar (androidx.compose.ui:ui-tooling-data-android:1.6.1) with JetifyTransform
Transforming ui-tooling-data-release.aar (androidx.compose.ui:ui-tooling-data-android:1.6.1) with ExtractAarTransform
Transforming ui-tooling-data-release.aar (androidx.compose.ui:ui-tooling-data-android:1.6.1) with LibrarySymbolTableTransform
Transforming ui-unit-release.aar (androidx.compose.ui:ui-unit-android:1.6.1) with JetifyTransform
Transforming ui-unit-release.aar (androidx.compose.ui:ui-unit-android:1.6.1) with ExtractAarTransform
Transforming ui-unit-release.aar (androidx.compose.ui:ui-unit-android:1.6.1) with LibrarySymbolTableTransform
Transforming ui-geometry-release.aar (androidx.compose.ui:ui-geometry-android:1.6.1) with JetifyTransform
Transforming ui-geometry-release.aar (androidx.compose.ui:ui-geometry-android:1.6.1) with ExtractAarTransform
Transforming ui-geometry-release.aar (androidx.compose.ui:ui-geometry-android:1.6.1) with LibrarySymbolTableTransform
Transforming ui-util-release.aar (androidx.compose.ui:ui-util-android:1.6.1) with JetifyTransform
Transforming ui-util-release.aar (androidx.compose.ui:ui-util-android:1.6.1) with ExtractAarTransform
Transforming ui-util-release.aar (androidx.compose.ui:ui-util-android:1.6.1) with LibrarySymbolTableTransform
Transforming ui-text-release.aar (androidx.compose.ui:ui-text-android:1.6.1) with JetifyTransform
Transforming ui-text-release.aar (androidx.compose.ui:ui-text-android:1.6.1) with ExtractAarTransform
Transforming ui-text-release.aar (androidx.compose.ui:ui-text-android:1.6.1) with LibrarySymbolTableTransform
Transforming ui-tooling-preview-release.aar (androidx.compose.ui:ui-tooling-preview-android:1.6.1) with JetifyTransform
Transforming ui-tooling-preview-release.aar (androidx.compose.ui:ui-tooling-preview-android:1.6.1) with ExtractAarTransform
Transforming ui-tooling-preview-release.aar (androidx.compose.ui:ui-tooling-preview-android:1.6.1) with LibrarySymbolTableTransform
Transforming ui-graphics-release.aar (androidx.compose.ui:ui-graphics-android:1.6.1) with JetifyTransform
Transforming ui-graphics-release.aar (androidx.compose.ui:ui-graphics-android:1.6.1) with ExtractAarTransform
Transforming ui-graphics-release.aar (androidx.compose.ui:ui-graphics-android:1.6.1) with LibrarySymbolTableTransform
Transforming ui-tooling-release.aar (androidx.compose.ui:ui-tooling-android:1.6.1) with JetifyTransform
Transforming ui-tooling-release.aar (androidx.compose.ui:ui-tooling-android:1.6.1) with ExtractAarTransform
Transforming ui-tooling-release.aar (androidx.compose.ui:ui-tooling-android:1.6.1) with LibrarySymbolTableTransform
Transforming play-services-auth-21.0.0.aar (com.google.android.gms:play-services-auth:21.0.0) with JetifyTransform
Transforming play-services-auth-21.0.0.aar (com.google.android.gms:play-services-auth:21.0.0) with ExtractAarTransform
Transforming play-services-auth-21.0.0.aar (com.google.android.gms:play-services-auth:21.0.0) with LibrarySymbolTableTransform
Transforming viewpager2-1.0.0.aar (androidx.viewpager2:viewpager2:1.0.0) with JetifyTransform
Transforming viewpager2-1.0.0.aar (androidx.viewpager2:viewpager2:1.0.0) with ExtractAarTransform
Transforming viewpager2-1.0.0.aar (androidx.viewpager2:viewpager2:1.0.0) with LibrarySymbolTableTransform
Transforming firebase-auth-22.3.1.aar (com.google.firebase:firebase-auth:22.3.1) with JetifyTransform
Transforming firebase-auth-22.3.1.aar (com.google.firebase:firebase-auth:22.3.1) with ExtractAarTransform
Transforming firebase-auth-22.3.1.aar (com.google.firebase:firebase-auth:22.3.1) with LibrarySymbolTableTransform
Transforming play-services-auth-api-phone-18.0.2.aar (com.google.android.gms:play-services-auth-api-phone:18.0.2) with JetifyTransform
Transforming play-services-auth-api-phone-18.0.2.aar (com.google.android.gms:play-services-auth-api-phone:18.0.2) with ExtractAarTransform
Transforming play-services-auth-api-phone-18.0.2.aar (com.google.android.gms:play-services-auth-api-phone:18.0.2) with LibrarySymbolTableTransform
Transforming play-services-auth-api-phone-18.0.2.aar (com.google.android.gms:play-services-auth-api-phone:18.0.2) with JetifyTransform
Transforming play-services-auth-api-phone-18.0.2.aar (com.google.android.gms:play-services-auth-api-phone:18.0.2) with ExtractAarTransform
Transforming play-services-auth-api-phone-18.0.2.aar (com.google.android.gms:play-services-auth-api-phone:18.0.2) with LibrarySymbolTableTransform
Transforming play-services-auth-base-18.0.10.aar (com.google.android.gms:play-services-auth-base:18.0.10) with JetifyTransform
Transforming play-services-auth-base-18.0.10.aar (com.google.android.gms:play-services-auth-base:18.0.10) with ExtractAarTransform
Transforming play-services-auth-base-18.0.10.aar (com.google.android.gms:play-services-auth-base:18.0.10) with LibrarySymbolTableTransform
Transforming play-services-fido-20.0.1.aar (com.google.android.gms:play-services-fido:20.0.1) with JetifyTransform
Transforming play-services-fido-20.0.1.aar (com.google.android.gms:play-services-fido:20.0.1) with ExtractAarTransform
Transforming play-services-fido-20.0.1.aar (com.google.android.gms:play-services-fido:20.0.1) with LibrarySymbolTableTransform
Transforming firebase-appcheck-interop-17.0.0.aar (com.google.firebase:firebase-appcheck-interop:17.0.0) with JetifyTransform
Transforming firebase-appcheck-interop-17.0.0.aar (com.google.firebase:firebase-appcheck-interop:17.0.0) with ExtractAarTransform
Transforming firebase-appcheck-interop-17.0.0.aar (com.google.firebase:firebase-appcheck-interop:17.0.0) with LibrarySymbolTableTransform
Transforming play-services-base-18.5.0.aar (com.google.android.gms:play-services-base:18.5.0) with JetifyTransform
Transforming play-services-base-18.5.0.aar (com.google.android.gms:play-services-base:18.5.0) with ExtractAarTransform
Transforming play-services-base-18.5.0.aar (com.google.android.gms:play-services-base:18.5.0) with LibrarySymbolTableTransform
Transforming play-services-base-18.5.0.aar (com.google.android.gms:play-services-base:18.5.0) with JetifyTransform
Transforming play-services-base-18.5.0.aar (com.google.android.gms:play-services-base:18.5.0) with ExtractAarTransform
Transforming play-services-base-18.5.0.aar (com.google.android.gms:play-services-base:18.5.0) with LibrarySymbolTableTransform
Transforming play-services-base-18.5.0.aar (com.google.android.gms:play-services-base:18.5.0) with JetifyTransform
Transforming play-services-base-18.5.0.aar (com.google.android.gms:play-services-base:18.5.0) with ExtractAarTransform
Transforming play-services-base-18.5.0.aar (com.google.android.gms:play-services-base:18.5.0) with LibrarySymbolTableTransform
Transforming play-services-base-18.5.0.aar (com.google.android.gms:play-services-base:18.5.0) with JetifyTransform
Transforming play-services-base-18.5.0.aar (com.google.android.gms:play-services-base:18.5.0) with ExtractAarTransform
Transforming play-services-base-18.5.0.aar (com.google.android.gms:play-services-base:18.5.0) with LibrarySymbolTableTransform
Transforming play-services-base-18.5.0.aar (com.google.android.gms:play-services-base:18.5.0) with JetifyTransform
Transforming play-services-base-18.5.0.aar (com.google.android.gms:play-services-base:18.5.0) with ExtractAarTransform
Transforming play-services-base-18.5.0.aar (com.google.android.gms:play-services-base:18.5.0) with LibrarySymbolTableTransform
Transforming play-services-base-18.5.0.aar (com.google.android.gms:play-services-base:18.5.0) with JetifyTransform
Transforming play-services-base-18.5.0.aar (com.google.android.gms:play-services-base:18.5.0) with ExtractAarTransform
Transforming play-services-base-18.5.0.aar (com.google.android.gms:play-services-base:18.5.0) with LibrarySymbolTableTransform
Transforming play-services-base-18.5.0.aar (com.google.android.gms:play-services-base:18.5.0) with JetifyTransform
Transforming play-services-base-18.5.0.aar (com.google.android.gms:play-services-base:18.5.0) with ExtractAarTransform
Transforming play-services-base-18.5.0.aar (com.google.android.gms:play-services-base:18.5.0) with LibrarySymbolTableTransform
Transforming play-services-base-18.5.0.aar (com.google.android.gms:play-services-base:18.5.0) with JetifyTransform
Transforming play-services-base-18.5.0.aar (com.google.android.gms:play-services-base:18.5.0) with ExtractAarTransform
Transforming play-services-base-18.5.0.aar (com.google.android.gms:play-services-base:18.5.0) with LibrarySymbolTableTransform
Transforming vision-interfaces-16.3.0.aar (com.google.mlkit:vision-interfaces:16.3.0) with JetifyTransform
Transforming vision-interfaces-16.3.0.aar (com.google.mlkit:vision-interfaces:16.3.0) with ExtractAarTransform
Transforming vision-interfaces-16.3.0.aar (com.google.mlkit:vision-interfaces:16.3.0) with LibrarySymbolTableTransform
Transforming recaptcha-18.4.0.aar (com.google.android.recaptcha:recaptcha:18.4.0) with JetifyTransform
Transforming recaptcha-18.4.0.aar (com.google.android.recaptcha:recaptcha:18.4.0) with ExtractAarTransform
Transforming recaptcha-18.4.0.aar (com.google.android.recaptcha:recaptcha:18.4.0) with LibrarySymbolTableTransform
Transforming integrity-1.2.0.aar (com.google.android.play:integrity:1.2.0) with JetifyTransform
Transforming integrity-1.2.0.aar (com.google.android.play:integrity:1.2.0) with ExtractAarTransform
Transforming integrity-1.2.0.aar (com.google.android.play:integrity:1.2.0) with LibrarySymbolTableTransform
Transforming integrity-1.2.0.aar (com.google.android.play:integrity:1.2.0) with JetifyTransform
Transforming integrity-1.2.0.aar (com.google.android.play:integrity:1.2.0) with ExtractAarTransform
Transforming integrity-1.2.0.aar (com.google.android.play:integrity:1.2.0) with LibrarySymbolTableTransform
Transforming firebase-auth-interop-20.0.0.aar (com.google.firebase:firebase-auth-interop:20.0.0) with JetifyTransform
Transforming firebase-auth-interop-20.0.0.aar (com.google.firebase:firebase-auth-interop:20.0.0) with ExtractAarTransform
Transforming firebase-auth-interop-20.0.0.aar (com.google.firebase:firebase-auth-interop:20.0.0) with LibrarySymbolTableTransform
Transforming firebase-common-ktx-20.4.2.aar (com.google.firebase:firebase-common-ktx:20.4.2) with JetifyTransform
Transforming firebase-common-ktx-20.4.2.aar (com.google.firebase:firebase-common-ktx:20.4.2) with ExtractAarTransform
Transforming firebase-common-ktx-20.4.2.aar (com.google.firebase:firebase-common-ktx:20.4.2) with LibrarySymbolTableTransform
Transforming firebase-common-20.4.2.aar (com.google.firebase:firebase-common:20.4.2) with JetifyTransform
Transforming firebase-common-20.4.2.aar (com.google.firebase:firebase-common:20.4.2) with ExtractAarTransform
Transforming firebase-common-20.4.2.aar (com.google.firebase:firebase-common:20.4.2) with LibrarySymbolTableTransform
Transforming firebase-common-20.4.2.aar (com.google.firebase:firebase-common:20.4.2) with JetifyTransform
Transforming firebase-common-20.4.2.aar (com.google.firebase:firebase-common:20.4.2) with ExtractAarTransform
Transforming firebase-common-20.4.2.aar (com.google.firebase:firebase-common:20.4.2) with LibrarySymbolTableTransform
Transforming firebase-common-20.4.2.aar (com.google.firebase:firebase-common:20.4.2) with JetifyTransform
Transforming firebase-common-20.4.2.aar (com.google.firebase:firebase-common:20.4.2) with ExtractAarTransform
Transforming firebase-common-20.4.2.aar (com.google.firebase:firebase-common:20.4.2) with LibrarySymbolTableTransform
Transforming room-runtime-2.6.1.aar (androidx.room:room-runtime:2.6.1) with JetifyTransform
Transforming room-runtime-2.6.1.aar (androidx.room:room-runtime:2.6.1) with ExtractAarTransform
Transforming room-runtime-2.6.1.aar (androidx.room:room-runtime:2.6.1) with LibrarySymbolTableTransform
Transforming room-ktx-2.6.1.aar (androidx.room:room-ktx:2.6.1) with JetifyTransform
Transforming room-ktx-2.6.1.aar (androidx.room:room-ktx:2.6.1) with ExtractAarTransform
Transforming room-ktx-2.6.1.aar (androidx.room:room-ktx:2.6.1) with LibrarySymbolTableTransform
Transforming runtime-saveable-release.aar (androidx.compose.runtime:runtime-saveable-android:1.6.1) with JetifyTransform
Transforming runtime-saveable-release.aar (androidx.compose.runtime:runtime-saveable-android:1.6.1) with ExtractAarTransform
Transforming runtime-saveable-release.aar (androidx.compose.runtime:runtime-saveable-android:1.6.1) with LibrarySymbolTableTransform
Transforming runtime-release.aar (androidx.compose.runtime:runtime-android:1.6.1) with JetifyTransform
Transforming runtime-release.aar (androidx.compose.runtime:runtime-android:1.6.1) with ExtractAarTransform
Transforming runtime-release.aar (androidx.compose.runtime:runtime-android:1.6.1) with LibrarySymbolTableTransform
Transforming accompanist-drawablepainter-0.32.0.aar (com.google.accompanist:accompanist-drawablepainter:0.32.0) with JetifyTransform
Transforming accompanist-drawablepainter-0.32.0.aar (com.google.accompanist:accompanist-drawablepainter:0.32.0) with ExtractAarTransform
Transforming accompanist-drawablepainter-0.32.0.aar (com.google.accompanist:accompanist-drawablepainter:0.32.0) with LibrarySymbolTableTransform
Transforming slidingpanelayout-1.2.0.aar (androidx.slidingpanelayout:slidingpanelayout:1.2.0) with JetifyTransform
Transforming slidingpanelayout-1.2.0.aar (androidx.slidingpanelayout:slidingpanelayout:1.2.0) with ExtractAarTransform
Transforming slidingpanelayout-1.2.0.aar (androidx.slidingpanelayout:slidingpanelayout:1.2.0) with LibrarySymbolTableTransform
Transforming window-1.0.0.aar (androidx.window:window:1.0.0) with JetifyTransform
Transforming window-1.0.0.aar (androidx.window:window:1.0.0) with ExtractAarTransform
Transforming window-1.0.0.aar (androidx.window:window:1.0.0) with LibrarySymbolTableTransform
Transforming dynamicanimation-1.0.0.aar (androidx.dynamicanimation:dynamicanimation:1.0.0) with JetifyTransform
Transforming dynamicanimation-1.0.0.aar (androidx.dynamicanimation:dynamicanimation:1.0.0) with ExtractAarTransform
Transforming dynamicanimation-1.0.0.aar (androidx.dynamicanimation:dynamicanimation:1.0.0) with LibrarySymbolTableTransform
Transforming legacy-support-core-utils-1.0.0.aar (androidx.legacy:legacy-support-core-utils:1.0.0) with JetifyTransform
Transforming legacy-support-core-utils-1.0.0.aar (androidx.legacy:legacy-support-core-utils:1.0.0) with ExtractAarTransform
Transforming legacy-support-core-utils-1.0.0.aar (androidx.legacy:legacy-support-core-utils:1.0.0) with LibrarySymbolTableTransform
Transforming loader-1.1.0.aar (androidx.loader:loader:1.1.0) with JetifyTransform
Transforming loader-1.1.0.aar (androidx.loader:loader:1.1.0) with ExtractAarTransform
Transforming loader-1.1.0.aar (androidx.loader:loader:1.1.0) with LibrarySymbolTableTransform
Transforming loader-1.1.0.aar (androidx.loader:loader:1.1.0) with JetifyTransform
Transforming loader-1.1.0.aar (androidx.loader:loader:1.1.0) with ExtractAarTransform
Transforming loader-1.1.0.aar (androidx.loader:loader:1.1.0) with LibrarySymbolTableTransform
Transforming loader-1.1.0.aar (androidx.loader:loader:1.1.0) with JetifyTransform
Transforming loader-1.1.0.aar (androidx.loader:loader:1.1.0) with ExtractAarTransform
Transforming loader-1.1.0.aar (androidx.loader:loader:1.1.0) with LibrarySymbolTableTransform
Transforming emoji2-views-helper-1.3.0.aar (androidx.emoji2:emoji2-views-helper:1.3.0) with JetifyTransform
Transforming emoji2-views-helper-1.3.0.aar (androidx.emoji2:emoji2-views-helper:1.3.0) with ExtractAarTransform
Transforming emoji2-views-helper-1.3.0.aar (androidx.emoji2:emoji2-views-helper:1.3.0) with LibrarySymbolTableTransform
Transforming emoji2-1.3.0.aar (androidx.emoji2:emoji2:1.3.0) with JetifyTransform
Transforming emoji2-1.3.0.aar (androidx.emoji2:emoji2:1.3.0) with ExtractAarTransform
Transforming emoji2-1.3.0.aar (androidx.emoji2:emoji2:1.3.0) with LibrarySymbolTableTransform
Transforming lifecycle-process-2.7.0.aar (androidx.lifecycle:lifecycle-process:2.7.0) with JetifyTransform
Transforming lifecycle-process-2.7.0.aar (androidx.lifecycle:lifecycle-process:2.7.0) with ExtractAarTransform
Transforming lifecycle-process-2.7.0.aar (androidx.lifecycle:lifecycle-process:2.7.0) with LibrarySymbolTableTransform
Transforming lifecycle-livedata-core-2.7.0.aar (androidx.lifecycle:lifecycle-livedata-core:2.7.0) with JetifyTransform
Transforming lifecycle-livedata-core-2.7.0.aar (androidx.lifecycle:lifecycle-livedata-core:2.7.0) with ExtractAarTransform
Transforming lifecycle-livedata-core-2.7.0.aar (androidx.lifecycle:lifecycle-livedata-core:2.7.0) with LibrarySymbolTableTransform
Transforming lifecycle-livedata-core-2.7.0.aar (androidx.lifecycle:lifecycle-livedata-core:2.7.0) with JetifyTransform
Transforming lifecycle-livedata-core-2.7.0.aar (androidx.lifecycle:lifecycle-livedata-core:2.7.0) with ExtractAarTransform
Transforming lifecycle-livedata-core-2.7.0.aar (androidx.lifecycle:lifecycle-livedata-core:2.7.0) with LibrarySymbolTableTransform
Transforming lifecycle-livedata-core-ktx-2.7.0.aar (androidx.lifecycle:lifecycle-livedata-core-ktx:2.7.0) with JetifyTransform
Transforming lifecycle-livedata-core-ktx-2.7.0.aar (androidx.lifecycle:lifecycle-livedata-core-ktx:2.7.0) with ExtractAarTransform
Transforming lifecycle-livedata-core-ktx-2.7.0.aar (androidx.lifecycle:lifecycle-livedata-core-ktx:2.7.0) with LibrarySymbolTableTransform
Transforming lifecycle-livedata-2.7.0.aar (androidx.lifecycle:lifecycle-livedata:2.7.0) with JetifyTransform
Transforming lifecycle-livedata-2.7.0.aar (androidx.lifecycle:lifecycle-livedata:2.7.0) with ExtractAarTransform
Transforming lifecycle-livedata-2.7.0.aar (androidx.lifecycle:lifecycle-livedata:2.7.0) with LibrarySymbolTableTransform
Transforming googleid-1.1.0.aar (com.google.android.libraries.identity.googleid:googleid:1.1.0) with JetifyTransform
Transforming googleid-1.1.0.aar (com.google.android.libraries.identity.googleid:googleid:1.1.0) with ExtractAarTransform
Transforming googleid-1.1.0.aar (com.google.android.libraries.identity.googleid:googleid:1.1.0) with LibrarySymbolTableTransform
Transforming credentials-1.0.0-alpha04.aar (androidx.credentials:credentials:1.0.0-alpha04) with JetifyTransform
Transforming credentials-1.0.0-alpha04.aar (androidx.credentials:credentials:1.0.0-alpha04) with ExtractAarTransform
Transforming credentials-1.0.0-alpha04.aar (androidx.credentials:credentials:1.0.0-alpha04) with LibrarySymbolTableTransform
Transforming play-services-tasks-18.2.0.aar (com.google.android.gms:play-services-tasks:18.2.0) with JetifyTransform
Transforming play-services-tasks-18.2.0.aar (com.google.android.gms:play-services-tasks:18.2.0) with ExtractAarTransform
Transforming play-services-tasks-18.2.0.aar (com.google.android.gms:play-services-tasks:18.2.0) with LibrarySymbolTableTransform
Transforming play-services-tasks-18.2.0.aar (com.google.android.gms:play-services-tasks:18.2.0) with JetifyTransform
Transforming play-services-tasks-18.2.0.aar (com.google.android.gms:play-services-tasks:18.2.0) with ExtractAarTransform
Transforming play-services-tasks-18.2.0.aar (com.google.android.gms:play-services-tasks:18.2.0) with LibrarySymbolTableTransform
Transforming play-services-tasks-18.2.0.aar (com.google.android.gms:play-services-tasks:18.2.0) with JetifyTransform
Transforming play-services-tasks-18.2.0.aar (com.google.android.gms:play-services-tasks:18.2.0) with ExtractAarTransform
Transforming play-services-tasks-18.2.0.aar (com.google.android.gms:play-services-tasks:18.2.0) with LibrarySymbolTableTransform
Transforming play-services-tasks-18.2.0.aar (com.google.android.gms:play-services-tasks:18.2.0) with JetifyTransform
Transforming play-services-tasks-18.2.0.aar (com.google.android.gms:play-services-tasks:18.2.0) with ExtractAarTransform
Transforming play-services-tasks-18.2.0.aar (com.google.android.gms:play-services-tasks:18.2.0) with LibrarySymbolTableTransform
Transforming play-services-tasks-18.2.0.aar (com.google.android.gms:play-services-tasks:18.2.0) with JetifyTransform
Transforming play-services-tasks-18.2.0.aar (com.google.android.gms:play-services-tasks:18.2.0) with ExtractAarTransform
Transforming play-services-tasks-18.2.0.aar (com.google.android.gms:play-services-tasks:18.2.0) with LibrarySymbolTableTransform
Transforming play-services-tasks-18.2.0.aar (com.google.android.gms:play-services-tasks:18.2.0) with JetifyTransform
Transforming play-services-tasks-18.2.0.aar (com.google.android.gms:play-services-tasks:18.2.0) with ExtractAarTransform
Transforming play-services-tasks-18.2.0.aar (com.google.android.gms:play-services-tasks:18.2.0) with LibrarySymbolTableTransform
Transforming play-services-tasks-18.2.0.aar (com.google.android.gms:play-services-tasks:18.2.0) with JetifyTransform
Transforming play-services-tasks-18.2.0.aar (com.google.android.gms:play-services-tasks:18.2.0) with ExtractAarTransform
Transforming play-services-tasks-18.2.0.aar (com.google.android.gms:play-services-tasks:18.2.0) with LibrarySymbolTableTransform
Transforming play-services-tasks-18.2.0.aar (com.google.android.gms:play-services-tasks:18.2.0) with JetifyTransform
Transforming play-services-tasks-18.2.0.aar (com.google.android.gms:play-services-tasks:18.2.0) with ExtractAarTransform
Transforming play-services-tasks-18.2.0.aar (com.google.android.gms:play-services-tasks:18.2.0) with LibrarySymbolTableTransform
Transforming play-services-tasks-18.2.0.aar (com.google.android.gms:play-services-tasks:18.2.0) with JetifyTransform
Transforming play-services-tasks-18.2.0.aar (com.google.android.gms:play-services-tasks:18.2.0) with ExtractAarTransform
Transforming play-services-tasks-18.2.0.aar (com.google.android.gms:play-services-tasks:18.2.0) with LibrarySymbolTableTransform
Transforming play-services-tasks-18.2.0.aar (com.google.android.gms:play-services-tasks:18.2.0) with JetifyTransform
Transforming play-services-tasks-18.2.0.aar (com.google.android.gms:play-services-tasks:18.2.0) with ExtractAarTransform
Transforming play-services-tasks-18.2.0.aar (com.google.android.gms:play-services-tasks:18.2.0) with LibrarySymbolTableTransform
Transforming play-services-tasks-18.2.0.aar (com.google.android.gms:play-services-tasks:18.2.0) with JetifyTransform
Transforming play-services-tasks-18.2.0.aar (com.google.android.gms:play-services-tasks:18.2.0) with ExtractAarTransform
Transforming play-services-tasks-18.2.0.aar (com.google.android.gms:play-services-tasks:18.2.0) with LibrarySymbolTableTransform
Transforming play-services-tasks-18.2.0.aar (com.google.android.gms:play-services-tasks:18.2.0) with JetifyTransform
Transforming play-services-tasks-18.2.0.aar (com.google.android.gms:play-services-tasks:18.2.0) with ExtractAarTransform
Transforming play-services-tasks-18.2.0.aar (com.google.android.gms:play-services-tasks:18.2.0) with LibrarySymbolTableTransform
Transforming play-services-tasks-18.2.0.aar (com.google.android.gms:play-services-tasks:18.2.0) with JetifyTransform
Transforming play-services-tasks-18.2.0.aar (com.google.android.gms:play-services-tasks:18.2.0) with ExtractAarTransform
Transforming play-services-tasks-18.2.0.aar (com.google.android.gms:play-services-tasks:18.2.0) with LibrarySymbolTableTransform
Transforming play-services-tasks-18.2.0.aar (com.google.android.gms:play-services-tasks:18.2.0) with JetifyTransform
Transforming play-services-tasks-18.2.0.aar (com.google.android.gms:play-services-tasks:18.2.0) with ExtractAarTransform
Transforming play-services-tasks-18.2.0.aar (com.google.android.gms:play-services-tasks:18.2.0) with LibrarySymbolTableTransform
Transforming play-services-tasks-18.2.0.aar (com.google.android.gms:play-services-tasks:18.2.0) with JetifyTransform
Transforming play-services-tasks-18.2.0.aar (com.google.android.gms:play-services-tasks:18.2.0) with ExtractAarTransform
Transforming play-services-tasks-18.2.0.aar (com.google.android.gms:play-services-tasks:18.2.0) with LibrarySymbolTableTransform
Transforming play-services-tasks-18.2.0.aar (com.google.android.gms:play-services-tasks:18.2.0) with JetifyTransform
Transforming play-services-tasks-18.2.0.aar (com.google.android.gms:play-services-tasks:18.2.0) with ExtractAarTransform
Transforming play-services-tasks-18.2.0.aar (com.google.android.gms:play-services-tasks:18.2.0) with LibrarySymbolTableTransform
Transforming play-services-basement-18.4.0.aar (com.google.android.gms:play-services-basement:18.4.0) with JetifyTransform
Transforming play-services-basement-18.4.0.aar (com.google.android.gms:play-services-basement:18.4.0) with ExtractAarTransform
Transforming play-services-basement-18.4.0.aar (com.google.android.gms:play-services-basement:18.4.0) with LibrarySymbolTableTransform
Transforming play-services-basement-18.4.0.aar (com.google.android.gms:play-services-basement:18.4.0) with JetifyTransform
Transforming play-services-basement-18.4.0.aar (com.google.android.gms:play-services-basement:18.4.0) with ExtractAarTransform
Transforming play-services-basement-18.4.0.aar (com.google.android.gms:play-services-basement:18.4.0) with LibrarySymbolTableTransform
Transforming play-services-basement-18.4.0.aar (com.google.android.gms:play-services-basement:18.4.0) with JetifyTransform
Transforming play-services-basement-18.4.0.aar (com.google.android.gms:play-services-basement:18.4.0) with ExtractAarTransform
Transforming play-services-basement-18.4.0.aar (com.google.android.gms:play-services-basement:18.4.0) with LibrarySymbolTableTransform
Transforming play-services-basement-18.4.0.aar (com.google.android.gms:play-services-basement:18.4.0) with JetifyTransform
Transforming play-services-basement-18.4.0.aar (com.google.android.gms:play-services-basement:18.4.0) with ExtractAarTransform
Transforming play-services-basement-18.4.0.aar (com.google.android.gms:play-services-basement:18.4.0) with LibrarySymbolTableTransform
Transforming play-services-basement-18.4.0.aar (com.google.android.gms:play-services-basement:18.4.0) with JetifyTransform
Transforming play-services-basement-18.4.0.aar (com.google.android.gms:play-services-basement:18.4.0) with ExtractAarTransform
Transforming play-services-basement-18.4.0.aar (com.google.android.gms:play-services-basement:18.4.0) with LibrarySymbolTableTransform
Transforming play-services-basement-18.4.0.aar (com.google.android.gms:play-services-basement:18.4.0) with JetifyTransform
Transforming play-services-basement-18.4.0.aar (com.google.android.gms:play-services-basement:18.4.0) with ExtractAarTransform
Transforming play-services-basement-18.4.0.aar (com.google.android.gms:play-services-basement:18.4.0) with LibrarySymbolTableTransform
Transforming play-services-basement-18.4.0.aar (com.google.android.gms:play-services-basement:18.4.0) with JetifyTransform
Transforming play-services-basement-18.4.0.aar (com.google.android.gms:play-services-basement:18.4.0) with ExtractAarTransform
Transforming play-services-basement-18.4.0.aar (com.google.android.gms:play-services-basement:18.4.0) with LibrarySymbolTableTransform
Transforming play-services-basement-18.4.0.aar (com.google.android.gms:play-services-basement:18.4.0) with JetifyTransform
Transforming play-services-basement-18.4.0.aar (com.google.android.gms:play-services-basement:18.4.0) with ExtractAarTransform
Transforming play-services-basement-18.4.0.aar (com.google.android.gms:play-services-basement:18.4.0) with LibrarySymbolTableTransform
Transforming play-services-basement-18.4.0.aar (com.google.android.gms:play-services-basement:18.4.0) with JetifyTransform
Transforming play-services-basement-18.4.0.aar (com.google.android.gms:play-services-basement:18.4.0) with ExtractAarTransform
Transforming play-services-basement-18.4.0.aar (com.google.android.gms:play-services-basement:18.4.0) with LibrarySymbolTableTransform
Transforming play-services-basement-18.4.0.aar (com.google.android.gms:play-services-basement:18.4.0) with JetifyTransform
Transforming play-services-basement-18.4.0.aar (com.google.android.gms:play-services-basement:18.4.0) with ExtractAarTransform
Transforming play-services-basement-18.4.0.aar (com.google.android.gms:play-services-basement:18.4.0) with LibrarySymbolTableTransform
Transforming play-services-basement-18.4.0.aar (com.google.android.gms:play-services-basement:18.4.0) with JetifyTransform
Transforming play-services-basement-18.4.0.aar (com.google.android.gms:play-services-basement:18.4.0) with ExtractAarTransform
Transforming play-services-basement-18.4.0.aar (com.google.android.gms:play-services-basement:18.4.0) with LibrarySymbolTableTransform
Transforming play-services-basement-18.4.0.aar (com.google.android.gms:play-services-basement:18.4.0) with JetifyTransform
Transforming play-services-basement-18.4.0.aar (com.google.android.gms:play-services-basement:18.4.0) with ExtractAarTransform
Transforming play-services-basement-18.4.0.aar (com.google.android.gms:play-services-basement:18.4.0) with LibrarySymbolTableTransform
Transforming play-services-basement-18.4.0.aar (com.google.android.gms:play-services-basement:18.4.0) with JetifyTransform
Transforming play-services-basement-18.4.0.aar (com.google.android.gms:play-services-basement:18.4.0) with ExtractAarTransform
Transforming play-services-basement-18.4.0.aar (com.google.android.gms:play-services-basement:18.4.0) with LibrarySymbolTableTransform
Transforming play-services-basement-18.4.0.aar (com.google.android.gms:play-services-basement:18.4.0) with JetifyTransform
Transforming play-services-basement-18.4.0.aar (com.google.android.gms:play-services-basement:18.4.0) with ExtractAarTransform
Transforming play-services-basement-18.4.0.aar (com.google.android.gms:play-services-basement:18.4.0) with LibrarySymbolTableTransform
Transforming play-services-basement-18.4.0.aar (com.google.android.gms:play-services-basement:18.4.0) with JetifyTransform
Transforming play-services-basement-18.4.0.aar (com.google.android.gms:play-services-basement:18.4.0) with ExtractAarTransform
Transforming play-services-basement-18.4.0.aar (com.google.android.gms:play-services-basement:18.4.0) with LibrarySymbolTableTransform
Transforming play-services-basement-18.4.0.aar (com.google.android.gms:play-services-basement:18.4.0) with JetifyTransform
Transforming play-services-basement-18.4.0.aar (com.google.android.gms:play-services-basement:18.4.0) with ExtractAarTransform
Transforming play-services-basement-18.4.0.aar (com.google.android.gms:play-services-basement:18.4.0) with LibrarySymbolTableTransform
Transforming fragment-1.6.2.aar (androidx.fragment:fragment:1.6.2) with JetifyTransform
Transforming fragment-1.6.2.aar (androidx.fragment:fragment:1.6.2) with ExtractAarTransform
Transforming fragment-1.6.2.aar (androidx.fragment:fragment:1.6.2) with LibrarySymbolTableTransform
Transforming fragment-1.6.2.aar (androidx.fragment:fragment:1.6.2) with JetifyTransform
Transforming fragment-1.6.2.aar (androidx.fragment:fragment:1.6.2) with ExtractAarTransform
Transforming fragment-1.6.2.aar (androidx.fragment:fragment:1.6.2) with LibrarySymbolTableTransform
Transforming fragment-1.6.2.aar (androidx.fragment:fragment:1.6.2) with JetifyTransform
Transforming fragment-1.6.2.aar (androidx.fragment:fragment:1.6.2) with ExtractAarTransform
Transforming fragment-1.6.2.aar (androidx.fragment:fragment:1.6.2) with LibrarySymbolTableTransform
Transforming fragment-1.6.2.aar (androidx.fragment:fragment:1.6.2) with JetifyTransform
Transforming fragment-1.6.2.aar (androidx.fragment:fragment:1.6.2) with ExtractAarTransform
Transforming fragment-1.6.2.aar (androidx.fragment:fragment:1.6.2) with LibrarySymbolTableTransform
Transforming fragment-1.6.2.aar (androidx.fragment:fragment:1.6.2) with JetifyTransform
Transforming fragment-1.6.2.aar (androidx.fragment:fragment:1.6.2) with ExtractAarTransform
Transforming fragment-1.6.2.aar (androidx.fragment:fragment:1.6.2) with LibrarySymbolTableTransform
Transforming fragment-1.6.2.aar (androidx.fragment:fragment:1.6.2) with JetifyTransform
Transforming fragment-1.6.2.aar (androidx.fragment:fragment:1.6.2) with ExtractAarTransform
Transforming fragment-1.6.2.aar (androidx.fragment:fragment:1.6.2) with LibrarySymbolTableTransform
Transforming fragment-ktx-1.6.2.aar (androidx.fragment:fragment-ktx:1.6.2) with JetifyTransform
Transforming fragment-ktx-1.6.2.aar (androidx.fragment:fragment-ktx:1.6.2) with ExtractAarTransform
Transforming fragment-ktx-1.6.2.aar (androidx.fragment:fragment-ktx:1.6.2) with LibrarySymbolTableTransform
Transforming savedstate-ktx-1.2.1.aar (androidx.savedstate:savedstate-ktx:1.2.1) with JetifyTransform
Transforming savedstate-ktx-1.2.1.aar (androidx.savedstate:savedstate-ktx:1.2.1) with ExtractAarTransform
Transforming savedstate-ktx-1.2.1.aar (androidx.savedstate:savedstate-ktx:1.2.1) with LibrarySymbolTableTransform
Transforming savedstate-1.2.1.aar (androidx.savedstate:savedstate:1.2.1) with JetifyTransform
Transforming savedstate-1.2.1.aar (androidx.savedstate:savedstate:1.2.1) with ExtractAarTransform
Transforming savedstate-1.2.1.aar (androidx.savedstate:savedstate:1.2.1) with LibrarySymbolTableTransform
Transforming lifecycle-runtime-ktx-2.7.0.aar (androidx.lifecycle:lifecycle-runtime-ktx:2.7.0) with JetifyTransform
Transforming lifecycle-runtime-ktx-2.7.0.aar (androidx.lifecycle:lifecycle-runtime-ktx:2.7.0) with ExtractAarTransform
Transforming lifecycle-runtime-ktx-2.7.0.aar (androidx.lifecycle:lifecycle-runtime-ktx:2.7.0) with LibrarySymbolTableTransform
Transforming lifecycle-viewmodel-savedstate-2.7.0.aar (androidx.lifecycle:lifecycle-viewmodel-savedstate:2.7.0) with JetifyTransform
Transforming lifecycle-viewmodel-savedstate-2.7.0.aar (androidx.lifecycle:lifecycle-viewmodel-savedstate:2.7.0) with ExtractAarTransform
Transforming lifecycle-viewmodel-savedstate-2.7.0.aar (androidx.lifecycle:lifecycle-viewmodel-savedstate:2.7.0) with LibrarySymbolTableTransform
Transforming lifecycle-viewmodel-compose-2.7.0.aar (androidx.lifecycle:lifecycle-viewmodel-compose:2.7.0) with JetifyTransform
Transforming lifecycle-viewmodel-compose-2.7.0.aar (androidx.lifecycle:lifecycle-viewmodel-compose:2.7.0) with ExtractAarTransform
Transforming lifecycle-viewmodel-compose-2.7.0.aar (androidx.lifecycle:lifecycle-viewmodel-compose:2.7.0) with LibrarySymbolTableTransform
Transforming lifecycle-viewmodel-2.7.0.aar (androidx.lifecycle:lifecycle-viewmodel:2.7.0) with JetifyTransform
Transforming lifecycle-viewmodel-2.7.0.aar (androidx.lifecycle:lifecycle-viewmodel:2.7.0) with ExtractAarTransform
Transforming lifecycle-viewmodel-2.7.0.aar (androidx.lifecycle:lifecycle-viewmodel:2.7.0) with LibrarySymbolTableTransform
Transforming lifecycle-viewmodel-2.7.0.aar (androidx.lifecycle:lifecycle-viewmodel:2.7.0) with JetifyTransform
Transforming lifecycle-viewmodel-2.7.0.aar (androidx.lifecycle:lifecycle-viewmodel:2.7.0) with ExtractAarTransform
Transforming lifecycle-viewmodel-2.7.0.aar (androidx.lifecycle:lifecycle-viewmodel:2.7.0) with LibrarySymbolTableTransform
Transforming lifecycle-runtime-2.7.0.aar (androidx.lifecycle:lifecycle-runtime:2.7.0) with JetifyTransform
Transforming lifecycle-runtime-2.7.0.aar (androidx.lifecycle:lifecycle-runtime:2.7.0) with ExtractAarTransform
Transforming lifecycle-runtime-2.7.0.aar (androidx.lifecycle:lifecycle-runtime:2.7.0) with LibrarySymbolTableTransform
Transforming lifecycle-livedata-ktx-2.7.0.aar (androidx.lifecycle:lifecycle-livedata-ktx:2.7.0) with JetifyTransform
Transforming lifecycle-livedata-ktx-2.7.0.aar (androidx.lifecycle:lifecycle-livedata-ktx:2.7.0) with ExtractAarTransform
Transforming lifecycle-livedata-ktx-2.7.0.aar (androidx.lifecycle:lifecycle-livedata-ktx:2.7.0) with LibrarySymbolTableTransform
Transforming lifecycle-viewmodel-ktx-2.7.0.aar (androidx.lifecycle:lifecycle-viewmodel-ktx:2.7.0) with JetifyTransform
Transforming lifecycle-viewmodel-ktx-2.7.0.aar (androidx.lifecycle:lifecycle-viewmodel-ktx:2.7.0) with ExtractAarTransform
Transforming lifecycle-viewmodel-ktx-2.7.0.aar (androidx.lifecycle:lifecycle-viewmodel-ktx:2.7.0) with LibrarySymbolTableTransform
Transforming lifecycle-runtime-compose-2.7.0.aar (androidx.lifecycle:lifecycle-runtime-compose:2.7.0) with JetifyTransform
Transforming lifecycle-runtime-compose-2.7.0.aar (androidx.lifecycle:lifecycle-runtime-compose:2.7.0) with ExtractAarTransform
Transforming lifecycle-runtime-compose-2.7.0.aar (androidx.lifecycle:lifecycle-runtime-compose:2.7.0) with LibrarySymbolTableTransform
Transforming ui-release.aar (androidx.compose.ui:ui-android:1.6.1) with JetifyTransform
Transforming ui-release.aar (androidx.compose.ui:ui-android:1.6.1) with ExtractAarTransform
Transforming ui-release.aar (androidx.compose.ui:ui-android:1.6.1) with LibrarySymbolTableTransform
Transforming activity-ktx-1.8.2.aar (androidx.activity:activity-ktx:1.8.2) with JetifyTransform
Transforming activity-ktx-1.8.2.aar (androidx.activity:activity-ktx:1.8.2) with ExtractAarTransform
Transforming activity-ktx-1.8.2.aar (androidx.activity:activity-ktx:1.8.2) with LibrarySymbolTableTransform
Transforming activity-compose-1.8.2.aar (androidx.activity:activity-compose:1.8.2) with JetifyTransform
Transforming activity-compose-1.8.2.aar (androidx.activity:activity-compose:1.8.2) with ExtractAarTransform
Transforming activity-compose-1.8.2.aar (androidx.activity:activity-compose:1.8.2) with LibrarySymbolTableTransform
Transforming activity-1.8.2.aar (androidx.activity:activity:1.8.2) with JetifyTransform
Transforming activity-1.8.2.aar (androidx.activity:activity:1.8.2) with ExtractAarTransform
Transforming activity-1.8.2.aar (androidx.activity:activity:1.8.2) with LibrarySymbolTableTransform
Transforming drawerlayout-1.1.1.aar (androidx.drawerlayout:drawerlayout:1.1.1) with JetifyTransform
Transforming drawerlayout-1.1.1.aar (androidx.drawerlayout:drawerlayout:1.1.1) with ExtractAarTransform
Transforming drawerlayout-1.1.1.aar (androidx.drawerlayout:drawerlayout:1.1.1) with LibrarySymbolTableTransform
Transforming coordinatorlayout-1.1.0.aar (androidx.coordinatorlayout:coordinatorlayout:1.1.0) with JetifyTransform
Transforming coordinatorlayout-1.1.0.aar (androidx.coordinatorlayout:coordinatorlayout:1.1.0) with ExtractAarTransform
Transforming coordinatorlayout-1.1.0.aar (androidx.coordinatorlayout:coordinatorlayout:1.1.0) with LibrarySymbolTableTransform
Transforming vectordrawable-animated-1.1.0.aar (androidx.vectordrawable:vectordrawable-animated:1.1.0) with JetifyTransform
Transforming vectordrawable-animated-1.1.0.aar (androidx.vectordrawable:vectordrawable-animated:1.1.0) with ExtractAarTransform
Transforming vectordrawable-animated-1.1.0.aar (androidx.vectordrawable:vectordrawable-animated:1.1.0) with LibrarySymbolTableTransform
Transforming vectordrawable-1.1.0.aar (androidx.vectordrawable:vectordrawable:1.1.0) with JetifyTransform
Transforming vectordrawable-1.1.0.aar (androidx.vectordrawable:vectordrawable:1.1.0) with ExtractAarTransform
Transforming vectordrawable-1.1.0.aar (androidx.vectordrawable:vectordrawable:1.1.0) with LibrarySymbolTableTransform
Transforming vectordrawable-1.1.0.aar (androidx.vectordrawable:vectordrawable:1.1.0) with JetifyTransform
Transforming vectordrawable-1.1.0.aar (androidx.vectordrawable:vectordrawable:1.1.0) with ExtractAarTransform
Transforming vectordrawable-1.1.0.aar (androidx.vectordrawable:vectordrawable:1.1.0) with LibrarySymbolTableTransform
Transforming recyclerview-1.1.0.aar (androidx.recyclerview:recyclerview:1.1.0) with JetifyTransform
Transforming recyclerview-1.1.0.aar (androidx.recyclerview:recyclerview:1.1.0) with ExtractAarTransform
Transforming recyclerview-1.1.0.aar (androidx.recyclerview:recyclerview:1.1.0) with LibrarySymbolTableTransform
Transforming recyclerview-1.1.0.aar (androidx.recyclerview:recyclerview:1.1.0) with JetifyTransform
Transforming recyclerview-1.1.0.aar (androidx.recyclerview:recyclerview:1.1.0) with ExtractAarTransform
Transforming recyclerview-1.1.0.aar (androidx.recyclerview:recyclerview:1.1.0) with LibrarySymbolTableTransform
Transforming viewpager-1.0.0.aar (androidx.viewpager:viewpager:1.0.0) with JetifyTransform
Transforming viewpager-1.0.0.aar (androidx.viewpager:viewpager:1.0.0) with ExtractAarTransform
Transforming viewpager-1.0.0.aar (androidx.viewpager:viewpager:1.0.0) with LibrarySymbolTableTransform
Transforming customview-1.1.0.aar (androidx.customview:customview:1.1.0) with JetifyTransform
Transforming customview-1.1.0.aar (androidx.customview:customview:1.1.0) with ExtractAarTransform
Transforming customview-1.1.0.aar (androidx.customview:customview:1.1.0) with LibrarySymbolTableTransform
Transforming customview-1.1.0.aar (androidx.customview:customview:1.1.0) with JetifyTransform
Transforming customview-1.1.0.aar (androidx.customview:customview:1.1.0) with ExtractAarTransform
Transforming customview-1.1.0.aar (androidx.customview:customview:1.1.0) with LibrarySymbolTableTransform
Transforming customview-1.1.0.aar (androidx.customview:customview:1.1.0) with JetifyTransform
Transforming customview-1.1.0.aar (androidx.customview:customview:1.1.0) with ExtractAarTransform
Transforming customview-1.1.0.aar (androidx.customview:customview:1.1.0) with LibrarySymbolTableTransform
Transforming customview-1.1.0.aar (androidx.customview:customview:1.1.0) with JetifyTransform
Transforming customview-1.1.0.aar (androidx.customview:customview:1.1.0) with ExtractAarTransform
Transforming customview-1.1.0.aar (androidx.customview:customview:1.1.0) with LibrarySymbolTableTransform
Transforming customview-1.1.0.aar (androidx.customview:customview:1.1.0) with JetifyTransform
Transforming customview-1.1.0.aar (androidx.customview:customview:1.1.0) with ExtractAarTransform
Transforming customview-1.1.0.aar (androidx.customview:customview:1.1.0) with LibrarySymbolTableTransform
Transforming browser-1.4.0.aar (androidx.browser:browser:1.4.0) with JetifyTransform
Transforming browser-1.4.0.aar (androidx.browser:browser:1.4.0) with ExtractAarTransform
Transforming browser-1.4.0.aar (androidx.browser:browser:1.4.0) with LibrarySymbolTableTransform
Transforming autofill-1.0.0.aar (androidx.autofill:autofill:1.0.0) with JetifyTransform
Transforming autofill-1.0.0.aar (androidx.autofill:autofill:1.0.0) with ExtractAarTransform
Transforming autofill-1.0.0.aar (androidx.autofill:autofill:1.0.0) with LibrarySymbolTableTransform
Transforming transition-1.4.1.aar (androidx.transition:transition:1.4.1) with JetifyTransform
Transforming transition-1.4.1.aar (androidx.transition:transition:1.4.1) with ExtractAarTransform
Transforming transition-1.4.1.aar (androidx.transition:transition:1.4.1) with LibrarySymbolTableTransform
Transforming core-1.12.0.aar (androidx.core:core:1.12.0) with JetifyTransform
Transforming core-1.12.0.aar (androidx.core:core:1.12.0) with ExtractAarTransform
Transforming core-1.12.0.aar (androidx.core:core:1.12.0) with LibrarySymbolTableTransform
Transforming core-1.12.0.aar (androidx.core:core:1.12.0) with JetifyTransform
Transforming core-1.12.0.aar (androidx.core:core:1.12.0) with ExtractAarTransform
Transforming core-1.12.0.aar (androidx.core:core:1.12.0) with LibrarySymbolTableTransform
Transforming core-1.12.0.aar (androidx.core:core:1.12.0) with JetifyTransform
Transforming core-1.12.0.aar (androidx.core:core:1.12.0) with ExtractAarTransform
Transforming core-1.12.0.aar (androidx.core:core:1.12.0) with LibrarySymbolTableTransform
Transforming core-1.12.0.aar (androidx.core:core:1.12.0) with JetifyTransform
Transforming core-1.12.0.aar (androidx.core:core:1.12.0) with ExtractAarTransform
Transforming core-1.12.0.aar (androidx.core:core:1.12.0) with LibrarySymbolTableTransform
Transforming core-1.12.0.aar (androidx.core:core:1.12.0) with JetifyTransform
Transforming core-1.12.0.aar (androidx.core:core:1.12.0) with ExtractAarTransform
Transforming core-1.12.0.aar (androidx.core:core:1.12.0) with LibrarySymbolTableTransform
Transforming core-1.12.0.aar (androidx.core:core:1.12.0) with JetifyTransform
Transforming core-1.12.0.aar (androidx.core:core:1.12.0) with ExtractAarTransform
Transforming core-1.12.0.aar (androidx.core:core:1.12.0) with LibrarySymbolTableTransform
Transforming core-1.12.0.aar (androidx.core:core:1.12.0) with JetifyTransform
Transforming core-1.12.0.aar (androidx.core:core:1.12.0) with ExtractAarTransform
Transforming core-1.12.0.aar (androidx.core:core:1.12.0) with LibrarySymbolTableTransform
Transforming core-1.12.0.aar (androidx.core:core:1.12.0) with JetifyTransform
Transforming core-1.12.0.aar (androidx.core:core:1.12.0) with ExtractAarTransform
Transforming core-1.12.0.aar (androidx.core:core:1.12.0) with LibrarySymbolTableTransform
Transforming core-1.12.0.aar (androidx.core:core:1.12.0) with JetifyTransform
Transforming core-1.12.0.aar (androidx.core:core:1.12.0) with ExtractAarTransform
Transforming core-1.12.0.aar (androidx.core:core:1.12.0) with LibrarySymbolTableTransform
Transforming core-1.12.0.aar (androidx.core:core:1.12.0) with JetifyTransform
Transforming core-1.12.0.aar (androidx.core:core:1.12.0) with ExtractAarTransform
Transforming core-1.12.0.aar (androidx.core:core:1.12.0) with LibrarySymbolTableTransform
Transforming core-1.12.0.aar (androidx.core:core:1.12.0) with JetifyTransform
Transforming core-1.12.0.aar (androidx.core:core:1.12.0) with ExtractAarTransform
Transforming core-1.12.0.aar (androidx.core:core:1.12.0) with LibrarySymbolTableTransform
Transforming core-1.12.0.aar (androidx.core:core:1.12.0) with JetifyTransform
Transforming core-1.12.0.aar (androidx.core:core:1.12.0) with ExtractAarTransform
Transforming core-1.12.0.aar (androidx.core:core:1.12.0) with LibrarySymbolTableTransform
Transforming core-1.12.0.aar (androidx.core:core:1.12.0) with JetifyTransform
Transforming core-1.12.0.aar (androidx.core:core:1.12.0) with ExtractAarTransform
Transforming core-1.12.0.aar (androidx.core:core:1.12.0) with LibrarySymbolTableTransform
Transforming core-1.12.0.aar (androidx.core:core:1.12.0) with JetifyTransform
Transforming core-1.12.0.aar (androidx.core:core:1.12.0) with ExtractAarTransform
Transforming core-1.12.0.aar (androidx.core:core:1.12.0) with LibrarySymbolTableTransform
Transforming core-1.12.0.aar (androidx.core:core:1.12.0) with JetifyTransform
Transforming core-1.12.0.aar (androidx.core:core:1.12.0) with ExtractAarTransform
Transforming core-1.12.0.aar (androidx.core:core:1.12.0) with LibrarySymbolTableTransform
Transforming customview-poolingcontainer-1.0.0.aar (androidx.customview:customview-poolingcontainer:1.0.0) with JetifyTransform
Transforming customview-poolingcontainer-1.0.0.aar (androidx.customview:customview-poolingcontainer:1.0.0) with ExtractAarTransform
Transforming customview-poolingcontainer-1.0.0.aar (androidx.customview:customview-poolingcontainer:1.0.0) with LibrarySymbolTableTransform
Transforming core-ktx-1.12.0.aar (androidx.core:core-ktx:1.12.0) with JetifyTransform
Transforming core-ktx-1.12.0.aar (androidx.core:core-ktx:1.12.0) with ExtractAarTransform
Transforming core-ktx-1.12.0.aar (androidx.core:core-ktx:1.12.0) with LibrarySymbolTableTransform
Transforming core-splashscreen-1.0.1.aar (androidx.core:core-splashscreen:1.0.1) with JetifyTransform
Transforming core-splashscreen-1.0.1.aar (androidx.core:core-splashscreen:1.0.1) with ExtractAarTransform
Transforming core-splashscreen-1.0.1.aar (androidx.core:core-splashscreen:1.0.1) with LibrarySymbolTableTransform
Transforming sqlite-framework-2.4.0.aar (androidx.sqlite:sqlite-framework:2.4.0) with JetifyTransform
Transforming sqlite-framework-2.4.0.aar (androidx.sqlite:sqlite-framework:2.4.0) with ExtractAarTransform
Transforming sqlite-framework-2.4.0.aar (androidx.sqlite:sqlite-framework:2.4.0) with LibrarySymbolTableTransform
Transforming sqlite-2.4.0.aar (androidx.sqlite:sqlite:2.4.0) with JetifyTransform
Transforming sqlite-2.4.0.aar (androidx.sqlite:sqlite:2.4.0) with ExtractAarTransform
Transforming sqlite-2.4.0.aar (androidx.sqlite:sqlite:2.4.0) with LibrarySymbolTableTransform
Transforming annotation-experimental-1.4.0.aar (androidx.annotation:annotation-experimental:1.4.0) with JetifyTransform
Transforming annotation-experimental-1.4.0.aar (androidx.annotation:annotation-experimental:1.4.0) with ExtractAarTransform
Transforming annotation-experimental-1.4.0.aar (androidx.annotation:annotation-experimental:1.4.0) with LibrarySymbolTableTransform
Transforming versionedparcelable-1.1.1.aar (androidx.versionedparcelable:versionedparcelable:1.1.1) with JetifyTransform
Transforming versionedparcelable-1.1.1.aar (androidx.versionedparcelable:versionedparcelable:1.1.1) with ExtractAarTransform
Transforming versionedparcelable-1.1.1.aar (androidx.versionedparcelable:versionedparcelable:1.1.1) with LibrarySymbolTableTransform
Transforming MPAndroidChart-3.1.0.aar (com.github.PhilJay:MPAndroidChart:3.1.0) with JetifyTransform
Transforming MPAndroidChart-3.1.0.aar (com.github.PhilJay:MPAndroidChart:3.1.0) with ExtractAarTransform
Transforming MPAndroidChart-3.1.0.aar (com.github.PhilJay:MPAndroidChart:3.1.0) with LibrarySymbolTableTransform
Transforming cursoradapter-1.0.0.aar (androidx.cursoradapter:cursoradapter:1.0.0) with JetifyTransform
Transforming cursoradapter-1.0.0.aar (androidx.cursoradapter:cursoradapter:1.0.0) with ExtractAarTransform
Transforming cursoradapter-1.0.0.aar (androidx.cursoradapter:cursoradapter:1.0.0) with LibrarySymbolTableTransform
Transforming cardview-1.0.0.aar (androidx.cardview:cardview:1.0.0) with JetifyTransform
Transforming cardview-1.0.0.aar (androidx.cardview:cardview:1.0.0) with ExtractAarTransform
Transforming cardview-1.0.0.aar (androidx.cardview:cardview:1.0.0) with LibrarySymbolTableTransform
Transforming profileinstaller-1.3.1.aar (androidx.profileinstaller:profileinstaller:1.3.1) with JetifyTransform
Transforming profileinstaller-1.3.1.aar (androidx.profileinstaller:profileinstaller:1.3.1) with ExtractAarTransform
Transforming profileinstaller-1.3.1.aar (androidx.profileinstaller:profileinstaller:1.3.1) with LibrarySymbolTableTransform
Transforming startup-runtime-1.1.1.aar (androidx.startup:startup-runtime:1.1.1) with JetifyTransform
Transforming startup-runtime-1.1.1.aar (androidx.startup:startup-runtime:1.1.1) with ExtractAarTransform
Transforming startup-runtime-1.1.1.aar (androidx.startup:startup-runtime:1.1.1) with LibrarySymbolTableTransform
Transforming tracing-1.0.0.aar (androidx.tracing:tracing:1.0.0) with JetifyTransform
Transforming tracing-1.0.0.aar (androidx.tracing:tracing:1.0.0) with ExtractAarTransform
Transforming tracing-1.0.0.aar (androidx.tracing:tracing:1.0.0) with LibrarySymbolTableTransform
Transforming core-runtime-2.2.0.aar (androidx.arch.core:core-runtime:2.2.0) with JetifyTransform
Transforming core-runtime-2.2.0.aar (androidx.arch.core:core-runtime:2.2.0) with ExtractAarTransform
Transforming core-runtime-2.2.0.aar (androidx.arch.core:core-runtime:2.2.0) with LibrarySymbolTableTransform
Transforming transport-backend-cct-2.3.3.aar (com.google.android.datatransport:transport-backend-cct:2.3.3) with JetifyTransform
Transforming transport-backend-cct-2.3.3.aar (com.google.android.datatransport:transport-backend-cct:2.3.3) with ExtractAarTransform
Transforming transport-backend-cct-2.3.3.aar (com.google.android.datatransport:transport-backend-cct:2.3.3) with LibrarySymbolTableTransform
Transforming transport-backend-cct-2.3.3.aar (com.google.android.datatransport:transport-backend-cct:2.3.3) with JetifyTransform
Transforming transport-backend-cct-2.3.3.aar (com.google.android.datatransport:transport-backend-cct:2.3.3) with ExtractAarTransform
Transforming transport-backend-cct-2.3.3.aar (com.google.android.datatransport:transport-backend-cct:2.3.3) with LibrarySymbolTableTransform
Transforming transport-backend-cct-2.3.3.aar (com.google.android.datatransport:transport-backend-cct:2.3.3) with JetifyTransform
Transforming transport-backend-cct-2.3.3.aar (com.google.android.datatransport:transport-backend-cct:2.3.3) with ExtractAarTransform
Transforming transport-backend-cct-2.3.3.aar (com.google.android.datatransport:transport-backend-cct:2.3.3) with LibrarySymbolTableTransform
Transforming transport-runtime-2.2.6.aar (com.google.android.datatransport:transport-runtime:2.2.6) with JetifyTransform
Transforming transport-runtime-2.2.6.aar (com.google.android.datatransport:transport-runtime:2.2.6) with ExtractAarTransform
Transforming transport-runtime-2.2.6.aar (com.google.android.datatransport:transport-runtime:2.2.6) with LibrarySymbolTableTransform
Transforming transport-runtime-2.2.6.aar (com.google.android.datatransport:transport-runtime:2.2.6) with JetifyTransform
Transforming transport-runtime-2.2.6.aar (com.google.android.datatransport:transport-runtime:2.2.6) with ExtractAarTransform
Transforming transport-runtime-2.2.6.aar (com.google.android.datatransport:transport-runtime:2.2.6) with LibrarySymbolTableTransform
Transforming transport-runtime-2.2.6.aar (com.google.android.datatransport:transport-runtime:2.2.6) with JetifyTransform
Transforming transport-runtime-2.2.6.aar (com.google.android.datatransport:transport-runtime:2.2.6) with ExtractAarTransform
Transforming transport-runtime-2.2.6.aar (com.google.android.datatransport:transport-runtime:2.2.6) with LibrarySymbolTableTransform
Transforming transport-runtime-2.2.6.aar (com.google.android.datatransport:transport-runtime:2.2.6) with JetifyTransform
Transforming transport-runtime-2.2.6.aar (com.google.android.datatransport:transport-runtime:2.2.6) with ExtractAarTransform
Transforming transport-runtime-2.2.6.aar (com.google.android.datatransport:transport-runtime:2.2.6) with LibrarySymbolTableTransform
Transforming transport-api-2.2.1.aar (com.google.android.datatransport:transport-api:2.2.1) with JetifyTransform
Transforming transport-api-2.2.1.aar (com.google.android.datatransport:transport-api:2.2.1) with ExtractAarTransform
Transforming transport-api-2.2.1.aar (com.google.android.datatransport:transport-api:2.2.1) with LibrarySymbolTableTransform
Transforming transport-api-2.2.1.aar (com.google.android.datatransport:transport-api:2.2.1) with JetifyTransform
Transforming transport-api-2.2.1.aar (com.google.android.datatransport:transport-api:2.2.1) with ExtractAarTransform
Transforming transport-api-2.2.1.aar (com.google.android.datatransport:transport-api:2.2.1) with LibrarySymbolTableTransform
Transforming transport-api-2.2.1.aar (com.google.android.datatransport:transport-api:2.2.1) with JetifyTransform
Transforming transport-api-2.2.1.aar (com.google.android.datatransport:transport-api:2.2.1) with ExtractAarTransform
Transforming transport-api-2.2.1.aar (com.google.android.datatransport:transport-api:2.2.1) with LibrarySymbolTableTransform
Transforming transport-api-2.2.1.aar (com.google.android.datatransport:transport-api:2.2.1) with JetifyTransform
Transforming transport-api-2.2.1.aar (com.google.android.datatransport:transport-api:2.2.1) with ExtractAarTransform
Transforming transport-api-2.2.1.aar (com.google.android.datatransport:transport-api:2.2.1) with LibrarySymbolTableTransform
Transforming transport-api-2.2.1.aar (com.google.android.datatransport:transport-api:2.2.1) with JetifyTransform
Transforming transport-api-2.2.1.aar (com.google.android.datatransport:transport-api:2.2.1) with ExtractAarTransform
Transforming transport-api-2.2.1.aar (com.google.android.datatransport:transport-api:2.2.1) with LibrarySymbolTableTransform
Transforming firebase-encoders-json-17.1.0.aar (com.google.firebase:firebase-encoders-json:17.1.0) with JetifyTransform
Transforming firebase-encoders-json-17.1.0.aar (com.google.firebase:firebase-encoders-json:17.1.0) with ExtractAarTransform
Transforming firebase-encoders-json-17.1.0.aar (com.google.firebase:firebase-encoders-json:17.1.0) with LibrarySymbolTableTransform
Transforming firebase-encoders-json-17.1.0.aar (com.google.firebase:firebase-encoders-json:17.1.0) with JetifyTransform
Transforming firebase-encoders-json-17.1.0.aar (com.google.firebase:firebase-encoders-json:17.1.0) with ExtractAarTransform
Transforming firebase-encoders-json-17.1.0.aar (com.google.firebase:firebase-encoders-json:17.1.0) with LibrarySymbolTableTransform
Transforming firebase-encoders-json-17.1.0.aar (com.google.firebase:firebase-encoders-json:17.1.0) with JetifyTransform
Transforming firebase-encoders-json-17.1.0.aar (com.google.firebase:firebase-encoders-json:17.1.0) with ExtractAarTransform
Transforming firebase-encoders-json-17.1.0.aar (com.google.firebase:firebase-encoders-json:17.1.0) with LibrarySymbolTableTransform
Transforming firebase-encoders-json-17.1.0.aar (com.google.firebase:firebase-encoders-json:17.1.0) with JetifyTransform
Transforming firebase-encoders-json-17.1.0.aar (com.google.firebase:firebase-encoders-json:17.1.0) with ExtractAarTransform
Transforming firebase-encoders-json-17.1.0.aar (com.google.firebase:firebase-encoders-json:17.1.0) with LibrarySymbolTableTransform
Transforming interpolator-1.0.0.aar (androidx.interpolator:interpolator:1.0.0) with JetifyTransform
Transforming interpolator-1.0.0.aar (androidx.interpolator:interpolator:1.0.0) with ExtractAarTransform
Transforming interpolator-1.0.0.aar (androidx.interpolator:interpolator:1.0.0) with LibrarySymbolTableTransform
Transforming interpolator-1.0.0.aar (androidx.interpolator:interpolator:1.0.0) with JetifyTransform
Transforming interpolator-1.0.0.aar (androidx.interpolator:interpolator:1.0.0) with ExtractAarTransform
Transforming interpolator-1.0.0.aar (androidx.interpolator:interpolator:1.0.0) with LibrarySymbolTableTransform
Transforming firebase-components-17.1.5.aar (com.google.firebase:firebase-components:17.1.5) with JetifyTransform
Transforming firebase-components-17.1.5.aar (com.google.firebase:firebase-components:17.1.5) with ExtractAarTransform
Transforming firebase-components-17.1.5.aar (com.google.firebase:firebase-components:17.1.5) with LibrarySymbolTableTransform
Transforming firebase-components-17.1.5.aar (com.google.firebase:firebase-components:17.1.5) with JetifyTransform
Transforming firebase-components-17.1.5.aar (com.google.firebase:firebase-components:17.1.5) with ExtractAarTransform
Transforming firebase-components-17.1.5.aar (com.google.firebase:firebase-components:17.1.5) with LibrarySymbolTableTransform
Transforming firebase-components-17.1.5.aar (com.google.firebase:firebase-components:17.1.5) with JetifyTransform
Transforming firebase-components-17.1.5.aar (com.google.firebase:firebase-components:17.1.5) with ExtractAarTransform
Transforming firebase-components-17.1.5.aar (com.google.firebase:firebase-components:17.1.5) with LibrarySymbolTableTransform
Transforming firebase-components-17.1.5.aar (com.google.firebase:firebase-components:17.1.5) with JetifyTransform
Transforming firebase-components-17.1.5.aar (com.google.firebase:firebase-components:17.1.5) with ExtractAarTransform
Transforming firebase-components-17.1.5.aar (com.google.firebase:firebase-components:17.1.5) with LibrarySymbolTableTransform
Transforming firebase-components-17.1.5.aar (com.google.firebase:firebase-components:17.1.5) with JetifyTransform
Transforming firebase-components-17.1.5.aar (com.google.firebase:firebase-components:17.1.5) with ExtractAarTransform
Transforming firebase-components-17.1.5.aar (com.google.firebase:firebase-components:17.1.5) with LibrarySymbolTableTransform
Transforming firebase-components-17.1.5.aar (com.google.firebase:firebase-components:17.1.5) with JetifyTransform
Transforming firebase-components-17.1.5.aar (com.google.firebase:firebase-components:17.1.5) with ExtractAarTransform
Transforming firebase-components-17.1.5.aar (com.google.firebase:firebase-components:17.1.5) with LibrarySymbolTableTransform
Transforming localbroadcastmanager-1.0.0.aar (androidx.localbroadcastmanager:localbroadcastmanager:1.0.0) with JetifyTransform
Transforming localbroadcastmanager-1.0.0.aar (androidx.localbroadcastmanager:localbroadcastmanager:1.0.0) with ExtractAarTransform
Transforming localbroadcastmanager-1.0.0.aar (androidx.localbroadcastmanager:localbroadcastmanager:1.0.0) with LibrarySymbolTableTransform
Transforming localbroadcastmanager-1.0.0.aar (androidx.localbroadcastmanager:localbroadcastmanager:1.0.0) with JetifyTransform
Transforming localbroadcastmanager-1.0.0.aar (androidx.localbroadcastmanager:localbroadcastmanager:1.0.0) with ExtractAarTransform
Transforming localbroadcastmanager-1.0.0.aar (androidx.localbroadcastmanager:localbroadcastmanager:1.0.0) with LibrarySymbolTableTransform
Transforming documentfile-1.0.0.aar (androidx.documentfile:documentfile:1.0.0) with JetifyTransform
Transforming documentfile-1.0.0.aar (androidx.documentfile:documentfile:1.0.0) with ExtractAarTransform
Transforming documentfile-1.0.0.aar (androidx.documentfile:documentfile:1.0.0) with LibrarySymbolTableTransform
Transforming print-1.0.0.aar (androidx.print:print:1.0.0) with JetifyTransform
Transforming print-1.0.0.aar (androidx.print:print:1.0.0) with ExtractAarTransform
Transforming print-1.0.0.aar (androidx.print:print:1.0.0) with LibrarySymbolTableTransform
Transforming exifinterface-1.3.6.aar (androidx.exifinterface:exifinterface:1.3.6) with JetifyTransform
Transforming exifinterface-1.3.6.aar (androidx.exifinterface:exifinterface:1.3.6) with ExtractAarTransform
Transforming exifinterface-1.3.6.aar (androidx.exifinterface:exifinterface:1.3.6) with LibrarySymbolTableTransform
Transforming exifinterface-1.3.6.aar (androidx.exifinterface:exifinterface:1.3.6) with JetifyTransform
Transforming exifinterface-1.3.6.aar (androidx.exifinterface:exifinterface:1.3.6) with ExtractAarTransform
Transforming exifinterface-1.3.6.aar (androidx.exifinterface:exifinterface:1.3.6) with LibrarySymbolTableTransform
Transforming dagger-lint-aar-2.48.aar (com.google.dagger:dagger-lint-aar:2.48) with JetifyTransform
Transforming dagger-lint-aar-2.48.aar (com.google.dagger:dagger-lint-aar:2.48) with ExtractAarTransform
Transforming dagger-lint-aar-2.48.aar (com.google.dagger:dagger-lint-aar:2.48) with LibrarySymbolTableTransform
Transforming image-1.0.0-beta1.aar (com.google.android.odml:image:1.0.0-beta1) with JetifyTransform
Transforming image-1.0.0-beta1.aar (com.google.android.odml:image:1.0.0-beta1) with ExtractAarTransform
Transforming image-1.0.0-beta1.aar (com.google.android.odml:image:1.0.0-beta1) with LibrarySymbolTableTransform
Transforming image-1.0.0-beta1.aar (com.google.android.odml:image:1.0.0-beta1) with JetifyTransform
Transforming image-1.0.0-beta1.aar (com.google.android.odml:image:1.0.0-beta1) with ExtractAarTransform
Transforming image-1.0.0-beta1.aar (com.google.android.odml:image:1.0.0-beta1) with LibrarySymbolTableTransform
Transforming viewbinding-8.6.0.aar (androidx.databinding:viewbinding:8.6.0) with JetifyTransform
Transforming viewbinding-8.6.0.aar (androidx.databinding:viewbinding:8.6.0) with ExtractAarTransform
Transforming viewbinding-8.6.0.aar (androidx.databinding:viewbinding:8.6.0) with AarTransform
Transforming hilt-navigation-compose-1.1.0.aar (androidx.hilt:hilt-navigation-compose:1.1.0) with JetifyTransform
Transforming hilt-navigation-compose-1.1.0.aar (androidx.hilt:hilt-navigation-compose:1.1.0) with ExtractAarTransform
Transforming hilt-navigation-compose-1.1.0.aar (androidx.hilt:hilt-navigation-compose:1.1.0) with AarTransform
Transforming hilt-navigation-1.1.0.aar (androidx.hilt:hilt-navigation:1.1.0) with JetifyTransform
Transforming hilt-navigation-1.1.0.aar (androidx.hilt:hilt-navigation:1.1.0) with ExtractAarTransform
Transforming hilt-navigation-1.1.0.aar (androidx.hilt:hilt-navigation:1.1.0) with AarTransform
Transforming navigation-common-2.7.6.aar (androidx.navigation:navigation-common:2.7.6) with JetifyTransform
Transforming navigation-common-2.7.6.aar (androidx.navigation:navigation-common:2.7.6) with ExtractAarTransform
Transforming navigation-common-2.7.6.aar (androidx.navigation:navigation-common:2.7.6) with AarTransform
Transforming navigation-runtime-2.7.6.aar (androidx.navigation:navigation-runtime:2.7.6) with JetifyTransform
Transforming navigation-runtime-2.7.6.aar (androidx.navigation:navigation-runtime:2.7.6) with ExtractAarTransform
Transforming navigation-runtime-2.7.6.aar (androidx.navigation:navigation-runtime:2.7.6) with AarTransform
Transforming navigation-common-ktx-2.7.6.aar (androidx.navigation:navigation-common-ktx:2.7.6) with JetifyTransform
Transforming navigation-common-ktx-2.7.6.aar (androidx.navigation:navigation-common-ktx:2.7.6) with ExtractAarTransform
Transforming navigation-common-ktx-2.7.6.aar (androidx.navigation:navigation-common-ktx:2.7.6) with AarTransform
Transforming navigation-fragment-2.7.6.aar (androidx.navigation:navigation-fragment:2.7.6) with JetifyTransform
Transforming navigation-fragment-2.7.6.aar (androidx.navigation:navigation-fragment:2.7.6) with ExtractAarTransform
Transforming navigation-fragment-2.7.6.aar (androidx.navigation:navigation-fragment:2.7.6) with AarTransform
Transforming navigation-runtime-ktx-2.7.6.aar (androidx.navigation:navigation-runtime-ktx:2.7.6) with JetifyTransform
Transforming navigation-runtime-ktx-2.7.6.aar (androidx.navigation:navigation-runtime-ktx:2.7.6) with ExtractAarTransform
Transforming navigation-runtime-ktx-2.7.6.aar (androidx.navigation:navigation-runtime-ktx:2.7.6) with AarTransform
Transforming navigation-fragment-ktx-2.7.6.aar (androidx.navigation:navigation-fragment-ktx:2.7.6) with JetifyTransform
Transforming navigation-fragment-ktx-2.7.6.aar (androidx.navigation:navigation-fragment-ktx:2.7.6) with ExtractAarTransform
Transforming navigation-fragment-ktx-2.7.6.aar (androidx.navigation:navigation-fragment-ktx:2.7.6) with AarTransform
Transforming navigation-compose-2.7.6.aar (androidx.navigation:navigation-compose:2.7.6) with JetifyTransform
Transforming navigation-compose-2.7.6.aar (androidx.navigation:navigation-compose:2.7.6) with ExtractAarTransform
Transforming navigation-compose-2.7.6.aar (androidx.navigation:navigation-compose:2.7.6) with AarTransform
Transforming navigation-ui-ktx-2.7.6.aar (androidx.navigation:navigation-ui-ktx:2.7.6) with JetifyTransform
Transforming navigation-ui-ktx-2.7.6.aar (androidx.navigation:navigation-ui-ktx:2.7.6) with ExtractAarTransform
Transforming navigation-ui-ktx-2.7.6.aar (androidx.navigation:navigation-ui-ktx:2.7.6) with AarTransform
Transforming navigation-ui-2.7.6.aar (androidx.navigation:navigation-ui:2.7.6) with JetifyTransform
Transforming navigation-ui-2.7.6.aar (androidx.navigation:navigation-ui:2.7.6) with ExtractAarTransform
Transforming navigation-ui-2.7.6.aar (androidx.navigation:navigation-ui:2.7.6) with AarTransform
Transforming material-1.11.0.aar (com.google.android.material:material:1.11.0) with JetifyTransform
Transforming material-1.11.0.aar (com.google.android.material:material:1.11.0) with ExtractAarTransform
Transforming material-1.11.0.aar (com.google.android.material:material:1.11.0) with AarTransform
Transforming play-services-mlkit-barcode-scanning-18.3.1.aar (com.google.android.gms:play-services-mlkit-barcode-scanning:18.3.1) with JetifyTransform
Transforming play-services-mlkit-barcode-scanning-18.3.1.aar (com.google.android.gms:play-services-mlkit-barcode-scanning:18.3.1) with ExtractAarTransform
Transforming play-services-mlkit-barcode-scanning-18.3.1.aar (com.google.android.gms:play-services-mlkit-barcode-scanning:18.3.1) with AarTransform
Transforming barcode-scanning-common-17.0.0.aar (com.google.mlkit:barcode-scanning-common:17.0.0) with JetifyTransform
Transforming barcode-scanning-common-17.0.0.aar (com.google.mlkit:barcode-scanning-common:17.0.0) with ExtractAarTransform
Transforming barcode-scanning-common-17.0.0.aar (com.google.mlkit:barcode-scanning-common:17.0.0) with AarTransform
Transforming vision-common-17.3.0.aar (com.google.mlkit:vision-common:17.3.0) with JetifyTransform
Transforming vision-common-17.3.0.aar (com.google.mlkit:vision-common:17.3.0) with ExtractAarTransform
Transforming vision-common-17.3.0.aar (com.google.mlkit:vision-common:17.3.0) with AarTransform
Transforming vision-common-17.3.0.aar (com.google.mlkit:vision-common:17.3.0) with JetifyTransform
Transforming vision-common-17.3.0.aar (com.google.mlkit:vision-common:17.3.0) with ExtractAarTransform
Transforming vision-common-17.3.0.aar (com.google.mlkit:vision-common:17.3.0) with AarTransform
Transforming common-18.11.0.aar (com.google.mlkit:common:18.11.0) with JetifyTransform
Transforming common-18.11.0.aar (com.google.mlkit:common:18.11.0) with ExtractAarTransform
Transforming common-18.11.0.aar (com.google.mlkit:common:18.11.0) with AarTransform
Transforming common-18.11.0.aar (com.google.mlkit:common:18.11.0) with JetifyTransform
Transforming common-18.11.0.aar (com.google.mlkit:common:18.11.0) with ExtractAarTransform
Transforming common-18.11.0.aar (com.google.mlkit:common:18.11.0) with AarTransform
Transforming appcompat-1.6.1.aar (androidx.appcompat:appcompat:1.6.1) with JetifyTransform
Transforming appcompat-1.6.1.aar (androidx.appcompat:appcompat:1.6.1) with ExtractAarTransform
Transforming appcompat-1.6.1.aar (androidx.appcompat:appcompat:1.6.1) with AarTransform
Transforming appcompat-1.6.1.aar (androidx.appcompat:appcompat:1.6.1) with JetifyTransform
Transforming appcompat-1.6.1.aar (androidx.appcompat:appcompat:1.6.1) with ExtractAarTransform
Transforming appcompat-1.6.1.aar (androidx.appcompat:appcompat:1.6.1) with AarTransform
Transforming hilt-android-2.48.aar (com.google.dagger:hilt-android:2.48) with JetifyTransform
Transforming hilt-android-2.48.aar (com.google.dagger:hilt-android:2.48) with ExtractAarTransform
Transforming hilt-android-2.48.aar (com.google.dagger:hilt-android:2.48) with AarTransform
Transforming biometric-1.1.0.aar (androidx.biometric:biometric:1.1.0) with JetifyTransform
Transforming biometric-1.1.0.aar (androidx.biometric:biometric:1.1.0) with ExtractAarTransform
Transforming biometric-1.1.0.aar (androidx.biometric:biometric:1.1.0) with AarTransform
Transforming firebase-auth-22.3.1.aar (com.google.firebase:firebase-auth:22.3.1) with JetifyTransform
Transforming firebase-auth-22.3.1.aar (com.google.firebase:firebase-auth:22.3.1) with ExtractAarTransform
Transforming firebase-auth-22.3.1.aar (com.google.firebase:firebase-auth:22.3.1) with AarTransform
Transforming play-services-auth-21.0.0.aar (com.google.android.gms:play-services-auth:21.0.0) with JetifyTransform
Transforming play-services-auth-21.0.0.aar (com.google.android.gms:play-services-auth:21.0.0) with ExtractAarTransform
Transforming play-services-auth-21.0.0.aar (com.google.android.gms:play-services-auth:21.0.0) with AarTransform
Transforming viewpager2-1.0.0.aar (androidx.viewpager2:viewpager2:1.0.0) with JetifyTransform
Transforming viewpager2-1.0.0.aar (androidx.viewpager2:viewpager2:1.0.0) with ExtractAarTransform
Transforming viewpager2-1.0.0.aar (androidx.viewpager2:viewpager2:1.0.0) with AarTransform
Transforming play-services-auth-api-phone-18.0.2.aar (com.google.android.gms:play-services-auth-api-phone:18.0.2) with JetifyTransform
Transforming play-services-auth-api-phone-18.0.2.aar (com.google.android.gms:play-services-auth-api-phone:18.0.2) with ExtractAarTransform
Transforming play-services-auth-api-phone-18.0.2.aar (com.google.android.gms:play-services-auth-api-phone:18.0.2) with AarTransform
Transforming play-services-auth-api-phone-18.0.2.aar (com.google.android.gms:play-services-auth-api-phone:18.0.2) with JetifyTransform
Transforming play-services-auth-api-phone-18.0.2.aar (com.google.android.gms:play-services-auth-api-phone:18.0.2) with ExtractAarTransform
Transforming play-services-auth-api-phone-18.0.2.aar (com.google.android.gms:play-services-auth-api-phone:18.0.2) with AarTransform
Transforming firebase-appcheck-interop-17.0.0.aar (com.google.firebase:firebase-appcheck-interop:17.0.0) with JetifyTransform
Transforming firebase-appcheck-interop-17.0.0.aar (com.google.firebase:firebase-appcheck-interop:17.0.0) with ExtractAarTransform
Transforming firebase-appcheck-interop-17.0.0.aar (com.google.firebase:firebase-appcheck-interop:17.0.0) with AarTransform
Transforming play-services-auth-base-18.0.10.aar (com.google.android.gms:play-services-auth-base:18.0.10) with JetifyTransform
Transforming play-services-auth-base-18.0.10.aar (com.google.android.gms:play-services-auth-base:18.0.10) with ExtractAarTransform
Transforming play-services-auth-base-18.0.10.aar (com.google.android.gms:play-services-auth-base:18.0.10) with AarTransform
Transforming play-services-fido-20.0.1.aar (com.google.android.gms:play-services-fido:20.0.1) with JetifyTransform
Transforming play-services-fido-20.0.1.aar (com.google.android.gms:play-services-fido:20.0.1) with ExtractAarTransform
Transforming play-services-fido-20.0.1.aar (com.google.android.gms:play-services-fido:20.0.1) with AarTransform
Transforming play-services-base-18.5.0.aar (com.google.android.gms:play-services-base:18.5.0) with JetifyTransform
Transforming play-services-base-18.5.0.aar (com.google.android.gms:play-services-base:18.5.0) with ExtractAarTransform
Transforming play-services-base-18.5.0.aar (com.google.android.gms:play-services-base:18.5.0) with AarTransform
Transforming play-services-base-18.5.0.aar (com.google.android.gms:play-services-base:18.5.0) with JetifyTransform
Transforming play-services-base-18.5.0.aar (com.google.android.gms:play-services-base:18.5.0) with ExtractAarTransform
Transforming play-services-base-18.5.0.aar (com.google.android.gms:play-services-base:18.5.0) with AarTransform
Transforming play-services-base-18.5.0.aar (com.google.android.gms:play-services-base:18.5.0) with JetifyTransform
Transforming play-services-base-18.5.0.aar (com.google.android.gms:play-services-base:18.5.0) with ExtractAarTransform
Transforming play-services-base-18.5.0.aar (com.google.android.gms:play-services-base:18.5.0) with AarTransform
Transforming play-services-base-18.5.0.aar (com.google.android.gms:play-services-base:18.5.0) with JetifyTransform
Transforming play-services-base-18.5.0.aar (com.google.android.gms:play-services-base:18.5.0) with ExtractAarTransform
Transforming play-services-base-18.5.0.aar (com.google.android.gms:play-services-base:18.5.0) with AarTransform
Transforming play-services-base-18.5.0.aar (com.google.android.gms:play-services-base:18.5.0) with JetifyTransform
Transforming play-services-base-18.5.0.aar (com.google.android.gms:play-services-base:18.5.0) with ExtractAarTransform
Transforming play-services-base-18.5.0.aar (com.google.android.gms:play-services-base:18.5.0) with AarTransform
Transforming play-services-base-18.5.0.aar (com.google.android.gms:play-services-base:18.5.0) with JetifyTransform
Transforming play-services-base-18.5.0.aar (com.google.android.gms:play-services-base:18.5.0) with ExtractAarTransform
Transforming play-services-base-18.5.0.aar (com.google.android.gms:play-services-base:18.5.0) with AarTransform
Transforming play-services-base-18.5.0.aar (com.google.android.gms:play-services-base:18.5.0) with JetifyTransform
Transforming play-services-base-18.5.0.aar (com.google.android.gms:play-services-base:18.5.0) with ExtractAarTransform
Transforming play-services-base-18.5.0.aar (com.google.android.gms:play-services-base:18.5.0) with AarTransform
Transforming play-services-base-18.5.0.aar (com.google.android.gms:play-services-base:18.5.0) with JetifyTransform
Transforming play-services-base-18.5.0.aar (com.google.android.gms:play-services-base:18.5.0) with ExtractAarTransform
Transforming play-services-base-18.5.0.aar (com.google.android.gms:play-services-base:18.5.0) with AarTransform
Transforming vision-interfaces-16.3.0.aar (com.google.mlkit:vision-interfaces:16.3.0) with JetifyTransform
Transforming vision-interfaces-16.3.0.aar (com.google.mlkit:vision-interfaces:16.3.0) with ExtractAarTransform
Transforming vision-interfaces-16.3.0.aar (com.google.mlkit:vision-interfaces:16.3.0) with AarTransform
Transforming firebase-common-ktx-20.4.2.aar (com.google.firebase:firebase-common-ktx:20.4.2) with JetifyTransform
Transforming firebase-common-ktx-20.4.2.aar (com.google.firebase:firebase-common-ktx:20.4.2) with ExtractAarTransform
Transforming firebase-common-ktx-20.4.2.aar (com.google.firebase:firebase-common-ktx:20.4.2) with AarTransform
Transforming firebase-auth-interop-20.0.0.aar (com.google.firebase:firebase-auth-interop:20.0.0) with JetifyTransform
Transforming firebase-auth-interop-20.0.0.aar (com.google.firebase:firebase-auth-interop:20.0.0) with ExtractAarTransform
Transforming firebase-auth-interop-20.0.0.aar (com.google.firebase:firebase-auth-interop:20.0.0) with AarTransform
Transforming firebase-common-20.4.2.aar (com.google.firebase:firebase-common:20.4.2) with JetifyTransform
Transforming firebase-common-20.4.2.aar (com.google.firebase:firebase-common:20.4.2) with ExtractAarTransform
Transforming firebase-common-20.4.2.aar (com.google.firebase:firebase-common:20.4.2) with AarTransform
Transforming firebase-common-20.4.2.aar (com.google.firebase:firebase-common:20.4.2) with JetifyTransform
Transforming firebase-common-20.4.2.aar (com.google.firebase:firebase-common:20.4.2) with ExtractAarTransform
Transforming firebase-common-20.4.2.aar (com.google.firebase:firebase-common:20.4.2) with AarTransform
Transforming firebase-common-20.4.2.aar (com.google.firebase:firebase-common:20.4.2) with JetifyTransform
Transforming firebase-common-20.4.2.aar (com.google.firebase:firebase-common:20.4.2) with ExtractAarTransform
Transforming firebase-common-20.4.2.aar (com.google.firebase:firebase-common:20.4.2) with AarTransform
Transforming recaptcha-18.4.0.aar (com.google.android.recaptcha:recaptcha:18.4.0) with JetifyTransform
Transforming recaptcha-18.4.0.aar (com.google.android.recaptcha:recaptcha:18.4.0) with ExtractAarTransform
Transforming recaptcha-18.4.0.aar (com.google.android.recaptcha:recaptcha:18.4.0) with AarTransform
Transforming integrity-1.2.0.aar (com.google.android.play:integrity:1.2.0) with JetifyTransform
Transforming integrity-1.2.0.aar (com.google.android.play:integrity:1.2.0) with ExtractAarTransform
Transforming integrity-1.2.0.aar (com.google.android.play:integrity:1.2.0) with AarTransform
Transforming integrity-1.2.0.aar (com.google.android.play:integrity:1.2.0) with JetifyTransform
Transforming integrity-1.2.0.aar (com.google.android.play:integrity:1.2.0) with ExtractAarTransform
Transforming integrity-1.2.0.aar (com.google.android.play:integrity:1.2.0) with AarTransform
Transforming room-runtime-2.6.1.aar (androidx.room:room-runtime:2.6.1) with JetifyTransform
Transforming room-runtime-2.6.1.aar (androidx.room:room-runtime:2.6.1) with ExtractAarTransform
Transforming room-runtime-2.6.1.aar (androidx.room:room-runtime:2.6.1) with AarTransform
Transforming room-ktx-2.6.1.aar (androidx.room:room-ktx:2.6.1) with JetifyTransform
Transforming room-ktx-2.6.1.aar (androidx.room:room-ktx:2.6.1) with ExtractAarTransform
Transforming room-ktx-2.6.1.aar (androidx.room:room-ktx:2.6.1) with AarTransform
Transforming fragment-ktx-1.6.2.aar (androidx.fragment:fragment-ktx:1.6.2) with JetifyTransform
Transforming fragment-ktx-1.6.2.aar (androidx.fragment:fragment-ktx:1.6.2) with ExtractAarTransform
Transforming fragment-ktx-1.6.2.aar (androidx.fragment:fragment-ktx:1.6.2) with AarTransform
Transforming activity-ktx-1.8.2.aar (androidx.activity:activity-ktx:1.8.2) with JetifyTransform
Transforming activity-ktx-1.8.2.aar (androidx.activity:activity-ktx:1.8.2) with ExtractAarTransform
Transforming activity-ktx-1.8.2.aar (androidx.activity:activity-ktx:1.8.2) with AarTransform
Transforming activity-compose-1.8.2.aar (androidx.activity:activity-compose:1.8.2) with JetifyTransform
Transforming activity-compose-1.8.2.aar (androidx.activity:activity-compose:1.8.2) with ExtractAarTransform
Transforming activity-compose-1.8.2.aar (androidx.activity:activity-compose:1.8.2) with AarTransform
Transforming activity-1.8.2.aar (androidx.activity:activity:1.8.2) with JetifyTransform
Transforming activity-1.8.2.aar (androidx.activity:activity:1.8.2) with ExtractAarTransform
Transforming activity-1.8.2.aar (androidx.activity:activity:1.8.2) with AarTransform
Transforming camera-video-1.3.1.aar (androidx.camera:camera-video:1.3.1) with JetifyTransform
Transforming camera-video-1.3.1.aar (androidx.camera:camera-video:1.3.1) with ExtractAarTransform
Transforming camera-video-1.3.1.aar (androidx.camera:camera-video:1.3.1) with AarTransform
Transforming camera-view-1.3.1.aar (androidx.camera:camera-view:1.3.1) with JetifyTransform
Transforming camera-view-1.3.1.aar (androidx.camera:camera-view:1.3.1) with ExtractAarTransform
Transforming camera-view-1.3.1.aar (androidx.camera:camera-view:1.3.1) with AarTransform
Transforming camera-lifecycle-1.3.1.aar (androidx.camera:camera-lifecycle:1.3.1) with JetifyTransform
Transforming camera-lifecycle-1.3.1.aar (androidx.camera:camera-lifecycle:1.3.1) with ExtractAarTransform
Transforming camera-lifecycle-1.3.1.aar (androidx.camera:camera-lifecycle:1.3.1) with AarTransform
Transforming camera-camera2-1.3.1.aar (androidx.camera:camera-camera2:1.3.1) with JetifyTransform
Transforming camera-camera2-1.3.1.aar (androidx.camera:camera-camera2:1.3.1) with ExtractAarTransform
Transforming camera-camera2-1.3.1.aar (androidx.camera:camera-camera2:1.3.1) with AarTransform
Transforming camera-core-1.3.1.aar (androidx.camera:camera-core:1.3.1) with JetifyTransform
Transforming camera-core-1.3.1.aar (androidx.camera:camera-core:1.3.1) with ExtractAarTransform
Transforming camera-core-1.3.1.aar (androidx.camera:camera-core:1.3.1) with AarTransform
Transforming appcompat-resources-1.6.1.aar (androidx.appcompat:appcompat-resources:1.6.1) with JetifyTransform
Transforming appcompat-resources-1.6.1.aar (androidx.appcompat:appcompat-resources:1.6.1) with ExtractAarTransform
Transforming appcompat-resources-1.6.1.aar (androidx.appcompat:appcompat-resources:1.6.1) with AarTransform
Transforming drawerlayout-1.1.1.aar (androidx.drawerlayout:drawerlayout:1.1.1) with JetifyTransform
Transforming drawerlayout-1.1.1.aar (androidx.drawerlayout:drawerlayout:1.1.1) with ExtractAarTransform
Transforming drawerlayout-1.1.1.aar (androidx.drawerlayout:drawerlayout:1.1.1) with AarTransform
Transforming coordinatorlayout-1.1.0.aar (androidx.coordinatorlayout:coordinatorlayout:1.1.0) with JetifyTransform
Transforming coordinatorlayout-1.1.0.aar (androidx.coordinatorlayout:coordinatorlayout:1.1.0) with ExtractAarTransform
Transforming coordinatorlayout-1.1.0.aar (androidx.coordinatorlayout:coordinatorlayout:1.1.0) with AarTransform
Transforming dynamicanimation-1.0.0.aar (androidx.dynamicanimation:dynamicanimation:1.0.0) with JetifyTransform
Transforming dynamicanimation-1.0.0.aar (androidx.dynamicanimation:dynamicanimation:1.0.0) with ExtractAarTransform
Transforming dynamicanimation-1.0.0.aar (androidx.dynamicanimation:dynamicanimation:1.0.0) with AarTransform
Transforming recyclerview-1.1.0.aar (androidx.recyclerview:recyclerview:1.1.0) with JetifyTransform
Transforming recyclerview-1.1.0.aar (androidx.recyclerview:recyclerview:1.1.0) with ExtractAarTransform
Transforming recyclerview-1.1.0.aar (androidx.recyclerview:recyclerview:1.1.0) with AarTransform
Transforming recyclerview-1.1.0.aar (androidx.recyclerview:recyclerview:1.1.0) with JetifyTransform
Transforming recyclerview-1.1.0.aar (androidx.recyclerview:recyclerview:1.1.0) with ExtractAarTransform
Transforming recyclerview-1.1.0.aar (androidx.recyclerview:recyclerview:1.1.0) with AarTransform
Transforming transition-1.4.1.aar (androidx.transition:transition:1.4.1) with JetifyTransform
Transforming transition-1.4.1.aar (androidx.transition:transition:1.4.1) with ExtractAarTransform
Transforming transition-1.4.1.aar (androidx.transition:transition:1.4.1) with AarTransform
Transforming vectordrawable-animated-1.1.0.aar (androidx.vectordrawable:vectordrawable-animated:1.1.0) with JetifyTransform
Transforming vectordrawable-animated-1.1.0.aar (androidx.vectordrawable:vectordrawable-animated:1.1.0) with ExtractAarTransform
Transforming vectordrawable-animated-1.1.0.aar (androidx.vectordrawable:vectordrawable-animated:1.1.0) with AarTransform
Transforming vectordrawable-1.1.0.aar (androidx.vectordrawable:vectordrawable:1.1.0) with JetifyTransform
Transforming vectordrawable-1.1.0.aar (androidx.vectordrawable:vectordrawable:1.1.0) with ExtractAarTransform
Transforming vectordrawable-1.1.0.aar (androidx.vectordrawable:vectordrawable:1.1.0) with AarTransform
Transforming vectordrawable-1.1.0.aar (androidx.vectordrawable:vectordrawable:1.1.0) with JetifyTransform
Transforming vectordrawable-1.1.0.aar (androidx.vectordrawable:vectordrawable:1.1.0) with ExtractAarTransform
Transforming vectordrawable-1.1.0.aar (androidx.vectordrawable:vectordrawable:1.1.0) with AarTransform
Transforming browser-1.4.0.aar (androidx.browser:browser:1.4.0) with JetifyTransform
Transforming browser-1.4.0.aar (androidx.browser:browser:1.4.0) with ExtractAarTransform
Transforming browser-1.4.0.aar (androidx.browser:browser:1.4.0) with AarTransform
Transforming legacy-support-core-utils-1.0.0.aar (androidx.legacy:legacy-support-core-utils:1.0.0) with JetifyTransform
Transforming legacy-support-core-utils-1.0.0.aar (androidx.legacy:legacy-support-core-utils:1.0.0) with ExtractAarTransform
Transforming legacy-support-core-utils-1.0.0.aar (androidx.legacy:legacy-support-core-utils:1.0.0) with AarTransform
Transforming loader-1.1.0.aar (androidx.loader:loader:1.1.0) with JetifyTransform
Transforming loader-1.1.0.aar (androidx.loader:loader:1.1.0) with ExtractAarTransform
Transforming loader-1.1.0.aar (androidx.loader:loader:1.1.0) with AarTransform
Transforming loader-1.1.0.aar (androidx.loader:loader:1.1.0) with JetifyTransform
Transforming loader-1.1.0.aar (androidx.loader:loader:1.1.0) with ExtractAarTransform
Transforming loader-1.1.0.aar (androidx.loader:loader:1.1.0) with AarTransform
Transforming loader-1.1.0.aar (androidx.loader:loader:1.1.0) with JetifyTransform
Transforming loader-1.1.0.aar (androidx.loader:loader:1.1.0) with ExtractAarTransform
Transforming loader-1.1.0.aar (androidx.loader:loader:1.1.0) with AarTransform
Transforming viewpager-1.0.0.aar (androidx.viewpager:viewpager:1.0.0) with JetifyTransform
Transforming viewpager-1.0.0.aar (androidx.viewpager:viewpager:1.0.0) with ExtractAarTransform
Transforming viewpager-1.0.0.aar (androidx.viewpager:viewpager:1.0.0) with AarTransform
Transforming slidingpanelayout-1.2.0.aar (androidx.slidingpanelayout:slidingpanelayout:1.2.0) with JetifyTransform
Transforming slidingpanelayout-1.2.0.aar (androidx.slidingpanelayout:slidingpanelayout:1.2.0) with ExtractAarTransform
Transforming slidingpanelayout-1.2.0.aar (androidx.slidingpanelayout:slidingpanelayout:1.2.0) with AarTransform
Transforming customview-1.1.0.aar (androidx.customview:customview:1.1.0) with JetifyTransform
Transforming customview-1.1.0.aar (androidx.customview:customview:1.1.0) with ExtractAarTransform
Transforming customview-1.1.0.aar (androidx.customview:customview:1.1.0) with AarTransform
Transforming customview-1.1.0.aar (androidx.customview:customview:1.1.0) with JetifyTransform
Transforming customview-1.1.0.aar (androidx.customview:customview:1.1.0) with ExtractAarTransform
Transforming customview-1.1.0.aar (androidx.customview:customview:1.1.0) with AarTransform
Transforming customview-1.1.0.aar (androidx.customview:customview:1.1.0) with JetifyTransform
Transforming customview-1.1.0.aar (androidx.customview:customview:1.1.0) with ExtractAarTransform
Transforming customview-1.1.0.aar (androidx.customview:customview:1.1.0) with AarTransform
Transforming customview-1.1.0.aar (androidx.customview:customview:1.1.0) with JetifyTransform
Transforming customview-1.1.0.aar (androidx.customview:customview:1.1.0) with ExtractAarTransform
Transforming customview-1.1.0.aar (androidx.customview:customview:1.1.0) with AarTransform
Transforming customview-1.1.0.aar (androidx.customview:customview:1.1.0) with JetifyTransform
Transforming customview-1.1.0.aar (androidx.customview:customview:1.1.0) with ExtractAarTransform
Transforming customview-1.1.0.aar (androidx.customview:customview:1.1.0) with AarTransform
Transforming core-1.12.0.aar (androidx.core:core:1.12.0) with JetifyTransform
Transforming core-1.12.0.aar (androidx.core:core:1.12.0) with ExtractAarTransform
Transforming core-1.12.0.aar (androidx.core:core:1.12.0) with AarTransform
Transforming core-1.12.0.aar (androidx.core:core:1.12.0) with JetifyTransform
Transforming core-1.12.0.aar (androidx.core:core:1.12.0) with ExtractAarTransform
Transforming core-1.12.0.aar (androidx.core:core:1.12.0) with AarTransform
Transforming core-1.12.0.aar (androidx.core:core:1.12.0) with JetifyTransform
Transforming core-1.12.0.aar (androidx.core:core:1.12.0) with ExtractAarTransform
Transforming core-1.12.0.aar (androidx.core:core:1.12.0) with AarTransform
Transforming core-1.12.0.aar (androidx.core:core:1.12.0) with JetifyTransform
Transforming core-1.12.0.aar (androidx.core:core:1.12.0) with ExtractAarTransform
Transforming core-1.12.0.aar (androidx.core:core:1.12.0) with AarTransform
Transforming core-1.12.0.aar (androidx.core:core:1.12.0) with JetifyTransform
Transforming core-1.12.0.aar (androidx.core:core:1.12.0) with ExtractAarTransform
Transforming core-1.12.0.aar (androidx.core:core:1.12.0) with AarTransform
Transforming core-1.12.0.aar (androidx.core:core:1.12.0) with JetifyTransform
Transforming core-1.12.0.aar (androidx.core:core:1.12.0) with ExtractAarTransform
Transforming core-1.12.0.aar (androidx.core:core:1.12.0) with AarTransform
Transforming core-1.12.0.aar (androidx.core:core:1.12.0) with JetifyTransform
Transforming core-1.12.0.aar (androidx.core:core:1.12.0) with ExtractAarTransform
Transforming core-1.12.0.aar (androidx.core:core:1.12.0) with AarTransform
Transforming core-1.12.0.aar (androidx.core:core:1.12.0) with JetifyTransform
Transforming core-1.12.0.aar (androidx.core:core:1.12.0) with ExtractAarTransform
Transforming core-1.12.0.aar (androidx.core:core:1.12.0) with AarTransform
Transforming core-1.12.0.aar (androidx.core:core:1.12.0) with JetifyTransform
Transforming core-1.12.0.aar (androidx.core:core:1.12.0) with ExtractAarTransform
Transforming core-1.12.0.aar (androidx.core:core:1.12.0) with AarTransform
Transforming core-1.12.0.aar (androidx.core:core:1.12.0) with JetifyTransform
Transforming core-1.12.0.aar (androidx.core:core:1.12.0) with ExtractAarTransform
Transforming core-1.12.0.aar (androidx.core:core:1.12.0) with AarTransform
Transforming core-1.12.0.aar (androidx.core:core:1.12.0) with JetifyTransform
Transforming core-1.12.0.aar (androidx.core:core:1.12.0) with ExtractAarTransform
Transforming core-1.12.0.aar (androidx.core:core:1.12.0) with AarTransform
Transforming core-1.12.0.aar (androidx.core:core:1.12.0) with JetifyTransform
Transforming core-1.12.0.aar (androidx.core:core:1.12.0) with ExtractAarTransform
Transforming core-1.12.0.aar (androidx.core:core:1.12.0) with AarTransform
Transforming core-1.12.0.aar (androidx.core:core:1.12.0) with JetifyTransform
Transforming core-1.12.0.aar (androidx.core:core:1.12.0) with ExtractAarTransform
Transforming core-1.12.0.aar (androidx.core:core:1.12.0) with AarTransform
Transforming core-1.12.0.aar (androidx.core:core:1.12.0) with JetifyTransform
Transforming core-1.12.0.aar (androidx.core:core:1.12.0) with ExtractAarTransform
Transforming core-1.12.0.aar (androidx.core:core:1.12.0) with AarTransform
Transforming lifecycle-livedata-core-2.7.0.aar (androidx.lifecycle:lifecycle-livedata-core:2.7.0) with JetifyTransform
Transforming lifecycle-livedata-core-2.7.0.aar (androidx.lifecycle:lifecycle-livedata-core:2.7.0) with ExtractAarTransform
Transforming lifecycle-livedata-core-2.7.0.aar (androidx.lifecycle:lifecycle-livedata-core:2.7.0) with AarTransform
Transforming lifecycle-livedata-core-2.7.0.aar (androidx.lifecycle:lifecycle-livedata-core:2.7.0) with JetifyTransform
Transforming lifecycle-livedata-core-2.7.0.aar (androidx.lifecycle:lifecycle-livedata-core:2.7.0) with ExtractAarTransform
Transforming lifecycle-livedata-core-2.7.0.aar (androidx.lifecycle:lifecycle-livedata-core:2.7.0) with AarTransform
Transforming lifecycle-livedata-core-ktx-2.7.0.aar (androidx.lifecycle:lifecycle-livedata-core-ktx:2.7.0) with JetifyTransform
Transforming lifecycle-livedata-core-ktx-2.7.0.aar (androidx.lifecycle:lifecycle-livedata-core-ktx:2.7.0) with ExtractAarTransform
Transforming lifecycle-livedata-core-ktx-2.7.0.aar (androidx.lifecycle:lifecycle-livedata-core-ktx:2.7.0) with AarTransform
Transforming lifecycle-livedata-2.7.0.aar (androidx.lifecycle:lifecycle-livedata:2.7.0) with JetifyTransform
Transforming lifecycle-livedata-2.7.0.aar (androidx.lifecycle:lifecycle-livedata:2.7.0) with ExtractAarTransform
Transforming lifecycle-livedata-2.7.0.aar (androidx.lifecycle:lifecycle-livedata:2.7.0) with AarTransform
Transforming lifecycle-runtime-ktx-2.7.0.aar (androidx.lifecycle:lifecycle-runtime-ktx:2.7.0) with JetifyTransform
Transforming lifecycle-runtime-ktx-2.7.0.aar (androidx.lifecycle:lifecycle-runtime-ktx:2.7.0) with ExtractAarTransform
Transforming lifecycle-runtime-ktx-2.7.0.aar (androidx.lifecycle:lifecycle-runtime-ktx:2.7.0) with AarTransform
Transforming lifecycle-viewmodel-compose-2.7.0.aar (androidx.lifecycle:lifecycle-viewmodel-compose:2.7.0) with JetifyTransform
Transforming lifecycle-viewmodel-compose-2.7.0.aar (androidx.lifecycle:lifecycle-viewmodel-compose:2.7.0) with ExtractAarTransform
Transforming lifecycle-viewmodel-compose-2.7.0.aar (androidx.lifecycle:lifecycle-viewmodel-compose:2.7.0) with AarTransform
Transforming lifecycle-viewmodel-savedstate-2.7.0.aar (androidx.lifecycle:lifecycle-viewmodel-savedstate:2.7.0) with JetifyTransform
Transforming lifecycle-viewmodel-savedstate-2.7.0.aar (androidx.lifecycle:lifecycle-viewmodel-savedstate:2.7.0) with ExtractAarTransform
Transforming lifecycle-viewmodel-savedstate-2.7.0.aar (androidx.lifecycle:lifecycle-viewmodel-savedstate:2.7.0) with AarTransform
Transforming lifecycle-viewmodel-2.7.0.aar (androidx.lifecycle:lifecycle-viewmodel:2.7.0) with JetifyTransform
Transforming lifecycle-viewmodel-2.7.0.aar (androidx.lifecycle:lifecycle-viewmodel:2.7.0) with ExtractAarTransform
Transforming lifecycle-viewmodel-2.7.0.aar (androidx.lifecycle:lifecycle-viewmodel:2.7.0) with AarTransform
Transforming lifecycle-viewmodel-2.7.0.aar (androidx.lifecycle:lifecycle-viewmodel:2.7.0) with JetifyTransform
Transforming lifecycle-viewmodel-2.7.0.aar (androidx.lifecycle:lifecycle-viewmodel:2.7.0) with ExtractAarTransform
Transforming lifecycle-viewmodel-2.7.0.aar (androidx.lifecycle:lifecycle-viewmodel:2.7.0) with AarTransform
Transforming coil-compose-2.5.0.aar (io.coil-kt:coil-compose:2.5.0) with JetifyTransform
Transforming coil-compose-2.5.0.aar (io.coil-kt:coil-compose:2.5.0) with ExtractAarTransform
Transforming coil-compose-2.5.0.aar (io.coil-kt:coil-compose:2.5.0) with AarTransform
Transforming coil-compose-base-2.5.0.aar (io.coil-kt:coil-compose-base:2.5.0) with JetifyTransform
Transforming coil-compose-base-2.5.0.aar (io.coil-kt:coil-compose-base:2.5.0) with ExtractAarTransform
Transforming coil-compose-base-2.5.0.aar (io.coil-kt:coil-compose-base:2.5.0) with AarTransform
Transforming coil-2.5.0.aar (io.coil-kt:coil:2.5.0) with JetifyTransform
Transforming coil-2.5.0.aar (io.coil-kt:coil:2.5.0) with ExtractAarTransform
Transforming coil-2.5.0.aar (io.coil-kt:coil:2.5.0) with AarTransform
Transforming coil-base-2.5.0.aar (io.coil-kt:coil-base:2.5.0) with JetifyTransform
Transforming coil-base-2.5.0.aar (io.coil-kt:coil-base:2.5.0) with ExtractAarTransform
Transforming coil-base-2.5.0.aar (io.coil-kt:coil-base:2.5.0) with AarTransform
Transforming lifecycle-runtime-2.7.0.aar (androidx.lifecycle:lifecycle-runtime:2.7.0) with JetifyTransform
Transforming lifecycle-runtime-2.7.0.aar (androidx.lifecycle:lifecycle-runtime:2.7.0) with ExtractAarTransform
Transforming lifecycle-runtime-2.7.0.aar (androidx.lifecycle:lifecycle-runtime:2.7.0) with AarTransform
Transforming lifecycle-livedata-ktx-2.7.0.aar (androidx.lifecycle:lifecycle-livedata-ktx:2.7.0) with JetifyTransform
Transforming lifecycle-livedata-ktx-2.7.0.aar (androidx.lifecycle:lifecycle-livedata-ktx:2.7.0) with ExtractAarTransform
Transforming lifecycle-livedata-ktx-2.7.0.aar (androidx.lifecycle:lifecycle-livedata-ktx:2.7.0) with AarTransform
Transforming lifecycle-runtime-compose-2.7.0.aar (androidx.lifecycle:lifecycle-runtime-compose:2.7.0) with JetifyTransform
Transforming lifecycle-runtime-compose-2.7.0.aar (androidx.lifecycle:lifecycle-runtime-compose:2.7.0) with ExtractAarTransform
Transforming lifecycle-runtime-compose-2.7.0.aar (androidx.lifecycle:lifecycle-runtime-compose:2.7.0) with AarTransform
Transforming lifecycle-viewmodel-ktx-2.7.0.aar (androidx.lifecycle:lifecycle-viewmodel-ktx:2.7.0) with JetifyTransform
Transforming lifecycle-viewmodel-ktx-2.7.0.aar (androidx.lifecycle:lifecycle-viewmodel-ktx:2.7.0) with ExtractAarTransform
Transforming lifecycle-viewmodel-ktx-2.7.0.aar (androidx.lifecycle:lifecycle-viewmodel-ktx:2.7.0) with AarTransform
Transforming material3-release.aar (androidx.compose.material3:material3-android:1.2.0) with JetifyTransform
Transforming material3-release.aar (androidx.compose.material3:material3-android:1.2.0) with ExtractAarTransform
Transforming material3-release.aar (androidx.compose.material3:material3-android:1.2.0) with AarTransform
Transforming foundation-layout-release.aar (androidx.compose.foundation:foundation-layout-android:1.6.1) with JetifyTransform
Transforming foundation-layout-release.aar (androidx.compose.foundation:foundation-layout-android:1.6.1) with ExtractAarTransform
Transforming foundation-layout-release.aar (androidx.compose.foundation:foundation-layout-android:1.6.1) with AarTransform
Transforming material-icons-core-release.aar (androidx.compose.material:material-icons-core-android:1.6.1) with JetifyTransform
Transforming material-icons-core-release.aar (androidx.compose.material:material-icons-core-android:1.6.1) with ExtractAarTransform
Transforming material-icons-core-release.aar (androidx.compose.material:material-icons-core-android:1.6.1) with AarTransform
Transforming material-icons-extended-release.aar (androidx.compose.material:material-icons-extended-android:1.6.1) with JetifyTransform
Transforming material-icons-extended-release.aar (androidx.compose.material:material-icons-extended-android:1.6.1) with ExtractAarTransform
Transforming material-icons-extended-release.aar (androidx.compose.material:material-icons-extended-android:1.6.1) with AarTransform
Transforming material-ripple-release.aar (androidx.compose.material:material-ripple-android:1.6.1) with JetifyTransform
Transforming material-ripple-release.aar (androidx.compose.material:material-ripple-android:1.6.1) with ExtractAarTransform
Transforming material-ripple-release.aar (androidx.compose.material:material-ripple-android:1.6.1) with AarTransform
Transforming foundation-release.aar (androidx.compose.foundation:foundation-android:1.6.1) with JetifyTransform
Transforming foundation-release.aar (androidx.compose.foundation:foundation-android:1.6.1) with ExtractAarTransform
Transforming foundation-release.aar (androidx.compose.foundation:foundation-android:1.6.1) with AarTransform
Transforming animation-core-release.aar (androidx.compose.animation:animation-core-android:1.6.1) with JetifyTransform
Transforming animation-core-release.aar (androidx.compose.animation:animation-core-android:1.6.1) with ExtractAarTransform
Transforming animation-core-release.aar (androidx.compose.animation:animation-core-android:1.6.1) with AarTransform
Transforming animation-release.aar (androidx.compose.animation:animation-android:1.6.1) with JetifyTransform
Transforming animation-release.aar (androidx.compose.animation:animation-android:1.6.1) with ExtractAarTransform
Transforming animation-release.aar (androidx.compose.animation:animation-android:1.6.1) with AarTransform
Transforming ui-util-release.aar (androidx.compose.ui:ui-util-android:1.6.1) with JetifyTransform
Transforming ui-util-release.aar (androidx.compose.ui:ui-util-android:1.6.1) with ExtractAarTransform
Transforming ui-util-release.aar (androidx.compose.ui:ui-util-android:1.6.1) with AarTransform
Transforming ui-unit-release.aar (androidx.compose.ui:ui-unit-android:1.6.1) with JetifyTransform
Transforming ui-unit-release.aar (androidx.compose.ui:ui-unit-android:1.6.1) with ExtractAarTransform
Transforming ui-unit-release.aar (androidx.compose.ui:ui-unit-android:1.6.1) with AarTransform
Transforming ui-text-release.aar (androidx.compose.ui:ui-text-android:1.6.1) with JetifyTransform
Transforming ui-text-release.aar (androidx.compose.ui:ui-text-android:1.6.1) with ExtractAarTransform
Transforming ui-text-release.aar (androidx.compose.ui:ui-text-android:1.6.1) with AarTransform
Transforming ui-geometry-release.aar (androidx.compose.ui:ui-geometry-android:1.6.1) with JetifyTransform
Transforming ui-geometry-release.aar (androidx.compose.ui:ui-geometry-android:1.6.1) with ExtractAarTransform
Transforming ui-geometry-release.aar (androidx.compose.ui:ui-geometry-android:1.6.1) with AarTransform
Transforming ui-tooling-data-release.aar (androidx.compose.ui:ui-tooling-data-android:1.6.1) with JetifyTransform
Transforming ui-tooling-data-release.aar (androidx.compose.ui:ui-tooling-data-android:1.6.1) with ExtractAarTransform
Transforming ui-tooling-data-release.aar (androidx.compose.ui:ui-tooling-data-android:1.6.1) with AarTransform
Transforming ui-tooling-preview-release.aar (androidx.compose.ui:ui-tooling-preview-android:1.6.1) with JetifyTransform
Transforming ui-tooling-preview-release.aar (androidx.compose.ui:ui-tooling-preview-android:1.6.1) with ExtractAarTransform
Transforming ui-tooling-preview-release.aar (androidx.compose.ui:ui-tooling-preview-android:1.6.1) with AarTransform
Transforming ui-graphics-release.aar (androidx.compose.ui:ui-graphics-android:1.6.1) with JetifyTransform
Transforming ui-graphics-release.aar (androidx.compose.ui:ui-graphics-android:1.6.1) with ExtractAarTransform
Transforming ui-graphics-release.aar (androidx.compose.ui:ui-graphics-android:1.6.1) with AarTransform
Transforming ui-release.aar (androidx.compose.ui:ui-android:1.6.1) with JetifyTransform
Transforming ui-release.aar (androidx.compose.ui:ui-android:1.6.1) with ExtractAarTransform
Transforming ui-release.aar (androidx.compose.ui:ui-android:1.6.1) with AarTransform
Transforming ui-tooling-release.aar (androidx.compose.ui:ui-tooling-android:1.6.1) with JetifyTransform
Transforming ui-tooling-release.aar (androidx.compose.ui:ui-tooling-android:1.6.1) with ExtractAarTransform
Transforming ui-tooling-release.aar (androidx.compose.ui:ui-tooling-android:1.6.1) with AarTransform
Transforming runtime-saveable-release.aar (androidx.compose.runtime:runtime-saveable-android:1.6.1) with JetifyTransform
Transforming runtime-saveable-release.aar (androidx.compose.runtime:runtime-saveable-android:1.6.1) with ExtractAarTransform
Transforming runtime-saveable-release.aar (androidx.compose.runtime:runtime-saveable-android:1.6.1) with AarTransform
Transforming runtime-release.aar (androidx.compose.runtime:runtime-android:1.6.1) with JetifyTransform
Transforming runtime-release.aar (androidx.compose.runtime:runtime-android:1.6.1) with ExtractAarTransform
Transforming runtime-release.aar (androidx.compose.runtime:runtime-android:1.6.1) with AarTransform
Transforming play-services-tasks-18.2.0.aar (com.google.android.gms:play-services-tasks:18.2.0) with JetifyTransform
Transforming play-services-tasks-18.2.0.aar (com.google.android.gms:play-services-tasks:18.2.0) with ExtractAarTransform
Transforming play-services-tasks-18.2.0.aar (com.google.android.gms:play-services-tasks:18.2.0) with AarTransform
Transforming play-services-tasks-18.2.0.aar (com.google.android.gms:play-services-tasks:18.2.0) with JetifyTransform
Transforming play-services-tasks-18.2.0.aar (com.google.android.gms:play-services-tasks:18.2.0) with ExtractAarTransform
Transforming play-services-tasks-18.2.0.aar (com.google.android.gms:play-services-tasks:18.2.0) with AarTransform
Transforming play-services-tasks-18.2.0.aar (com.google.android.gms:play-services-tasks:18.2.0) with JetifyTransform
Transforming play-services-tasks-18.2.0.aar (com.google.android.gms:play-services-tasks:18.2.0) with ExtractAarTransform
Transforming play-services-tasks-18.2.0.aar (com.google.android.gms:play-services-tasks:18.2.0) with AarTransform
Transforming play-services-tasks-18.2.0.aar (com.google.android.gms:play-services-tasks:18.2.0) with JetifyTransform
Transforming play-services-tasks-18.2.0.aar (com.google.android.gms:play-services-tasks:18.2.0) with ExtractAarTransform
Transforming play-services-tasks-18.2.0.aar (com.google.android.gms:play-services-tasks:18.2.0) with AarTransform
Transforming play-services-tasks-18.2.0.aar (com.google.android.gms:play-services-tasks:18.2.0) with JetifyTransform
Transforming play-services-tasks-18.2.0.aar (com.google.android.gms:play-services-tasks:18.2.0) with ExtractAarTransform
Transforming play-services-tasks-18.2.0.aar (com.google.android.gms:play-services-tasks:18.2.0) with AarTransform
Transforming play-services-tasks-18.2.0.aar (com.google.android.gms:play-services-tasks:18.2.0) with JetifyTransform
Transforming play-services-tasks-18.2.0.aar (com.google.android.gms:play-services-tasks:18.2.0) with ExtractAarTransform
Transforming play-services-tasks-18.2.0.aar (com.google.android.gms:play-services-tasks:18.2.0) with AarTransform
Transforming play-services-tasks-18.2.0.aar (com.google.android.gms:play-services-tasks:18.2.0) with JetifyTransform
Transforming play-services-tasks-18.2.0.aar (com.google.android.gms:play-services-tasks:18.2.0) with ExtractAarTransform
Transforming play-services-tasks-18.2.0.aar (com.google.android.gms:play-services-tasks:18.2.0) with AarTransform
Transforming play-services-tasks-18.2.0.aar (com.google.android.gms:play-services-tasks:18.2.0) with JetifyTransform
Transforming play-services-tasks-18.2.0.aar (com.google.android.gms:play-services-tasks:18.2.0) with ExtractAarTransform
Transforming play-services-tasks-18.2.0.aar (com.google.android.gms:play-services-tasks:18.2.0) with AarTransform
Transforming play-services-tasks-18.2.0.aar (com.google.android.gms:play-services-tasks:18.2.0) with JetifyTransform
Transforming play-services-tasks-18.2.0.aar (com.google.android.gms:play-services-tasks:18.2.0) with ExtractAarTransform
Transforming play-services-tasks-18.2.0.aar (com.google.android.gms:play-services-tasks:18.2.0) with AarTransform
Transforming play-services-tasks-18.2.0.aar (com.google.android.gms:play-services-tasks:18.2.0) with JetifyTransform
Transforming play-services-tasks-18.2.0.aar (com.google.android.gms:play-services-tasks:18.2.0) with ExtractAarTransform
Transforming play-services-tasks-18.2.0.aar (com.google.android.gms:play-services-tasks:18.2.0) with AarTransform
Transforming play-services-tasks-18.2.0.aar (com.google.android.gms:play-services-tasks:18.2.0) with JetifyTransform
Transforming play-services-tasks-18.2.0.aar (com.google.android.gms:play-services-tasks:18.2.0) with ExtractAarTransform
Transforming play-services-tasks-18.2.0.aar (com.google.android.gms:play-services-tasks:18.2.0) with AarTransform
Transforming play-services-tasks-18.2.0.aar (com.google.android.gms:play-services-tasks:18.2.0) with JetifyTransform
Transforming play-services-tasks-18.2.0.aar (com.google.android.gms:play-services-tasks:18.2.0) with ExtractAarTransform
Transforming play-services-tasks-18.2.0.aar (com.google.android.gms:play-services-tasks:18.2.0) with AarTransform
Transforming play-services-tasks-18.2.0.aar (com.google.android.gms:play-services-tasks:18.2.0) with JetifyTransform
Transforming play-services-tasks-18.2.0.aar (com.google.android.gms:play-services-tasks:18.2.0) with ExtractAarTransform
Transforming play-services-tasks-18.2.0.aar (com.google.android.gms:play-services-tasks:18.2.0) with AarTransform
Transforming play-services-tasks-18.2.0.aar (com.google.android.gms:play-services-tasks:18.2.0) with JetifyTransform
Transforming play-services-tasks-18.2.0.aar (com.google.android.gms:play-services-tasks:18.2.0) with ExtractAarTransform
Transforming play-services-tasks-18.2.0.aar (com.google.android.gms:play-services-tasks:18.2.0) with AarTransform
Transforming play-services-tasks-18.2.0.aar (com.google.android.gms:play-services-tasks:18.2.0) with JetifyTransform
Transforming play-services-tasks-18.2.0.aar (com.google.android.gms:play-services-tasks:18.2.0) with ExtractAarTransform
Transforming play-services-tasks-18.2.0.aar (com.google.android.gms:play-services-tasks:18.2.0) with AarTransform
Transforming play-services-tasks-18.2.0.aar (com.google.android.gms:play-services-tasks:18.2.0) with JetifyTransform
Transforming play-services-tasks-18.2.0.aar (com.google.android.gms:play-services-tasks:18.2.0) with ExtractAarTransform
Transforming play-services-tasks-18.2.0.aar (com.google.android.gms:play-services-tasks:18.2.0) with AarTransform
Transforming play-services-basement-18.4.0.aar (com.google.android.gms:play-services-basement:18.4.0) with JetifyTransform
Transforming play-services-basement-18.4.0.aar (com.google.android.gms:play-services-basement:18.4.0) with ExtractAarTransform
Transforming play-services-basement-18.4.0.aar (com.google.android.gms:play-services-basement:18.4.0) with AarTransform
Transforming play-services-basement-18.4.0.aar (com.google.android.gms:play-services-basement:18.4.0) with JetifyTransform
Transforming play-services-basement-18.4.0.aar (com.google.android.gms:play-services-basement:18.4.0) with ExtractAarTransform
Transforming play-services-basement-18.4.0.aar (com.google.android.gms:play-services-basement:18.4.0) with AarTransform
Transforming play-services-basement-18.4.0.aar (com.google.android.gms:play-services-basement:18.4.0) with JetifyTransform
Transforming play-services-basement-18.4.0.aar (com.google.android.gms:play-services-basement:18.4.0) with ExtractAarTransform
Transforming play-services-basement-18.4.0.aar (com.google.android.gms:play-services-basement:18.4.0) with AarTransform
Transforming play-services-basement-18.4.0.aar (com.google.android.gms:play-services-basement:18.4.0) with JetifyTransform
Transforming play-services-basement-18.4.0.aar (com.google.android.gms:play-services-basement:18.4.0) with ExtractAarTransform
Transforming play-services-basement-18.4.0.aar (com.google.android.gms:play-services-basement:18.4.0) with AarTransform
Transforming play-services-basement-18.4.0.aar (com.google.android.gms:play-services-basement:18.4.0) with JetifyTransform
Transforming play-services-basement-18.4.0.aar (com.google.android.gms:play-services-basement:18.4.0) with ExtractAarTransform
Transforming play-services-basement-18.4.0.aar (com.google.android.gms:play-services-basement:18.4.0) with AarTransform
Transforming play-services-basement-18.4.0.aar (com.google.android.gms:play-services-basement:18.4.0) with JetifyTransform
Transforming play-services-basement-18.4.0.aar (com.google.android.gms:play-services-basement:18.4.0) with ExtractAarTransform
Transforming play-services-basement-18.4.0.aar (com.google.android.gms:play-services-basement:18.4.0) with AarTransform
Transforming play-services-basement-18.4.0.aar (com.google.android.gms:play-services-basement:18.4.0) with JetifyTransform
Transforming play-services-basement-18.4.0.aar (com.google.android.gms:play-services-basement:18.4.0) with ExtractAarTransform
Transforming play-services-basement-18.4.0.aar (com.google.android.gms:play-services-basement:18.4.0) with AarTransform
Transforming play-services-basement-18.4.0.aar (com.google.android.gms:play-services-basement:18.4.0) with JetifyTransform
Transforming play-services-basement-18.4.0.aar (com.google.android.gms:play-services-basement:18.4.0) with ExtractAarTransform
Transforming play-services-basement-18.4.0.aar (com.google.android.gms:play-services-basement:18.4.0) with AarTransform
Transforming play-services-basement-18.4.0.aar (com.google.android.gms:play-services-basement:18.4.0) with JetifyTransform
Transforming play-services-basement-18.4.0.aar (com.google.android.gms:play-services-basement:18.4.0) with ExtractAarTransform
Transforming play-services-basement-18.4.0.aar (com.google.android.gms:play-services-basement:18.4.0) with AarTransform
Transforming play-services-basement-18.4.0.aar (com.google.android.gms:play-services-basement:18.4.0) with JetifyTransform
Transforming play-services-basement-18.4.0.aar (com.google.android.gms:play-services-basement:18.4.0) with ExtractAarTransform
Transforming play-services-basement-18.4.0.aar (com.google.android.gms:play-services-basement:18.4.0) with AarTransform
Transforming play-services-basement-18.4.0.aar (com.google.android.gms:play-services-basement:18.4.0) with JetifyTransform
Transforming play-services-basement-18.4.0.aar (com.google.android.gms:play-services-basement:18.4.0) with ExtractAarTransform
Transforming play-services-basement-18.4.0.aar (com.google.android.gms:play-services-basement:18.4.0) with AarTransform
Transforming play-services-basement-18.4.0.aar (com.google.android.gms:play-services-basement:18.4.0) with JetifyTransform
Transforming play-services-basement-18.4.0.aar (com.google.android.gms:play-services-basement:18.4.0) with ExtractAarTransform
Transforming play-services-basement-18.4.0.aar (com.google.android.gms:play-services-basement:18.4.0) with AarTransform
Transforming play-services-basement-18.4.0.aar (com.google.android.gms:play-services-basement:18.4.0) with JetifyTransform
Transforming play-services-basement-18.4.0.aar (com.google.android.gms:play-services-basement:18.4.0) with ExtractAarTransform
Transforming play-services-basement-18.4.0.aar (com.google.android.gms:play-services-basement:18.4.0) with AarTransform
Transforming play-services-basement-18.4.0.aar (com.google.android.gms:play-services-basement:18.4.0) with JetifyTransform
Transforming play-services-basement-18.4.0.aar (com.google.android.gms:play-services-basement:18.4.0) with ExtractAarTransform
Transforming play-services-basement-18.4.0.aar (com.google.android.gms:play-services-basement:18.4.0) with AarTransform
Transforming play-services-basement-18.4.0.aar (com.google.android.gms:play-services-basement:18.4.0) with JetifyTransform
Transforming play-services-basement-18.4.0.aar (com.google.android.gms:play-services-basement:18.4.0) with ExtractAarTransform
Transforming play-services-basement-18.4.0.aar (com.google.android.gms:play-services-basement:18.4.0) with AarTransform
Transforming play-services-basement-18.4.0.aar (com.google.android.gms:play-services-basement:18.4.0) with JetifyTransform
Transforming play-services-basement-18.4.0.aar (com.google.android.gms:play-services-basement:18.4.0) with ExtractAarTransform
Transforming play-services-basement-18.4.0.aar (com.google.android.gms:play-services-basement:18.4.0) with AarTransform
Transforming fragment-1.6.2.aar (androidx.fragment:fragment:1.6.2) with JetifyTransform
Transforming fragment-1.6.2.aar (androidx.fragment:fragment:1.6.2) with ExtractAarTransform
Transforming fragment-1.6.2.aar (androidx.fragment:fragment:1.6.2) with AarTransform
Transforming fragment-1.6.2.aar (androidx.fragment:fragment:1.6.2) with JetifyTransform
Transforming fragment-1.6.2.aar (androidx.fragment:fragment:1.6.2) with ExtractAarTransform
Transforming fragment-1.6.2.aar (androidx.fragment:fragment:1.6.2) with AarTransform
Transforming fragment-1.6.2.aar (androidx.fragment:fragment:1.6.2) with JetifyTransform
Transforming fragment-1.6.2.aar (androidx.fragment:fragment:1.6.2) with ExtractAarTransform
Transforming fragment-1.6.2.aar (androidx.fragment:fragment:1.6.2) with AarTransform
Transforming fragment-1.6.2.aar (androidx.fragment:fragment:1.6.2) with JetifyTransform
Transforming fragment-1.6.2.aar (androidx.fragment:fragment:1.6.2) with ExtractAarTransform
Transforming fragment-1.6.2.aar (androidx.fragment:fragment:1.6.2) with AarTransform
Transforming fragment-1.6.2.aar (androidx.fragment:fragment:1.6.2) with JetifyTransform
Transforming fragment-1.6.2.aar (androidx.fragment:fragment:1.6.2) with ExtractAarTransform
Transforming fragment-1.6.2.aar (androidx.fragment:fragment:1.6.2) with AarTransform
Transforming fragment-1.6.2.aar (androidx.fragment:fragment:1.6.2) with JetifyTransform
Transforming fragment-1.6.2.aar (androidx.fragment:fragment:1.6.2) with ExtractAarTransform
Transforming fragment-1.6.2.aar (androidx.fragment:fragment:1.6.2) with AarTransform
Transforming core-ktx-1.12.0.aar (androidx.core:core-ktx:1.12.0) with JetifyTransform
Transforming core-ktx-1.12.0.aar (androidx.core:core-ktx:1.12.0) with ExtractAarTransform
Transforming core-ktx-1.12.0.aar (androidx.core:core-ktx:1.12.0) with AarTransform
Transforming core-splashscreen-1.0.1.aar (androidx.core:core-splashscreen:1.0.1) with JetifyTransform
Transforming core-splashscreen-1.0.1.aar (androidx.core:core-splashscreen:1.0.1) with ExtractAarTransform
Transforming core-splashscreen-1.0.1.aar (androidx.core:core-splashscreen:1.0.1) with AarTransform
Transforming googleid-1.1.0.aar (com.google.android.libraries.identity.googleid:googleid:1.1.0) with JetifyTransform
Transforming googleid-1.1.0.aar (com.google.android.libraries.identity.googleid:googleid:1.1.0) with ExtractAarTransform
Transforming googleid-1.1.0.aar (com.google.android.libraries.identity.googleid:googleid:1.1.0) with AarTransform
Transforming savedstate-ktx-1.2.1.aar (androidx.savedstate:savedstate-ktx:1.2.1) with JetifyTransform
Transforming savedstate-ktx-1.2.1.aar (androidx.savedstate:savedstate-ktx:1.2.1) with ExtractAarTransform
Transforming savedstate-ktx-1.2.1.aar (androidx.savedstate:savedstate-ktx:1.2.1) with AarTransform
Transforming savedstate-1.2.1.aar (androidx.savedstate:savedstate:1.2.1) with JetifyTransform
Transforming savedstate-1.2.1.aar (androidx.savedstate:savedstate:1.2.1) with ExtractAarTransform
Transforming savedstate-1.2.1.aar (androidx.savedstate:savedstate:1.2.1) with AarTransform
Transforming annotation-experimental-1.4.0.aar (androidx.annotation:annotation-experimental:1.4.0) with JetifyTransform
Transforming annotation-experimental-1.4.0.aar (androidx.annotation:annotation-experimental:1.4.0) with ExtractAarTransform
Transforming annotation-experimental-1.4.0.aar (androidx.annotation:annotation-experimental:1.4.0) with AarTransform
Transforming credentials-1.0.0-alpha04.aar (androidx.credentials:credentials:1.0.0-alpha04) with JetifyTransform
Transforming credentials-1.0.0-alpha04.aar (androidx.credentials:credentials:1.0.0-alpha04) with ExtractAarTransform
Transforming credentials-1.0.0-alpha04.aar (androidx.credentials:credentials:1.0.0-alpha04) with AarTransform
Transforming cursoradapter-1.0.0.aar (androidx.cursoradapter:cursoradapter:1.0.0) with JetifyTransform
Transforming cursoradapter-1.0.0.aar (androidx.cursoradapter:cursoradapter:1.0.0) with ExtractAarTransform
Transforming cursoradapter-1.0.0.aar (androidx.cursoradapter:cursoradapter:1.0.0) with AarTransform
Transforming cardview-1.0.0.aar (androidx.cardview:cardview:1.0.0) with JetifyTransform
Transforming cardview-1.0.0.aar (androidx.cardview:cardview:1.0.0) with ExtractAarTransform
Transforming cardview-1.0.0.aar (androidx.cardview:cardview:1.0.0) with AarTransform
Transforming sqlite-framework-2.4.0.aar (androidx.sqlite:sqlite-framework:2.4.0) with JetifyTransform
Transforming sqlite-framework-2.4.0.aar (androidx.sqlite:sqlite-framework:2.4.0) with ExtractAarTransform
Transforming sqlite-framework-2.4.0.aar (androidx.sqlite:sqlite-framework:2.4.0) with AarTransform
Transforming sqlite-2.4.0.aar (androidx.sqlite:sqlite:2.4.0) with JetifyTransform
Transforming sqlite-2.4.0.aar (androidx.sqlite:sqlite:2.4.0) with ExtractAarTransform
Transforming sqlite-2.4.0.aar (androidx.sqlite:sqlite:2.4.0) with AarTransform
Transforming transport-backend-cct-2.3.3.aar (com.google.android.datatransport:transport-backend-cct:2.3.3) with JetifyTransform
Transforming transport-backend-cct-2.3.3.aar (com.google.android.datatransport:transport-backend-cct:2.3.3) with ExtractAarTransform
Transforming transport-backend-cct-2.3.3.aar (com.google.android.datatransport:transport-backend-cct:2.3.3) with AarTransform
Transforming transport-backend-cct-2.3.3.aar (com.google.android.datatransport:transport-backend-cct:2.3.3) with JetifyTransform
Transforming transport-backend-cct-2.3.3.aar (com.google.android.datatransport:transport-backend-cct:2.3.3) with ExtractAarTransform
Transforming transport-backend-cct-2.3.3.aar (com.google.android.datatransport:transport-backend-cct:2.3.3) with AarTransform
Transforming transport-backend-cct-2.3.3.aar (com.google.android.datatransport:transport-backend-cct:2.3.3) with JetifyTransform
Transforming transport-backend-cct-2.3.3.aar (com.google.android.datatransport:transport-backend-cct:2.3.3) with ExtractAarTransform
Transforming transport-backend-cct-2.3.3.aar (com.google.android.datatransport:transport-backend-cct:2.3.3) with AarTransform
Transforming transport-runtime-2.2.6.aar (com.google.android.datatransport:transport-runtime:2.2.6) with JetifyTransform
Transforming transport-runtime-2.2.6.aar (com.google.android.datatransport:transport-runtime:2.2.6) with ExtractAarTransform
Transforming transport-runtime-2.2.6.aar (com.google.android.datatransport:transport-runtime:2.2.6) with AarTransform
Transforming transport-runtime-2.2.6.aar (com.google.android.datatransport:transport-runtime:2.2.6) with JetifyTransform
Transforming transport-runtime-2.2.6.aar (com.google.android.datatransport:transport-runtime:2.2.6) with ExtractAarTransform
Transforming transport-runtime-2.2.6.aar (com.google.android.datatransport:transport-runtime:2.2.6) with AarTransform
Transforming transport-runtime-2.2.6.aar (com.google.android.datatransport:transport-runtime:2.2.6) with JetifyTransform
Transforming transport-runtime-2.2.6.aar (com.google.android.datatransport:transport-runtime:2.2.6) with ExtractAarTransform
Transforming transport-runtime-2.2.6.aar (com.google.android.datatransport:transport-runtime:2.2.6) with AarTransform
Transforming transport-runtime-2.2.6.aar (com.google.android.datatransport:transport-runtime:2.2.6) with JetifyTransform
Transforming transport-runtime-2.2.6.aar (com.google.android.datatransport:transport-runtime:2.2.6) with ExtractAarTransform
Transforming transport-runtime-2.2.6.aar (com.google.android.datatransport:transport-runtime:2.2.6) with AarTransform
Transforming transport-api-2.2.1.aar (com.google.android.datatransport:transport-api:2.2.1) with JetifyTransform
Transforming transport-api-2.2.1.aar (com.google.android.datatransport:transport-api:2.2.1) with ExtractAarTransform
Transforming transport-api-2.2.1.aar (com.google.android.datatransport:transport-api:2.2.1) with AarTransform
Transforming transport-api-2.2.1.aar (com.google.android.datatransport:transport-api:2.2.1) with JetifyTransform
Transforming transport-api-2.2.1.aar (com.google.android.datatransport:transport-api:2.2.1) with ExtractAarTransform
Transforming transport-api-2.2.1.aar (com.google.android.datatransport:transport-api:2.2.1) with AarTransform
Transforming transport-api-2.2.1.aar (com.google.android.datatransport:transport-api:2.2.1) with JetifyTransform
Transforming transport-api-2.2.1.aar (com.google.android.datatransport:transport-api:2.2.1) with ExtractAarTransform
Transforming transport-api-2.2.1.aar (com.google.android.datatransport:transport-api:2.2.1) with AarTransform
Transforming transport-api-2.2.1.aar (com.google.android.datatransport:transport-api:2.2.1) with JetifyTransform
Transforming transport-api-2.2.1.aar (com.google.android.datatransport:transport-api:2.2.1) with ExtractAarTransform
Transforming transport-api-2.2.1.aar (com.google.android.datatransport:transport-api:2.2.1) with AarTransform
Transforming transport-api-2.2.1.aar (com.google.android.datatransport:transport-api:2.2.1) with JetifyTransform
Transforming transport-api-2.2.1.aar (com.google.android.datatransport:transport-api:2.2.1) with ExtractAarTransform
Transforming transport-api-2.2.1.aar (com.google.android.datatransport:transport-api:2.2.1) with AarTransform
Transforming firebase-components-17.1.5.aar (com.google.firebase:firebase-components:17.1.5) with JetifyTransform
Transforming firebase-components-17.1.5.aar (com.google.firebase:firebase-components:17.1.5) with ExtractAarTransform
Transforming firebase-components-17.1.5.aar (com.google.firebase:firebase-components:17.1.5) with AarTransform
Transforming firebase-components-17.1.5.aar (com.google.firebase:firebase-components:17.1.5) with JetifyTransform
Transforming firebase-components-17.1.5.aar (com.google.firebase:firebase-components:17.1.5) with ExtractAarTransform
Transforming firebase-components-17.1.5.aar (com.google.firebase:firebase-components:17.1.5) with AarTransform
Transforming firebase-components-17.1.5.aar (com.google.firebase:firebase-components:17.1.5) with JetifyTransform
Transforming firebase-components-17.1.5.aar (com.google.firebase:firebase-components:17.1.5) with ExtractAarTransform
Transforming firebase-components-17.1.5.aar (com.google.firebase:firebase-components:17.1.5) with AarTransform
Transforming firebase-components-17.1.5.aar (com.google.firebase:firebase-components:17.1.5) with JetifyTransform
Transforming firebase-components-17.1.5.aar (com.google.firebase:firebase-components:17.1.5) with ExtractAarTransform
Transforming firebase-components-17.1.5.aar (com.google.firebase:firebase-components:17.1.5) with AarTransform
Transforming firebase-components-17.1.5.aar (com.google.firebase:firebase-components:17.1.5) with JetifyTransform
Transforming firebase-components-17.1.5.aar (com.google.firebase:firebase-components:17.1.5) with ExtractAarTransform
Transforming firebase-components-17.1.5.aar (com.google.firebase:firebase-components:17.1.5) with AarTransform
Transforming firebase-components-17.1.5.aar (com.google.firebase:firebase-components:17.1.5) with JetifyTransform
Transforming firebase-components-17.1.5.aar (com.google.firebase:firebase-components:17.1.5) with ExtractAarTransform
Transforming firebase-components-17.1.5.aar (com.google.firebase:firebase-components:17.1.5) with AarTransform
Transforming firebase-encoders-json-17.1.0.aar (com.google.firebase:firebase-encoders-json:17.1.0) with JetifyTransform
Transforming firebase-encoders-json-17.1.0.aar (com.google.firebase:firebase-encoders-json:17.1.0) with ExtractAarTransform
Transforming firebase-encoders-json-17.1.0.aar (com.google.firebase:firebase-encoders-json:17.1.0) with AarTransform
Transforming firebase-encoders-json-17.1.0.aar (com.google.firebase:firebase-encoders-json:17.1.0) with JetifyTransform
Transforming firebase-encoders-json-17.1.0.aar (com.google.firebase:firebase-encoders-json:17.1.0) with ExtractAarTransform
Transforming firebase-encoders-json-17.1.0.aar (com.google.firebase:firebase-encoders-json:17.1.0) with AarTransform
Transforming firebase-encoders-json-17.1.0.aar (com.google.firebase:firebase-encoders-json:17.1.0) with JetifyTransform
Transforming firebase-encoders-json-17.1.0.aar (com.google.firebase:firebase-encoders-json:17.1.0) with ExtractAarTransform
Transforming firebase-encoders-json-17.1.0.aar (com.google.firebase:firebase-encoders-json:17.1.0) with AarTransform
Transforming firebase-encoders-json-17.1.0.aar (com.google.firebase:firebase-encoders-json:17.1.0) with JetifyTransform
Transforming firebase-encoders-json-17.1.0.aar (com.google.firebase:firebase-encoders-json:17.1.0) with ExtractAarTransform
Transforming firebase-encoders-json-17.1.0.aar (com.google.firebase:firebase-encoders-json:17.1.0) with AarTransform
Transforming localbroadcastmanager-1.0.0.aar (androidx.localbroadcastmanager:localbroadcastmanager:1.0.0) with JetifyTransform
Transforming localbroadcastmanager-1.0.0.aar (androidx.localbroadcastmanager:localbroadcastmanager:1.0.0) with ExtractAarTransform
Transforming localbroadcastmanager-1.0.0.aar (androidx.localbroadcastmanager:localbroadcastmanager:1.0.0) with AarTransform
Transforming localbroadcastmanager-1.0.0.aar (androidx.localbroadcastmanager:localbroadcastmanager:1.0.0) with JetifyTransform
Transforming localbroadcastmanager-1.0.0.aar (androidx.localbroadcastmanager:localbroadcastmanager:1.0.0) with ExtractAarTransform
Transforming localbroadcastmanager-1.0.0.aar (androidx.localbroadcastmanager:localbroadcastmanager:1.0.0) with AarTransform
Transforming versionedparcelable-1.1.1.aar (androidx.versionedparcelable:versionedparcelable:1.1.1) with JetifyTransform
Transforming versionedparcelable-1.1.1.aar (androidx.versionedparcelable:versionedparcelable:1.1.1) with ExtractAarTransform
Transforming versionedparcelable-1.1.1.aar (androidx.versionedparcelable:versionedparcelable:1.1.1) with AarTransform
Transforming core-runtime-2.2.0.aar (androidx.arch.core:core-runtime:2.2.0) with JetifyTransform
Transforming core-runtime-2.2.0.aar (androidx.arch.core:core-runtime:2.2.0) with ExtractAarTransform
Transforming core-runtime-2.2.0.aar (androidx.arch.core:core-runtime:2.2.0) with AarTransform
Transforming interpolator-1.0.0.aar (androidx.interpolator:interpolator:1.0.0) with JetifyTransform
Transforming interpolator-1.0.0.aar (androidx.interpolator:interpolator:1.0.0) with ExtractAarTransform
Transforming interpolator-1.0.0.aar (androidx.interpolator:interpolator:1.0.0) with AarTransform
Transforming documentfile-1.0.0.aar (androidx.documentfile:documentfile:1.0.0) with JetifyTransform
Transforming documentfile-1.0.0.aar (androidx.documentfile:documentfile:1.0.0) with ExtractAarTransform
Transforming documentfile-1.0.0.aar (androidx.documentfile:documentfile:1.0.0) with AarTransform
Transforming print-1.0.0.aar (androidx.print:print:1.0.0) with JetifyTransform
Transforming print-1.0.0.aar (androidx.print:print:1.0.0) with ExtractAarTransform
Transforming print-1.0.0.aar (androidx.print:print:1.0.0) with AarTransform
Transforming constraintlayout-2.1.4.aar (androidx.constraintlayout:constraintlayout:2.1.4) with JetifyTransform
Transforming constraintlayout-2.1.4.aar (androidx.constraintlayout:constraintlayout:2.1.4) with ExtractAarTransform
Transforming constraintlayout-2.1.4.aar (androidx.constraintlayout:constraintlayout:2.1.4) with AarTransform
Transforming MPAndroidChart-3.1.0.aar (com.github.PhilJay:MPAndroidChart:3.1.0) with JetifyTransform
Transforming MPAndroidChart-3.1.0.aar (com.github.PhilJay:MPAndroidChart:3.1.0) with ExtractAarTransform
Transforming MPAndroidChart-3.1.0.aar (com.github.PhilJay:MPAndroidChart:3.1.0) with AarTransform
Transforming dagger-lint-aar-2.48.aar (com.google.dagger:dagger-lint-aar:2.48) with JetifyTransform
Transforming dagger-lint-aar-2.48.aar (com.google.dagger:dagger-lint-aar:2.48) with ExtractAarTransform
Transforming dagger-lint-aar-2.48.aar (com.google.dagger:dagger-lint-aar:2.48) with AarTransform
Transforming exifinterface-1.3.6.aar (androidx.exifinterface:exifinterface:1.3.6) with JetifyTransform
Transforming exifinterface-1.3.6.aar (androidx.exifinterface:exifinterface:1.3.6) with ExtractAarTransform
Transforming exifinterface-1.3.6.aar (androidx.exifinterface:exifinterface:1.3.6) with AarTransform
Transforming image-1.0.0-beta1.aar (com.google.android.odml:image:1.0.0-beta1) with JetifyTransform
Transforming image-1.0.0-beta1.aar (com.google.android.odml:image:1.0.0-beta1) with ExtractAarTransform
Transforming image-1.0.0-beta1.aar (com.google.android.odml:image:1.0.0-beta1) with AarTransform
Transforming image-1.0.0-beta1.aar (com.google.android.odml:image:1.0.0-beta1) with JetifyTransform
Transforming image-1.0.0-beta1.aar (com.google.android.odml:image:1.0.0-beta1) with ExtractAarTransform
Transforming image-1.0.0-beta1.aar (com.google.android.odml:image:1.0.0-beta1) with AarTransform
Caching disabled for task ':app:dataBindingGenBaseClassesDebug' because:
  Build cache is disabled
Skipping task ':app:dataBindingGenBaseClassesDebug' as it is up-to-date.
Resolve mutations for :app:checkDebugAarMetadata (Thread[included builds,5,main]) started.
:app:checkDebugAarMetadata (Thread[included builds,5,main]) started.

> Task :app:checkDebugAarMetadata UP-TO-DATE
Transforming viewbinding-8.6.0.aar (androidx.databinding:viewbinding:8.6.0) with JetifyTransform
Transforming viewbinding-8.6.0.aar (androidx.databinding:viewbinding:8.6.0) with ExtractAarTransform
Transforming viewbinding-8.6.0.aar (androidx.databinding:viewbinding:8.6.0) with AarTransform
Transforming hilt-navigation-compose-1.1.0.aar (androidx.hilt:hilt-navigation-compose:1.1.0) with JetifyTransform
Transforming hilt-navigation-compose-1.1.0.aar (androidx.hilt:hilt-navigation-compose:1.1.0) with ExtractAarTransform
Transforming hilt-navigation-compose-1.1.0.aar (androidx.hilt:hilt-navigation-compose:1.1.0) with AarTransform
Transforming hilt-navigation-1.1.0.aar (androidx.hilt:hilt-navigation:1.1.0) with JetifyTransform
Transforming hilt-navigation-1.1.0.aar (androidx.hilt:hilt-navigation:1.1.0) with ExtractAarTransform
Transforming hilt-navigation-1.1.0.aar (androidx.hilt:hilt-navigation:1.1.0) with AarTransform
Transforming navigation-common-2.7.6.aar (androidx.navigation:navigation-common:2.7.6) with JetifyTransform
Transforming navigation-common-2.7.6.aar (androidx.navigation:navigation-common:2.7.6) with ExtractAarTransform
Transforming navigation-common-2.7.6.aar (androidx.navigation:navigation-common:2.7.6) with AarTransform
Transforming navigation-runtime-2.7.6.aar (androidx.navigation:navigation-runtime:2.7.6) with JetifyTransform
Transforming navigation-runtime-2.7.6.aar (androidx.navigation:navigation-runtime:2.7.6) with ExtractAarTransform
Transforming navigation-runtime-2.7.6.aar (androidx.navigation:navigation-runtime:2.7.6) with AarTransform
Transforming navigation-common-ktx-2.7.6.aar (androidx.navigation:navigation-common-ktx:2.7.6) with JetifyTransform
Transforming navigation-common-ktx-2.7.6.aar (androidx.navigation:navigation-common-ktx:2.7.6) with ExtractAarTransform
Transforming navigation-common-ktx-2.7.6.aar (androidx.navigation:navigation-common-ktx:2.7.6) with AarTransform
Transforming navigation-fragment-2.7.6.aar (androidx.navigation:navigation-fragment:2.7.6) with JetifyTransform
Transforming navigation-fragment-2.7.6.aar (androidx.navigation:navigation-fragment:2.7.6) with ExtractAarTransform
Transforming navigation-fragment-2.7.6.aar (androidx.navigation:navigation-fragment:2.7.6) with AarTransform
Transforming navigation-runtime-ktx-2.7.6.aar (androidx.navigation:navigation-runtime-ktx:2.7.6) with JetifyTransform
Transforming navigation-runtime-ktx-2.7.6.aar (androidx.navigation:navigation-runtime-ktx:2.7.6) with ExtractAarTransform
Transforming navigation-runtime-ktx-2.7.6.aar (androidx.navigation:navigation-runtime-ktx:2.7.6) with AarTransform
Transforming navigation-fragment-ktx-2.7.6.aar (androidx.navigation:navigation-fragment-ktx:2.7.6) with JetifyTransform
Transforming navigation-fragment-ktx-2.7.6.aar (androidx.navigation:navigation-fragment-ktx:2.7.6) with ExtractAarTransform
Transforming navigation-fragment-ktx-2.7.6.aar (androidx.navigation:navigation-fragment-ktx:2.7.6) with AarTransform
Transforming navigation-compose-2.7.6.aar (androidx.navigation:navigation-compose:2.7.6) with JetifyTransform
Transforming navigation-compose-2.7.6.aar (androidx.navigation:navigation-compose:2.7.6) with ExtractAarTransform
Transforming navigation-compose-2.7.6.aar (androidx.navigation:navigation-compose:2.7.6) with AarTransform
Transforming navigation-ui-ktx-2.7.6.aar (androidx.navigation:navigation-ui-ktx:2.7.6) with JetifyTransform
Transforming navigation-ui-ktx-2.7.6.aar (androidx.navigation:navigation-ui-ktx:2.7.6) with ExtractAarTransform
Transforming navigation-ui-ktx-2.7.6.aar (androidx.navigation:navigation-ui-ktx:2.7.6) with AarTransform
Transforming navigation-ui-2.7.6.aar (androidx.navigation:navigation-ui:2.7.6) with JetifyTransform
Transforming navigation-ui-2.7.6.aar (androidx.navigation:navigation-ui:2.7.6) with ExtractAarTransform
Transforming navigation-ui-2.7.6.aar (androidx.navigation:navigation-ui:2.7.6) with AarTransform
Transforming material-1.11.0.aar (com.google.android.material:material:1.11.0) with JetifyTransform
Transforming material-1.11.0.aar (com.google.android.material:material:1.11.0) with ExtractAarTransform
Transforming material-1.11.0.aar (com.google.android.material:material:1.11.0) with AarTransform
Transforming constraintlayout-2.1.4.aar (androidx.constraintlayout:constraintlayout:2.1.4) with JetifyTransform
Transforming constraintlayout-2.1.4.aar (androidx.constraintlayout:constraintlayout:2.1.4) with ExtractAarTransform
Transforming constraintlayout-2.1.4.aar (androidx.constraintlayout:constraintlayout:2.1.4) with AarTransform
Transforming biometric-1.1.0.aar (androidx.biometric:biometric:1.1.0) with JetifyTransform
Transforming biometric-1.1.0.aar (androidx.biometric:biometric:1.1.0) with ExtractAarTransform
Transforming biometric-1.1.0.aar (androidx.biometric:biometric:1.1.0) with AarTransform
Transforming camera-video-1.3.1.aar (androidx.camera:camera-video:1.3.1) with JetifyTransform
Transforming camera-video-1.3.1.aar (androidx.camera:camera-video:1.3.1) with ExtractAarTransform
Transforming camera-video-1.3.1.aar (androidx.camera:camera-video:1.3.1) with AarTransform
Transforming camera-lifecycle-1.3.1.aar (androidx.camera:camera-lifecycle:1.3.1) with JetifyTransform
Transforming camera-lifecycle-1.3.1.aar (androidx.camera:camera-lifecycle:1.3.1) with ExtractAarTransform
Transforming camera-lifecycle-1.3.1.aar (androidx.camera:camera-lifecycle:1.3.1) with AarTransform
Transforming camera-camera2-1.3.1.aar (androidx.camera:camera-camera2:1.3.1) with JetifyTransform
Transforming camera-camera2-1.3.1.aar (androidx.camera:camera-camera2:1.3.1) with ExtractAarTransform
Transforming camera-camera2-1.3.1.aar (androidx.camera:camera-camera2:1.3.1) with AarTransform
Transforming camera-core-1.3.1.aar (androidx.camera:camera-core:1.3.1) with JetifyTransform
Transforming camera-core-1.3.1.aar (androidx.camera:camera-core:1.3.1) with ExtractAarTransform
Transforming camera-core-1.3.1.aar (androidx.camera:camera-core:1.3.1) with AarTransform
Transforming camera-view-1.3.1.aar (androidx.camera:camera-view:1.3.1) with JetifyTransform
Transforming camera-view-1.3.1.aar (androidx.camera:camera-view:1.3.1) with ExtractAarTransform
Transforming camera-view-1.3.1.aar (androidx.camera:camera-view:1.3.1) with AarTransform
Transforming coil-compose-2.5.0.aar (io.coil-kt:coil-compose:2.5.0) with JetifyTransform
Transforming coil-compose-2.5.0.aar (io.coil-kt:coil-compose:2.5.0) with ExtractAarTransform
Transforming coil-compose-2.5.0.aar (io.coil-kt:coil-compose:2.5.0) with AarTransform
Transforming coil-compose-base-2.5.0.aar (io.coil-kt:coil-compose-base:2.5.0) with JetifyTransform
Transforming coil-compose-base-2.5.0.aar (io.coil-kt:coil-compose-base:2.5.0) with ExtractAarTransform
Transforming coil-compose-base-2.5.0.aar (io.coil-kt:coil-compose-base:2.5.0) with AarTransform
Transforming coil-2.5.0.aar (io.coil-kt:coil:2.5.0) with JetifyTransform
Transforming coil-2.5.0.aar (io.coil-kt:coil:2.5.0) with ExtractAarTransform
Transforming coil-2.5.0.aar (io.coil-kt:coil:2.5.0) with AarTransform
Transforming coil-base-2.5.0.aar (io.coil-kt:coil-base:2.5.0) with JetifyTransform
Transforming coil-base-2.5.0.aar (io.coil-kt:coil-base:2.5.0) with ExtractAarTransform
Transforming coil-base-2.5.0.aar (io.coil-kt:coil-base:2.5.0) with AarTransform
Transforming appcompat-resources-1.6.1.aar (androidx.appcompat:appcompat-resources:1.6.1) with JetifyTransform
Transforming appcompat-resources-1.6.1.aar (androidx.appcompat:appcompat-resources:1.6.1) with ExtractAarTransform
Transforming appcompat-resources-1.6.1.aar (androidx.appcompat:appcompat-resources:1.6.1) with AarTransform
Transforming play-services-mlkit-barcode-scanning-18.3.1.aar (com.google.android.gms:play-services-mlkit-barcode-scanning:18.3.1) with JetifyTransform
Transforming play-services-mlkit-barcode-scanning-18.3.1.aar (com.google.android.gms:play-services-mlkit-barcode-scanning:18.3.1) with ExtractAarTransform
Transforming play-services-mlkit-barcode-scanning-18.3.1.aar (com.google.android.gms:play-services-mlkit-barcode-scanning:18.3.1) with AarTransform
Transforming barcode-scanning-common-17.0.0.aar (com.google.mlkit:barcode-scanning-common:17.0.0) with JetifyTransform
Transforming barcode-scanning-common-17.0.0.aar (com.google.mlkit:barcode-scanning-common:17.0.0) with ExtractAarTransform
Transforming barcode-scanning-common-17.0.0.aar (com.google.mlkit:barcode-scanning-common:17.0.0) with AarTransform
Transforming vision-common-17.3.0.aar (com.google.mlkit:vision-common:17.3.0) with JetifyTransform
Transforming vision-common-17.3.0.aar (com.google.mlkit:vision-common:17.3.0) with ExtractAarTransform
Transforming vision-common-17.3.0.aar (com.google.mlkit:vision-common:17.3.0) with AarTransform
Transforming vision-common-17.3.0.aar (com.google.mlkit:vision-common:17.3.0) with JetifyTransform
Transforming vision-common-17.3.0.aar (com.google.mlkit:vision-common:17.3.0) with ExtractAarTransform
Transforming vision-common-17.3.0.aar (com.google.mlkit:vision-common:17.3.0) with AarTransform
Transforming common-18.11.0.aar (com.google.mlkit:common:18.11.0) with JetifyTransform
Transforming common-18.11.0.aar (com.google.mlkit:common:18.11.0) with ExtractAarTransform
Transforming common-18.11.0.aar (com.google.mlkit:common:18.11.0) with AarTransform
Transforming common-18.11.0.aar (com.google.mlkit:common:18.11.0) with JetifyTransform
Transforming common-18.11.0.aar (com.google.mlkit:common:18.11.0) with ExtractAarTransform
Transforming common-18.11.0.aar (com.google.mlkit:common:18.11.0) with AarTransform
Transforming appcompat-1.6.1.aar (androidx.appcompat:appcompat:1.6.1) with JetifyTransform
Transforming appcompat-1.6.1.aar (androidx.appcompat:appcompat:1.6.1) with ExtractAarTransform
Transforming appcompat-1.6.1.aar (androidx.appcompat:appcompat:1.6.1) with AarTransform
Transforming appcompat-1.6.1.aar (androidx.appcompat:appcompat:1.6.1) with JetifyTransform
Transforming appcompat-1.6.1.aar (androidx.appcompat:appcompat:1.6.1) with ExtractAarTransform
Transforming appcompat-1.6.1.aar (androidx.appcompat:appcompat:1.6.1) with AarTransform
Transforming hilt-android-2.48.aar (com.google.dagger:hilt-android:2.48) with JetifyTransform
Transforming hilt-android-2.48.aar (com.google.dagger:hilt-android:2.48) with ExtractAarTransform
Transforming hilt-android-2.48.aar (com.google.dagger:hilt-android:2.48) with AarTransform
Transforming material3-release.aar (androidx.compose.material3:material3-android:1.2.0) with JetifyTransform
Transforming material3-release.aar (androidx.compose.material3:material3-android:1.2.0) with ExtractAarTransform
Transforming material3-release.aar (androidx.compose.material3:material3-android:1.2.0) with AarTransform
Transforming material-release.aar (androidx.compose.material:material-android:1.6.1) with JetifyTransform
Transforming material-release.aar (androidx.compose.material:material-android:1.6.1) with ExtractAarTransform
Transforming material-release.aar (androidx.compose.material:material-android:1.6.1) with AarTransform
Transforming material-icons-core-release.aar (androidx.compose.material:material-icons-core-android:1.6.1) with JetifyTransform
Transforming material-icons-core-release.aar (androidx.compose.material:material-icons-core-android:1.6.1) with ExtractAarTransform
Transforming material-icons-core-release.aar (androidx.compose.material:material-icons-core-android:1.6.1) with AarTransform
Transforming material-icons-extended-release.aar (androidx.compose.material:material-icons-extended-android:1.6.1) with JetifyTransform
Transforming material-icons-extended-release.aar (androidx.compose.material:material-icons-extended-android:1.6.1) with ExtractAarTransform
Transforming material-icons-extended-release.aar (androidx.compose.material:material-icons-extended-android:1.6.1) with AarTransform
Transforming material-ripple-release.aar (androidx.compose.material:material-ripple-android:1.6.1) with JetifyTransform
Transforming material-ripple-release.aar (androidx.compose.material:material-ripple-android:1.6.1) with ExtractAarTransform
Transforming material-ripple-release.aar (androidx.compose.material:material-ripple-android:1.6.1) with AarTransform
Transforming animation-core-release.aar (androidx.compose.animation:animation-core-android:1.6.1) with JetifyTransform
Transforming animation-core-release.aar (androidx.compose.animation:animation-core-android:1.6.1) with ExtractAarTransform
Transforming animation-core-release.aar (androidx.compose.animation:animation-core-android:1.6.1) with AarTransform
Transforming animation-release.aar (androidx.compose.animation:animation-android:1.6.1) with JetifyTransform
Transforming animation-release.aar (androidx.compose.animation:animation-android:1.6.1) with ExtractAarTransform
Transforming animation-release.aar (androidx.compose.animation:animation-android:1.6.1) with AarTransform
Transforming foundation-layout-release.aar (androidx.compose.foundation:foundation-layout-android:1.6.1) with JetifyTransform
Transforming foundation-layout-release.aar (androidx.compose.foundation:foundation-layout-android:1.6.1) with ExtractAarTransform
Transforming foundation-layout-release.aar (androidx.compose.foundation:foundation-layout-android:1.6.1) with AarTransform
Transforming foundation-release.aar (androidx.compose.foundation:foundation-android:1.6.1) with JetifyTransform
Transforming foundation-release.aar (androidx.compose.foundation:foundation-android:1.6.1) with ExtractAarTransform
Transforming foundation-release.aar (androidx.compose.foundation:foundation-android:1.6.1) with AarTransform
Transforming ui-tooling-data-release.aar (androidx.compose.ui:ui-tooling-data-android:1.6.1) with JetifyTransform
Transforming ui-tooling-data-release.aar (androidx.compose.ui:ui-tooling-data-android:1.6.1) with ExtractAarTransform
Transforming ui-tooling-data-release.aar (androidx.compose.ui:ui-tooling-data-android:1.6.1) with AarTransform
Transforming ui-unit-release.aar (androidx.compose.ui:ui-unit-android:1.6.1) with JetifyTransform
Transforming ui-unit-release.aar (androidx.compose.ui:ui-unit-android:1.6.1) with ExtractAarTransform
Transforming ui-unit-release.aar (androidx.compose.ui:ui-unit-android:1.6.1) with AarTransform
Transforming ui-geometry-release.aar (androidx.compose.ui:ui-geometry-android:1.6.1) with JetifyTransform
Transforming ui-geometry-release.aar (androidx.compose.ui:ui-geometry-android:1.6.1) with ExtractAarTransform
Transforming ui-geometry-release.aar (androidx.compose.ui:ui-geometry-android:1.6.1) with AarTransform
Transforming ui-util-release.aar (androidx.compose.ui:ui-util-android:1.6.1) with JetifyTransform
Transforming ui-util-release.aar (androidx.compose.ui:ui-util-android:1.6.1) with ExtractAarTransform
Transforming ui-util-release.aar (androidx.compose.ui:ui-util-android:1.6.1) with AarTransform
Transforming ui-text-release.aar (androidx.compose.ui:ui-text-android:1.6.1) with JetifyTransform
Transforming ui-text-release.aar (androidx.compose.ui:ui-text-android:1.6.1) with ExtractAarTransform
Transforming ui-text-release.aar (androidx.compose.ui:ui-text-android:1.6.1) with AarTransform
Transforming ui-tooling-preview-release.aar (androidx.compose.ui:ui-tooling-preview-android:1.6.1) with JetifyTransform
Transforming ui-tooling-preview-release.aar (androidx.compose.ui:ui-tooling-preview-android:1.6.1) with ExtractAarTransform
Transforming ui-tooling-preview-release.aar (androidx.compose.ui:ui-tooling-preview-android:1.6.1) with AarTransform
Transforming ui-graphics-release.aar (androidx.compose.ui:ui-graphics-android:1.6.1) with JetifyTransform
Transforming ui-graphics-release.aar (androidx.compose.ui:ui-graphics-android:1.6.1) with ExtractAarTransform
Transforming ui-graphics-release.aar (androidx.compose.ui:ui-graphics-android:1.6.1) with AarTransform
Transforming ui-tooling-release.aar (androidx.compose.ui:ui-tooling-android:1.6.1) with JetifyTransform
Transforming ui-tooling-release.aar (androidx.compose.ui:ui-tooling-android:1.6.1) with ExtractAarTransform
Transforming ui-tooling-release.aar (androidx.compose.ui:ui-tooling-android:1.6.1) with AarTransform
Transforming play-services-auth-21.0.0.aar (com.google.android.gms:play-services-auth:21.0.0) with JetifyTransform
Transforming play-services-auth-21.0.0.aar (com.google.android.gms:play-services-auth:21.0.0) with ExtractAarTransform
Transforming play-services-auth-21.0.0.aar (com.google.android.gms:play-services-auth:21.0.0) with AarTransform
Transforming viewpager2-1.0.0.aar (androidx.viewpager2:viewpager2:1.0.0) with JetifyTransform
Transforming viewpager2-1.0.0.aar (androidx.viewpager2:viewpager2:1.0.0) with ExtractAarTransform
Transforming viewpager2-1.0.0.aar (androidx.viewpager2:viewpager2:1.0.0) with AarTransform
Transforming firebase-auth-22.3.1.aar (com.google.firebase:firebase-auth:22.3.1) with JetifyTransform
Transforming firebase-auth-22.3.1.aar (com.google.firebase:firebase-auth:22.3.1) with ExtractAarTransform
Transforming firebase-auth-22.3.1.aar (com.google.firebase:firebase-auth:22.3.1) with AarTransform
Transforming play-services-auth-api-phone-18.0.2.aar (com.google.android.gms:play-services-auth-api-phone:18.0.2) with JetifyTransform
Transforming play-services-auth-api-phone-18.0.2.aar (com.google.android.gms:play-services-auth-api-phone:18.0.2) with ExtractAarTransform
Transforming play-services-auth-api-phone-18.0.2.aar (com.google.android.gms:play-services-auth-api-phone:18.0.2) with AarTransform
Transforming play-services-auth-api-phone-18.0.2.aar (com.google.android.gms:play-services-auth-api-phone:18.0.2) with JetifyTransform
Transforming play-services-auth-api-phone-18.0.2.aar (com.google.android.gms:play-services-auth-api-phone:18.0.2) with ExtractAarTransform
Transforming play-services-auth-api-phone-18.0.2.aar (com.google.android.gms:play-services-auth-api-phone:18.0.2) with AarTransform
Transforming play-services-auth-base-18.0.10.aar (com.google.android.gms:play-services-auth-base:18.0.10) with JetifyTransform
Transforming play-services-auth-base-18.0.10.aar (com.google.android.gms:play-services-auth-base:18.0.10) with ExtractAarTransform
Transforming play-services-auth-base-18.0.10.aar (com.google.android.gms:play-services-auth-base:18.0.10) with AarTransform
Transforming play-services-fido-20.0.1.aar (com.google.android.gms:play-services-fido:20.0.1) with JetifyTransform
Transforming play-services-fido-20.0.1.aar (com.google.android.gms:play-services-fido:20.0.1) with ExtractAarTransform
Transforming play-services-fido-20.0.1.aar (com.google.android.gms:play-services-fido:20.0.1) with AarTransform
Transforming firebase-appcheck-interop-17.0.0.aar (com.google.firebase:firebase-appcheck-interop:17.0.0) with JetifyTransform
Transforming firebase-appcheck-interop-17.0.0.aar (com.google.firebase:firebase-appcheck-interop:17.0.0) with ExtractAarTransform
Transforming firebase-appcheck-interop-17.0.0.aar (com.google.firebase:firebase-appcheck-interop:17.0.0) with AarTransform
Transforming play-services-base-18.5.0.aar (com.google.android.gms:play-services-base:18.5.0) with JetifyTransform
Transforming play-services-base-18.5.0.aar (com.google.android.gms:play-services-base:18.5.0) with ExtractAarTransform
Transforming play-services-base-18.5.0.aar (com.google.android.gms:play-services-base:18.5.0) with AarTransform
Transforming play-services-base-18.5.0.aar (com.google.android.gms:play-services-base:18.5.0) with JetifyTransform
Transforming play-services-base-18.5.0.aar (com.google.android.gms:play-services-base:18.5.0) with ExtractAarTransform
Transforming play-services-base-18.5.0.aar (com.google.android.gms:play-services-base:18.5.0) with AarTransform
Transforming play-services-base-18.5.0.aar (com.google.android.gms:play-services-base:18.5.0) with JetifyTransform
Transforming play-services-base-18.5.0.aar (com.google.android.gms:play-services-base:18.5.0) with ExtractAarTransform
Transforming play-services-base-18.5.0.aar (com.google.android.gms:play-services-base:18.5.0) with AarTransform
Transforming play-services-base-18.5.0.aar (com.google.android.gms:play-services-base:18.5.0) with JetifyTransform
Transforming play-services-base-18.5.0.aar (com.google.android.gms:play-services-base:18.5.0) with ExtractAarTransform
Transforming play-services-base-18.5.0.aar (com.google.android.gms:play-services-base:18.5.0) with AarTransform
Transforming play-services-base-18.5.0.aar (com.google.android.gms:play-services-base:18.5.0) with JetifyTransform
Transforming play-services-base-18.5.0.aar (com.google.android.gms:play-services-base:18.5.0) with ExtractAarTransform
Transforming play-services-base-18.5.0.aar (com.google.android.gms:play-services-base:18.5.0) with AarTransform
Transforming play-services-base-18.5.0.aar (com.google.android.gms:play-services-base:18.5.0) with JetifyTransform
Transforming play-services-base-18.5.0.aar (com.google.android.gms:play-services-base:18.5.0) with ExtractAarTransform
Transforming play-services-base-18.5.0.aar (com.google.android.gms:play-services-base:18.5.0) with AarTransform
Transforming play-services-base-18.5.0.aar (com.google.android.gms:play-services-base:18.5.0) with JetifyTransform
Transforming play-services-base-18.5.0.aar (com.google.android.gms:play-services-base:18.5.0) with ExtractAarTransform
Transforming play-services-base-18.5.0.aar (com.google.android.gms:play-services-base:18.5.0) with AarTransform
Transforming play-services-base-18.5.0.aar (com.google.android.gms:play-services-base:18.5.0) with JetifyTransform
Transforming play-services-base-18.5.0.aar (com.google.android.gms:play-services-base:18.5.0) with ExtractAarTransform
Transforming play-services-base-18.5.0.aar (com.google.android.gms:play-services-base:18.5.0) with AarTransform
Transforming vision-interfaces-16.3.0.aar (com.google.mlkit:vision-interfaces:16.3.0) with JetifyTransform
Transforming vision-interfaces-16.3.0.aar (com.google.mlkit:vision-interfaces:16.3.0) with ExtractAarTransform
Transforming vision-interfaces-16.3.0.aar (com.google.mlkit:vision-interfaces:16.3.0) with AarTransform
Transforming recaptcha-18.4.0.aar (com.google.android.recaptcha:recaptcha:18.4.0) with JetifyTransform
Transforming recaptcha-18.4.0.aar (com.google.android.recaptcha:recaptcha:18.4.0) with ExtractAarTransform
Transforming recaptcha-18.4.0.aar (com.google.android.recaptcha:recaptcha:18.4.0) with AarTransform
Transforming integrity-1.2.0.aar (com.google.android.play:integrity:1.2.0) with JetifyTransform
Transforming integrity-1.2.0.aar (com.google.android.play:integrity:1.2.0) with ExtractAarTransform
Transforming integrity-1.2.0.aar (com.google.android.play:integrity:1.2.0) with AarTransform
Transforming integrity-1.2.0.aar (com.google.android.play:integrity:1.2.0) with JetifyTransform
Transforming integrity-1.2.0.aar (com.google.android.play:integrity:1.2.0) with ExtractAarTransform
Transforming integrity-1.2.0.aar (com.google.android.play:integrity:1.2.0) with AarTransform
Transforming firebase-auth-interop-20.0.0.aar (com.google.firebase:firebase-auth-interop:20.0.0) with JetifyTransform
Transforming firebase-auth-interop-20.0.0.aar (com.google.firebase:firebase-auth-interop:20.0.0) with ExtractAarTransform
Transforming firebase-auth-interop-20.0.0.aar (com.google.firebase:firebase-auth-interop:20.0.0) with AarTransform
Transforming firebase-common-ktx-20.4.2.aar (com.google.firebase:firebase-common-ktx:20.4.2) with JetifyTransform
Transforming firebase-common-ktx-20.4.2.aar (com.google.firebase:firebase-common-ktx:20.4.2) with ExtractAarTransform
Transforming firebase-common-ktx-20.4.2.aar (com.google.firebase:firebase-common-ktx:20.4.2) with AarTransform
Transforming firebase-common-20.4.2.aar (com.google.firebase:firebase-common:20.4.2) with JetifyTransform
Transforming firebase-common-20.4.2.aar (com.google.firebase:firebase-common:20.4.2) with ExtractAarTransform
Transforming firebase-common-20.4.2.aar (com.google.firebase:firebase-common:20.4.2) with AarTransform
Transforming firebase-common-20.4.2.aar (com.google.firebase:firebase-common:20.4.2) with JetifyTransform
Transforming firebase-common-20.4.2.aar (com.google.firebase:firebase-common:20.4.2) with ExtractAarTransform
Transforming firebase-common-20.4.2.aar (com.google.firebase:firebase-common:20.4.2) with AarTransform
Transforming firebase-common-20.4.2.aar (com.google.firebase:firebase-common:20.4.2) with JetifyTransform
Transforming firebase-common-20.4.2.aar (com.google.firebase:firebase-common:20.4.2) with ExtractAarTransform
Transforming firebase-common-20.4.2.aar (com.google.firebase:firebase-common:20.4.2) with AarTransform
Transforming room-runtime-2.6.1.aar (androidx.room:room-runtime:2.6.1) with JetifyTransform
Transforming room-runtime-2.6.1.aar (androidx.room:room-runtime:2.6.1) with ExtractAarTransform
Transforming room-runtime-2.6.1.aar (androidx.room:room-runtime:2.6.1) with AarTransform
Transforming room-ktx-2.6.1.aar (androidx.room:room-ktx:2.6.1) with JetifyTransform
Transforming room-ktx-2.6.1.aar (androidx.room:room-ktx:2.6.1) with ExtractAarTransform
Transforming room-ktx-2.6.1.aar (androidx.room:room-ktx:2.6.1) with AarTransform
Transforming runtime-saveable-release.aar (androidx.compose.runtime:runtime-saveable-android:1.6.1) with JetifyTransform
Transforming runtime-saveable-release.aar (androidx.compose.runtime:runtime-saveable-android:1.6.1) with ExtractAarTransform
Transforming runtime-saveable-release.aar (androidx.compose.runtime:runtime-saveable-android:1.6.1) with AarTransform
Transforming runtime-release.aar (androidx.compose.runtime:runtime-android:1.6.1) with JetifyTransform
Transforming runtime-release.aar (androidx.compose.runtime:runtime-android:1.6.1) with ExtractAarTransform
Transforming runtime-release.aar (androidx.compose.runtime:runtime-android:1.6.1) with AarTransform
Transforming accompanist-drawablepainter-0.32.0.aar (com.google.accompanist:accompanist-drawablepainter:0.32.0) with JetifyTransform
Transforming accompanist-drawablepainter-0.32.0.aar (com.google.accompanist:accompanist-drawablepainter:0.32.0) with ExtractAarTransform
Transforming accompanist-drawablepainter-0.32.0.aar (com.google.accompanist:accompanist-drawablepainter:0.32.0) with AarTransform
Transforming slidingpanelayout-1.2.0.aar (androidx.slidingpanelayout:slidingpanelayout:1.2.0) with JetifyTransform
Transforming slidingpanelayout-1.2.0.aar (androidx.slidingpanelayout:slidingpanelayout:1.2.0) with ExtractAarTransform
Transforming slidingpanelayout-1.2.0.aar (androidx.slidingpanelayout:slidingpanelayout:1.2.0) with AarTransform
Transforming window-1.0.0.aar (androidx.window:window:1.0.0) with JetifyTransform
Transforming window-1.0.0.aar (androidx.window:window:1.0.0) with ExtractAarTransform
Transforming window-1.0.0.aar (androidx.window:window:1.0.0) with AarTransform
Transforming dynamicanimation-1.0.0.aar (androidx.dynamicanimation:dynamicanimation:1.0.0) with JetifyTransform
Transforming dynamicanimation-1.0.0.aar (androidx.dynamicanimation:dynamicanimation:1.0.0) with ExtractAarTransform
Transforming dynamicanimation-1.0.0.aar (androidx.dynamicanimation:dynamicanimation:1.0.0) with AarTransform
Transforming legacy-support-core-utils-1.0.0.aar (androidx.legacy:legacy-support-core-utils:1.0.0) with JetifyTransform
Transforming legacy-support-core-utils-1.0.0.aar (androidx.legacy:legacy-support-core-utils:1.0.0) with ExtractAarTransform
Transforming legacy-support-core-utils-1.0.0.aar (androidx.legacy:legacy-support-core-utils:1.0.0) with AarTransform
Transforming loader-1.1.0.aar (androidx.loader:loader:1.1.0) with JetifyTransform
Transforming loader-1.1.0.aar (androidx.loader:loader:1.1.0) with ExtractAarTransform
Transforming loader-1.1.0.aar (androidx.loader:loader:1.1.0) with AarTransform
Transforming loader-1.1.0.aar (androidx.loader:loader:1.1.0) with JetifyTransform
Transforming loader-1.1.0.aar (androidx.loader:loader:1.1.0) with ExtractAarTransform
Transforming loader-1.1.0.aar (androidx.loader:loader:1.1.0) with AarTransform
Transforming loader-1.1.0.aar (androidx.loader:loader:1.1.0) with JetifyTransform
Transforming loader-1.1.0.aar (androidx.loader:loader:1.1.0) with ExtractAarTransform
Transforming loader-1.1.0.aar (androidx.loader:loader:1.1.0) with AarTransform
Transforming emoji2-views-helper-1.3.0.aar (androidx.emoji2:emoji2-views-helper:1.3.0) with JetifyTransform
Transforming emoji2-views-helper-1.3.0.aar (androidx.emoji2:emoji2-views-helper:1.3.0) with ExtractAarTransform
Transforming emoji2-views-helper-1.3.0.aar (androidx.emoji2:emoji2-views-helper:1.3.0) with AarTransform
Transforming emoji2-1.3.0.aar (androidx.emoji2:emoji2:1.3.0) with JetifyTransform
Transforming emoji2-1.3.0.aar (androidx.emoji2:emoji2:1.3.0) with ExtractAarTransform
Transforming emoji2-1.3.0.aar (androidx.emoji2:emoji2:1.3.0) with AarTransform
Transforming lifecycle-process-2.7.0.aar (androidx.lifecycle:lifecycle-process:2.7.0) with JetifyTransform
Transforming lifecycle-process-2.7.0.aar (androidx.lifecycle:lifecycle-process:2.7.0) with ExtractAarTransform
Transforming lifecycle-process-2.7.0.aar (androidx.lifecycle:lifecycle-process:2.7.0) with AarTransform
Transforming lifecycle-livedata-core-2.7.0.aar (androidx.lifecycle:lifecycle-livedata-core:2.7.0) with JetifyTransform
Transforming lifecycle-livedata-core-2.7.0.aar (androidx.lifecycle:lifecycle-livedata-core:2.7.0) with ExtractAarTransform
Transforming lifecycle-livedata-core-2.7.0.aar (androidx.lifecycle:lifecycle-livedata-core:2.7.0) with AarTransform
Transforming lifecycle-livedata-core-2.7.0.aar (androidx.lifecycle:lifecycle-livedata-core:2.7.0) with JetifyTransform
Transforming lifecycle-livedata-core-2.7.0.aar (androidx.lifecycle:lifecycle-livedata-core:2.7.0) with ExtractAarTransform
Transforming lifecycle-livedata-core-2.7.0.aar (androidx.lifecycle:lifecycle-livedata-core:2.7.0) with AarTransform
Transforming lifecycle-livedata-core-ktx-2.7.0.aar (androidx.lifecycle:lifecycle-livedata-core-ktx:2.7.0) with JetifyTransform
Transforming lifecycle-livedata-core-ktx-2.7.0.aar (androidx.lifecycle:lifecycle-livedata-core-ktx:2.7.0) with ExtractAarTransform
Transforming lifecycle-livedata-core-ktx-2.7.0.aar (androidx.lifecycle:lifecycle-livedata-core-ktx:2.7.0) with AarTransform
Transforming lifecycle-livedata-2.7.0.aar (androidx.lifecycle:lifecycle-livedata:2.7.0) with JetifyTransform
Transforming lifecycle-livedata-2.7.0.aar (androidx.lifecycle:lifecycle-livedata:2.7.0) with ExtractAarTransform
Transforming lifecycle-livedata-2.7.0.aar (androidx.lifecycle:lifecycle-livedata:2.7.0) with AarTransform
Transforming googleid-1.1.0.aar (com.google.android.libraries.identity.googleid:googleid:1.1.0) with JetifyTransform
Transforming googleid-1.1.0.aar (com.google.android.libraries.identity.googleid:googleid:1.1.0) with ExtractAarTransform
Transforming googleid-1.1.0.aar (com.google.android.libraries.identity.googleid:googleid:1.1.0) with AarTransform
Transforming credentials-1.0.0-alpha04.aar (androidx.credentials:credentials:1.0.0-alpha04) with JetifyTransform
Transforming credentials-1.0.0-alpha04.aar (androidx.credentials:credentials:1.0.0-alpha04) with ExtractAarTransform
Transforming credentials-1.0.0-alpha04.aar (androidx.credentials:credentials:1.0.0-alpha04) with AarTransform
Transforming play-services-tasks-18.2.0.aar (com.google.android.gms:play-services-tasks:18.2.0) with JetifyTransform
Transforming play-services-tasks-18.2.0.aar (com.google.android.gms:play-services-tasks:18.2.0) with ExtractAarTransform
Transforming play-services-tasks-18.2.0.aar (com.google.android.gms:play-services-tasks:18.2.0) with AarTransform
Transforming play-services-tasks-18.2.0.aar (com.google.android.gms:play-services-tasks:18.2.0) with JetifyTransform
Transforming play-services-tasks-18.2.0.aar (com.google.android.gms:play-services-tasks:18.2.0) with ExtractAarTransform
Transforming play-services-tasks-18.2.0.aar (com.google.android.gms:play-services-tasks:18.2.0) with AarTransform
Transforming play-services-tasks-18.2.0.aar (com.google.android.gms:play-services-tasks:18.2.0) with JetifyTransform
Transforming play-services-tasks-18.2.0.aar (com.google.android.gms:play-services-tasks:18.2.0) with ExtractAarTransform
Transforming play-services-tasks-18.2.0.aar (com.google.android.gms:play-services-tasks:18.2.0) with AarTransform
Transforming play-services-tasks-18.2.0.aar (com.google.android.gms:play-services-tasks:18.2.0) with JetifyTransform
Transforming play-services-tasks-18.2.0.aar (com.google.android.gms:play-services-tasks:18.2.0) with ExtractAarTransform
Transforming play-services-tasks-18.2.0.aar (com.google.android.gms:play-services-tasks:18.2.0) with AarTransform
Transforming play-services-tasks-18.2.0.aar (com.google.android.gms:play-services-tasks:18.2.0) with JetifyTransform
Transforming play-services-tasks-18.2.0.aar (com.google.android.gms:play-services-tasks:18.2.0) with ExtractAarTransform
Transforming play-services-tasks-18.2.0.aar (com.google.android.gms:play-services-tasks:18.2.0) with AarTransform
Transforming play-services-tasks-18.2.0.aar (com.google.android.gms:play-services-tasks:18.2.0) with JetifyTransform
Transforming play-services-tasks-18.2.0.aar (com.google.android.gms:play-services-tasks:18.2.0) with ExtractAarTransform
Transforming play-services-tasks-18.2.0.aar (com.google.android.gms:play-services-tasks:18.2.0) with AarTransform
Transforming play-services-tasks-18.2.0.aar (com.google.android.gms:play-services-tasks:18.2.0) with JetifyTransform
Transforming play-services-tasks-18.2.0.aar (com.google.android.gms:play-services-tasks:18.2.0) with ExtractAarTransform
Transforming play-services-tasks-18.2.0.aar (com.google.android.gms:play-services-tasks:18.2.0) with AarTransform
Transforming play-services-tasks-18.2.0.aar (com.google.android.gms:play-services-tasks:18.2.0) with JetifyTransform
Transforming play-services-tasks-18.2.0.aar (com.google.android.gms:play-services-tasks:18.2.0) with ExtractAarTransform
Transforming play-services-tasks-18.2.0.aar (com.google.android.gms:play-services-tasks:18.2.0) with AarTransform
Transforming play-services-tasks-18.2.0.aar (com.google.android.gms:play-services-tasks:18.2.0) with JetifyTransform
Transforming play-services-tasks-18.2.0.aar (com.google.android.gms:play-services-tasks:18.2.0) with ExtractAarTransform
Transforming play-services-tasks-18.2.0.aar (com.google.android.gms:play-services-tasks:18.2.0) with AarTransform
Transforming play-services-tasks-18.2.0.aar (com.google.android.gms:play-services-tasks:18.2.0) with JetifyTransform
Transforming play-services-tasks-18.2.0.aar (com.google.android.gms:play-services-tasks:18.2.0) with ExtractAarTransform
Transforming play-services-tasks-18.2.0.aar (com.google.android.gms:play-services-tasks:18.2.0) with AarTransform
Transforming play-services-tasks-18.2.0.aar (com.google.android.gms:play-services-tasks:18.2.0) with JetifyTransform
Transforming play-services-tasks-18.2.0.aar (com.google.android.gms:play-services-tasks:18.2.0) with ExtractAarTransform
Transforming play-services-tasks-18.2.0.aar (com.google.android.gms:play-services-tasks:18.2.0) with AarTransform
Transforming play-services-tasks-18.2.0.aar (com.google.android.gms:play-services-tasks:18.2.0) with JetifyTransform
Transforming play-services-tasks-18.2.0.aar (com.google.android.gms:play-services-tasks:18.2.0) with ExtractAarTransform
Transforming play-services-tasks-18.2.0.aar (com.google.android.gms:play-services-tasks:18.2.0) with AarTransform
Transforming play-services-tasks-18.2.0.aar (com.google.android.gms:play-services-tasks:18.2.0) with JetifyTransform
Transforming play-services-tasks-18.2.0.aar (com.google.android.gms:play-services-tasks:18.2.0) with ExtractAarTransform
Transforming play-services-tasks-18.2.0.aar (com.google.android.gms:play-services-tasks:18.2.0) with AarTransform
Transforming play-services-tasks-18.2.0.aar (com.google.android.gms:play-services-tasks:18.2.0) with JetifyTransform
Transforming play-services-tasks-18.2.0.aar (com.google.android.gms:play-services-tasks:18.2.0) with ExtractAarTransform
Transforming play-services-tasks-18.2.0.aar (com.google.android.gms:play-services-tasks:18.2.0) with AarTransform
Transforming play-services-tasks-18.2.0.aar (com.google.android.gms:play-services-tasks:18.2.0) with JetifyTransform
Transforming play-services-tasks-18.2.0.aar (com.google.android.gms:play-services-tasks:18.2.0) with ExtractAarTransform
Transforming play-services-tasks-18.2.0.aar (com.google.android.gms:play-services-tasks:18.2.0) with AarTransform
Transforming play-services-tasks-18.2.0.aar (com.google.android.gms:play-services-tasks:18.2.0) with JetifyTransform
Transforming play-services-tasks-18.2.0.aar (com.google.android.gms:play-services-tasks:18.2.0) with ExtractAarTransform
Transforming play-services-tasks-18.2.0.aar (com.google.android.gms:play-services-tasks:18.2.0) with AarTransform
Transforming play-services-basement-18.4.0.aar (com.google.android.gms:play-services-basement:18.4.0) with JetifyTransform
Transforming play-services-basement-18.4.0.aar (com.google.android.gms:play-services-basement:18.4.0) with ExtractAarTransform
Transforming play-services-basement-18.4.0.aar (com.google.android.gms:play-services-basement:18.4.0) with AarTransform
Transforming play-services-basement-18.4.0.aar (com.google.android.gms:play-services-basement:18.4.0) with JetifyTransform
Transforming play-services-basement-18.4.0.aar (com.google.android.gms:play-services-basement:18.4.0) with ExtractAarTransform
Transforming play-services-basement-18.4.0.aar (com.google.android.gms:play-services-basement:18.4.0) with AarTransform
Transforming play-services-basement-18.4.0.aar (com.google.android.gms:play-services-basement:18.4.0) with JetifyTransform
Transforming play-services-basement-18.4.0.aar (com.google.android.gms:play-services-basement:18.4.0) with ExtractAarTransform
Transforming play-services-basement-18.4.0.aar (com.google.android.gms:play-services-basement:18.4.0) with AarTransform
Transforming play-services-basement-18.4.0.aar (com.google.android.gms:play-services-basement:18.4.0) with JetifyTransform
Transforming play-services-basement-18.4.0.aar (com.google.android.gms:play-services-basement:18.4.0) with ExtractAarTransform
Transforming play-services-basement-18.4.0.aar (com.google.android.gms:play-services-basement:18.4.0) with AarTransform
Transforming play-services-basement-18.4.0.aar (com.google.android.gms:play-services-basement:18.4.0) with JetifyTransform
Transforming play-services-basement-18.4.0.aar (com.google.android.gms:play-services-basement:18.4.0) with ExtractAarTransform
Transforming play-services-basement-18.4.0.aar (com.google.android.gms:play-services-basement:18.4.0) with AarTransform
Transforming play-services-basement-18.4.0.aar (com.google.android.gms:play-services-basement:18.4.0) with JetifyTransform
Transforming play-services-basement-18.4.0.aar (com.google.android.gms:play-services-basement:18.4.0) with ExtractAarTransform
Transforming play-services-basement-18.4.0.aar (com.google.android.gms:play-services-basement:18.4.0) with AarTransform
Transforming play-services-basement-18.4.0.aar (com.google.android.gms:play-services-basement:18.4.0) with JetifyTransform
Transforming play-services-basement-18.4.0.aar (com.google.android.gms:play-services-basement:18.4.0) with ExtractAarTransform
Transforming play-services-basement-18.4.0.aar (com.google.android.gms:play-services-basement:18.4.0) with AarTransform
Transforming play-services-basement-18.4.0.aar (com.google.android.gms:play-services-basement:18.4.0) with JetifyTransform
Transforming play-services-basement-18.4.0.aar (com.google.android.gms:play-services-basement:18.4.0) with ExtractAarTransform
Transforming play-services-basement-18.4.0.aar (com.google.android.gms:play-services-basement:18.4.0) with AarTransform
Transforming play-services-basement-18.4.0.aar (com.google.android.gms:play-services-basement:18.4.0) with JetifyTransform
Transforming play-services-basement-18.4.0.aar (com.google.android.gms:play-services-basement:18.4.0) with ExtractAarTransform
Transforming play-services-basement-18.4.0.aar (com.google.android.gms:play-services-basement:18.4.0) with AarTransform
Transforming play-services-basement-18.4.0.aar (com.google.android.gms:play-services-basement:18.4.0) with JetifyTransform
Transforming play-services-basement-18.4.0.aar (com.google.android.gms:play-services-basement:18.4.0) with ExtractAarTransform
Transforming play-services-basement-18.4.0.aar (com.google.android.gms:play-services-basement:18.4.0) with AarTransform
Transforming play-services-basement-18.4.0.aar (com.google.android.gms:play-services-basement:18.4.0) with JetifyTransform
Transforming play-services-basement-18.4.0.aar (com.google.android.gms:play-services-basement:18.4.0) with ExtractAarTransform
Transforming play-services-basement-18.4.0.aar (com.google.android.gms:play-services-basement:18.4.0) with AarTransform
Transforming play-services-basement-18.4.0.aar (com.google.android.gms:play-services-basement:18.4.0) with JetifyTransform
Transforming play-services-basement-18.4.0.aar (com.google.android.gms:play-services-basement:18.4.0) with ExtractAarTransform
Transforming play-services-basement-18.4.0.aar (com.google.android.gms:play-services-basement:18.4.0) with AarTransform
Transforming play-services-basement-18.4.0.aar (com.google.android.gms:play-services-basement:18.4.0) with JetifyTransform
Transforming play-services-basement-18.4.0.aar (com.google.android.gms:play-services-basement:18.4.0) with ExtractAarTransform
Transforming play-services-basement-18.4.0.aar (com.google.android.gms:play-services-basement:18.4.0) with AarTransform
Transforming play-services-basement-18.4.0.aar (com.google.android.gms:play-services-basement:18.4.0) with JetifyTransform
Transforming play-services-basement-18.4.0.aar (com.google.android.gms:play-services-basement:18.4.0) with ExtractAarTransform
Transforming play-services-basement-18.4.0.aar (com.google.android.gms:play-services-basement:18.4.0) with AarTransform
Transforming play-services-basement-18.4.0.aar (com.google.android.gms:play-services-basement:18.4.0) with JetifyTransform
Transforming play-services-basement-18.4.0.aar (com.google.android.gms:play-services-basement:18.4.0) with ExtractAarTransform
Transforming play-services-basement-18.4.0.aar (com.google.android.gms:play-services-basement:18.4.0) with AarTransform
Transforming play-services-basement-18.4.0.aar (com.google.android.gms:play-services-basement:18.4.0) with JetifyTransform
Transforming play-services-basement-18.4.0.aar (com.google.android.gms:play-services-basement:18.4.0) with ExtractAarTransform
Transforming play-services-basement-18.4.0.aar (com.google.android.gms:play-services-basement:18.4.0) with AarTransform
Transforming fragment-1.6.2.aar (androidx.fragment:fragment:1.6.2) with JetifyTransform
Transforming fragment-1.6.2.aar (androidx.fragment:fragment:1.6.2) with ExtractAarTransform
Transforming fragment-1.6.2.aar (androidx.fragment:fragment:1.6.2) with AarTransform
Transforming fragment-1.6.2.aar (androidx.fragment:fragment:1.6.2) with JetifyTransform
Transforming fragment-1.6.2.aar (androidx.fragment:fragment:1.6.2) with ExtractAarTransform
Transforming fragment-1.6.2.aar (androidx.fragment:fragment:1.6.2) with AarTransform
Transforming fragment-1.6.2.aar (androidx.fragment:fragment:1.6.2) with JetifyTransform
Transforming fragment-1.6.2.aar (androidx.fragment:fragment:1.6.2) with ExtractAarTransform
Transforming fragment-1.6.2.aar (androidx.fragment:fragment:1.6.2) with AarTransform
Transforming fragment-1.6.2.aar (androidx.fragment:fragment:1.6.2) with JetifyTransform
Transforming fragment-1.6.2.aar (androidx.fragment:fragment:1.6.2) with ExtractAarTransform
Transforming fragment-1.6.2.aar (androidx.fragment:fragment:1.6.2) with AarTransform
Transforming fragment-1.6.2.aar (androidx.fragment:fragment:1.6.2) with JetifyTransform
Transforming fragment-1.6.2.aar (androidx.fragment:fragment:1.6.2) with ExtractAarTransform
Transforming fragment-1.6.2.aar (androidx.fragment:fragment:1.6.2) with AarTransform
Transforming fragment-1.6.2.aar (androidx.fragment:fragment:1.6.2) with JetifyTransform
Transforming fragment-1.6.2.aar (androidx.fragment:fragment:1.6.2) with ExtractAarTransform
Transforming fragment-1.6.2.aar (androidx.fragment:fragment:1.6.2) with AarTransform
Transforming fragment-ktx-1.6.2.aar (androidx.fragment:fragment-ktx:1.6.2) with JetifyTransform
Transforming fragment-ktx-1.6.2.aar (androidx.fragment:fragment-ktx:1.6.2) with ExtractAarTransform
Transforming fragment-ktx-1.6.2.aar (androidx.fragment:fragment-ktx:1.6.2) with AarTransform
Transforming savedstate-ktx-1.2.1.aar (androidx.savedstate:savedstate-ktx:1.2.1) with JetifyTransform
Transforming savedstate-ktx-1.2.1.aar (androidx.savedstate:savedstate-ktx:1.2.1) with ExtractAarTransform
Transforming savedstate-ktx-1.2.1.aar (androidx.savedstate:savedstate-ktx:1.2.1) with AarTransform
Transforming savedstate-1.2.1.aar (androidx.savedstate:savedstate:1.2.1) with JetifyTransform
Transforming savedstate-1.2.1.aar (androidx.savedstate:savedstate:1.2.1) with ExtractAarTransform
Transforming savedstate-1.2.1.aar (androidx.savedstate:savedstate:1.2.1) with AarTransform
Transforming lifecycle-runtime-ktx-2.7.0.aar (androidx.lifecycle:lifecycle-runtime-ktx:2.7.0) with JetifyTransform
Transforming lifecycle-runtime-ktx-2.7.0.aar (androidx.lifecycle:lifecycle-runtime-ktx:2.7.0) with ExtractAarTransform
Transforming lifecycle-runtime-ktx-2.7.0.aar (androidx.lifecycle:lifecycle-runtime-ktx:2.7.0) with AarTransform
Transforming lifecycle-viewmodel-savedstate-2.7.0.aar (androidx.lifecycle:lifecycle-viewmodel-savedstate:2.7.0) with JetifyTransform
Transforming lifecycle-viewmodel-savedstate-2.7.0.aar (androidx.lifecycle:lifecycle-viewmodel-savedstate:2.7.0) with ExtractAarTransform
Transforming lifecycle-viewmodel-savedstate-2.7.0.aar (androidx.lifecycle:lifecycle-viewmodel-savedstate:2.7.0) with AarTransform
Transforming lifecycle-viewmodel-compose-2.7.0.aar (androidx.lifecycle:lifecycle-viewmodel-compose:2.7.0) with JetifyTransform
Transforming lifecycle-viewmodel-compose-2.7.0.aar (androidx.lifecycle:lifecycle-viewmodel-compose:2.7.0) with ExtractAarTransform
Transforming lifecycle-viewmodel-compose-2.7.0.aar (androidx.lifecycle:lifecycle-viewmodel-compose:2.7.0) with AarTransform
Transforming lifecycle-viewmodel-2.7.0.aar (androidx.lifecycle:lifecycle-viewmodel:2.7.0) with JetifyTransform
Transforming lifecycle-viewmodel-2.7.0.aar (androidx.lifecycle:lifecycle-viewmodel:2.7.0) with ExtractAarTransform
Transforming lifecycle-viewmodel-2.7.0.aar (androidx.lifecycle:lifecycle-viewmodel:2.7.0) with AarTransform
Transforming lifecycle-viewmodel-2.7.0.aar (androidx.lifecycle:lifecycle-viewmodel:2.7.0) with JetifyTransform
Transforming lifecycle-viewmodel-2.7.0.aar (androidx.lifecycle:lifecycle-viewmodel:2.7.0) with ExtractAarTransform
Transforming lifecycle-viewmodel-2.7.0.aar (androidx.lifecycle:lifecycle-viewmodel:2.7.0) with AarTransform
Transforming lifecycle-runtime-2.7.0.aar (androidx.lifecycle:lifecycle-runtime:2.7.0) with JetifyTransform
Transforming lifecycle-runtime-2.7.0.aar (androidx.lifecycle:lifecycle-runtime:2.7.0) with ExtractAarTransform
Transforming lifecycle-runtime-2.7.0.aar (androidx.lifecycle:lifecycle-runtime:2.7.0) with AarTransform
Transforming lifecycle-livedata-ktx-2.7.0.aar (androidx.lifecycle:lifecycle-livedata-ktx:2.7.0) with JetifyTransform
Transforming lifecycle-livedata-ktx-2.7.0.aar (androidx.lifecycle:lifecycle-livedata-ktx:2.7.0) with ExtractAarTransform
Transforming lifecycle-livedata-ktx-2.7.0.aar (androidx.lifecycle:lifecycle-livedata-ktx:2.7.0) with AarTransform
Transforming lifecycle-viewmodel-ktx-2.7.0.aar (androidx.lifecycle:lifecycle-viewmodel-ktx:2.7.0) with JetifyTransform
Transforming lifecycle-viewmodel-ktx-2.7.0.aar (androidx.lifecycle:lifecycle-viewmodel-ktx:2.7.0) with ExtractAarTransform
Transforming lifecycle-viewmodel-ktx-2.7.0.aar (androidx.lifecycle:lifecycle-viewmodel-ktx:2.7.0) with AarTransform
Transforming lifecycle-runtime-compose-2.7.0.aar (androidx.lifecycle:lifecycle-runtime-compose:2.7.0) with JetifyTransform
Transforming lifecycle-runtime-compose-2.7.0.aar (androidx.lifecycle:lifecycle-runtime-compose:2.7.0) with ExtractAarTransform
Transforming lifecycle-runtime-compose-2.7.0.aar (androidx.lifecycle:lifecycle-runtime-compose:2.7.0) with AarTransform
Transforming ui-release.aar (androidx.compose.ui:ui-android:1.6.1) with JetifyTransform
Transforming ui-release.aar (androidx.compose.ui:ui-android:1.6.1) with ExtractAarTransform
Transforming ui-release.aar (androidx.compose.ui:ui-android:1.6.1) with AarTransform
Transforming activity-ktx-1.8.2.aar (androidx.activity:activity-ktx:1.8.2) with JetifyTransform
Transforming activity-ktx-1.8.2.aar (androidx.activity:activity-ktx:1.8.2) with ExtractAarTransform
Transforming activity-ktx-1.8.2.aar (androidx.activity:activity-ktx:1.8.2) with AarTransform
Transforming activity-compose-1.8.2.aar (androidx.activity:activity-compose:1.8.2) with JetifyTransform
Transforming activity-compose-1.8.2.aar (androidx.activity:activity-compose:1.8.2) with ExtractAarTransform
Transforming activity-compose-1.8.2.aar (androidx.activity:activity-compose:1.8.2) with AarTransform
Transforming activity-1.8.2.aar (androidx.activity:activity:1.8.2) with JetifyTransform
Transforming activity-1.8.2.aar (androidx.activity:activity:1.8.2) with ExtractAarTransform
Transforming activity-1.8.2.aar (androidx.activity:activity:1.8.2) with AarTransform
Transforming drawerlayout-1.1.1.aar (androidx.drawerlayout:drawerlayout:1.1.1) with JetifyTransform
Transforming drawerlayout-1.1.1.aar (androidx.drawerlayout:drawerlayout:1.1.1) with ExtractAarTransform
Transforming drawerlayout-1.1.1.aar (androidx.drawerlayout:drawerlayout:1.1.1) with AarTransform
Transforming coordinatorlayout-1.1.0.aar (androidx.coordinatorlayout:coordinatorlayout:1.1.0) with JetifyTransform
Transforming coordinatorlayout-1.1.0.aar (androidx.coordinatorlayout:coordinatorlayout:1.1.0) with ExtractAarTransform
Transforming coordinatorlayout-1.1.0.aar (androidx.coordinatorlayout:coordinatorlayout:1.1.0) with AarTransform
Transforming vectordrawable-animated-1.1.0.aar (androidx.vectordrawable:vectordrawable-animated:1.1.0) with JetifyTransform
Transforming vectordrawable-animated-1.1.0.aar (androidx.vectordrawable:vectordrawable-animated:1.1.0) with ExtractAarTransform
Transforming vectordrawable-animated-1.1.0.aar (androidx.vectordrawable:vectordrawable-animated:1.1.0) with AarTransform
Transforming vectordrawable-1.1.0.aar (androidx.vectordrawable:vectordrawable:1.1.0) with JetifyTransform
Transforming vectordrawable-1.1.0.aar (androidx.vectordrawable:vectordrawable:1.1.0) with ExtractAarTransform
Transforming vectordrawable-1.1.0.aar (androidx.vectordrawable:vectordrawable:1.1.0) with AarTransform
Transforming vectordrawable-1.1.0.aar (androidx.vectordrawable:vectordrawable:1.1.0) with JetifyTransform
Transforming vectordrawable-1.1.0.aar (androidx.vectordrawable:vectordrawable:1.1.0) with ExtractAarTransform
Transforming vectordrawable-1.1.0.aar (androidx.vectordrawable:vectordrawable:1.1.0) with AarTransform
Transforming recyclerview-1.1.0.aar (androidx.recyclerview:recyclerview:1.1.0) with JetifyTransform
Transforming recyclerview-1.1.0.aar (androidx.recyclerview:recyclerview:1.1.0) with ExtractAarTransform
Transforming recyclerview-1.1.0.aar (androidx.recyclerview:recyclerview:1.1.0) with AarTransform
Transforming recyclerview-1.1.0.aar (androidx.recyclerview:recyclerview:1.1.0) with JetifyTransform
Transforming recyclerview-1.1.0.aar (androidx.recyclerview:recyclerview:1.1.0) with ExtractAarTransform
Transforming recyclerview-1.1.0.aar (androidx.recyclerview:recyclerview:1.1.0) with AarTransform
Transforming viewpager-1.0.0.aar (androidx.viewpager:viewpager:1.0.0) with JetifyTransform
Transforming viewpager-1.0.0.aar (androidx.viewpager:viewpager:1.0.0) with ExtractAarTransform
Transforming viewpager-1.0.0.aar (androidx.viewpager:viewpager:1.0.0) with AarTransform
Transforming customview-1.1.0.aar (androidx.customview:customview:1.1.0) with JetifyTransform
Transforming customview-1.1.0.aar (androidx.customview:customview:1.1.0) with ExtractAarTransform
Transforming customview-1.1.0.aar (androidx.customview:customview:1.1.0) with AarTransform
Transforming customview-1.1.0.aar (androidx.customview:customview:1.1.0) with JetifyTransform
Transforming customview-1.1.0.aar (androidx.customview:customview:1.1.0) with ExtractAarTransform
Transforming customview-1.1.0.aar (androidx.customview:customview:1.1.0) with AarTransform
Transforming customview-1.1.0.aar (androidx.customview:customview:1.1.0) with JetifyTransform
Transforming customview-1.1.0.aar (androidx.customview:customview:1.1.0) with ExtractAarTransform
Transforming customview-1.1.0.aar (androidx.customview:customview:1.1.0) with AarTransform
Transforming customview-1.1.0.aar (androidx.customview:customview:1.1.0) with JetifyTransform
Transforming customview-1.1.0.aar (androidx.customview:customview:1.1.0) with ExtractAarTransform
Transforming customview-1.1.0.aar (androidx.customview:customview:1.1.0) with AarTransform
Transforming customview-1.1.0.aar (androidx.customview:customview:1.1.0) with JetifyTransform
Transforming customview-1.1.0.aar (androidx.customview:customview:1.1.0) with ExtractAarTransform
Transforming customview-1.1.0.aar (androidx.customview:customview:1.1.0) with AarTransform
Transforming browser-1.4.0.aar (androidx.browser:browser:1.4.0) with JetifyTransform
Transforming browser-1.4.0.aar (androidx.browser:browser:1.4.0) with ExtractAarTransform
Transforming browser-1.4.0.aar (androidx.browser:browser:1.4.0) with AarTransform
Transforming autofill-1.0.0.aar (androidx.autofill:autofill:1.0.0) with JetifyTransform
Transforming autofill-1.0.0.aar (androidx.autofill:autofill:1.0.0) with ExtractAarTransform
Transforming autofill-1.0.0.aar (androidx.autofill:autofill:1.0.0) with AarTransform
Transforming transition-1.4.1.aar (androidx.transition:transition:1.4.1) with JetifyTransform
Transforming transition-1.4.1.aar (androidx.transition:transition:1.4.1) with ExtractAarTransform
Transforming transition-1.4.1.aar (androidx.transition:transition:1.4.1) with AarTransform
Transforming core-1.12.0.aar (androidx.core:core:1.12.0) with JetifyTransform
Transforming core-1.12.0.aar (androidx.core:core:1.12.0) with ExtractAarTransform
Transforming core-1.12.0.aar (androidx.core:core:1.12.0) with AarTransform
Transforming core-1.12.0.aar (androidx.core:core:1.12.0) with JetifyTransform
Transforming core-1.12.0.aar (androidx.core:core:1.12.0) with ExtractAarTransform
Transforming core-1.12.0.aar (androidx.core:core:1.12.0) with AarTransform
Transforming core-1.12.0.aar (androidx.core:core:1.12.0) with JetifyTransform
Transforming core-1.12.0.aar (androidx.core:core:1.12.0) with ExtractAarTransform
Transforming core-1.12.0.aar (androidx.core:core:1.12.0) with AarTransform
Transforming core-1.12.0.aar (androidx.core:core:1.12.0) with JetifyTransform
Transforming core-1.12.0.aar (androidx.core:core:1.12.0) with ExtractAarTransform
Transforming core-1.12.0.aar (androidx.core:core:1.12.0) with AarTransform
Transforming core-1.12.0.aar (androidx.core:core:1.12.0) with JetifyTransform
Transforming core-1.12.0.aar (androidx.core:core:1.12.0) with ExtractAarTransform
Transforming core-1.12.0.aar (androidx.core:core:1.12.0) with AarTransform
Transforming core-1.12.0.aar (androidx.core:core:1.12.0) with JetifyTransform
Transforming core-1.12.0.aar (androidx.core:core:1.12.0) with ExtractAarTransform
Transforming core-1.12.0.aar (androidx.core:core:1.12.0) with AarTransform
Transforming core-1.12.0.aar (androidx.core:core:1.12.0) with JetifyTransform
Transforming core-1.12.0.aar (androidx.core:core:1.12.0) with ExtractAarTransform
Transforming core-1.12.0.aar (androidx.core:core:1.12.0) with AarTransform
Transforming core-1.12.0.aar (androidx.core:core:1.12.0) with JetifyTransform
Transforming core-1.12.0.aar (androidx.core:core:1.12.0) with ExtractAarTransform
Transforming core-1.12.0.aar (androidx.core:core:1.12.0) with AarTransform
Transforming core-1.12.0.aar (androidx.core:core:1.12.0) with JetifyTransform
Transforming core-1.12.0.aar (androidx.core:core:1.12.0) with ExtractAarTransform
Transforming core-1.12.0.aar (androidx.core:core:1.12.0) with AarTransform
Transforming core-1.12.0.aar (androidx.core:core:1.12.0) with JetifyTransform
Transforming core-1.12.0.aar (androidx.core:core:1.12.0) with ExtractAarTransform
Transforming core-1.12.0.aar (androidx.core:core:1.12.0) with AarTransform
Transforming core-1.12.0.aar (androidx.core:core:1.12.0) with JetifyTransform
Transforming core-1.12.0.aar (androidx.core:core:1.12.0) with ExtractAarTransform
Transforming core-1.12.0.aar (androidx.core:core:1.12.0) with AarTransform
Transforming core-1.12.0.aar (androidx.core:core:1.12.0) with JetifyTransform
Transforming core-1.12.0.aar (androidx.core:core:1.12.0) with ExtractAarTransform
Transforming core-1.12.0.aar (androidx.core:core:1.12.0) with AarTransform
Transforming core-1.12.0.aar (androidx.core:core:1.12.0) with JetifyTransform
Transforming core-1.12.0.aar (androidx.core:core:1.12.0) with ExtractAarTransform
Transforming core-1.12.0.aar (androidx.core:core:1.12.0) with AarTransform
Transforming core-1.12.0.aar (androidx.core:core:1.12.0) with JetifyTransform
Transforming core-1.12.0.aar (androidx.core:core:1.12.0) with ExtractAarTransform
Transforming core-1.12.0.aar (androidx.core:core:1.12.0) with AarTransform
Transforming core-1.12.0.aar (androidx.core:core:1.12.0) with JetifyTransform
Transforming core-1.12.0.aar (androidx.core:core:1.12.0) with ExtractAarTransform
Transforming core-1.12.0.aar (androidx.core:core:1.12.0) with AarTransform
Transforming customview-poolingcontainer-1.0.0.aar (androidx.customview:customview-poolingcontainer:1.0.0) with JetifyTransform
Transforming customview-poolingcontainer-1.0.0.aar (androidx.customview:customview-poolingcontainer:1.0.0) with ExtractAarTransform
Transforming customview-poolingcontainer-1.0.0.aar (androidx.customview:customview-poolingcontainer:1.0.0) with AarTransform
Transforming core-ktx-1.12.0.aar (androidx.core:core-ktx:1.12.0) with JetifyTransform
Transforming core-ktx-1.12.0.aar (androidx.core:core-ktx:1.12.0) with ExtractAarTransform
Transforming core-ktx-1.12.0.aar (androidx.core:core-ktx:1.12.0) with AarTransform
Transforming core-splashscreen-1.0.1.aar (androidx.core:core-splashscreen:1.0.1) with JetifyTransform
Transforming core-splashscreen-1.0.1.aar (androidx.core:core-splashscreen:1.0.1) with ExtractAarTransform
Transforming core-splashscreen-1.0.1.aar (androidx.core:core-splashscreen:1.0.1) with AarTransform
Transforming sqlite-framework-2.4.0.aar (androidx.sqlite:sqlite-framework:2.4.0) with JetifyTransform
Transforming sqlite-framework-2.4.0.aar (androidx.sqlite:sqlite-framework:2.4.0) with ExtractAarTransform
Transforming sqlite-framework-2.4.0.aar (androidx.sqlite:sqlite-framework:2.4.0) with AarTransform
Transforming sqlite-2.4.0.aar (androidx.sqlite:sqlite:2.4.0) with JetifyTransform
Transforming sqlite-2.4.0.aar (androidx.sqlite:sqlite:2.4.0) with ExtractAarTransform
Transforming sqlite-2.4.0.aar (androidx.sqlite:sqlite:2.4.0) with AarTransform
Transforming annotation-experimental-1.4.0.aar (androidx.annotation:annotation-experimental:1.4.0) with JetifyTransform
Transforming annotation-experimental-1.4.0.aar (androidx.annotation:annotation-experimental:1.4.0) with ExtractAarTransform
Transforming annotation-experimental-1.4.0.aar (androidx.annotation:annotation-experimental:1.4.0) with AarTransform
Transforming versionedparcelable-1.1.1.aar (androidx.versionedparcelable:versionedparcelable:1.1.1) with JetifyTransform
Transforming versionedparcelable-1.1.1.aar (androidx.versionedparcelable:versionedparcelable:1.1.1) with ExtractAarTransform
Transforming versionedparcelable-1.1.1.aar (androidx.versionedparcelable:versionedparcelable:1.1.1) with AarTransform
Transforming MPAndroidChart-3.1.0.aar (com.github.PhilJay:MPAndroidChart:3.1.0) with JetifyTransform
Transforming MPAndroidChart-3.1.0.aar (com.github.PhilJay:MPAndroidChart:3.1.0) with ExtractAarTransform
Transforming MPAndroidChart-3.1.0.aar (com.github.PhilJay:MPAndroidChart:3.1.0) with AarTransform
Transforming cursoradapter-1.0.0.aar (androidx.cursoradapter:cursoradapter:1.0.0) with JetifyTransform
Transforming cursoradapter-1.0.0.aar (androidx.cursoradapter:cursoradapter:1.0.0) with ExtractAarTransform
Transforming cursoradapter-1.0.0.aar (androidx.cursoradapter:cursoradapter:1.0.0) with AarTransform
Transforming cardview-1.0.0.aar (androidx.cardview:cardview:1.0.0) with JetifyTransform
Transforming cardview-1.0.0.aar (androidx.cardview:cardview:1.0.0) with ExtractAarTransform
Transforming cardview-1.0.0.aar (androidx.cardview:cardview:1.0.0) with AarTransform
Transforming profileinstaller-1.3.1.aar (androidx.profileinstaller:profileinstaller:1.3.1) with JetifyTransform
Transforming profileinstaller-1.3.1.aar (androidx.profileinstaller:profileinstaller:1.3.1) with ExtractAarTransform
Transforming profileinstaller-1.3.1.aar (androidx.profileinstaller:profileinstaller:1.3.1) with AarTransform
Transforming startup-runtime-1.1.1.aar (androidx.startup:startup-runtime:1.1.1) with JetifyTransform
Transforming startup-runtime-1.1.1.aar (androidx.startup:startup-runtime:1.1.1) with ExtractAarTransform
Transforming startup-runtime-1.1.1.aar (androidx.startup:startup-runtime:1.1.1) with AarTransform
Transforming tracing-1.0.0.aar (androidx.tracing:tracing:1.0.0) with JetifyTransform
Transforming tracing-1.0.0.aar (androidx.tracing:tracing:1.0.0) with ExtractAarTransform
Transforming tracing-1.0.0.aar (androidx.tracing:tracing:1.0.0) with AarTransform
Transforming core-runtime-2.2.0.aar (androidx.arch.core:core-runtime:2.2.0) with JetifyTransform
Transforming core-runtime-2.2.0.aar (androidx.arch.core:core-runtime:2.2.0) with ExtractAarTransform
Transforming core-runtime-2.2.0.aar (androidx.arch.core:core-runtime:2.2.0) with AarTransform
Transforming transport-backend-cct-2.3.3.aar (com.google.android.datatransport:transport-backend-cct:2.3.3) with JetifyTransform
Transforming transport-backend-cct-2.3.3.aar (com.google.android.datatransport:transport-backend-cct:2.3.3) with ExtractAarTransform
Transforming transport-backend-cct-2.3.3.aar (com.google.android.datatransport:transport-backend-cct:2.3.3) with AarTransform
Transforming transport-backend-cct-2.3.3.aar (com.google.android.datatransport:transport-backend-cct:2.3.3) with JetifyTransform
Transforming transport-backend-cct-2.3.3.aar (com.google.android.datatransport:transport-backend-cct:2.3.3) with ExtractAarTransform
Transforming transport-backend-cct-2.3.3.aar (com.google.android.datatransport:transport-backend-cct:2.3.3) with AarTransform
Transforming transport-backend-cct-2.3.3.aar (com.google.android.datatransport:transport-backend-cct:2.3.3) with JetifyTransform
Transforming transport-backend-cct-2.3.3.aar (com.google.android.datatransport:transport-backend-cct:2.3.3) with ExtractAarTransform
Transforming transport-backend-cct-2.3.3.aar (com.google.android.datatransport:transport-backend-cct:2.3.3) with AarTransform
Transforming transport-runtime-2.2.6.aar (com.google.android.datatransport:transport-runtime:2.2.6) with JetifyTransform
Transforming transport-runtime-2.2.6.aar (com.google.android.datatransport:transport-runtime:2.2.6) with ExtractAarTransform
Transforming transport-runtime-2.2.6.aar (com.google.android.datatransport:transport-runtime:2.2.6) with AarTransform
Transforming transport-runtime-2.2.6.aar (com.google.android.datatransport:transport-runtime:2.2.6) with JetifyTransform
Transforming transport-runtime-2.2.6.aar (com.google.android.datatransport:transport-runtime:2.2.6) with ExtractAarTransform
Transforming transport-runtime-2.2.6.aar (com.google.android.datatransport:transport-runtime:2.2.6) with AarTransform
Transforming transport-runtime-2.2.6.aar (com.google.android.datatransport:transport-runtime:2.2.6) with JetifyTransform
Transforming transport-runtime-2.2.6.aar (com.google.android.datatransport:transport-runtime:2.2.6) with ExtractAarTransform
Transforming transport-runtime-2.2.6.aar (com.google.android.datatransport:transport-runtime:2.2.6) with AarTransform
Transforming transport-runtime-2.2.6.aar (com.google.android.datatransport:transport-runtime:2.2.6) with JetifyTransform
Transforming transport-runtime-2.2.6.aar (com.google.android.datatransport:transport-runtime:2.2.6) with ExtractAarTransform
Transforming transport-runtime-2.2.6.aar (com.google.android.datatransport:transport-runtime:2.2.6) with AarTransform
Transforming transport-api-2.2.1.aar (com.google.android.datatransport:transport-api:2.2.1) with JetifyTransform
Transforming transport-api-2.2.1.aar (com.google.android.datatransport:transport-api:2.2.1) with ExtractAarTransform
Transforming transport-api-2.2.1.aar (com.google.android.datatransport:transport-api:2.2.1) with AarTransform
Transforming transport-api-2.2.1.aar (com.google.android.datatransport:transport-api:2.2.1) with JetifyTransform
Transforming transport-api-2.2.1.aar (com.google.android.datatransport:transport-api:2.2.1) with ExtractAarTransform
Transforming transport-api-2.2.1.aar (com.google.android.datatransport:transport-api:2.2.1) with AarTransform
Transforming transport-api-2.2.1.aar (com.google.android.datatransport:transport-api:2.2.1) with JetifyTransform
Transforming transport-api-2.2.1.aar (com.google.android.datatransport:transport-api:2.2.1) with ExtractAarTransform
Transforming transport-api-2.2.1.aar (com.google.android.datatransport:transport-api:2.2.1) with AarTransform
Transforming transport-api-2.2.1.aar (com.google.android.datatransport:transport-api:2.2.1) with JetifyTransform
Transforming transport-api-2.2.1.aar (com.google.android.datatransport:transport-api:2.2.1) with ExtractAarTransform
Transforming transport-api-2.2.1.aar (com.google.android.datatransport:transport-api:2.2.1) with AarTransform
Transforming transport-api-2.2.1.aar (com.google.android.datatransport:transport-api:2.2.1) with JetifyTransform
Transforming transport-api-2.2.1.aar (com.google.android.datatransport:transport-api:2.2.1) with ExtractAarTransform
Transforming transport-api-2.2.1.aar (com.google.android.datatransport:transport-api:2.2.1) with AarTransform
Transforming firebase-encoders-json-17.1.0.aar (com.google.firebase:firebase-encoders-json:17.1.0) with JetifyTransform
Transforming firebase-encoders-json-17.1.0.aar (com.google.firebase:firebase-encoders-json:17.1.0) with ExtractAarTransform
Transforming firebase-encoders-json-17.1.0.aar (com.google.firebase:firebase-encoders-json:17.1.0) with AarTransform
Transforming firebase-encoders-json-17.1.0.aar (com.google.firebase:firebase-encoders-json:17.1.0) with JetifyTransform
Transforming firebase-encoders-json-17.1.0.aar (com.google.firebase:firebase-encoders-json:17.1.0) with ExtractAarTransform
Transforming firebase-encoders-json-17.1.0.aar (com.google.firebase:firebase-encoders-json:17.1.0) with AarTransform
Transforming firebase-encoders-json-17.1.0.aar (com.google.firebase:firebase-encoders-json:17.1.0) with JetifyTransform
Transforming firebase-encoders-json-17.1.0.aar (com.google.firebase:firebase-encoders-json:17.1.0) with ExtractAarTransform
Transforming firebase-encoders-json-17.1.0.aar (com.google.firebase:firebase-encoders-json:17.1.0) with AarTransform
Transforming firebase-encoders-json-17.1.0.aar (com.google.firebase:firebase-encoders-json:17.1.0) with JetifyTransform
Transforming firebase-encoders-json-17.1.0.aar (com.google.firebase:firebase-encoders-json:17.1.0) with ExtractAarTransform
Transforming firebase-encoders-json-17.1.0.aar (com.google.firebase:firebase-encoders-json:17.1.0) with AarTransform
Transforming interpolator-1.0.0.aar (androidx.interpolator:interpolator:1.0.0) with JetifyTransform
Transforming interpolator-1.0.0.aar (androidx.interpolator:interpolator:1.0.0) with ExtractAarTransform
Transforming interpolator-1.0.0.aar (androidx.interpolator:interpolator:1.0.0) with AarTransform
Transforming interpolator-1.0.0.aar (androidx.interpolator:interpolator:1.0.0) with JetifyTransform
Transforming interpolator-1.0.0.aar (androidx.interpolator:interpolator:1.0.0) with ExtractAarTransform
Transforming interpolator-1.0.0.aar (androidx.interpolator:interpolator:1.0.0) with AarTransform
Transforming firebase-components-17.1.5.aar (com.google.firebase:firebase-components:17.1.5) with JetifyTransform
Transforming firebase-components-17.1.5.aar (com.google.firebase:firebase-components:17.1.5) with ExtractAarTransform
Transforming firebase-components-17.1.5.aar (com.google.firebase:firebase-components:17.1.5) with AarTransform
Transforming firebase-components-17.1.5.aar (com.google.firebase:firebase-components:17.1.5) with JetifyTransform
Transforming firebase-components-17.1.5.aar (com.google.firebase:firebase-components:17.1.5) with ExtractAarTransform
Transforming firebase-components-17.1.5.aar (com.google.firebase:firebase-components:17.1.5) with AarTransform
Transforming firebase-components-17.1.5.aar (com.google.firebase:firebase-components:17.1.5) with JetifyTransform
Transforming firebase-components-17.1.5.aar (com.google.firebase:firebase-components:17.1.5) with ExtractAarTransform
Transforming firebase-components-17.1.5.aar (com.google.firebase:firebase-components:17.1.5) with AarTransform
Transforming firebase-components-17.1.5.aar (com.google.firebase:firebase-components:17.1.5) with JetifyTransform
Transforming firebase-components-17.1.5.aar (com.google.firebase:firebase-components:17.1.5) with ExtractAarTransform
Transforming firebase-components-17.1.5.aar (com.google.firebase:firebase-components:17.1.5) with AarTransform
Transforming firebase-components-17.1.5.aar (com.google.firebase:firebase-components:17.1.5) with JetifyTransform
Transforming firebase-components-17.1.5.aar (com.google.firebase:firebase-components:17.1.5) with ExtractAarTransform
Transforming firebase-components-17.1.5.aar (com.google.firebase:firebase-components:17.1.5) with AarTransform
Transforming firebase-components-17.1.5.aar (com.google.firebase:firebase-components:17.1.5) with JetifyTransform
Transforming firebase-components-17.1.5.aar (com.google.firebase:firebase-components:17.1.5) with ExtractAarTransform
Transforming firebase-components-17.1.5.aar (com.google.firebase:firebase-components:17.1.5) with AarTransform
Transforming localbroadcastmanager-1.0.0.aar (androidx.localbroadcastmanager:localbroadcastmanager:1.0.0) with JetifyTransform
Transforming localbroadcastmanager-1.0.0.aar (androidx.localbroadcastmanager:localbroadcastmanager:1.0.0) with ExtractAarTransform
Transforming localbroadcastmanager-1.0.0.aar (androidx.localbroadcastmanager:localbroadcastmanager:1.0.0) with AarTransform
Transforming localbroadcastmanager-1.0.0.aar (androidx.localbroadcastmanager:localbroadcastmanager:1.0.0) with JetifyTransform
Transforming localbroadcastmanager-1.0.0.aar (androidx.localbroadcastmanager:localbroadcastmanager:1.0.0) with ExtractAarTransform
Transforming localbroadcastmanager-1.0.0.aar (androidx.localbroadcastmanager:localbroadcastmanager:1.0.0) with AarTransform
Transforming documentfile-1.0.0.aar (androidx.documentfile:documentfile:1.0.0) with JetifyTransform
Transforming documentfile-1.0.0.aar (androidx.documentfile:documentfile:1.0.0) with ExtractAarTransform
Transforming documentfile-1.0.0.aar (androidx.documentfile:documentfile:1.0.0) with AarTransform
Transforming print-1.0.0.aar (androidx.print:print:1.0.0) with JetifyTransform
Transforming print-1.0.0.aar (androidx.print:print:1.0.0) with ExtractAarTransform
Transforming print-1.0.0.aar (androidx.print:print:1.0.0) with AarTransform
Transforming exifinterface-1.3.6.aar (androidx.exifinterface:exifinterface:1.3.6) with JetifyTransform
Transforming exifinterface-1.3.6.aar (androidx.exifinterface:exifinterface:1.3.6) with ExtractAarTransform
Transforming exifinterface-1.3.6.aar (androidx.exifinterface:exifinterface:1.3.6) with AarTransform
Transforming exifinterface-1.3.6.aar (androidx.exifinterface:exifinterface:1.3.6) with JetifyTransform
Transforming exifinterface-1.3.6.aar (androidx.exifinterface:exifinterface:1.3.6) with ExtractAarTransform
Transforming exifinterface-1.3.6.aar (androidx.exifinterface:exifinterface:1.3.6) with AarTransform
Transforming dagger-lint-aar-2.48.aar (com.google.dagger:dagger-lint-aar:2.48) with JetifyTransform
Transforming dagger-lint-aar-2.48.aar (com.google.dagger:dagger-lint-aar:2.48) with ExtractAarTransform
Transforming dagger-lint-aar-2.48.aar (com.google.dagger:dagger-lint-aar:2.48) with AarTransform
Transforming image-1.0.0-beta1.aar (com.google.android.odml:image:1.0.0-beta1) with JetifyTransform
Transforming image-1.0.0-beta1.aar (com.google.android.odml:image:1.0.0-beta1) with ExtractAarTransform
Transforming image-1.0.0-beta1.aar (com.google.android.odml:image:1.0.0-beta1) with AarTransform
Transforming image-1.0.0-beta1.aar (com.google.android.odml:image:1.0.0-beta1) with JetifyTransform
Transforming image-1.0.0-beta1.aar (com.google.android.odml:image:1.0.0-beta1) with ExtractAarTransform
Transforming image-1.0.0-beta1.aar (com.google.android.odml:image:1.0.0-beta1) with AarTransform
Caching disabled for task ':app:checkDebugAarMetadata' because:
  Build cache is disabled
  Caching has been disabled for the task
Skipping task ':app:checkDebugAarMetadata' as it is up-to-date.
Resolve mutations for :app:mapDebugSourceSetPaths (Thread[included builds,5,main]) started.
:app:mapDebugSourceSetPaths (Thread[included builds,5,main]) started.

> Task :app:mapDebugSourceSetPaths UP-TO-DATE
Caching disabled for task ':app:mapDebugSourceSetPaths' because:
  Build cache is disabled
  Caching has been disabled for the task
Skipping task ':app:mapDebugSourceSetPaths' as it is up-to-date.
Resolve mutations for :app:createDebugCompatibleScreenManifests (Thread[included builds,5,main]) started.
:app:createDebugCompatibleScreenManifests (Thread[included builds,5,main]) started.

> Task :app:createDebugCompatibleScreenManifests UP-TO-DATE
Caching disabled for task ':app:createDebugCompatibleScreenManifests' because:
  Build cache is disabled
  Caching has been disabled for the task
Skipping task ':app:createDebugCompatibleScreenManifests' as it is up-to-date.
Resolve mutations for :app:extractDeepLinksDebug (Thread[included builds,5,main]) started.
:app:extractDeepLinksDebug (Thread[included builds,5,main]) started.

> Task :app:extractDeepLinksDebug UP-TO-DATE
Caching disabled for task ':app:extractDeepLinksDebug' because:
  Build cache is disabled
Skipping task ':app:extractDeepLinksDebug' as it is up-to-date.
Resolve mutations for :app:processDebugMainManifest (Thread[Execution worker Thread 2,5,main]) started.
:app:processDebugMainManifest (Thread[included builds,5,main]) started.

> Task :app:processDebugMainManifest UP-TO-DATE
Transforming viewbinding-8.6.0.aar (androidx.databinding:viewbinding:8.6.0) with JetifyTransform
Transforming viewbinding-8.6.0.aar (androidx.databinding:viewbinding:8.6.0) with ExtractAarTransform
Transforming viewbinding-8.6.0.aar (androidx.databinding:viewbinding:8.6.0) with AarTransform
Transforming hilt-navigation-compose-1.1.0.aar (androidx.hilt:hilt-navigation-compose:1.1.0) with JetifyTransform
Transforming hilt-navigation-compose-1.1.0.aar (androidx.hilt:hilt-navigation-compose:1.1.0) with ExtractAarTransform
Transforming hilt-navigation-compose-1.1.0.aar (androidx.hilt:hilt-navigation-compose:1.1.0) with AarTransform
Transforming hilt-navigation-1.1.0.aar (androidx.hilt:hilt-navigation:1.1.0) with JetifyTransform
Transforming hilt-navigation-1.1.0.aar (androidx.hilt:hilt-navigation:1.1.0) with ExtractAarTransform
Transforming hilt-navigation-1.1.0.aar (androidx.hilt:hilt-navigation:1.1.0) with AarTransform
Transforming navigation-common-2.7.6.aar (androidx.navigation:navigation-common:2.7.6) with JetifyTransform
Transforming navigation-common-2.7.6.aar (androidx.navigation:navigation-common:2.7.6) with ExtractAarTransform
Transforming navigation-common-2.7.6.aar (androidx.navigation:navigation-common:2.7.6) with AarTransform
Transforming navigation-runtime-2.7.6.aar (androidx.navigation:navigation-runtime:2.7.6) with JetifyTransform
Transforming navigation-runtime-2.7.6.aar (androidx.navigation:navigation-runtime:2.7.6) with ExtractAarTransform
Transforming navigation-runtime-2.7.6.aar (androidx.navigation:navigation-runtime:2.7.6) with AarTransform
Transforming navigation-common-ktx-2.7.6.aar (androidx.navigation:navigation-common-ktx:2.7.6) with JetifyTransform
Transforming navigation-common-ktx-2.7.6.aar (androidx.navigation:navigation-common-ktx:2.7.6) with ExtractAarTransform
Transforming navigation-common-ktx-2.7.6.aar (androidx.navigation:navigation-common-ktx:2.7.6) with AarTransform
Transforming navigation-fragment-2.7.6.aar (androidx.navigation:navigation-fragment:2.7.6) with JetifyTransform
Transforming navigation-fragment-2.7.6.aar (androidx.navigation:navigation-fragment:2.7.6) with ExtractAarTransform
Transforming navigation-fragment-2.7.6.aar (androidx.navigation:navigation-fragment:2.7.6) with AarTransform
Transforming navigation-runtime-ktx-2.7.6.aar (androidx.navigation:navigation-runtime-ktx:2.7.6) with JetifyTransform
Transforming navigation-runtime-ktx-2.7.6.aar (androidx.navigation:navigation-runtime-ktx:2.7.6) with ExtractAarTransform
Transforming navigation-runtime-ktx-2.7.6.aar (androidx.navigation:navigation-runtime-ktx:2.7.6) with AarTransform
Transforming navigation-fragment-ktx-2.7.6.aar (androidx.navigation:navigation-fragment-ktx:2.7.6) with JetifyTransform
Transforming navigation-fragment-ktx-2.7.6.aar (androidx.navigation:navigation-fragment-ktx:2.7.6) with ExtractAarTransform
Transforming navigation-fragment-ktx-2.7.6.aar (androidx.navigation:navigation-fragment-ktx:2.7.6) with AarTransform
Transforming navigation-compose-2.7.6.aar (androidx.navigation:navigation-compose:2.7.6) with JetifyTransform
Transforming navigation-compose-2.7.6.aar (androidx.navigation:navigation-compose:2.7.6) with ExtractAarTransform
Transforming navigation-compose-2.7.6.aar (androidx.navigation:navigation-compose:2.7.6) with AarTransform
Transforming navigation-ui-ktx-2.7.6.aar (androidx.navigation:navigation-ui-ktx:2.7.6) with JetifyTransform
Transforming navigation-ui-ktx-2.7.6.aar (androidx.navigation:navigation-ui-ktx:2.7.6) with ExtractAarTransform
Transforming navigation-ui-ktx-2.7.6.aar (androidx.navigation:navigation-ui-ktx:2.7.6) with AarTransform
Transforming navigation-ui-2.7.6.aar (androidx.navigation:navigation-ui:2.7.6) with JetifyTransform
Transforming navigation-ui-2.7.6.aar (androidx.navigation:navigation-ui:2.7.6) with ExtractAarTransform
Transforming navigation-ui-2.7.6.aar (androidx.navigation:navigation-ui:2.7.6) with AarTransform
Transforming material-1.11.0.aar (com.google.android.material:material:1.11.0) with JetifyTransform
Transforming material-1.11.0.aar (com.google.android.material:material:1.11.0) with ExtractAarTransform
Transforming material-1.11.0.aar (com.google.android.material:material:1.11.0) with AarTransform
Transforming constraintlayout-2.1.4.aar (androidx.constraintlayout:constraintlayout:2.1.4) with JetifyTransform
Transforming constraintlayout-2.1.4.aar (androidx.constraintlayout:constraintlayout:2.1.4) with ExtractAarTransform
Transforming constraintlayout-2.1.4.aar (androidx.constraintlayout:constraintlayout:2.1.4) with AarTransform
Transforming biometric-1.1.0.aar (androidx.biometric:biometric:1.1.0) with JetifyTransform
Transforming biometric-1.1.0.aar (androidx.biometric:biometric:1.1.0) with ExtractAarTransform
Transforming biometric-1.1.0.aar (androidx.biometric:biometric:1.1.0) with AarTransform
Transforming camera-video-1.3.1.aar (androidx.camera:camera-video:1.3.1) with JetifyTransform
Transforming camera-video-1.3.1.aar (androidx.camera:camera-video:1.3.1) with ExtractAarTransform
Transforming camera-video-1.3.1.aar (androidx.camera:camera-video:1.3.1) with AarTransform
Transforming camera-lifecycle-1.3.1.aar (androidx.camera:camera-lifecycle:1.3.1) with JetifyTransform
Transforming camera-lifecycle-1.3.1.aar (androidx.camera:camera-lifecycle:1.3.1) with ExtractAarTransform
Transforming camera-lifecycle-1.3.1.aar (androidx.camera:camera-lifecycle:1.3.1) with AarTransform
Transforming camera-camera2-1.3.1.aar (androidx.camera:camera-camera2:1.3.1) with JetifyTransform
Transforming camera-camera2-1.3.1.aar (androidx.camera:camera-camera2:1.3.1) with ExtractAarTransform
Transforming camera-camera2-1.3.1.aar (androidx.camera:camera-camera2:1.3.1) with AarTransform
Transforming camera-core-1.3.1.aar (androidx.camera:camera-core:1.3.1) with JetifyTransform
Transforming camera-core-1.3.1.aar (androidx.camera:camera-core:1.3.1) with ExtractAarTransform
Transforming camera-core-1.3.1.aar (androidx.camera:camera-core:1.3.1) with AarTransform
Transforming camera-view-1.3.1.aar (androidx.camera:camera-view:1.3.1) with JetifyTransform
Transforming camera-view-1.3.1.aar (androidx.camera:camera-view:1.3.1) with ExtractAarTransform
Transforming camera-view-1.3.1.aar (androidx.camera:camera-view:1.3.1) with AarTransform
Transforming coil-compose-2.5.0.aar (io.coil-kt:coil-compose:2.5.0) with JetifyTransform
Transforming coil-compose-2.5.0.aar (io.coil-kt:coil-compose:2.5.0) with ExtractAarTransform
Transforming coil-compose-2.5.0.aar (io.coil-kt:coil-compose:2.5.0) with AarTransform
Transforming coil-compose-base-2.5.0.aar (io.coil-kt:coil-compose-base:2.5.0) with JetifyTransform
Transforming coil-compose-base-2.5.0.aar (io.coil-kt:coil-compose-base:2.5.0) with ExtractAarTransform
Transforming coil-compose-base-2.5.0.aar (io.coil-kt:coil-compose-base:2.5.0) with AarTransform
Transforming coil-2.5.0.aar (io.coil-kt:coil:2.5.0) with JetifyTransform
Transforming coil-2.5.0.aar (io.coil-kt:coil:2.5.0) with ExtractAarTransform
Transforming coil-2.5.0.aar (io.coil-kt:coil:2.5.0) with AarTransform
Transforming coil-base-2.5.0.aar (io.coil-kt:coil-base:2.5.0) with JetifyTransform
Transforming coil-base-2.5.0.aar (io.coil-kt:coil-base:2.5.0) with ExtractAarTransform
Transforming coil-base-2.5.0.aar (io.coil-kt:coil-base:2.5.0) with AarTransform
Transforming appcompat-resources-1.6.1.aar (androidx.appcompat:appcompat-resources:1.6.1) with JetifyTransform
Transforming appcompat-resources-1.6.1.aar (androidx.appcompat:appcompat-resources:1.6.1) with ExtractAarTransform
Transforming appcompat-resources-1.6.1.aar (androidx.appcompat:appcompat-resources:1.6.1) with AarTransform
Transforming play-services-mlkit-barcode-scanning-18.3.1.aar (com.google.android.gms:play-services-mlkit-barcode-scanning:18.3.1) with JetifyTransform
Transforming play-services-mlkit-barcode-scanning-18.3.1.aar (com.google.android.gms:play-services-mlkit-barcode-scanning:18.3.1) with ExtractAarTransform
Transforming play-services-mlkit-barcode-scanning-18.3.1.aar (com.google.android.gms:play-services-mlkit-barcode-scanning:18.3.1) with AarTransform
Transforming barcode-scanning-common-17.0.0.aar (com.google.mlkit:barcode-scanning-common:17.0.0) with JetifyTransform
Transforming barcode-scanning-common-17.0.0.aar (com.google.mlkit:barcode-scanning-common:17.0.0) with ExtractAarTransform
Transforming barcode-scanning-common-17.0.0.aar (com.google.mlkit:barcode-scanning-common:17.0.0) with AarTransform
Transforming vision-common-17.3.0.aar (com.google.mlkit:vision-common:17.3.0) with JetifyTransform
Transforming vision-common-17.3.0.aar (com.google.mlkit:vision-common:17.3.0) with ExtractAarTransform
Transforming vision-common-17.3.0.aar (com.google.mlkit:vision-common:17.3.0) with AarTransform
Transforming vision-common-17.3.0.aar (com.google.mlkit:vision-common:17.3.0) with JetifyTransform
Transforming vision-common-17.3.0.aar (com.google.mlkit:vision-common:17.3.0) with ExtractAarTransform
Transforming vision-common-17.3.0.aar (com.google.mlkit:vision-common:17.3.0) with AarTransform
Transforming common-18.11.0.aar (com.google.mlkit:common:18.11.0) with JetifyTransform
Transforming common-18.11.0.aar (com.google.mlkit:common:18.11.0) with ExtractAarTransform
Transforming common-18.11.0.aar (com.google.mlkit:common:18.11.0) with AarTransform
Transforming common-18.11.0.aar (com.google.mlkit:common:18.11.0) with JetifyTransform
Transforming common-18.11.0.aar (com.google.mlkit:common:18.11.0) with ExtractAarTransform
Transforming common-18.11.0.aar (com.google.mlkit:common:18.11.0) with AarTransform
Transforming appcompat-1.6.1.aar (androidx.appcompat:appcompat:1.6.1) with JetifyTransform
Transforming appcompat-1.6.1.aar (androidx.appcompat:appcompat:1.6.1) with ExtractAarTransform
Transforming appcompat-1.6.1.aar (androidx.appcompat:appcompat:1.6.1) with AarTransform
Transforming appcompat-1.6.1.aar (androidx.appcompat:appcompat:1.6.1) with JetifyTransform
Transforming appcompat-1.6.1.aar (androidx.appcompat:appcompat:1.6.1) with ExtractAarTransform
Transforming appcompat-1.6.1.aar (androidx.appcompat:appcompat:1.6.1) with AarTransform
Transforming hilt-android-2.48.aar (com.google.dagger:hilt-android:2.48) with JetifyTransform
Transforming hilt-android-2.48.aar (com.google.dagger:hilt-android:2.48) with ExtractAarTransform
Transforming hilt-android-2.48.aar (com.google.dagger:hilt-android:2.48) with AarTransform
Transforming material3-release.aar (androidx.compose.material3:material3-android:1.2.0) with JetifyTransform
Transforming material3-release.aar (androidx.compose.material3:material3-android:1.2.0) with ExtractAarTransform
Transforming material3-release.aar (androidx.compose.material3:material3-android:1.2.0) with AarTransform
Transforming material-release.aar (androidx.compose.material:material-android:1.6.1) with JetifyTransform
Transforming material-release.aar (androidx.compose.material:material-android:1.6.1) with ExtractAarTransform
Transforming material-release.aar (androidx.compose.material:material-android:1.6.1) with AarTransform
Transforming material-icons-core-release.aar (androidx.compose.material:material-icons-core-android:1.6.1) with JetifyTransform
Transforming material-icons-core-release.aar (androidx.compose.material:material-icons-core-android:1.6.1) with ExtractAarTransform
Transforming material-icons-core-release.aar (androidx.compose.material:material-icons-core-android:1.6.1) with AarTransform
Transforming material-icons-extended-release.aar (androidx.compose.material:material-icons-extended-android:1.6.1) with JetifyTransform
Transforming material-icons-extended-release.aar (androidx.compose.material:material-icons-extended-android:1.6.1) with ExtractAarTransform
Transforming material-icons-extended-release.aar (androidx.compose.material:material-icons-extended-android:1.6.1) with AarTransform
Transforming material-ripple-release.aar (androidx.compose.material:material-ripple-android:1.6.1) with JetifyTransform
Transforming material-ripple-release.aar (androidx.compose.material:material-ripple-android:1.6.1) with ExtractAarTransform
Transforming material-ripple-release.aar (androidx.compose.material:material-ripple-android:1.6.1) with AarTransform
Transforming animation-core-release.aar (androidx.compose.animation:animation-core-android:1.6.1) with JetifyTransform
Transforming animation-core-release.aar (androidx.compose.animation:animation-core-android:1.6.1) with ExtractAarTransform
Transforming animation-core-release.aar (androidx.compose.animation:animation-core-android:1.6.1) with AarTransform
Transforming animation-release.aar (androidx.compose.animation:animation-android:1.6.1) with JetifyTransform
Transforming animation-release.aar (androidx.compose.animation:animation-android:1.6.1) with ExtractAarTransform
Transforming animation-release.aar (androidx.compose.animation:animation-android:1.6.1) with AarTransform
Transforming foundation-layout-release.aar (androidx.compose.foundation:foundation-layout-android:1.6.1) with JetifyTransform
Transforming foundation-layout-release.aar (androidx.compose.foundation:foundation-layout-android:1.6.1) with ExtractAarTransform
Transforming foundation-layout-release.aar (androidx.compose.foundation:foundation-layout-android:1.6.1) with AarTransform
Transforming foundation-release.aar (androidx.compose.foundation:foundation-android:1.6.1) with JetifyTransform
Transforming foundation-release.aar (androidx.compose.foundation:foundation-android:1.6.1) with ExtractAarTransform
Transforming foundation-release.aar (androidx.compose.foundation:foundation-android:1.6.1) with AarTransform
Transforming ui-tooling-data-release.aar (androidx.compose.ui:ui-tooling-data-android:1.6.1) with JetifyTransform
Transforming ui-tooling-data-release.aar (androidx.compose.ui:ui-tooling-data-android:1.6.1) with ExtractAarTransform
Transforming ui-tooling-data-release.aar (androidx.compose.ui:ui-tooling-data-android:1.6.1) with AarTransform
Transforming ui-unit-release.aar (androidx.compose.ui:ui-unit-android:1.6.1) with JetifyTransform
Transforming ui-unit-release.aar (androidx.compose.ui:ui-unit-android:1.6.1) with ExtractAarTransform
Transforming ui-unit-release.aar (androidx.compose.ui:ui-unit-android:1.6.1) with AarTransform
Transforming ui-geometry-release.aar (androidx.compose.ui:ui-geometry-android:1.6.1) with JetifyTransform
Transforming ui-geometry-release.aar (androidx.compose.ui:ui-geometry-android:1.6.1) with ExtractAarTransform
Transforming ui-geometry-release.aar (androidx.compose.ui:ui-geometry-android:1.6.1) with AarTransform
Transforming ui-util-release.aar (androidx.compose.ui:ui-util-android:1.6.1) with JetifyTransform
Transforming ui-util-release.aar (androidx.compose.ui:ui-util-android:1.6.1) with ExtractAarTransform
Transforming ui-util-release.aar (androidx.compose.ui:ui-util-android:1.6.1) with AarTransform
Transforming ui-text-release.aar (androidx.compose.ui:ui-text-android:1.6.1) with JetifyTransform
Transforming ui-text-release.aar (androidx.compose.ui:ui-text-android:1.6.1) with ExtractAarTransform
Transforming ui-text-release.aar (androidx.compose.ui:ui-text-android:1.6.1) with AarTransform
Transforming ui-tooling-preview-release.aar (androidx.compose.ui:ui-tooling-preview-android:1.6.1) with JetifyTransform
Transforming ui-tooling-preview-release.aar (androidx.compose.ui:ui-tooling-preview-android:1.6.1) with ExtractAarTransform
Transforming ui-tooling-preview-release.aar (androidx.compose.ui:ui-tooling-preview-android:1.6.1) with AarTransform
Transforming ui-graphics-release.aar (androidx.compose.ui:ui-graphics-android:1.6.1) with JetifyTransform
Transforming ui-graphics-release.aar (androidx.compose.ui:ui-graphics-android:1.6.1) with ExtractAarTransform
Transforming ui-graphics-release.aar (androidx.compose.ui:ui-graphics-android:1.6.1) with AarTransform
Transforming ui-tooling-release.aar (androidx.compose.ui:ui-tooling-android:1.6.1) with JetifyTransform
Transforming ui-tooling-release.aar (androidx.compose.ui:ui-tooling-android:1.6.1) with ExtractAarTransform
Transforming ui-tooling-release.aar (androidx.compose.ui:ui-tooling-android:1.6.1) with AarTransform
Transforming play-services-auth-21.0.0.aar (com.google.android.gms:play-services-auth:21.0.0) with JetifyTransform
Transforming play-services-auth-21.0.0.aar (com.google.android.gms:play-services-auth:21.0.0) with ExtractAarTransform
Transforming play-services-auth-21.0.0.aar (com.google.android.gms:play-services-auth:21.0.0) with AarTransform
Transforming viewpager2-1.0.0.aar (androidx.viewpager2:viewpager2:1.0.0) with JetifyTransform
Transforming viewpager2-1.0.0.aar (androidx.viewpager2:viewpager2:1.0.0) with ExtractAarTransform
Transforming viewpager2-1.0.0.aar (androidx.viewpager2:viewpager2:1.0.0) with AarTransform
Transforming firebase-auth-22.3.1.aar (com.google.firebase:firebase-auth:22.3.1) with JetifyTransform
Transforming firebase-auth-22.3.1.aar (com.google.firebase:firebase-auth:22.3.1) with ExtractAarTransform
Transforming firebase-auth-22.3.1.aar (com.google.firebase:firebase-auth:22.3.1) with AarTransform
Transforming play-services-auth-api-phone-18.0.2.aar (com.google.android.gms:play-services-auth-api-phone:18.0.2) with JetifyTransform
Transforming play-services-auth-api-phone-18.0.2.aar (com.google.android.gms:play-services-auth-api-phone:18.0.2) with ExtractAarTransform
Transforming play-services-auth-api-phone-18.0.2.aar (com.google.android.gms:play-services-auth-api-phone:18.0.2) with AarTransform
Transforming play-services-auth-api-phone-18.0.2.aar (com.google.android.gms:play-services-auth-api-phone:18.0.2) with JetifyTransform
Transforming play-services-auth-api-phone-18.0.2.aar (com.google.android.gms:play-services-auth-api-phone:18.0.2) with ExtractAarTransform
Transforming play-services-auth-api-phone-18.0.2.aar (com.google.android.gms:play-services-auth-api-phone:18.0.2) with AarTransform
Transforming play-services-auth-base-18.0.10.aar (com.google.android.gms:play-services-auth-base:18.0.10) with JetifyTransform
Transforming play-services-auth-base-18.0.10.aar (com.google.android.gms:play-services-auth-base:18.0.10) with ExtractAarTransform
Transforming play-services-auth-base-18.0.10.aar (com.google.android.gms:play-services-auth-base:18.0.10) with AarTransform
Transforming play-services-fido-20.0.1.aar (com.google.android.gms:play-services-fido:20.0.1) with JetifyTransform
Transforming play-services-fido-20.0.1.aar (com.google.android.gms:play-services-fido:20.0.1) with ExtractAarTransform
Transforming play-services-fido-20.0.1.aar (com.google.android.gms:play-services-fido:20.0.1) with AarTransform
Transforming firebase-appcheck-interop-17.0.0.aar (com.google.firebase:firebase-appcheck-interop:17.0.0) with JetifyTransform
Transforming firebase-appcheck-interop-17.0.0.aar (com.google.firebase:firebase-appcheck-interop:17.0.0) with ExtractAarTransform
Transforming firebase-appcheck-interop-17.0.0.aar (com.google.firebase:firebase-appcheck-interop:17.0.0) with AarTransform
Transforming play-services-base-18.5.0.aar (com.google.android.gms:play-services-base:18.5.0) with JetifyTransform
Transforming play-services-base-18.5.0.aar (com.google.android.gms:play-services-base:18.5.0) with ExtractAarTransform
Transforming play-services-base-18.5.0.aar (com.google.android.gms:play-services-base:18.5.0) with AarTransform
Transforming play-services-base-18.5.0.aar (com.google.android.gms:play-services-base:18.5.0) with JetifyTransform
Transforming play-services-base-18.5.0.aar (com.google.android.gms:play-services-base:18.5.0) with ExtractAarTransform
Transforming play-services-base-18.5.0.aar (com.google.android.gms:play-services-base:18.5.0) with AarTransform
Transforming play-services-base-18.5.0.aar (com.google.android.gms:play-services-base:18.5.0) with JetifyTransform
Transforming play-services-base-18.5.0.aar (com.google.android.gms:play-services-base:18.5.0) with ExtractAarTransform
Transforming play-services-base-18.5.0.aar (com.google.android.gms:play-services-base:18.5.0) with AarTransform
Transforming play-services-base-18.5.0.aar (com.google.android.gms:play-services-base:18.5.0) with JetifyTransform
Transforming play-services-base-18.5.0.aar (com.google.android.gms:play-services-base:18.5.0) with ExtractAarTransform
Transforming play-services-base-18.5.0.aar (com.google.android.gms:play-services-base:18.5.0) with AarTransform
Transforming play-services-base-18.5.0.aar (com.google.android.gms:play-services-base:18.5.0) with JetifyTransform
Transforming play-services-base-18.5.0.aar (com.google.android.gms:play-services-base:18.5.0) with ExtractAarTransform
Transforming play-services-base-18.5.0.aar (com.google.android.gms:play-services-base:18.5.0) with AarTransform
Transforming play-services-base-18.5.0.aar (com.google.android.gms:play-services-base:18.5.0) with JetifyTransform
Transforming play-services-base-18.5.0.aar (com.google.android.gms:play-services-base:18.5.0) with ExtractAarTransform
Transforming play-services-base-18.5.0.aar (com.google.android.gms:play-services-base:18.5.0) with AarTransform
Transforming play-services-base-18.5.0.aar (com.google.android.gms:play-services-base:18.5.0) with JetifyTransform
Transforming play-services-base-18.5.0.aar (com.google.android.gms:play-services-base:18.5.0) with ExtractAarTransform
Transforming play-services-base-18.5.0.aar (com.google.android.gms:play-services-base:18.5.0) with AarTransform
Transforming play-services-base-18.5.0.aar (com.google.android.gms:play-services-base:18.5.0) with JetifyTransform
Transforming play-services-base-18.5.0.aar (com.google.android.gms:play-services-base:18.5.0) with ExtractAarTransform
Transforming play-services-base-18.5.0.aar (com.google.android.gms:play-services-base:18.5.0) with AarTransform
Transforming vision-interfaces-16.3.0.aar (com.google.mlkit:vision-interfaces:16.3.0) with JetifyTransform
Transforming vision-interfaces-16.3.0.aar (com.google.mlkit:vision-interfaces:16.3.0) with ExtractAarTransform
Transforming vision-interfaces-16.3.0.aar (com.google.mlkit:vision-interfaces:16.3.0) with AarTransform
Transforming recaptcha-18.4.0.aar (com.google.android.recaptcha:recaptcha:18.4.0) with JetifyTransform
Transforming recaptcha-18.4.0.aar (com.google.android.recaptcha:recaptcha:18.4.0) with ExtractAarTransform
Transforming recaptcha-18.4.0.aar (com.google.android.recaptcha:recaptcha:18.4.0) with AarTransform
Transforming integrity-1.2.0.aar (com.google.android.play:integrity:1.2.0) with JetifyTransform
Transforming integrity-1.2.0.aar (com.google.android.play:integrity:1.2.0) with ExtractAarTransform
Transforming integrity-1.2.0.aar (com.google.android.play:integrity:1.2.0) with AarTransform
Transforming integrity-1.2.0.aar (com.google.android.play:integrity:1.2.0) with JetifyTransform
Transforming integrity-1.2.0.aar (com.google.android.play:integrity:1.2.0) with ExtractAarTransform
Transforming integrity-1.2.0.aar (com.google.android.play:integrity:1.2.0) with AarTransform
Transforming firebase-auth-interop-20.0.0.aar (com.google.firebase:firebase-auth-interop:20.0.0) with JetifyTransform
Transforming firebase-auth-interop-20.0.0.aar (com.google.firebase:firebase-auth-interop:20.0.0) with ExtractAarTransform
Transforming firebase-auth-interop-20.0.0.aar (com.google.firebase:firebase-auth-interop:20.0.0) with AarTransform
Transforming firebase-common-ktx-20.4.2.aar (com.google.firebase:firebase-common-ktx:20.4.2) with JetifyTransform
Transforming firebase-common-ktx-20.4.2.aar (com.google.firebase:firebase-common-ktx:20.4.2) with ExtractAarTransform
Transforming firebase-common-ktx-20.4.2.aar (com.google.firebase:firebase-common-ktx:20.4.2) with AarTransform
Transforming firebase-common-20.4.2.aar (com.google.firebase:firebase-common:20.4.2) with JetifyTransform
Transforming firebase-common-20.4.2.aar (com.google.firebase:firebase-common:20.4.2) with ExtractAarTransform
Transforming firebase-common-20.4.2.aar (com.google.firebase:firebase-common:20.4.2) with AarTransform
Transforming firebase-common-20.4.2.aar (com.google.firebase:firebase-common:20.4.2) with JetifyTransform
Transforming firebase-common-20.4.2.aar (com.google.firebase:firebase-common:20.4.2) with ExtractAarTransform
Transforming firebase-common-20.4.2.aar (com.google.firebase:firebase-common:20.4.2) with AarTransform
Transforming firebase-common-20.4.2.aar (com.google.firebase:firebase-common:20.4.2) with JetifyTransform
Transforming firebase-common-20.4.2.aar (com.google.firebase:firebase-common:20.4.2) with ExtractAarTransform
Transforming firebase-common-20.4.2.aar (com.google.firebase:firebase-common:20.4.2) with AarTransform
Transforming room-runtime-2.6.1.aar (androidx.room:room-runtime:2.6.1) with JetifyTransform
Transforming room-runtime-2.6.1.aar (androidx.room:room-runtime:2.6.1) with ExtractAarTransform
Transforming room-runtime-2.6.1.aar (androidx.room:room-runtime:2.6.1) with AarTransform
Transforming room-ktx-2.6.1.aar (androidx.room:room-ktx:2.6.1) with JetifyTransform
Transforming room-ktx-2.6.1.aar (androidx.room:room-ktx:2.6.1) with ExtractAarTransform
Transforming room-ktx-2.6.1.aar (androidx.room:room-ktx:2.6.1) with AarTransform
Transforming runtime-saveable-release.aar (androidx.compose.runtime:runtime-saveable-android:1.6.1) with JetifyTransform
Transforming runtime-saveable-release.aar (androidx.compose.runtime:runtime-saveable-android:1.6.1) with ExtractAarTransform
Transforming runtime-saveable-release.aar (androidx.compose.runtime:runtime-saveable-android:1.6.1) with AarTransform
Transforming runtime-release.aar (androidx.compose.runtime:runtime-android:1.6.1) with JetifyTransform
Transforming runtime-release.aar (androidx.compose.runtime:runtime-android:1.6.1) with ExtractAarTransform
Transforming runtime-release.aar (androidx.compose.runtime:runtime-android:1.6.1) with AarTransform
Transforming accompanist-drawablepainter-0.32.0.aar (com.google.accompanist:accompanist-drawablepainter:0.32.0) with JetifyTransform
Transforming accompanist-drawablepainter-0.32.0.aar (com.google.accompanist:accompanist-drawablepainter:0.32.0) with ExtractAarTransform
Transforming accompanist-drawablepainter-0.32.0.aar (com.google.accompanist:accompanist-drawablepainter:0.32.0) with AarTransform
Transforming slidingpanelayout-1.2.0.aar (androidx.slidingpanelayout:slidingpanelayout:1.2.0) with JetifyTransform
Transforming slidingpanelayout-1.2.0.aar (androidx.slidingpanelayout:slidingpanelayout:1.2.0) with ExtractAarTransform
Transforming slidingpanelayout-1.2.0.aar (androidx.slidingpanelayout:slidingpanelayout:1.2.0) with AarTransform
Transforming window-1.0.0.aar (androidx.window:window:1.0.0) with JetifyTransform
Transforming window-1.0.0.aar (androidx.window:window:1.0.0) with ExtractAarTransform
Transforming window-1.0.0.aar (androidx.window:window:1.0.0) with AarTransform
Transforming dynamicanimation-1.0.0.aar (androidx.dynamicanimation:dynamicanimation:1.0.0) with JetifyTransform
Transforming dynamicanimation-1.0.0.aar (androidx.dynamicanimation:dynamicanimation:1.0.0) with ExtractAarTransform
Transforming dynamicanimation-1.0.0.aar (androidx.dynamicanimation:dynamicanimation:1.0.0) with AarTransform
Transforming legacy-support-core-utils-1.0.0.aar (androidx.legacy:legacy-support-core-utils:1.0.0) with JetifyTransform
Transforming legacy-support-core-utils-1.0.0.aar (androidx.legacy:legacy-support-core-utils:1.0.0) with ExtractAarTransform
Transforming legacy-support-core-utils-1.0.0.aar (androidx.legacy:legacy-support-core-utils:1.0.0) with AarTransform
Transforming loader-1.1.0.aar (androidx.loader:loader:1.1.0) with JetifyTransform
Transforming loader-1.1.0.aar (androidx.loader:loader:1.1.0) with ExtractAarTransform
Transforming loader-1.1.0.aar (androidx.loader:loader:1.1.0) with AarTransform
Transforming loader-1.1.0.aar (androidx.loader:loader:1.1.0) with JetifyTransform
Transforming loader-1.1.0.aar (androidx.loader:loader:1.1.0) with ExtractAarTransform
Transforming loader-1.1.0.aar (androidx.loader:loader:1.1.0) with AarTransform
Transforming loader-1.1.0.aar (androidx.loader:loader:1.1.0) with JetifyTransform
Transforming loader-1.1.0.aar (androidx.loader:loader:1.1.0) with ExtractAarTransform
Transforming loader-1.1.0.aar (androidx.loader:loader:1.1.0) with AarTransform
Transforming emoji2-views-helper-1.3.0.aar (androidx.emoji2:emoji2-views-helper:1.3.0) with JetifyTransform
Transforming emoji2-views-helper-1.3.0.aar (androidx.emoji2:emoji2-views-helper:1.3.0) with ExtractAarTransform
Transforming emoji2-views-helper-1.3.0.aar (androidx.emoji2:emoji2-views-helper:1.3.0) with AarTransform
Transforming emoji2-1.3.0.aar (androidx.emoji2:emoji2:1.3.0) with JetifyTransform
Transforming emoji2-1.3.0.aar (androidx.emoji2:emoji2:1.3.0) with ExtractAarTransform
Transforming emoji2-1.3.0.aar (androidx.emoji2:emoji2:1.3.0) with AarTransform
Transforming lifecycle-process-2.7.0.aar (androidx.lifecycle:lifecycle-process:2.7.0) with JetifyTransform
Transforming lifecycle-process-2.7.0.aar (androidx.lifecycle:lifecycle-process:2.7.0) with ExtractAarTransform
Transforming lifecycle-process-2.7.0.aar (androidx.lifecycle:lifecycle-process:2.7.0) with AarTransform
Transforming lifecycle-livedata-core-2.7.0.aar (androidx.lifecycle:lifecycle-livedata-core:2.7.0) with JetifyTransform
Transforming lifecycle-livedata-core-2.7.0.aar (androidx.lifecycle:lifecycle-livedata-core:2.7.0) with ExtractAarTransform
Transforming lifecycle-livedata-core-2.7.0.aar (androidx.lifecycle:lifecycle-livedata-core:2.7.0) with AarTransform
Transforming lifecycle-livedata-core-2.7.0.aar (androidx.lifecycle:lifecycle-livedata-core:2.7.0) with JetifyTransform
Transforming lifecycle-livedata-core-2.7.0.aar (androidx.lifecycle:lifecycle-livedata-core:2.7.0) with ExtractAarTransform
Transforming lifecycle-livedata-core-2.7.0.aar (androidx.lifecycle:lifecycle-livedata-core:2.7.0) with AarTransform
Transforming lifecycle-livedata-core-ktx-2.7.0.aar (androidx.lifecycle:lifecycle-livedata-core-ktx:2.7.0) with JetifyTransform
Transforming lifecycle-livedata-core-ktx-2.7.0.aar (androidx.lifecycle:lifecycle-livedata-core-ktx:2.7.0) with ExtractAarTransform
Transforming lifecycle-livedata-core-ktx-2.7.0.aar (androidx.lifecycle:lifecycle-livedata-core-ktx:2.7.0) with AarTransform
Transforming lifecycle-livedata-2.7.0.aar (androidx.lifecycle:lifecycle-livedata:2.7.0) with JetifyTransform
Transforming lifecycle-livedata-2.7.0.aar (androidx.lifecycle:lifecycle-livedata:2.7.0) with ExtractAarTransform
Transforming lifecycle-livedata-2.7.0.aar (androidx.lifecycle:lifecycle-livedata:2.7.0) with AarTransform
Transforming googleid-1.1.0.aar (com.google.android.libraries.identity.googleid:googleid:1.1.0) with JetifyTransform
Transforming googleid-1.1.0.aar (com.google.android.libraries.identity.googleid:googleid:1.1.0) with ExtractAarTransform
Transforming googleid-1.1.0.aar (com.google.android.libraries.identity.googleid:googleid:1.1.0) with AarTransform
Transforming credentials-1.0.0-alpha04.aar (androidx.credentials:credentials:1.0.0-alpha04) with JetifyTransform
Transforming credentials-1.0.0-alpha04.aar (androidx.credentials:credentials:1.0.0-alpha04) with ExtractAarTransform
Transforming credentials-1.0.0-alpha04.aar (androidx.credentials:credentials:1.0.0-alpha04) with AarTransform
Transforming play-services-tasks-18.2.0.aar (com.google.android.gms:play-services-tasks:18.2.0) with JetifyTransform
Transforming play-services-tasks-18.2.0.aar (com.google.android.gms:play-services-tasks:18.2.0) with ExtractAarTransform
Transforming play-services-tasks-18.2.0.aar (com.google.android.gms:play-services-tasks:18.2.0) with AarTransform
Transforming play-services-tasks-18.2.0.aar (com.google.android.gms:play-services-tasks:18.2.0) with JetifyTransform
Transforming play-services-tasks-18.2.0.aar (com.google.android.gms:play-services-tasks:18.2.0) with ExtractAarTransform
Transforming play-services-tasks-18.2.0.aar (com.google.android.gms:play-services-tasks:18.2.0) with AarTransform
Transforming play-services-tasks-18.2.0.aar (com.google.android.gms:play-services-tasks:18.2.0) with JetifyTransform
Transforming play-services-tasks-18.2.0.aar (com.google.android.gms:play-services-tasks:18.2.0) with ExtractAarTransform
Transforming play-services-tasks-18.2.0.aar (com.google.android.gms:play-services-tasks:18.2.0) with AarTransform
Transforming play-services-tasks-18.2.0.aar (com.google.android.gms:play-services-tasks:18.2.0) with JetifyTransform
Transforming play-services-tasks-18.2.0.aar (com.google.android.gms:play-services-tasks:18.2.0) with ExtractAarTransform
Transforming play-services-tasks-18.2.0.aar (com.google.android.gms:play-services-tasks:18.2.0) with AarTransform
Transforming play-services-tasks-18.2.0.aar (com.google.android.gms:play-services-tasks:18.2.0) with JetifyTransform
Transforming play-services-tasks-18.2.0.aar (com.google.android.gms:play-services-tasks:18.2.0) with ExtractAarTransform
Transforming play-services-tasks-18.2.0.aar (com.google.android.gms:play-services-tasks:18.2.0) with AarTransform
Transforming play-services-tasks-18.2.0.aar (com.google.android.gms:play-services-tasks:18.2.0) with JetifyTransform
Transforming play-services-tasks-18.2.0.aar (com.google.android.gms:play-services-tasks:18.2.0) with ExtractAarTransform
Transforming play-services-tasks-18.2.0.aar (com.google.android.gms:play-services-tasks:18.2.0) with AarTransform
Transforming play-services-tasks-18.2.0.aar (com.google.android.gms:play-services-tasks:18.2.0) with JetifyTransform
Transforming play-services-tasks-18.2.0.aar (com.google.android.gms:play-services-tasks:18.2.0) with ExtractAarTransform
Transforming play-services-tasks-18.2.0.aar (com.google.android.gms:play-services-tasks:18.2.0) with AarTransform
Transforming play-services-tasks-18.2.0.aar (com.google.android.gms:play-services-tasks:18.2.0) with JetifyTransform
Transforming play-services-tasks-18.2.0.aar (com.google.android.gms:play-services-tasks:18.2.0) with ExtractAarTransform
Transforming play-services-tasks-18.2.0.aar (com.google.android.gms:play-services-tasks:18.2.0) with AarTransform
Transforming play-services-tasks-18.2.0.aar (com.google.android.gms:play-services-tasks:18.2.0) with JetifyTransform
Transforming play-services-tasks-18.2.0.aar (com.google.android.gms:play-services-tasks:18.2.0) with ExtractAarTransform
Transforming play-services-tasks-18.2.0.aar (com.google.android.gms:play-services-tasks:18.2.0) with AarTransform
Transforming play-services-tasks-18.2.0.aar (com.google.android.gms:play-services-tasks:18.2.0) with JetifyTransform
Transforming play-services-tasks-18.2.0.aar (com.google.android.gms:play-services-tasks:18.2.0) with ExtractAarTransform
Transforming play-services-tasks-18.2.0.aar (com.google.android.gms:play-services-tasks:18.2.0) with AarTransform
Transforming play-services-tasks-18.2.0.aar (com.google.android.gms:play-services-tasks:18.2.0) with JetifyTransform
Transforming play-services-tasks-18.2.0.aar (com.google.android.gms:play-services-tasks:18.2.0) with ExtractAarTransform
Transforming play-services-tasks-18.2.0.aar (com.google.android.gms:play-services-tasks:18.2.0) with AarTransform
Transforming play-services-tasks-18.2.0.aar (com.google.android.gms:play-services-tasks:18.2.0) with JetifyTransform
Transforming play-services-tasks-18.2.0.aar (com.google.android.gms:play-services-tasks:18.2.0) with ExtractAarTransform
Transforming play-services-tasks-18.2.0.aar (com.google.android.gms:play-services-tasks:18.2.0) with AarTransform
Transforming play-services-tasks-18.2.0.aar (com.google.android.gms:play-services-tasks:18.2.0) with JetifyTransform
Transforming play-services-tasks-18.2.0.aar (com.google.android.gms:play-services-tasks:18.2.0) with ExtractAarTransform
Transforming play-services-tasks-18.2.0.aar (com.google.android.gms:play-services-tasks:18.2.0) with AarTransform
Transforming play-services-tasks-18.2.0.aar (com.google.android.gms:play-services-tasks:18.2.0) with JetifyTransform
Transforming play-services-tasks-18.2.0.aar (com.google.android.gms:play-services-tasks:18.2.0) with ExtractAarTransform
Transforming play-services-tasks-18.2.0.aar (com.google.android.gms:play-services-tasks:18.2.0) with AarTransform
Transforming play-services-tasks-18.2.0.aar (com.google.android.gms:play-services-tasks:18.2.0) with JetifyTransform
Transforming play-services-tasks-18.2.0.aar (com.google.android.gms:play-services-tasks:18.2.0) with ExtractAarTransform
Transforming play-services-tasks-18.2.0.aar (com.google.android.gms:play-services-tasks:18.2.0) with AarTransform
Transforming play-services-tasks-18.2.0.aar (com.google.android.gms:play-services-tasks:18.2.0) with JetifyTransform
Transforming play-services-tasks-18.2.0.aar (com.google.android.gms:play-services-tasks:18.2.0) with ExtractAarTransform
Transforming play-services-tasks-18.2.0.aar (com.google.android.gms:play-services-tasks:18.2.0) with AarTransform
Transforming play-services-basement-18.4.0.aar (com.google.android.gms:play-services-basement:18.4.0) with JetifyTransform
Transforming play-services-basement-18.4.0.aar (com.google.android.gms:play-services-basement:18.4.0) with ExtractAarTransform
Transforming play-services-basement-18.4.0.aar (com.google.android.gms:play-services-basement:18.4.0) with AarTransform
Transforming play-services-basement-18.4.0.aar (com.google.android.gms:play-services-basement:18.4.0) with JetifyTransform
Transforming play-services-basement-18.4.0.aar (com.google.android.gms:play-services-basement:18.4.0) with ExtractAarTransform
Transforming play-services-basement-18.4.0.aar (com.google.android.gms:play-services-basement:18.4.0) with AarTransform
Transforming play-services-basement-18.4.0.aar (com.google.android.gms:play-services-basement:18.4.0) with JetifyTransform
Transforming play-services-basement-18.4.0.aar (com.google.android.gms:play-services-basement:18.4.0) with ExtractAarTransform
Transforming play-services-basement-18.4.0.aar (com.google.android.gms:play-services-basement:18.4.0) with AarTransform
Transforming play-services-basement-18.4.0.aar (com.google.android.gms:play-services-basement:18.4.0) with JetifyTransform
Transforming play-services-basement-18.4.0.aar (com.google.android.gms:play-services-basement:18.4.0) with ExtractAarTransform
Transforming play-services-basement-18.4.0.aar (com.google.android.gms:play-services-basement:18.4.0) with AarTransform
Transforming play-services-basement-18.4.0.aar (com.google.android.gms:play-services-basement:18.4.0) with JetifyTransform
Transforming play-services-basement-18.4.0.aar (com.google.android.gms:play-services-basement:18.4.0) with ExtractAarTransform
Transforming play-services-basement-18.4.0.aar (com.google.android.gms:play-services-basement:18.4.0) with AarTransform
Transforming play-services-basement-18.4.0.aar (com.google.android.gms:play-services-basement:18.4.0) with JetifyTransform
Transforming play-services-basement-18.4.0.aar (com.google.android.gms:play-services-basement:18.4.0) with ExtractAarTransform
Transforming play-services-basement-18.4.0.aar (com.google.android.gms:play-services-basement:18.4.0) with AarTransform
Transforming play-services-basement-18.4.0.aar (com.google.android.gms:play-services-basement:18.4.0) with JetifyTransform
Transforming play-services-basement-18.4.0.aar (com.google.android.gms:play-services-basement:18.4.0) with ExtractAarTransform
Transforming play-services-basement-18.4.0.aar (com.google.android.gms:play-services-basement:18.4.0) with AarTransform
Transforming play-services-basement-18.4.0.aar (com.google.android.gms:play-services-basement:18.4.0) with JetifyTransform
Transforming play-services-basement-18.4.0.aar (com.google.android.gms:play-services-basement:18.4.0) with ExtractAarTransform
Transforming play-services-basement-18.4.0.aar (com.google.android.gms:play-services-basement:18.4.0) with AarTransform
Transforming play-services-basement-18.4.0.aar (com.google.android.gms:play-services-basement:18.4.0) with JetifyTransform
Transforming play-services-basement-18.4.0.aar (com.google.android.gms:play-services-basement:18.4.0) with ExtractAarTransform
Transforming play-services-basement-18.4.0.aar (com.google.android.gms:play-services-basement:18.4.0) with AarTransform
Transforming play-services-basement-18.4.0.aar (com.google.android.gms:play-services-basement:18.4.0) with JetifyTransform
Transforming play-services-basement-18.4.0.aar (com.google.android.gms:play-services-basement:18.4.0) with ExtractAarTransform
Transforming play-services-basement-18.4.0.aar (com.google.android.gms:play-services-basement:18.4.0) with AarTransform
Transforming play-services-basement-18.4.0.aar (com.google.android.gms:play-services-basement:18.4.0) with JetifyTransform
Transforming play-services-basement-18.4.0.aar (com.google.android.gms:play-services-basement:18.4.0) with ExtractAarTransform
Transforming play-services-basement-18.4.0.aar (com.google.android.gms:play-services-basement:18.4.0) with AarTransform
Transforming play-services-basement-18.4.0.aar (com.google.android.gms:play-services-basement:18.4.0) with JetifyTransform
Transforming play-services-basement-18.4.0.aar (com.google.android.gms:play-services-basement:18.4.0) with ExtractAarTransform
Transforming play-services-basement-18.4.0.aar (com.google.android.gms:play-services-basement:18.4.0) with AarTransform
Transforming play-services-basement-18.4.0.aar (com.google.android.gms:play-services-basement:18.4.0) with JetifyTransform
Transforming play-services-basement-18.4.0.aar (com.google.android.gms:play-services-basement:18.4.0) with ExtractAarTransform
Transforming play-services-basement-18.4.0.aar (com.google.android.gms:play-services-basement:18.4.0) with AarTransform
Transforming play-services-basement-18.4.0.aar (com.google.android.gms:play-services-basement:18.4.0) with JetifyTransform
Transforming play-services-basement-18.4.0.aar (com.google.android.gms:play-services-basement:18.4.0) with ExtractAarTransform
Transforming play-services-basement-18.4.0.aar (com.google.android.gms:play-services-basement:18.4.0) with AarTransform
Transforming play-services-basement-18.4.0.aar (com.google.android.gms:play-services-basement:18.4.0) with JetifyTransform
Transforming play-services-basement-18.4.0.aar (com.google.android.gms:play-services-basement:18.4.0) with ExtractAarTransform
Transforming play-services-basement-18.4.0.aar (com.google.android.gms:play-services-basement:18.4.0) with AarTransform
Transforming play-services-basement-18.4.0.aar (com.google.android.gms:play-services-basement:18.4.0) with JetifyTransform
Transforming play-services-basement-18.4.0.aar (com.google.android.gms:play-services-basement:18.4.0) with ExtractAarTransform
Transforming play-services-basement-18.4.0.aar (com.google.android.gms:play-services-basement:18.4.0) with AarTransform
Transforming fragment-1.6.2.aar (androidx.fragment:fragment:1.6.2) with JetifyTransform
Transforming fragment-1.6.2.aar (androidx.fragment:fragment:1.6.2) with ExtractAarTransform
Transforming fragment-1.6.2.aar (androidx.fragment:fragment:1.6.2) with AarTransform
Transforming fragment-1.6.2.aar (androidx.fragment:fragment:1.6.2) with JetifyTransform
Transforming fragment-1.6.2.aar (androidx.fragment:fragment:1.6.2) with ExtractAarTransform
Transforming fragment-1.6.2.aar (androidx.fragment:fragment:1.6.2) with AarTransform
Transforming fragment-1.6.2.aar (androidx.fragment:fragment:1.6.2) with JetifyTransform
Transforming fragment-1.6.2.aar (androidx.fragment:fragment:1.6.2) with ExtractAarTransform
Transforming fragment-1.6.2.aar (androidx.fragment:fragment:1.6.2) with AarTransform
Transforming fragment-1.6.2.aar (androidx.fragment:fragment:1.6.2) with JetifyTransform
Transforming fragment-1.6.2.aar (androidx.fragment:fragment:1.6.2) with ExtractAarTransform
Transforming fragment-1.6.2.aar (androidx.fragment:fragment:1.6.2) with AarTransform
Transforming fragment-1.6.2.aar (androidx.fragment:fragment:1.6.2) with JetifyTransform
Transforming fragment-1.6.2.aar (androidx.fragment:fragment:1.6.2) with ExtractAarTransform
Transforming fragment-1.6.2.aar (androidx.fragment:fragment:1.6.2) with AarTransform
Transforming fragment-1.6.2.aar (androidx.fragment:fragment:1.6.2) with JetifyTransform
Transforming fragment-1.6.2.aar (androidx.fragment:fragment:1.6.2) with ExtractAarTransform
Transforming fragment-1.6.2.aar (androidx.fragment:fragment:1.6.2) with AarTransform
Transforming fragment-ktx-1.6.2.aar (androidx.fragment:fragment-ktx:1.6.2) with JetifyTransform
Transforming fragment-ktx-1.6.2.aar (androidx.fragment:fragment-ktx:1.6.2) with ExtractAarTransform
Transforming fragment-ktx-1.6.2.aar (androidx.fragment:fragment-ktx:1.6.2) with AarTransform
Transforming savedstate-ktx-1.2.1.aar (androidx.savedstate:savedstate-ktx:1.2.1) with JetifyTransform
Transforming savedstate-ktx-1.2.1.aar (androidx.savedstate:savedstate-ktx:1.2.1) with ExtractAarTransform
Transforming savedstate-ktx-1.2.1.aar (androidx.savedstate:savedstate-ktx:1.2.1) with AarTransform
Transforming savedstate-1.2.1.aar (androidx.savedstate:savedstate:1.2.1) with JetifyTransform
Transforming savedstate-1.2.1.aar (androidx.savedstate:savedstate:1.2.1) with ExtractAarTransform
Transforming savedstate-1.2.1.aar (androidx.savedstate:savedstate:1.2.1) with AarTransform
Transforming lifecycle-runtime-ktx-2.7.0.aar (androidx.lifecycle:lifecycle-runtime-ktx:2.7.0) with JetifyTransform
Transforming lifecycle-runtime-ktx-2.7.0.aar (androidx.lifecycle:lifecycle-runtime-ktx:2.7.0) with ExtractAarTransform
Transforming lifecycle-runtime-ktx-2.7.0.aar (androidx.lifecycle:lifecycle-runtime-ktx:2.7.0) with AarTransform
Transforming lifecycle-viewmodel-savedstate-2.7.0.aar (androidx.lifecycle:lifecycle-viewmodel-savedstate:2.7.0) with JetifyTransform
Transforming lifecycle-viewmodel-savedstate-2.7.0.aar (androidx.lifecycle:lifecycle-viewmodel-savedstate:2.7.0) with ExtractAarTransform
Transforming lifecycle-viewmodel-savedstate-2.7.0.aar (androidx.lifecycle:lifecycle-viewmodel-savedstate:2.7.0) with AarTransform
Transforming lifecycle-viewmodel-compose-2.7.0.aar (androidx.lifecycle:lifecycle-viewmodel-compose:2.7.0) with JetifyTransform
Transforming lifecycle-viewmodel-compose-2.7.0.aar (androidx.lifecycle:lifecycle-viewmodel-compose:2.7.0) with ExtractAarTransform
Transforming lifecycle-viewmodel-compose-2.7.0.aar (androidx.lifecycle:lifecycle-viewmodel-compose:2.7.0) with AarTransform
Transforming lifecycle-viewmodel-2.7.0.aar (androidx.lifecycle:lifecycle-viewmodel:2.7.0) with JetifyTransform
Transforming lifecycle-viewmodel-2.7.0.aar (androidx.lifecycle:lifecycle-viewmodel:2.7.0) with ExtractAarTransform
Transforming lifecycle-viewmodel-2.7.0.aar (androidx.lifecycle:lifecycle-viewmodel:2.7.0) with AarTransform
Transforming lifecycle-viewmodel-2.7.0.aar (androidx.lifecycle:lifecycle-viewmodel:2.7.0) with JetifyTransform
Transforming lifecycle-viewmodel-2.7.0.aar (androidx.lifecycle:lifecycle-viewmodel:2.7.0) with ExtractAarTransform
Transforming lifecycle-viewmodel-2.7.0.aar (androidx.lifecycle:lifecycle-viewmodel:2.7.0) with AarTransform
Transforming lifecycle-runtime-2.7.0.aar (androidx.lifecycle:lifecycle-runtime:2.7.0) with JetifyTransform
Transforming lifecycle-runtime-2.7.0.aar (androidx.lifecycle:lifecycle-runtime:2.7.0) with ExtractAarTransform
Transforming lifecycle-runtime-2.7.0.aar (androidx.lifecycle:lifecycle-runtime:2.7.0) with AarTransform
Transforming lifecycle-livedata-ktx-2.7.0.aar (androidx.lifecycle:lifecycle-livedata-ktx:2.7.0) with JetifyTransform
Transforming lifecycle-livedata-ktx-2.7.0.aar (androidx.lifecycle:lifecycle-livedata-ktx:2.7.0) with ExtractAarTransform
Transforming lifecycle-livedata-ktx-2.7.0.aar (androidx.lifecycle:lifecycle-livedata-ktx:2.7.0) with AarTransform
Transforming lifecycle-viewmodel-ktx-2.7.0.aar (androidx.lifecycle:lifecycle-viewmodel-ktx:2.7.0) with JetifyTransform
Transforming lifecycle-viewmodel-ktx-2.7.0.aar (androidx.lifecycle:lifecycle-viewmodel-ktx:2.7.0) with ExtractAarTransform
Transforming lifecycle-viewmodel-ktx-2.7.0.aar (androidx.lifecycle:lifecycle-viewmodel-ktx:2.7.0) with AarTransform
Transforming lifecycle-runtime-compose-2.7.0.aar (androidx.lifecycle:lifecycle-runtime-compose:2.7.0) with JetifyTransform
Transforming lifecycle-runtime-compose-2.7.0.aar (androidx.lifecycle:lifecycle-runtime-compose:2.7.0) with ExtractAarTransform
Transforming lifecycle-runtime-compose-2.7.0.aar (androidx.lifecycle:lifecycle-runtime-compose:2.7.0) with AarTransform
Transforming ui-release.aar (androidx.compose.ui:ui-android:1.6.1) with JetifyTransform
Transforming ui-release.aar (androidx.compose.ui:ui-android:1.6.1) with ExtractAarTransform
Transforming ui-release.aar (androidx.compose.ui:ui-android:1.6.1) with AarTransform
Transforming activity-ktx-1.8.2.aar (androidx.activity:activity-ktx:1.8.2) with JetifyTransform
Transforming activity-ktx-1.8.2.aar (androidx.activity:activity-ktx:1.8.2) with ExtractAarTransform
Transforming activity-ktx-1.8.2.aar (androidx.activity:activity-ktx:1.8.2) with AarTransform
Transforming activity-compose-1.8.2.aar (androidx.activity:activity-compose:1.8.2) with JetifyTransform
Transforming activity-compose-1.8.2.aar (androidx.activity:activity-compose:1.8.2) with ExtractAarTransform
Transforming activity-compose-1.8.2.aar (androidx.activity:activity-compose:1.8.2) with AarTransform
Transforming activity-1.8.2.aar (androidx.activity:activity:1.8.2) with JetifyTransform
Transforming activity-1.8.2.aar (androidx.activity:activity:1.8.2) with ExtractAarTransform
Transforming activity-1.8.2.aar (androidx.activity:activity:1.8.2) with AarTransform
Transforming drawerlayout-1.1.1.aar (androidx.drawerlayout:drawerlayout:1.1.1) with JetifyTransform
Transforming drawerlayout-1.1.1.aar (androidx.drawerlayout:drawerlayout:1.1.1) with ExtractAarTransform
Transforming drawerlayout-1.1.1.aar (androidx.drawerlayout:drawerlayout:1.1.1) with AarTransform
Transforming coordinatorlayout-1.1.0.aar (androidx.coordinatorlayout:coordinatorlayout:1.1.0) with JetifyTransform
Transforming coordinatorlayout-1.1.0.aar (androidx.coordinatorlayout:coordinatorlayout:1.1.0) with ExtractAarTransform
Transforming coordinatorlayout-1.1.0.aar (androidx.coordinatorlayout:coordinatorlayout:1.1.0) with AarTransform
Transforming vectordrawable-animated-1.1.0.aar (androidx.vectordrawable:vectordrawable-animated:1.1.0) with JetifyTransform
Transforming vectordrawable-animated-1.1.0.aar (androidx.vectordrawable:vectordrawable-animated:1.1.0) with ExtractAarTransform
Transforming vectordrawable-animated-1.1.0.aar (androidx.vectordrawable:vectordrawable-animated:1.1.0) with AarTransform
Transforming vectordrawable-1.1.0.aar (androidx.vectordrawable:vectordrawable:1.1.0) with JetifyTransform
Transforming vectordrawable-1.1.0.aar (androidx.vectordrawable:vectordrawable:1.1.0) with ExtractAarTransform
Transforming vectordrawable-1.1.0.aar (androidx.vectordrawable:vectordrawable:1.1.0) with AarTransform
Transforming vectordrawable-1.1.0.aar (androidx.vectordrawable:vectordrawable:1.1.0) with JetifyTransform
Transforming vectordrawable-1.1.0.aar (androidx.vectordrawable:vectordrawable:1.1.0) with ExtractAarTransform
Transforming vectordrawable-1.1.0.aar (androidx.vectordrawable:vectordrawable:1.1.0) with AarTransform
Transforming recyclerview-1.1.0.aar (androidx.recyclerview:recyclerview:1.1.0) with JetifyTransform
Transforming recyclerview-1.1.0.aar (androidx.recyclerview:recyclerview:1.1.0) with ExtractAarTransform
Transforming recyclerview-1.1.0.aar (androidx.recyclerview:recyclerview:1.1.0) with AarTransform
Transforming recyclerview-1.1.0.aar (androidx.recyclerview:recyclerview:1.1.0) with JetifyTransform
Transforming recyclerview-1.1.0.aar (androidx.recyclerview:recyclerview:1.1.0) with ExtractAarTransform
Transforming recyclerview-1.1.0.aar (androidx.recyclerview:recyclerview:1.1.0) with AarTransform
Transforming viewpager-1.0.0.aar (androidx.viewpager:viewpager:1.0.0) with JetifyTransform
Transforming viewpager-1.0.0.aar (androidx.viewpager:viewpager:1.0.0) with ExtractAarTransform
Transforming viewpager-1.0.0.aar (androidx.viewpager:viewpager:1.0.0) with AarTransform
Transforming customview-1.1.0.aar (androidx.customview:customview:1.1.0) with JetifyTransform
Transforming customview-1.1.0.aar (androidx.customview:customview:1.1.0) with ExtractAarTransform
Transforming customview-1.1.0.aar (androidx.customview:customview:1.1.0) with AarTransform
Transforming customview-1.1.0.aar (androidx.customview:customview:1.1.0) with JetifyTransform
Transforming customview-1.1.0.aar (androidx.customview:customview:1.1.0) with ExtractAarTransform
Transforming customview-1.1.0.aar (androidx.customview:customview:1.1.0) with AarTransform
Transforming customview-1.1.0.aar (androidx.customview:customview:1.1.0) with JetifyTransform
Transforming customview-1.1.0.aar (androidx.customview:customview:1.1.0) with ExtractAarTransform
Transforming customview-1.1.0.aar (androidx.customview:customview:1.1.0) with AarTransform
Transforming customview-1.1.0.aar (androidx.customview:customview:1.1.0) with JetifyTransform
Transforming customview-1.1.0.aar (androidx.customview:customview:1.1.0) with ExtractAarTransform
Transforming customview-1.1.0.aar (androidx.customview:customview:1.1.0) with AarTransform
Transforming customview-1.1.0.aar (androidx.customview:customview:1.1.0) with JetifyTransform
Transforming customview-1.1.0.aar (androidx.customview:customview:1.1.0) with ExtractAarTransform
Transforming customview-1.1.0.aar (androidx.customview:customview:1.1.0) with AarTransform
Transforming browser-1.4.0.aar (androidx.browser:browser:1.4.0) with JetifyTransform
Transforming browser-1.4.0.aar (androidx.browser:browser:1.4.0) with ExtractAarTransform
Transforming browser-1.4.0.aar (androidx.browser:browser:1.4.0) with AarTransform
Transforming autofill-1.0.0.aar (androidx.autofill:autofill:1.0.0) with JetifyTransform
Transforming autofill-1.0.0.aar (androidx.autofill:autofill:1.0.0) with ExtractAarTransform
Transforming autofill-1.0.0.aar (androidx.autofill:autofill:1.0.0) with AarTransform
Transforming transition-1.4.1.aar (androidx.transition:transition:1.4.1) with JetifyTransform
Transforming transition-1.4.1.aar (androidx.transition:transition:1.4.1) with ExtractAarTransform
Transforming transition-1.4.1.aar (androidx.transition:transition:1.4.1) with AarTransform
Transforming core-1.12.0.aar (androidx.core:core:1.12.0) with JetifyTransform
Transforming core-1.12.0.aar (androidx.core:core:1.12.0) with ExtractAarTransform
Transforming core-1.12.0.aar (androidx.core:core:1.12.0) with AarTransform
Transforming core-1.12.0.aar (androidx.core:core:1.12.0) with JetifyTransform
Transforming core-1.12.0.aar (androidx.core:core:1.12.0) with ExtractAarTransform
Transforming core-1.12.0.aar (androidx.core:core:1.12.0) with AarTransform
Transforming core-1.12.0.aar (androidx.core:core:1.12.0) with JetifyTransform
Transforming core-1.12.0.aar (androidx.core:core:1.12.0) with ExtractAarTransform
Transforming core-1.12.0.aar (androidx.core:core:1.12.0) with AarTransform
Transforming core-1.12.0.aar (androidx.core:core:1.12.0) with JetifyTransform
Transforming core-1.12.0.aar (androidx.core:core:1.12.0) with ExtractAarTransform
Transforming core-1.12.0.aar (androidx.core:core:1.12.0) with AarTransform
Transforming core-1.12.0.aar (androidx.core:core:1.12.0) with JetifyTransform
Transforming core-1.12.0.aar (androidx.core:core:1.12.0) with ExtractAarTransform
Transforming core-1.12.0.aar (androidx.core:core:1.12.0) with AarTransform
Transforming core-1.12.0.aar (androidx.core:core:1.12.0) with JetifyTransform
Transforming core-1.12.0.aar (androidx.core:core:1.12.0) with ExtractAarTransform
Transforming core-1.12.0.aar (androidx.core:core:1.12.0) with AarTransform
Transforming core-1.12.0.aar (androidx.core:core:1.12.0) with JetifyTransform
Transforming core-1.12.0.aar (androidx.core:core:1.12.0) with ExtractAarTransform
Transforming core-1.12.0.aar (androidx.core:core:1.12.0) with AarTransform
Transforming core-1.12.0.aar (androidx.core:core:1.12.0) with JetifyTransform
Transforming core-1.12.0.aar (androidx.core:core:1.12.0) with ExtractAarTransform
Transforming core-1.12.0.aar (androidx.core:core:1.12.0) with AarTransform
Transforming core-1.12.0.aar (androidx.core:core:1.12.0) with JetifyTransform
Transforming core-1.12.0.aar (androidx.core:core:1.12.0) with ExtractAarTransform
Transforming core-1.12.0.aar (androidx.core:core:1.12.0) with AarTransform
Transforming core-1.12.0.aar (androidx.core:core:1.12.0) with JetifyTransform
Transforming core-1.12.0.aar (androidx.core:core:1.12.0) with ExtractAarTransform
Transforming core-1.12.0.aar (androidx.core:core:1.12.0) with AarTransform
Transforming core-1.12.0.aar (androidx.core:core:1.12.0) with JetifyTransform
Transforming core-1.12.0.aar (androidx.core:core:1.12.0) with ExtractAarTransform
Transforming core-1.12.0.aar (androidx.core:core:1.12.0) with AarTransform
Transforming core-1.12.0.aar (androidx.core:core:1.12.0) with JetifyTransform
Transforming core-1.12.0.aar (androidx.core:core:1.12.0) with ExtractAarTransform
Transforming core-1.12.0.aar (androidx.core:core:1.12.0) with AarTransform
Transforming core-1.12.0.aar (androidx.core:core:1.12.0) with JetifyTransform
Transforming core-1.12.0.aar (androidx.core:core:1.12.0) with ExtractAarTransform
Transforming core-1.12.0.aar (androidx.core:core:1.12.0) with AarTransform
Transforming core-1.12.0.aar (androidx.core:core:1.12.0) with JetifyTransform
Transforming core-1.12.0.aar (androidx.core:core:1.12.0) with ExtractAarTransform
Transforming core-1.12.0.aar (androidx.core:core:1.12.0) with AarTransform
Transforming core-1.12.0.aar (androidx.core:core:1.12.0) with JetifyTransform
Transforming core-1.12.0.aar (androidx.core:core:1.12.0) with ExtractAarTransform
Transforming core-1.12.0.aar (androidx.core:core:1.12.0) with AarTransform
Transforming customview-poolingcontainer-1.0.0.aar (androidx.customview:customview-poolingcontainer:1.0.0) with JetifyTransform
Transforming customview-poolingcontainer-1.0.0.aar (androidx.customview:customview-poolingcontainer:1.0.0) with ExtractAarTransform
Transforming customview-poolingcontainer-1.0.0.aar (androidx.customview:customview-poolingcontainer:1.0.0) with AarTransform
Transforming core-ktx-1.12.0.aar (androidx.core:core-ktx:1.12.0) with JetifyTransform
Transforming core-ktx-1.12.0.aar (androidx.core:core-ktx:1.12.0) with ExtractAarTransform
Transforming core-ktx-1.12.0.aar (androidx.core:core-ktx:1.12.0) with AarTransform
Transforming core-splashscreen-1.0.1.aar (androidx.core:core-splashscreen:1.0.1) with JetifyTransform
Transforming core-splashscreen-1.0.1.aar (androidx.core:core-splashscreen:1.0.1) with ExtractAarTransform
Transforming core-splashscreen-1.0.1.aar (androidx.core:core-splashscreen:1.0.1) with AarTransform
Transforming sqlite-framework-2.4.0.aar (androidx.sqlite:sqlite-framework:2.4.0) with JetifyTransform
Transforming sqlite-framework-2.4.0.aar (androidx.sqlite:sqlite-framework:2.4.0) with ExtractAarTransform
Transforming sqlite-framework-2.4.0.aar (androidx.sqlite:sqlite-framework:2.4.0) with AarTransform
Transforming sqlite-2.4.0.aar (androidx.sqlite:sqlite:2.4.0) with JetifyTransform
Transforming sqlite-2.4.0.aar (androidx.sqlite:sqlite:2.4.0) with ExtractAarTransform
Transforming sqlite-2.4.0.aar (androidx.sqlite:sqlite:2.4.0) with AarTransform
Transforming annotation-experimental-1.4.0.aar (androidx.annotation:annotation-experimental:1.4.0) with JetifyTransform
Transforming annotation-experimental-1.4.0.aar (androidx.annotation:annotation-experimental:1.4.0) with ExtractAarTransform
Transforming annotation-experimental-1.4.0.aar (androidx.annotation:annotation-experimental:1.4.0) with AarTransform
Transforming versionedparcelable-1.1.1.aar (androidx.versionedparcelable:versionedparcelable:1.1.1) with JetifyTransform
Transforming versionedparcelable-1.1.1.aar (androidx.versionedparcelable:versionedparcelable:1.1.1) with ExtractAarTransform
Transforming versionedparcelable-1.1.1.aar (androidx.versionedparcelable:versionedparcelable:1.1.1) with AarTransform
Transforming MPAndroidChart-3.1.0.aar (com.github.PhilJay:MPAndroidChart:3.1.0) with JetifyTransform
Transforming MPAndroidChart-3.1.0.aar (com.github.PhilJay:MPAndroidChart:3.1.0) with ExtractAarTransform
Transforming MPAndroidChart-3.1.0.aar (com.github.PhilJay:MPAndroidChart:3.1.0) with AarTransform
Transforming cursoradapter-1.0.0.aar (androidx.cursoradapter:cursoradapter:1.0.0) with JetifyTransform
Transforming cursoradapter-1.0.0.aar (androidx.cursoradapter:cursoradapter:1.0.0) with ExtractAarTransform
Transforming cursoradapter-1.0.0.aar (androidx.cursoradapter:cursoradapter:1.0.0) with AarTransform
Transforming cardview-1.0.0.aar (androidx.cardview:cardview:1.0.0) with JetifyTransform
Transforming cardview-1.0.0.aar (androidx.cardview:cardview:1.0.0) with ExtractAarTransform
Transforming cardview-1.0.0.aar (androidx.cardview:cardview:1.0.0) with AarTransform
Transforming profileinstaller-1.3.1.aar (androidx.profileinstaller:profileinstaller:1.3.1) with JetifyTransform
Transforming profileinstaller-1.3.1.aar (androidx.profileinstaller:profileinstaller:1.3.1) with ExtractAarTransform
Transforming profileinstaller-1.3.1.aar (androidx.profileinstaller:profileinstaller:1.3.1) with AarTransform
Transforming startup-runtime-1.1.1.aar (androidx.startup:startup-runtime:1.1.1) with JetifyTransform
Transforming startup-runtime-1.1.1.aar (androidx.startup:startup-runtime:1.1.1) with ExtractAarTransform
Transforming startup-runtime-1.1.1.aar (androidx.startup:startup-runtime:1.1.1) with AarTransform
Transforming tracing-1.0.0.aar (androidx.tracing:tracing:1.0.0) with JetifyTransform
Transforming tracing-1.0.0.aar (androidx.tracing:tracing:1.0.0) with ExtractAarTransform
Transforming tracing-1.0.0.aar (androidx.tracing:tracing:1.0.0) with AarTransform
Transforming core-runtime-2.2.0.aar (androidx.arch.core:core-runtime:2.2.0) with JetifyTransform
Transforming core-runtime-2.2.0.aar (androidx.arch.core:core-runtime:2.2.0) with ExtractAarTransform
Transforming core-runtime-2.2.0.aar (androidx.arch.core:core-runtime:2.2.0) with AarTransform
Transforming transport-backend-cct-2.3.3.aar (com.google.android.datatransport:transport-backend-cct:2.3.3) with JetifyTransform
Transforming transport-backend-cct-2.3.3.aar (com.google.android.datatransport:transport-backend-cct:2.3.3) with ExtractAarTransform
Transforming transport-backend-cct-2.3.3.aar (com.google.android.datatransport:transport-backend-cct:2.3.3) with AarTransform
Transforming transport-backend-cct-2.3.3.aar (com.google.android.datatransport:transport-backend-cct:2.3.3) with JetifyTransform
Transforming transport-backend-cct-2.3.3.aar (com.google.android.datatransport:transport-backend-cct:2.3.3) with ExtractAarTransform
Transforming transport-backend-cct-2.3.3.aar (com.google.android.datatransport:transport-backend-cct:2.3.3) with AarTransform
Transforming transport-backend-cct-2.3.3.aar (com.google.android.datatransport:transport-backend-cct:2.3.3) with JetifyTransform
Transforming transport-backend-cct-2.3.3.aar (com.google.android.datatransport:transport-backend-cct:2.3.3) with ExtractAarTransform
Transforming transport-backend-cct-2.3.3.aar (com.google.android.datatransport:transport-backend-cct:2.3.3) with AarTransform
Transforming transport-runtime-2.2.6.aar (com.google.android.datatransport:transport-runtime:2.2.6) with JetifyTransform
Transforming transport-runtime-2.2.6.aar (com.google.android.datatransport:transport-runtime:2.2.6) with ExtractAarTransform
Transforming transport-runtime-2.2.6.aar (com.google.android.datatransport:transport-runtime:2.2.6) with AarTransform
Transforming transport-runtime-2.2.6.aar (com.google.android.datatransport:transport-runtime:2.2.6) with JetifyTransform
Transforming transport-runtime-2.2.6.aar (com.google.android.datatransport:transport-runtime:2.2.6) with ExtractAarTransform
Transforming transport-runtime-2.2.6.aar (com.google.android.datatransport:transport-runtime:2.2.6) with AarTransform
Transforming transport-runtime-2.2.6.aar (com.google.android.datatransport:transport-runtime:2.2.6) with JetifyTransform
Transforming transport-runtime-2.2.6.aar (com.google.android.datatransport:transport-runtime:2.2.6) with ExtractAarTransform
Transforming transport-runtime-2.2.6.aar (com.google.android.datatransport:transport-runtime:2.2.6) with AarTransform
Transforming transport-runtime-2.2.6.aar (com.google.android.datatransport:transport-runtime:2.2.6) with JetifyTransform
Transforming transport-runtime-2.2.6.aar (com.google.android.datatransport:transport-runtime:2.2.6) with ExtractAarTransform
Transforming transport-runtime-2.2.6.aar (com.google.android.datatransport:transport-runtime:2.2.6) with AarTransform
Transforming transport-api-2.2.1.aar (com.google.android.datatransport:transport-api:2.2.1) with JetifyTransform
Transforming transport-api-2.2.1.aar (com.google.android.datatransport:transport-api:2.2.1) with ExtractAarTransform
Transforming transport-api-2.2.1.aar (com.google.android.datatransport:transport-api:2.2.1) with AarTransform
Transforming transport-api-2.2.1.aar (com.google.android.datatransport:transport-api:2.2.1) with JetifyTransform
Transforming transport-api-2.2.1.aar (com.google.android.datatransport:transport-api:2.2.1) with ExtractAarTransform
Transforming transport-api-2.2.1.aar (com.google.android.datatransport:transport-api:2.2.1) with AarTransform
Transforming transport-api-2.2.1.aar (com.google.android.datatransport:transport-api:2.2.1) with JetifyTransform
Transforming transport-api-2.2.1.aar (com.google.android.datatransport:transport-api:2.2.1) with ExtractAarTransform
Transforming transport-api-2.2.1.aar (com.google.android.datatransport:transport-api:2.2.1) with AarTransform
Transforming transport-api-2.2.1.aar (com.google.android.datatransport:transport-api:2.2.1) with JetifyTransform
Transforming transport-api-2.2.1.aar (com.google.android.datatransport:transport-api:2.2.1) with ExtractAarTransform
Transforming transport-api-2.2.1.aar (com.google.android.datatransport:transport-api:2.2.1) with AarTransform
Transforming transport-api-2.2.1.aar (com.google.android.datatransport:transport-api:2.2.1) with JetifyTransform
Transforming transport-api-2.2.1.aar (com.google.android.datatransport:transport-api:2.2.1) with ExtractAarTransform
Transforming transport-api-2.2.1.aar (com.google.android.datatransport:transport-api:2.2.1) with AarTransform
Transforming firebase-encoders-json-17.1.0.aar (com.google.firebase:firebase-encoders-json:17.1.0) with JetifyTransform
Transforming firebase-encoders-json-17.1.0.aar (com.google.firebase:firebase-encoders-json:17.1.0) with ExtractAarTransform
Transforming firebase-encoders-json-17.1.0.aar (com.google.firebase:firebase-encoders-json:17.1.0) with AarTransform
Transforming firebase-encoders-json-17.1.0.aar (com.google.firebase:firebase-encoders-json:17.1.0) with JetifyTransform
Transforming firebase-encoders-json-17.1.0.aar (com.google.firebase:firebase-encoders-json:17.1.0) with ExtractAarTransform
Transforming firebase-encoders-json-17.1.0.aar (com.google.firebase:firebase-encoders-json:17.1.0) with AarTransform
Transforming firebase-encoders-json-17.1.0.aar (com.google.firebase:firebase-encoders-json:17.1.0) with JetifyTransform
Transforming firebase-encoders-json-17.1.0.aar (com.google.firebase:firebase-encoders-json:17.1.0) with ExtractAarTransform
Transforming firebase-encoders-json-17.1.0.aar (com.google.firebase:firebase-encoders-json:17.1.0) with AarTransform
Transforming firebase-encoders-json-17.1.0.aar (com.google.firebase:firebase-encoders-json:17.1.0) with JetifyTransform
Transforming firebase-encoders-json-17.1.0.aar (com.google.firebase:firebase-encoders-json:17.1.0) with ExtractAarTransform
Transforming firebase-encoders-json-17.1.0.aar (com.google.firebase:firebase-encoders-json:17.1.0) with AarTransform
Transforming interpolator-1.0.0.aar (androidx.interpolator:interpolator:1.0.0) with JetifyTransform
Transforming interpolator-1.0.0.aar (androidx.interpolator:interpolator:1.0.0) with ExtractAarTransform
Transforming interpolator-1.0.0.aar (androidx.interpolator:interpolator:1.0.0) with AarTransform
Transforming interpolator-1.0.0.aar (androidx.interpolator:interpolator:1.0.0) with JetifyTransform
Transforming interpolator-1.0.0.aar (androidx.interpolator:interpolator:1.0.0) with ExtractAarTransform
Transforming interpolator-1.0.0.aar (androidx.interpolator:interpolator:1.0.0) with AarTransform
Transforming firebase-components-17.1.5.aar (com.google.firebase:firebase-components:17.1.5) with JetifyTransform
Transforming firebase-components-17.1.5.aar (com.google.firebase:firebase-components:17.1.5) with ExtractAarTransform
Transforming firebase-components-17.1.5.aar (com.google.firebase:firebase-components:17.1.5) with AarTransform
Transforming firebase-components-17.1.5.aar (com.google.firebase:firebase-components:17.1.5) with JetifyTransform
Transforming firebase-components-17.1.5.aar (com.google.firebase:firebase-components:17.1.5) with ExtractAarTransform
Transforming firebase-components-17.1.5.aar (com.google.firebase:firebase-components:17.1.5) with AarTransform
Transforming firebase-components-17.1.5.aar (com.google.firebase:firebase-components:17.1.5) with JetifyTransform
Transforming firebase-components-17.1.5.aar (com.google.firebase:firebase-components:17.1.5) with ExtractAarTransform
Transforming firebase-components-17.1.5.aar (com.google.firebase:firebase-components:17.1.5) with AarTransform
Transforming firebase-components-17.1.5.aar (com.google.firebase:firebase-components:17.1.5) with JetifyTransform
Transforming firebase-components-17.1.5.aar (com.google.firebase:firebase-components:17.1.5) with ExtractAarTransform
Transforming firebase-components-17.1.5.aar (com.google.firebase:firebase-components:17.1.5) with AarTransform
Transforming firebase-components-17.1.5.aar (com.google.firebase:firebase-components:17.1.5) with JetifyTransform
Transforming firebase-components-17.1.5.aar (com.google.firebase:firebase-components:17.1.5) with ExtractAarTransform
Transforming firebase-components-17.1.5.aar (com.google.firebase:firebase-components:17.1.5) with AarTransform
Transforming firebase-components-17.1.5.aar (com.google.firebase:firebase-components:17.1.5) with JetifyTransform
Transforming firebase-components-17.1.5.aar (com.google.firebase:firebase-components:17.1.5) with ExtractAarTransform
Transforming firebase-components-17.1.5.aar (com.google.firebase:firebase-components:17.1.5) with AarTransform
Transforming localbroadcastmanager-1.0.0.aar (androidx.localbroadcastmanager:localbroadcastmanager:1.0.0) with JetifyTransform
Transforming localbroadcastmanager-1.0.0.aar (androidx.localbroadcastmanager:localbroadcastmanager:1.0.0) with ExtractAarTransform
Transforming localbroadcastmanager-1.0.0.aar (androidx.localbroadcastmanager:localbroadcastmanager:1.0.0) with AarTransform
Transforming localbroadcastmanager-1.0.0.aar (androidx.localbroadcastmanager:localbroadcastmanager:1.0.0) with JetifyTransform
Transforming localbroadcastmanager-1.0.0.aar (androidx.localbroadcastmanager:localbroadcastmanager:1.0.0) with ExtractAarTransform
Transforming localbroadcastmanager-1.0.0.aar (androidx.localbroadcastmanager:localbroadcastmanager:1.0.0) with AarTransform
Transforming documentfile-1.0.0.aar (androidx.documentfile:documentfile:1.0.0) with JetifyTransform
Transforming documentfile-1.0.0.aar (androidx.documentfile:documentfile:1.0.0) with ExtractAarTransform
Transforming documentfile-1.0.0.aar (androidx.documentfile:documentfile:1.0.0) with AarTransform
Transforming print-1.0.0.aar (androidx.print:print:1.0.0) with JetifyTransform
Transforming print-1.0.0.aar (androidx.print:print:1.0.0) with ExtractAarTransform
Transforming print-1.0.0.aar (androidx.print:print:1.0.0) with AarTransform
Transforming exifinterface-1.3.6.aar (androidx.exifinterface:exifinterface:1.3.6) with JetifyTransform
Transforming exifinterface-1.3.6.aar (androidx.exifinterface:exifinterface:1.3.6) with ExtractAarTransform
Transforming exifinterface-1.3.6.aar (androidx.exifinterface:exifinterface:1.3.6) with AarTransform
Transforming exifinterface-1.3.6.aar (androidx.exifinterface:exifinterface:1.3.6) with JetifyTransform
Transforming exifinterface-1.3.6.aar (androidx.exifinterface:exifinterface:1.3.6) with ExtractAarTransform
Transforming exifinterface-1.3.6.aar (androidx.exifinterface:exifinterface:1.3.6) with AarTransform
Transforming dagger-lint-aar-2.48.aar (com.google.dagger:dagger-lint-aar:2.48) with JetifyTransform
Transforming dagger-lint-aar-2.48.aar (com.google.dagger:dagger-lint-aar:2.48) with ExtractAarTransform
Transforming dagger-lint-aar-2.48.aar (com.google.dagger:dagger-lint-aar:2.48) with AarTransform
Transforming image-1.0.0-beta1.aar (com.google.android.odml:image:1.0.0-beta1) with JetifyTransform
Transforming image-1.0.0-beta1.aar (com.google.android.odml:image:1.0.0-beta1) with ExtractAarTransform
Transforming image-1.0.0-beta1.aar (com.google.android.odml:image:1.0.0-beta1) with AarTransform
Transforming image-1.0.0-beta1.aar (com.google.android.odml:image:1.0.0-beta1) with JetifyTransform
Transforming image-1.0.0-beta1.aar (com.google.android.odml:image:1.0.0-beta1) with ExtractAarTransform
Transforming image-1.0.0-beta1.aar (com.google.android.odml:image:1.0.0-beta1) with AarTransform
Transforming viewbinding-8.6.0.aar (androidx.databinding:viewbinding:8.6.0) with JetifyTransform
Transforming viewbinding-8.6.0.aar (androidx.databinding:viewbinding:8.6.0) with ExtractAarTransform
Transforming viewbinding-8.6.0.aar (androidx.databinding:viewbinding:8.6.0) with AarTransform
Transforming hilt-navigation-compose-1.1.0.aar (androidx.hilt:hilt-navigation-compose:1.1.0) with JetifyTransform
Transforming hilt-navigation-compose-1.1.0.aar (androidx.hilt:hilt-navigation-compose:1.1.0) with ExtractAarTransform
Transforming hilt-navigation-compose-1.1.0.aar (androidx.hilt:hilt-navigation-compose:1.1.0) with AarTransform
Transforming hilt-navigation-1.1.0.aar (androidx.hilt:hilt-navigation:1.1.0) with JetifyTransform
Transforming hilt-navigation-1.1.0.aar (androidx.hilt:hilt-navigation:1.1.0) with ExtractAarTransform
Transforming hilt-navigation-1.1.0.aar (androidx.hilt:hilt-navigation:1.1.0) with AarTransform
Transforming navigation-common-2.7.6.aar (androidx.navigation:navigation-common:2.7.6) with JetifyTransform
Transforming navigation-common-2.7.6.aar (androidx.navigation:navigation-common:2.7.6) with ExtractAarTransform
Transforming navigation-common-2.7.6.aar (androidx.navigation:navigation-common:2.7.6) with AarTransform
Transforming navigation-runtime-2.7.6.aar (androidx.navigation:navigation-runtime:2.7.6) with JetifyTransform
Transforming navigation-runtime-2.7.6.aar (androidx.navigation:navigation-runtime:2.7.6) with ExtractAarTransform
Transforming navigation-runtime-2.7.6.aar (androidx.navigation:navigation-runtime:2.7.6) with AarTransform
Transforming navigation-common-ktx-2.7.6.aar (androidx.navigation:navigation-common-ktx:2.7.6) with JetifyTransform
Transforming navigation-common-ktx-2.7.6.aar (androidx.navigation:navigation-common-ktx:2.7.6) with ExtractAarTransform
Transforming navigation-common-ktx-2.7.6.aar (androidx.navigation:navigation-common-ktx:2.7.6) with AarTransform
Transforming navigation-fragment-2.7.6.aar (androidx.navigation:navigation-fragment:2.7.6) with JetifyTransform
Transforming navigation-fragment-2.7.6.aar (androidx.navigation:navigation-fragment:2.7.6) with ExtractAarTransform
Transforming navigation-fragment-2.7.6.aar (androidx.navigation:navigation-fragment:2.7.6) with AarTransform
Transforming navigation-runtime-ktx-2.7.6.aar (androidx.navigation:navigation-runtime-ktx:2.7.6) with JetifyTransform
Transforming navigation-runtime-ktx-2.7.6.aar (androidx.navigation:navigation-runtime-ktx:2.7.6) with ExtractAarTransform
Transforming navigation-runtime-ktx-2.7.6.aar (androidx.navigation:navigation-runtime-ktx:2.7.6) with AarTransform
Transforming navigation-fragment-ktx-2.7.6.aar (androidx.navigation:navigation-fragment-ktx:2.7.6) with JetifyTransform
Transforming navigation-fragment-ktx-2.7.6.aar (androidx.navigation:navigation-fragment-ktx:2.7.6) with ExtractAarTransform
Transforming navigation-fragment-ktx-2.7.6.aar (androidx.navigation:navigation-fragment-ktx:2.7.6) with AarTransform
Transforming navigation-compose-2.7.6.aar (androidx.navigation:navigation-compose:2.7.6) with JetifyTransform
Transforming navigation-compose-2.7.6.aar (androidx.navigation:navigation-compose:2.7.6) with ExtractAarTransform
Transforming navigation-compose-2.7.6.aar (androidx.navigation:navigation-compose:2.7.6) with AarTransform
Transforming navigation-ui-ktx-2.7.6.aar (androidx.navigation:navigation-ui-ktx:2.7.6) with JetifyTransform
Transforming navigation-ui-ktx-2.7.6.aar (androidx.navigation:navigation-ui-ktx:2.7.6) with ExtractAarTransform
Transforming navigation-ui-ktx-2.7.6.aar (androidx.navigation:navigation-ui-ktx:2.7.6) with AarTransform
Transforming navigation-ui-2.7.6.aar (androidx.navigation:navigation-ui:2.7.6) with JetifyTransform
Transforming navigation-ui-2.7.6.aar (androidx.navigation:navigation-ui:2.7.6) with ExtractAarTransform
Transforming navigation-ui-2.7.6.aar (androidx.navigation:navigation-ui:2.7.6) with AarTransform
Transforming material-1.11.0.aar (com.google.android.material:material:1.11.0) with JetifyTransform
Transforming material-1.11.0.aar (com.google.android.material:material:1.11.0) with ExtractAarTransform
Transforming material-1.11.0.aar (com.google.android.material:material:1.11.0) with AarTransform
Transforming constraintlayout-2.1.4.aar (androidx.constraintlayout:constraintlayout:2.1.4) with JetifyTransform
Transforming constraintlayout-2.1.4.aar (androidx.constraintlayout:constraintlayout:2.1.4) with ExtractAarTransform
Transforming constraintlayout-2.1.4.aar (androidx.constraintlayout:constraintlayout:2.1.4) with AarTransform
Transforming biometric-1.1.0.aar (androidx.biometric:biometric:1.1.0) with JetifyTransform
Transforming biometric-1.1.0.aar (androidx.biometric:biometric:1.1.0) with ExtractAarTransform
Transforming biometric-1.1.0.aar (androidx.biometric:biometric:1.1.0) with AarTransform
Transforming camera-video-1.3.1.aar (androidx.camera:camera-video:1.3.1) with JetifyTransform
Transforming camera-video-1.3.1.aar (androidx.camera:camera-video:1.3.1) with ExtractAarTransform
Transforming camera-video-1.3.1.aar (androidx.camera:camera-video:1.3.1) with AarTransform
Transforming camera-lifecycle-1.3.1.aar (androidx.camera:camera-lifecycle:1.3.1) with JetifyTransform
Transforming camera-lifecycle-1.3.1.aar (androidx.camera:camera-lifecycle:1.3.1) with ExtractAarTransform
Transforming camera-lifecycle-1.3.1.aar (androidx.camera:camera-lifecycle:1.3.1) with AarTransform
Transforming camera-camera2-1.3.1.aar (androidx.camera:camera-camera2:1.3.1) with JetifyTransform
Transforming camera-camera2-1.3.1.aar (androidx.camera:camera-camera2:1.3.1) with ExtractAarTransform
Transforming camera-camera2-1.3.1.aar (androidx.camera:camera-camera2:1.3.1) with AarTransform
Transforming camera-core-1.3.1.aar (androidx.camera:camera-core:1.3.1) with JetifyTransform
Transforming camera-core-1.3.1.aar (androidx.camera:camera-core:1.3.1) with ExtractAarTransform
Transforming camera-core-1.3.1.aar (androidx.camera:camera-core:1.3.1) with AarTransform
Transforming camera-view-1.3.1.aar (androidx.camera:camera-view:1.3.1) with JetifyTransform
Transforming camera-view-1.3.1.aar (androidx.camera:camera-view:1.3.1) with ExtractAarTransform
Transforming camera-view-1.3.1.aar (androidx.camera:camera-view:1.3.1) with AarTransform
Transforming coil-compose-2.5.0.aar (io.coil-kt:coil-compose:2.5.0) with JetifyTransform
Transforming coil-compose-2.5.0.aar (io.coil-kt:coil-compose:2.5.0) with ExtractAarTransform
Transforming coil-compose-2.5.0.aar (io.coil-kt:coil-compose:2.5.0) with AarTransform
Transforming coil-compose-base-2.5.0.aar (io.coil-kt:coil-compose-base:2.5.0) with JetifyTransform
Transforming coil-compose-base-2.5.0.aar (io.coil-kt:coil-compose-base:2.5.0) with ExtractAarTransform
Transforming coil-compose-base-2.5.0.aar (io.coil-kt:coil-compose-base:2.5.0) with AarTransform
Transforming coil-2.5.0.aar (io.coil-kt:coil:2.5.0) with JetifyTransform
Transforming coil-2.5.0.aar (io.coil-kt:coil:2.5.0) with ExtractAarTransform
Transforming coil-2.5.0.aar (io.coil-kt:coil:2.5.0) with AarTransform
Transforming coil-base-2.5.0.aar (io.coil-kt:coil-base:2.5.0) with JetifyTransform
Transforming coil-base-2.5.0.aar (io.coil-kt:coil-base:2.5.0) with ExtractAarTransform
Transforming coil-base-2.5.0.aar (io.coil-kt:coil-base:2.5.0) with AarTransform
Transforming appcompat-resources-1.6.1.aar (androidx.appcompat:appcompat-resources:1.6.1) with JetifyTransform
Transforming appcompat-resources-1.6.1.aar (androidx.appcompat:appcompat-resources:1.6.1) with ExtractAarTransform
Transforming appcompat-resources-1.6.1.aar (androidx.appcompat:appcompat-resources:1.6.1) with AarTransform
Transforming play-services-mlkit-barcode-scanning-18.3.1.aar (com.google.android.gms:play-services-mlkit-barcode-scanning:18.3.1) with JetifyTransform
Transforming play-services-mlkit-barcode-scanning-18.3.1.aar (com.google.android.gms:play-services-mlkit-barcode-scanning:18.3.1) with ExtractAarTransform
Transforming play-services-mlkit-barcode-scanning-18.3.1.aar (com.google.android.gms:play-services-mlkit-barcode-scanning:18.3.1) with AarTransform
Transforming barcode-scanning-common-17.0.0.aar (com.google.mlkit:barcode-scanning-common:17.0.0) with JetifyTransform
Transforming barcode-scanning-common-17.0.0.aar (com.google.mlkit:barcode-scanning-common:17.0.0) with ExtractAarTransform
Transforming barcode-scanning-common-17.0.0.aar (com.google.mlkit:barcode-scanning-common:17.0.0) with AarTransform
Transforming vision-common-17.3.0.aar (com.google.mlkit:vision-common:17.3.0) with JetifyTransform
Transforming vision-common-17.3.0.aar (com.google.mlkit:vision-common:17.3.0) with ExtractAarTransform
Transforming vision-common-17.3.0.aar (com.google.mlkit:vision-common:17.3.0) with AarTransform
Transforming vision-common-17.3.0.aar (com.google.mlkit:vision-common:17.3.0) with JetifyTransform
Transforming vision-common-17.3.0.aar (com.google.mlkit:vision-common:17.3.0) with ExtractAarTransform
Transforming vision-common-17.3.0.aar (com.google.mlkit:vision-common:17.3.0) with AarTransform
Transforming common-18.11.0.aar (com.google.mlkit:common:18.11.0) with JetifyTransform
Transforming common-18.11.0.aar (com.google.mlkit:common:18.11.0) with ExtractAarTransform
Transforming common-18.11.0.aar (com.google.mlkit:common:18.11.0) with AarTransform
Transforming common-18.11.0.aar (com.google.mlkit:common:18.11.0) with JetifyTransform
Transforming common-18.11.0.aar (com.google.mlkit:common:18.11.0) with ExtractAarTransform
Transforming common-18.11.0.aar (com.google.mlkit:common:18.11.0) with AarTransform
Transforming appcompat-1.6.1.aar (androidx.appcompat:appcompat:1.6.1) with JetifyTransform
Transforming appcompat-1.6.1.aar (androidx.appcompat:appcompat:1.6.1) with ExtractAarTransform
Transforming appcompat-1.6.1.aar (androidx.appcompat:appcompat:1.6.1) with AarTransform
Transforming appcompat-1.6.1.aar (androidx.appcompat:appcompat:1.6.1) with JetifyTransform
Transforming appcompat-1.6.1.aar (androidx.appcompat:appcompat:1.6.1) with ExtractAarTransform
Transforming appcompat-1.6.1.aar (androidx.appcompat:appcompat:1.6.1) with AarTransform
Transforming hilt-android-2.48.aar (com.google.dagger:hilt-android:2.48) with JetifyTransform
Transforming hilt-android-2.48.aar (com.google.dagger:hilt-android:2.48) with ExtractAarTransform
Transforming hilt-android-2.48.aar (com.google.dagger:hilt-android:2.48) with AarTransform
Transforming material3-release.aar (androidx.compose.material3:material3-android:1.2.0) with JetifyTransform
Transforming material3-release.aar (androidx.compose.material3:material3-android:1.2.0) with ExtractAarTransform
Transforming material3-release.aar (androidx.compose.material3:material3-android:1.2.0) with AarTransform
Transforming material-release.aar (androidx.compose.material:material-android:1.6.1) with JetifyTransform
Transforming material-release.aar (androidx.compose.material:material-android:1.6.1) with ExtractAarTransform
Transforming material-release.aar (androidx.compose.material:material-android:1.6.1) with AarTransform
Transforming material-icons-core-release.aar (androidx.compose.material:material-icons-core-android:1.6.1) with JetifyTransform
Transforming material-icons-core-release.aar (androidx.compose.material:material-icons-core-android:1.6.1) with ExtractAarTransform
Transforming material-icons-core-release.aar (androidx.compose.material:material-icons-core-android:1.6.1) with AarTransform
Transforming material-icons-extended-release.aar (androidx.compose.material:material-icons-extended-android:1.6.1) with JetifyTransform
Transforming material-icons-extended-release.aar (androidx.compose.material:material-icons-extended-android:1.6.1) with ExtractAarTransform
Transforming material-icons-extended-release.aar (androidx.compose.material:material-icons-extended-android:1.6.1) with AarTransform
Transforming material-ripple-release.aar (androidx.compose.material:material-ripple-android:1.6.1) with JetifyTransform
Transforming material-ripple-release.aar (androidx.compose.material:material-ripple-android:1.6.1) with ExtractAarTransform
Transforming material-ripple-release.aar (androidx.compose.material:material-ripple-android:1.6.1) with AarTransform
Transforming animation-core-release.aar (androidx.compose.animation:animation-core-android:1.6.1) with JetifyTransform
Transforming animation-core-release.aar (androidx.compose.animation:animation-core-android:1.6.1) with ExtractAarTransform
Transforming animation-core-release.aar (androidx.compose.animation:animation-core-android:1.6.1) with AarTransform
Transforming animation-release.aar (androidx.compose.animation:animation-android:1.6.1) with JetifyTransform
Transforming animation-release.aar (androidx.compose.animation:animation-android:1.6.1) with ExtractAarTransform
Transforming animation-release.aar (androidx.compose.animation:animation-android:1.6.1) with AarTransform
Transforming foundation-layout-release.aar (androidx.compose.foundation:foundation-layout-android:1.6.1) with JetifyTransform
Transforming foundation-layout-release.aar (androidx.compose.foundation:foundation-layout-android:1.6.1) with ExtractAarTransform
Transforming foundation-layout-release.aar (androidx.compose.foundation:foundation-layout-android:1.6.1) with AarTransform
Transforming foundation-release.aar (androidx.compose.foundation:foundation-android:1.6.1) with JetifyTransform
Transforming foundation-release.aar (androidx.compose.foundation:foundation-android:1.6.1) with ExtractAarTransform
Transforming foundation-release.aar (androidx.compose.foundation:foundation-android:1.6.1) with AarTransform
Transforming ui-tooling-data-release.aar (androidx.compose.ui:ui-tooling-data-android:1.6.1) with JetifyTransform
Transforming ui-tooling-data-release.aar (androidx.compose.ui:ui-tooling-data-android:1.6.1) with ExtractAarTransform
Transforming ui-tooling-data-release.aar (androidx.compose.ui:ui-tooling-data-android:1.6.1) with AarTransform
Transforming ui-unit-release.aar (androidx.compose.ui:ui-unit-android:1.6.1) with JetifyTransform
Transforming ui-unit-release.aar (androidx.compose.ui:ui-unit-android:1.6.1) with ExtractAarTransform
Transforming ui-unit-release.aar (androidx.compose.ui:ui-unit-android:1.6.1) with AarTransform
Transforming ui-geometry-release.aar (androidx.compose.ui:ui-geometry-android:1.6.1) with JetifyTransform
Transforming ui-geometry-release.aar (androidx.compose.ui:ui-geometry-android:1.6.1) with ExtractAarTransform
Transforming ui-geometry-release.aar (androidx.compose.ui:ui-geometry-android:1.6.1) with AarTransform
Transforming ui-util-release.aar (androidx.compose.ui:ui-util-android:1.6.1) with JetifyTransform
Transforming ui-util-release.aar (androidx.compose.ui:ui-util-android:1.6.1) with ExtractAarTransform
Transforming ui-util-release.aar (androidx.compose.ui:ui-util-android:1.6.1) with AarTransform
Transforming ui-text-release.aar (androidx.compose.ui:ui-text-android:1.6.1) with JetifyTransform
Transforming ui-text-release.aar (androidx.compose.ui:ui-text-android:1.6.1) with ExtractAarTransform
Transforming ui-text-release.aar (androidx.compose.ui:ui-text-android:1.6.1) with AarTransform
Transforming ui-tooling-preview-release.aar (androidx.compose.ui:ui-tooling-preview-android:1.6.1) with JetifyTransform
Transforming ui-tooling-preview-release.aar (androidx.compose.ui:ui-tooling-preview-android:1.6.1) with ExtractAarTransform
Transforming ui-tooling-preview-release.aar (androidx.compose.ui:ui-tooling-preview-android:1.6.1) with AarTransform
Transforming ui-graphics-release.aar (androidx.compose.ui:ui-graphics-android:1.6.1) with JetifyTransform
Transforming ui-graphics-release.aar (androidx.compose.ui:ui-graphics-android:1.6.1) with ExtractAarTransform
Transforming ui-graphics-release.aar (androidx.compose.ui:ui-graphics-android:1.6.1) with AarTransform
Transforming ui-tooling-release.aar (androidx.compose.ui:ui-tooling-android:1.6.1) with JetifyTransform
Transforming ui-tooling-release.aar (androidx.compose.ui:ui-tooling-android:1.6.1) with ExtractAarTransform
Transforming ui-tooling-release.aar (androidx.compose.ui:ui-tooling-android:1.6.1) with AarTransform
Transforming play-services-auth-21.0.0.aar (com.google.android.gms:play-services-auth:21.0.0) with JetifyTransform
Transforming play-services-auth-21.0.0.aar (com.google.android.gms:play-services-auth:21.0.0) with ExtractAarTransform
Transforming play-services-auth-21.0.0.aar (com.google.android.gms:play-services-auth:21.0.0) with AarTransform
Transforming viewpager2-1.0.0.aar (androidx.viewpager2:viewpager2:1.0.0) with JetifyTransform
Transforming viewpager2-1.0.0.aar (androidx.viewpager2:viewpager2:1.0.0) with ExtractAarTransform
Transforming viewpager2-1.0.0.aar (androidx.viewpager2:viewpager2:1.0.0) with AarTransform
Transforming firebase-auth-22.3.1.aar (com.google.firebase:firebase-auth:22.3.1) with JetifyTransform
Transforming firebase-auth-22.3.1.aar (com.google.firebase:firebase-auth:22.3.1) with ExtractAarTransform
Transforming firebase-auth-22.3.1.aar (com.google.firebase:firebase-auth:22.3.1) with AarTransform
Transforming play-services-auth-api-phone-18.0.2.aar (com.google.android.gms:play-services-auth-api-phone:18.0.2) with JetifyTransform
Transforming play-services-auth-api-phone-18.0.2.aar (com.google.android.gms:play-services-auth-api-phone:18.0.2) with ExtractAarTransform
Transforming play-services-auth-api-phone-18.0.2.aar (com.google.android.gms:play-services-auth-api-phone:18.0.2) with AarTransform
Transforming play-services-auth-api-phone-18.0.2.aar (com.google.android.gms:play-services-auth-api-phone:18.0.2) with JetifyTransform
Transforming play-services-auth-api-phone-18.0.2.aar (com.google.android.gms:play-services-auth-api-phone:18.0.2) with ExtractAarTransform
Transforming play-services-auth-api-phone-18.0.2.aar (com.google.android.gms:play-services-auth-api-phone:18.0.2) with AarTransform
Transforming play-services-auth-base-18.0.10.aar (com.google.android.gms:play-services-auth-base:18.0.10) with JetifyTransform
Transforming play-services-auth-base-18.0.10.aar (com.google.android.gms:play-services-auth-base:18.0.10) with ExtractAarTransform
Transforming play-services-auth-base-18.0.10.aar (com.google.android.gms:play-services-auth-base:18.0.10) with AarTransform
Transforming play-services-fido-20.0.1.aar (com.google.android.gms:play-services-fido:20.0.1) with JetifyTransform
Transforming play-services-fido-20.0.1.aar (com.google.android.gms:play-services-fido:20.0.1) with ExtractAarTransform
Transforming play-services-fido-20.0.1.aar (com.google.android.gms:play-services-fido:20.0.1) with AarTransform
Transforming firebase-appcheck-interop-17.0.0.aar (com.google.firebase:firebase-appcheck-interop:17.0.0) with JetifyTransform
Transforming firebase-appcheck-interop-17.0.0.aar (com.google.firebase:firebase-appcheck-interop:17.0.0) with ExtractAarTransform
Transforming firebase-appcheck-interop-17.0.0.aar (com.google.firebase:firebase-appcheck-interop:17.0.0) with AarTransform
Transforming play-services-base-18.5.0.aar (com.google.android.gms:play-services-base:18.5.0) with JetifyTransform
Transforming play-services-base-18.5.0.aar (com.google.android.gms:play-services-base:18.5.0) with ExtractAarTransform
Transforming play-services-base-18.5.0.aar (com.google.android.gms:play-services-base:18.5.0) with AarTransform
Transforming play-services-base-18.5.0.aar (com.google.android.gms:play-services-base:18.5.0) with JetifyTransform
Transforming play-services-base-18.5.0.aar (com.google.android.gms:play-services-base:18.5.0) with ExtractAarTransform
Transforming play-services-base-18.5.0.aar (com.google.android.gms:play-services-base:18.5.0) with AarTransform
Transforming play-services-base-18.5.0.aar (com.google.android.gms:play-services-base:18.5.0) with JetifyTransform
Transforming play-services-base-18.5.0.aar (com.google.android.gms:play-services-base:18.5.0) with ExtractAarTransform
Transforming play-services-base-18.5.0.aar (com.google.android.gms:play-services-base:18.5.0) with AarTransform
Transforming vision-interfaces-16.3.0.aar (com.google.mlkit:vision-interfaces:16.3.0) with JetifyTransform
Transforming vision-interfaces-16.3.0.aar (com.google.mlkit:vision-interfaces:16.3.0) with ExtractAarTransform
Transforming vision-interfaces-16.3.0.aar (com.google.mlkit:vision-interfaces:16.3.0) with AarTransform
Transforming recaptcha-18.4.0.aar (com.google.android.recaptcha:recaptcha:18.4.0) with JetifyTransform
Transforming recaptcha-18.4.0.aar (com.google.android.recaptcha:recaptcha:18.4.0) with ExtractAarTransform
Transforming recaptcha-18.4.0.aar (com.google.android.recaptcha:recaptcha:18.4.0) with AarTransform
Transforming integrity-1.2.0.aar (com.google.android.play:integrity:1.2.0) with JetifyTransform
Transforming integrity-1.2.0.aar (com.google.android.play:integrity:1.2.0) with ExtractAarTransform
Transforming integrity-1.2.0.aar (com.google.android.play:integrity:1.2.0) with AarTransform
Transforming integrity-1.2.0.aar (com.google.android.play:integrity:1.2.0) with JetifyTransform
Transforming integrity-1.2.0.aar (com.google.android.play:integrity:1.2.0) with ExtractAarTransform
Transforming integrity-1.2.0.aar (com.google.android.play:integrity:1.2.0) with AarTransform
Transforming firebase-auth-interop-20.0.0.aar (com.google.firebase:firebase-auth-interop:20.0.0) with JetifyTransform
Transforming firebase-auth-interop-20.0.0.aar (com.google.firebase:firebase-auth-interop:20.0.0) with ExtractAarTransform
Transforming firebase-auth-interop-20.0.0.aar (com.google.firebase:firebase-auth-interop:20.0.0) with AarTransform
Transforming firebase-common-ktx-20.4.2.aar (com.google.firebase:firebase-common-ktx:20.4.2) with JetifyTransform
Transforming firebase-common-ktx-20.4.2.aar (com.google.firebase:firebase-common-ktx:20.4.2) with ExtractAarTransform
Transforming firebase-common-ktx-20.4.2.aar (com.google.firebase:firebase-common-ktx:20.4.2) with AarTransform
Transforming firebase-common-20.4.2.aar (com.google.firebase:firebase-common:20.4.2) with JetifyTransform
Transforming firebase-common-20.4.2.aar (com.google.firebase:firebase-common:20.4.2) with ExtractAarTransform
Transforming firebase-common-20.4.2.aar (com.google.firebase:firebase-common:20.4.2) with AarTransform
Transforming firebase-common-20.4.2.aar (com.google.firebase:firebase-common:20.4.2) with JetifyTransform
Transforming firebase-common-20.4.2.aar (com.google.firebase:firebase-common:20.4.2) with ExtractAarTransform
Transforming firebase-common-20.4.2.aar (com.google.firebase:firebase-common:20.4.2) with AarTransform
Transforming firebase-common-20.4.2.aar (com.google.firebase:firebase-common:20.4.2) with JetifyTransform
Transforming firebase-common-20.4.2.aar (com.google.firebase:firebase-common:20.4.2) with ExtractAarTransform
Transforming firebase-common-20.4.2.aar (com.google.firebase:firebase-common:20.4.2) with AarTransform
Transforming room-runtime-2.6.1.aar (androidx.room:room-runtime:2.6.1) with JetifyTransform
Transforming room-runtime-2.6.1.aar (androidx.room:room-runtime:2.6.1) with ExtractAarTransform
Transforming room-runtime-2.6.1.aar (androidx.room:room-runtime:2.6.1) with AarTransform
Transforming room-ktx-2.6.1.aar (androidx.room:room-ktx:2.6.1) with JetifyTransform
Transforming room-ktx-2.6.1.aar (androidx.room:room-ktx:2.6.1) with ExtractAarTransform
Transforming room-ktx-2.6.1.aar (androidx.room:room-ktx:2.6.1) with AarTransform
Transforming runtime-saveable-release.aar (androidx.compose.runtime:runtime-saveable-android:1.6.1) with JetifyTransform
Transforming runtime-saveable-release.aar (androidx.compose.runtime:runtime-saveable-android:1.6.1) with ExtractAarTransform
Transforming runtime-saveable-release.aar (androidx.compose.runtime:runtime-saveable-android:1.6.1) with AarTransform
Transforming runtime-release.aar (androidx.compose.runtime:runtime-android:1.6.1) with JetifyTransform
Transforming runtime-release.aar (androidx.compose.runtime:runtime-android:1.6.1) with ExtractAarTransform
Transforming runtime-release.aar (androidx.compose.runtime:runtime-android:1.6.1) with AarTransform
Transforming accompanist-drawablepainter-0.32.0.aar (com.google.accompanist:accompanist-drawablepainter:0.32.0) with JetifyTransform
Transforming accompanist-drawablepainter-0.32.0.aar (com.google.accompanist:accompanist-drawablepainter:0.32.0) with ExtractAarTransform
Transforming accompanist-drawablepainter-0.32.0.aar (com.google.accompanist:accompanist-drawablepainter:0.32.0) with AarTransform
Transforming slidingpanelayout-1.2.0.aar (androidx.slidingpanelayout:slidingpanelayout:1.2.0) with JetifyTransform
Transforming slidingpanelayout-1.2.0.aar (androidx.slidingpanelayout:slidingpanelayout:1.2.0) with ExtractAarTransform
Transforming slidingpanelayout-1.2.0.aar (androidx.slidingpanelayout:slidingpanelayout:1.2.0) with AarTransform
Transforming window-1.0.0.aar (androidx.window:window:1.0.0) with JetifyTransform
Transforming window-1.0.0.aar (androidx.window:window:1.0.0) with ExtractAarTransform
Transforming window-1.0.0.aar (androidx.window:window:1.0.0) with AarTransform
Transforming dynamicanimation-1.0.0.aar (androidx.dynamicanimation:dynamicanimation:1.0.0) with JetifyTransform
Transforming dynamicanimation-1.0.0.aar (androidx.dynamicanimation:dynamicanimation:1.0.0) with ExtractAarTransform
Transforming dynamicanimation-1.0.0.aar (androidx.dynamicanimation:dynamicanimation:1.0.0) with AarTransform
Transforming legacy-support-core-utils-1.0.0.aar (androidx.legacy:legacy-support-core-utils:1.0.0) with JetifyTransform
Transforming legacy-support-core-utils-1.0.0.aar (androidx.legacy:legacy-support-core-utils:1.0.0) with ExtractAarTransform
Transforming legacy-support-core-utils-1.0.0.aar (androidx.legacy:legacy-support-core-utils:1.0.0) with AarTransform
Transforming loader-1.1.0.aar (androidx.loader:loader:1.1.0) with JetifyTransform
Transforming loader-1.1.0.aar (androidx.loader:loader:1.1.0) with ExtractAarTransform
Transforming loader-1.1.0.aar (androidx.loader:loader:1.1.0) with AarTransform
Transforming loader-1.1.0.aar (androidx.loader:loader:1.1.0) with JetifyTransform
Transforming loader-1.1.0.aar (androidx.loader:loader:1.1.0) with ExtractAarTransform
Transforming loader-1.1.0.aar (androidx.loader:loader:1.1.0) with AarTransform
Transforming loader-1.1.0.aar (androidx.loader:loader:1.1.0) with JetifyTransform
Transforming loader-1.1.0.aar (androidx.loader:loader:1.1.0) with ExtractAarTransform
Transforming loader-1.1.0.aar (androidx.loader:loader:1.1.0) with AarTransform
Transforming emoji2-views-helper-1.3.0.aar (androidx.emoji2:emoji2-views-helper:1.3.0) with JetifyTransform
Transforming emoji2-views-helper-1.3.0.aar (androidx.emoji2:emoji2-views-helper:1.3.0) with ExtractAarTransform
Transforming emoji2-views-helper-1.3.0.aar (androidx.emoji2:emoji2-views-helper:1.3.0) with AarTransform
Transforming emoji2-1.3.0.aar (androidx.emoji2:emoji2:1.3.0) with JetifyTransform
Transforming emoji2-1.3.0.aar (androidx.emoji2:emoji2:1.3.0) with ExtractAarTransform
Transforming emoji2-1.3.0.aar (androidx.emoji2:emoji2:1.3.0) with AarTransform
Transforming lifecycle-process-2.7.0.aar (androidx.lifecycle:lifecycle-process:2.7.0) with JetifyTransform
Transforming lifecycle-process-2.7.0.aar (androidx.lifecycle:lifecycle-process:2.7.0) with ExtractAarTransform
Transforming lifecycle-process-2.7.0.aar (androidx.lifecycle:lifecycle-process:2.7.0) with AarTransform
Transforming lifecycle-livedata-core-2.7.0.aar (androidx.lifecycle:lifecycle-livedata-core:2.7.0) with JetifyTransform
Transforming lifecycle-livedata-core-2.7.0.aar (androidx.lifecycle:lifecycle-livedata-core:2.7.0) with ExtractAarTransform
Transforming lifecycle-livedata-core-2.7.0.aar (androidx.lifecycle:lifecycle-livedata-core:2.7.0) with AarTransform
Transforming lifecycle-livedata-core-2.7.0.aar (androidx.lifecycle:lifecycle-livedata-core:2.7.0) with JetifyTransform
Transforming lifecycle-livedata-core-2.7.0.aar (androidx.lifecycle:lifecycle-livedata-core:2.7.0) with ExtractAarTransform
Transforming lifecycle-livedata-core-2.7.0.aar (androidx.lifecycle:lifecycle-livedata-core:2.7.0) with AarTransform
Transforming lifecycle-livedata-core-ktx-2.7.0.aar (androidx.lifecycle:lifecycle-livedata-core-ktx:2.7.0) with JetifyTransform
Transforming lifecycle-livedata-core-ktx-2.7.0.aar (androidx.lifecycle:lifecycle-livedata-core-ktx:2.7.0) with ExtractAarTransform
Transforming lifecycle-livedata-core-ktx-2.7.0.aar (androidx.lifecycle:lifecycle-livedata-core-ktx:2.7.0) with AarTransform
Transforming lifecycle-livedata-2.7.0.aar (androidx.lifecycle:lifecycle-livedata:2.7.0) with JetifyTransform
Transforming lifecycle-livedata-2.7.0.aar (androidx.lifecycle:lifecycle-livedata:2.7.0) with ExtractAarTransform
Transforming lifecycle-livedata-2.7.0.aar (androidx.lifecycle:lifecycle-livedata:2.7.0) with AarTransform
Transforming googleid-1.1.0.aar (com.google.android.libraries.identity.googleid:googleid:1.1.0) with JetifyTransform
Transforming googleid-1.1.0.aar (com.google.android.libraries.identity.googleid:googleid:1.1.0) with ExtractAarTransform
Transforming googleid-1.1.0.aar (com.google.android.libraries.identity.googleid:googleid:1.1.0) with AarTransform
Transforming credentials-1.0.0-alpha04.aar (androidx.credentials:credentials:1.0.0-alpha04) with JetifyTransform
Transforming credentials-1.0.0-alpha04.aar (androidx.credentials:credentials:1.0.0-alpha04) with ExtractAarTransform
Transforming credentials-1.0.0-alpha04.aar (androidx.credentials:credentials:1.0.0-alpha04) with AarTransform
Transforming play-services-tasks-18.2.0.aar (com.google.android.gms:play-services-tasks:18.2.0) with JetifyTransform
Transforming play-services-tasks-18.2.0.aar (com.google.android.gms:play-services-tasks:18.2.0) with ExtractAarTransform
Transforming play-services-tasks-18.2.0.aar (com.google.android.gms:play-services-tasks:18.2.0) with AarTransform
Transforming play-services-tasks-18.2.0.aar (com.google.android.gms:play-services-tasks:18.2.0) with JetifyTransform
Transforming play-services-tasks-18.2.0.aar (com.google.android.gms:play-services-tasks:18.2.0) with ExtractAarTransform
Transforming play-services-tasks-18.2.0.aar (com.google.android.gms:play-services-tasks:18.2.0) with AarTransform
Transforming play-services-tasks-18.2.0.aar (com.google.android.gms:play-services-tasks:18.2.0) with JetifyTransform
Transforming play-services-tasks-18.2.0.aar (com.google.android.gms:play-services-tasks:18.2.0) with ExtractAarTransform
Transforming play-services-tasks-18.2.0.aar (com.google.android.gms:play-services-tasks:18.2.0) with AarTransform
Transforming play-services-basement-18.4.0.aar (com.google.android.gms:play-services-basement:18.4.0) with JetifyTransform
Transforming play-services-basement-18.4.0.aar (com.google.android.gms:play-services-basement:18.4.0) with ExtractAarTransform
Transforming play-services-basement-18.4.0.aar (com.google.android.gms:play-services-basement:18.4.0) with AarTransform
Transforming play-services-basement-18.4.0.aar (com.google.android.gms:play-services-basement:18.4.0) with JetifyTransform
Transforming play-services-basement-18.4.0.aar (com.google.android.gms:play-services-basement:18.4.0) with ExtractAarTransform
Transforming play-services-basement-18.4.0.aar (com.google.android.gms:play-services-basement:18.4.0) with AarTransform
Transforming play-services-basement-18.4.0.aar (com.google.android.gms:play-services-basement:18.4.0) with JetifyTransform
Transforming play-services-basement-18.4.0.aar (com.google.android.gms:play-services-basement:18.4.0) with ExtractAarTransform
Transforming play-services-basement-18.4.0.aar (com.google.android.gms:play-services-basement:18.4.0) with AarTransform
Transforming fragment-1.6.2.aar (androidx.fragment:fragment:1.6.2) with JetifyTransform
Transforming fragment-1.6.2.aar (androidx.fragment:fragment:1.6.2) with ExtractAarTransform
Transforming fragment-1.6.2.aar (androidx.fragment:fragment:1.6.2) with AarTransform
Transforming fragment-1.6.2.aar (androidx.fragment:fragment:1.6.2) with JetifyTransform
Transforming fragment-1.6.2.aar (androidx.fragment:fragment:1.6.2) with ExtractAarTransform
Transforming fragment-1.6.2.aar (androidx.fragment:fragment:1.6.2) with AarTransform
Transforming fragment-1.6.2.aar (androidx.fragment:fragment:1.6.2) with JetifyTransform
Transforming fragment-1.6.2.aar (androidx.fragment:fragment:1.6.2) with ExtractAarTransform
Transforming fragment-1.6.2.aar (androidx.fragment:fragment:1.6.2) with AarTransform
Transforming fragment-1.6.2.aar (androidx.fragment:fragment:1.6.2) with JetifyTransform
Transforming fragment-1.6.2.aar (androidx.fragment:fragment:1.6.2) with ExtractAarTransform
Transforming fragment-1.6.2.aar (androidx.fragment:fragment:1.6.2) with AarTransform
Transforming fragment-1.6.2.aar (androidx.fragment:fragment:1.6.2) with JetifyTransform
Transforming fragment-1.6.2.aar (androidx.fragment:fragment:1.6.2) with ExtractAarTransform
Transforming fragment-1.6.2.aar (androidx.fragment:fragment:1.6.2) with AarTransform
Transforming fragment-1.6.2.aar (androidx.fragment:fragment:1.6.2) with JetifyTransform
Transforming fragment-1.6.2.aar (androidx.fragment:fragment:1.6.2) with ExtractAarTransform
Transforming fragment-1.6.2.aar (androidx.fragment:fragment:1.6.2) with AarTransform
Transforming fragment-ktx-1.6.2.aar (androidx.fragment:fragment-ktx:1.6.2) with JetifyTransform
Transforming fragment-ktx-1.6.2.aar (androidx.fragment:fragment-ktx:1.6.2) with ExtractAarTransform
Transforming fragment-ktx-1.6.2.aar (androidx.fragment:fragment-ktx:1.6.2) with AarTransform
Transforming savedstate-ktx-1.2.1.aar (androidx.savedstate:savedstate-ktx:1.2.1) with JetifyTransform
Transforming savedstate-ktx-1.2.1.aar (androidx.savedstate:savedstate-ktx:1.2.1) with ExtractAarTransform
Transforming savedstate-ktx-1.2.1.aar (androidx.savedstate:savedstate-ktx:1.2.1) with AarTransform
Transforming savedstate-1.2.1.aar (androidx.savedstate:savedstate:1.2.1) with JetifyTransform
Transforming savedstate-1.2.1.aar (androidx.savedstate:savedstate:1.2.1) with ExtractAarTransform
Transforming savedstate-1.2.1.aar (androidx.savedstate:savedstate:1.2.1) with AarTransform
Transforming lifecycle-runtime-ktx-2.7.0.aar (androidx.lifecycle:lifecycle-runtime-ktx:2.7.0) with JetifyTransform
Transforming lifecycle-runtime-ktx-2.7.0.aar (androidx.lifecycle:lifecycle-runtime-ktx:2.7.0) with ExtractAarTransform
Transforming lifecycle-runtime-ktx-2.7.0.aar (androidx.lifecycle:lifecycle-runtime-ktx:2.7.0) with AarTransform
Transforming lifecycle-viewmodel-savedstate-2.7.0.aar (androidx.lifecycle:lifecycle-viewmodel-savedstate:2.7.0) with JetifyTransform
Transforming lifecycle-viewmodel-savedstate-2.7.0.aar (androidx.lifecycle:lifecycle-viewmodel-savedstate:2.7.0) with ExtractAarTransform
Transforming lifecycle-viewmodel-savedstate-2.7.0.aar (androidx.lifecycle:lifecycle-viewmodel-savedstate:2.7.0) with AarTransform
Transforming lifecycle-viewmodel-compose-2.7.0.aar (androidx.lifecycle:lifecycle-viewmodel-compose:2.7.0) with JetifyTransform
Transforming lifecycle-viewmodel-compose-2.7.0.aar (androidx.lifecycle:lifecycle-viewmodel-compose:2.7.0) with ExtractAarTransform
Transforming lifecycle-viewmodel-compose-2.7.0.aar (androidx.lifecycle:lifecycle-viewmodel-compose:2.7.0) with AarTransform
Transforming lifecycle-viewmodel-2.7.0.aar (androidx.lifecycle:lifecycle-viewmodel:2.7.0) with JetifyTransform
Transforming lifecycle-viewmodel-2.7.0.aar (androidx.lifecycle:lifecycle-viewmodel:2.7.0) with ExtractAarTransform
Transforming lifecycle-viewmodel-2.7.0.aar (androidx.lifecycle:lifecycle-viewmodel:2.7.0) with AarTransform
Transforming lifecycle-viewmodel-2.7.0.aar (androidx.lifecycle:lifecycle-viewmodel:2.7.0) with JetifyTransform
Transforming lifecycle-viewmodel-2.7.0.aar (androidx.lifecycle:lifecycle-viewmodel:2.7.0) with ExtractAarTransform
Transforming lifecycle-viewmodel-2.7.0.aar (androidx.lifecycle:lifecycle-viewmodel:2.7.0) with AarTransform
Transforming lifecycle-runtime-2.7.0.aar (androidx.lifecycle:lifecycle-runtime:2.7.0) with JetifyTransform
Transforming lifecycle-runtime-2.7.0.aar (androidx.lifecycle:lifecycle-runtime:2.7.0) with ExtractAarTransform
Transforming lifecycle-runtime-2.7.0.aar (androidx.lifecycle:lifecycle-runtime:2.7.0) with AarTransform
Transforming lifecycle-livedata-ktx-2.7.0.aar (androidx.lifecycle:lifecycle-livedata-ktx:2.7.0) with JetifyTransform
Transforming lifecycle-livedata-ktx-2.7.0.aar (androidx.lifecycle:lifecycle-livedata-ktx:2.7.0) with ExtractAarTransform
Transforming lifecycle-livedata-ktx-2.7.0.aar (androidx.lifecycle:lifecycle-livedata-ktx:2.7.0) with AarTransform
Transforming lifecycle-viewmodel-ktx-2.7.0.aar (androidx.lifecycle:lifecycle-viewmodel-ktx:2.7.0) with JetifyTransform
Transforming lifecycle-viewmodel-ktx-2.7.0.aar (androidx.lifecycle:lifecycle-viewmodel-ktx:2.7.0) with ExtractAarTransform
Transforming lifecycle-viewmodel-ktx-2.7.0.aar (androidx.lifecycle:lifecycle-viewmodel-ktx:2.7.0) with AarTransform
Transforming lifecycle-runtime-compose-2.7.0.aar (androidx.lifecycle:lifecycle-runtime-compose:2.7.0) with JetifyTransform
Transforming lifecycle-runtime-compose-2.7.0.aar (androidx.lifecycle:lifecycle-runtime-compose:2.7.0) with ExtractAarTransform
Transforming lifecycle-runtime-compose-2.7.0.aar (androidx.lifecycle:lifecycle-runtime-compose:2.7.0) with AarTransform
Transforming ui-release.aar (androidx.compose.ui:ui-android:1.6.1) with JetifyTransform
Transforming ui-release.aar (androidx.compose.ui:ui-android:1.6.1) with ExtractAarTransform
Transforming ui-release.aar (androidx.compose.ui:ui-android:1.6.1) with AarTransform
Transforming activity-ktx-1.8.2.aar (androidx.activity:activity-ktx:1.8.2) with JetifyTransform
Transforming activity-ktx-1.8.2.aar (androidx.activity:activity-ktx:1.8.2) with ExtractAarTransform
Transforming activity-ktx-1.8.2.aar (androidx.activity:activity-ktx:1.8.2) with AarTransform
Transforming activity-compose-1.8.2.aar (androidx.activity:activity-compose:1.8.2) with JetifyTransform
Transforming activity-compose-1.8.2.aar (androidx.activity:activity-compose:1.8.2) with ExtractAarTransform
Transforming activity-compose-1.8.2.aar (androidx.activity:activity-compose:1.8.2) with AarTransform
Transforming activity-1.8.2.aar (androidx.activity:activity:1.8.2) with JetifyTransform
Transforming activity-1.8.2.aar (androidx.activity:activity:1.8.2) with ExtractAarTransform
Transforming activity-1.8.2.aar (androidx.activity:activity:1.8.2) with AarTransform
Transforming drawerlayout-1.1.1.aar (androidx.drawerlayout:drawerlayout:1.1.1) with JetifyTransform
Transforming drawerlayout-1.1.1.aar (androidx.drawerlayout:drawerlayout:1.1.1) with ExtractAarTransform
Transforming drawerlayout-1.1.1.aar (androidx.drawerlayout:drawerlayout:1.1.1) with AarTransform
Transforming coordinatorlayout-1.1.0.aar (androidx.coordinatorlayout:coordinatorlayout:1.1.0) with JetifyTransform
Transforming coordinatorlayout-1.1.0.aar (androidx.coordinatorlayout:coordinatorlayout:1.1.0) with ExtractAarTransform
Transforming coordinatorlayout-1.1.0.aar (androidx.coordinatorlayout:coordinatorlayout:1.1.0) with AarTransform
Transforming vectordrawable-animated-1.1.0.aar (androidx.vectordrawable:vectordrawable-animated:1.1.0) with JetifyTransform
Transforming vectordrawable-animated-1.1.0.aar (androidx.vectordrawable:vectordrawable-animated:1.1.0) with ExtractAarTransform
Transforming vectordrawable-animated-1.1.0.aar (androidx.vectordrawable:vectordrawable-animated:1.1.0) with AarTransform
Transforming vectordrawable-1.1.0.aar (androidx.vectordrawable:vectordrawable:1.1.0) with JetifyTransform
Transforming vectordrawable-1.1.0.aar (androidx.vectordrawable:vectordrawable:1.1.0) with ExtractAarTransform
Transforming vectordrawable-1.1.0.aar (androidx.vectordrawable:vectordrawable:1.1.0) with AarTransform
Transforming vectordrawable-1.1.0.aar (androidx.vectordrawable:vectordrawable:1.1.0) with JetifyTransform
Transforming vectordrawable-1.1.0.aar (androidx.vectordrawable:vectordrawable:1.1.0) with ExtractAarTransform
Transforming vectordrawable-1.1.0.aar (androidx.vectordrawable:vectordrawable:1.1.0) with AarTransform
Transforming recyclerview-1.1.0.aar (androidx.recyclerview:recyclerview:1.1.0) with JetifyTransform
Transforming recyclerview-1.1.0.aar (androidx.recyclerview:recyclerview:1.1.0) with ExtractAarTransform
Transforming recyclerview-1.1.0.aar (androidx.recyclerview:recyclerview:1.1.0) with AarTransform
Transforming recyclerview-1.1.0.aar (androidx.recyclerview:recyclerview:1.1.0) with JetifyTransform
Transforming recyclerview-1.1.0.aar (androidx.recyclerview:recyclerview:1.1.0) with ExtractAarTransform
Transforming recyclerview-1.1.0.aar (androidx.recyclerview:recyclerview:1.1.0) with AarTransform
Transforming viewpager-1.0.0.aar (androidx.viewpager:viewpager:1.0.0) with JetifyTransform
Transforming viewpager-1.0.0.aar (androidx.viewpager:viewpager:1.0.0) with ExtractAarTransform
Transforming viewpager-1.0.0.aar (androidx.viewpager:viewpager:1.0.0) with AarTransform
Transforming customview-1.1.0.aar (androidx.customview:customview:1.1.0) with JetifyTransform
Transforming customview-1.1.0.aar (androidx.customview:customview:1.1.0) with ExtractAarTransform
Transforming customview-1.1.0.aar (androidx.customview:customview:1.1.0) with AarTransform
Transforming customview-1.1.0.aar (androidx.customview:customview:1.1.0) with JetifyTransform
Transforming customview-1.1.0.aar (androidx.customview:customview:1.1.0) with ExtractAarTransform
Transforming customview-1.1.0.aar (androidx.customview:customview:1.1.0) with AarTransform
Transforming customview-1.1.0.aar (androidx.customview:customview:1.1.0) with JetifyTransform
Transforming customview-1.1.0.aar (androidx.customview:customview:1.1.0) with ExtractAarTransform
Transforming customview-1.1.0.aar (androidx.customview:customview:1.1.0) with AarTransform
Transforming browser-1.4.0.aar (androidx.browser:browser:1.4.0) with JetifyTransform
Transforming browser-1.4.0.aar (androidx.browser:browser:1.4.0) with ExtractAarTransform
Transforming browser-1.4.0.aar (androidx.browser:browser:1.4.0) with AarTransform
Transforming autofill-1.0.0.aar (androidx.autofill:autofill:1.0.0) with JetifyTransform
Transforming autofill-1.0.0.aar (androidx.autofill:autofill:1.0.0) with ExtractAarTransform
Transforming autofill-1.0.0.aar (androidx.autofill:autofill:1.0.0) with AarTransform
Transforming transition-1.4.1.aar (androidx.transition:transition:1.4.1) with JetifyTransform
Transforming transition-1.4.1.aar (androidx.transition:transition:1.4.1) with ExtractAarTransform
Transforming transition-1.4.1.aar (androidx.transition:transition:1.4.1) with AarTransform
Transforming core-1.12.0.aar (androidx.core:core:1.12.0) with JetifyTransform
Transforming core-1.12.0.aar (androidx.core:core:1.12.0) with ExtractAarTransform
Transforming core-1.12.0.aar (androidx.core:core:1.12.0) with AarTransform
Transforming core-1.12.0.aar (androidx.core:core:1.12.0) with JetifyTransform
Transforming core-1.12.0.aar (androidx.core:core:1.12.0) with ExtractAarTransform
Transforming core-1.12.0.aar (androidx.core:core:1.12.0) with AarTransform
Transforming core-1.12.0.aar (androidx.core:core:1.12.0) with JetifyTransform
Transforming core-1.12.0.aar (androidx.core:core:1.12.0) with ExtractAarTransform
Transforming core-1.12.0.aar (androidx.core:core:1.12.0) with AarTransform
Transforming core-1.12.0.aar (androidx.core:core:1.12.0) with JetifyTransform
Transforming core-1.12.0.aar (androidx.core:core:1.12.0) with ExtractAarTransform
Transforming core-1.12.0.aar (androidx.core:core:1.12.0) with AarTransform
Transforming core-1.12.0.aar (androidx.core:core:1.12.0) with JetifyTransform
Transforming core-1.12.0.aar (androidx.core:core:1.12.0) with ExtractAarTransform
Transforming core-1.12.0.aar (androidx.core:core:1.12.0) with AarTransform
Transforming core-1.12.0.aar (androidx.core:core:1.12.0) with JetifyTransform
Transforming core-1.12.0.aar (androidx.core:core:1.12.0) with ExtractAarTransform
Transforming core-1.12.0.aar (androidx.core:core:1.12.0) with AarTransform
Transforming core-1.12.0.aar (androidx.core:core:1.12.0) with JetifyTransform
Transforming core-1.12.0.aar (androidx.core:core:1.12.0) with ExtractAarTransform
Transforming core-1.12.0.aar (androidx.core:core:1.12.0) with AarTransform
Transforming core-1.12.0.aar (androidx.core:core:1.12.0) with JetifyTransform
Transforming core-1.12.0.aar (androidx.core:core:1.12.0) with ExtractAarTransform
Transforming core-1.12.0.aar (androidx.core:core:1.12.0) with AarTransform
Transforming core-1.12.0.aar (androidx.core:core:1.12.0) with JetifyTransform
Transforming core-1.12.0.aar (androidx.core:core:1.12.0) with ExtractAarTransform
Transforming core-1.12.0.aar (androidx.core:core:1.12.0) with AarTransform
Transforming core-1.12.0.aar (androidx.core:core:1.12.0) with JetifyTransform
Transforming core-1.12.0.aar (androidx.core:core:1.12.0) with ExtractAarTransform
Transforming core-1.12.0.aar (androidx.core:core:1.12.0) with AarTransform
Transforming core-1.12.0.aar (androidx.core:core:1.12.0) with JetifyTransform
Transforming core-1.12.0.aar (androidx.core:core:1.12.0) with ExtractAarTransform
Transforming core-1.12.0.aar (androidx.core:core:1.12.0) with AarTransform
Transforming core-1.12.0.aar (androidx.core:core:1.12.0) with JetifyTransform
Transforming core-1.12.0.aar (androidx.core:core:1.12.0) with ExtractAarTransform
Transforming core-1.12.0.aar (androidx.core:core:1.12.0) with AarTransform
Transforming core-1.12.0.aar (androidx.core:core:1.12.0) with JetifyTransform
Transforming core-1.12.0.aar (androidx.core:core:1.12.0) with ExtractAarTransform
Transforming core-1.12.0.aar (androidx.core:core:1.12.0) with AarTransform
Transforming core-1.12.0.aar (androidx.core:core:1.12.0) with JetifyTransform
Transforming core-1.12.0.aar (androidx.core:core:1.12.0) with ExtractAarTransform
Transforming core-1.12.0.aar (androidx.core:core:1.12.0) with AarTransform
Transforming core-1.12.0.aar (androidx.core:core:1.12.0) with JetifyTransform
Transforming core-1.12.0.aar (androidx.core:core:1.12.0) with ExtractAarTransform
Transforming core-1.12.0.aar (androidx.core:core:1.12.0) with AarTransform
Transforming customview-poolingcontainer-1.0.0.aar (androidx.customview:customview-poolingcontainer:1.0.0) with JetifyTransform
Transforming customview-poolingcontainer-1.0.0.aar (androidx.customview:customview-poolingcontainer:1.0.0) with ExtractAarTransform
Transforming customview-poolingcontainer-1.0.0.aar (androidx.customview:customview-poolingcontainer:1.0.0) with AarTransform
Transforming core-ktx-1.12.0.aar (androidx.core:core-ktx:1.12.0) with JetifyTransform
Transforming core-ktx-1.12.0.aar (androidx.core:core-ktx:1.12.0) with ExtractAarTransform
Transforming core-ktx-1.12.0.aar (androidx.core:core-ktx:1.12.0) with AarTransform
Transforming core-splashscreen-1.0.1.aar (androidx.core:core-splashscreen:1.0.1) with JetifyTransform
Transforming core-splashscreen-1.0.1.aar (androidx.core:core-splashscreen:1.0.1) with ExtractAarTransform
Transforming core-splashscreen-1.0.1.aar (androidx.core:core-splashscreen:1.0.1) with AarTransform
Transforming sqlite-framework-2.4.0.aar (androidx.sqlite:sqlite-framework:2.4.0) with JetifyTransform
Transforming sqlite-framework-2.4.0.aar (androidx.sqlite:sqlite-framework:2.4.0) with ExtractAarTransform
Transforming sqlite-framework-2.4.0.aar (androidx.sqlite:sqlite-framework:2.4.0) with AarTransform
Transforming sqlite-2.4.0.aar (androidx.sqlite:sqlite:2.4.0) with JetifyTransform
Transforming sqlite-2.4.0.aar (androidx.sqlite:sqlite:2.4.0) with ExtractAarTransform
Transforming sqlite-2.4.0.aar (androidx.sqlite:sqlite:2.4.0) with AarTransform
Transforming annotation-experimental-1.4.0.aar (androidx.annotation:annotation-experimental:1.4.0) with JetifyTransform
Transforming annotation-experimental-1.4.0.aar (androidx.annotation:annotation-experimental:1.4.0) with ExtractAarTransform
Transforming annotation-experimental-1.4.0.aar (androidx.annotation:annotation-experimental:1.4.0) with AarTransform
Transforming versionedparcelable-1.1.1.aar (androidx.versionedparcelable:versionedparcelable:1.1.1) with JetifyTransform
Transforming versionedparcelable-1.1.1.aar (androidx.versionedparcelable:versionedparcelable:1.1.1) with ExtractAarTransform
Transforming versionedparcelable-1.1.1.aar (androidx.versionedparcelable:versionedparcelable:1.1.1) with AarTransform
Transforming MPAndroidChart-3.1.0.aar (com.github.PhilJay:MPAndroidChart:3.1.0) with JetifyTransform
Transforming MPAndroidChart-3.1.0.aar (com.github.PhilJay:MPAndroidChart:3.1.0) with ExtractAarTransform
Transforming MPAndroidChart-3.1.0.aar (com.github.PhilJay:MPAndroidChart:3.1.0) with AarTransform
Transforming cursoradapter-1.0.0.aar (androidx.cursoradapter:cursoradapter:1.0.0) with JetifyTransform
Transforming cursoradapter-1.0.0.aar (androidx.cursoradapter:cursoradapter:1.0.0) with ExtractAarTransform
Transforming cursoradapter-1.0.0.aar (androidx.cursoradapter:cursoradapter:1.0.0) with AarTransform
Transforming cardview-1.0.0.aar (androidx.cardview:cardview:1.0.0) with JetifyTransform
Transforming cardview-1.0.0.aar (androidx.cardview:cardview:1.0.0) with ExtractAarTransform
Transforming cardview-1.0.0.aar (androidx.cardview:cardview:1.0.0) with AarTransform
Transforming profileinstaller-1.3.1.aar (androidx.profileinstaller:profileinstaller:1.3.1) with JetifyTransform
Transforming profileinstaller-1.3.1.aar (androidx.profileinstaller:profileinstaller:1.3.1) with ExtractAarTransform
Transforming profileinstaller-1.3.1.aar (androidx.profileinstaller:profileinstaller:1.3.1) with AarTransform
Transforming startup-runtime-1.1.1.aar (androidx.startup:startup-runtime:1.1.1) with JetifyTransform
Transforming startup-runtime-1.1.1.aar (androidx.startup:startup-runtime:1.1.1) with ExtractAarTransform
Transforming startup-runtime-1.1.1.aar (androidx.startup:startup-runtime:1.1.1) with AarTransform
Transforming tracing-1.0.0.aar (androidx.tracing:tracing:1.0.0) with JetifyTransform
Transforming tracing-1.0.0.aar (androidx.tracing:tracing:1.0.0) with ExtractAarTransform
Transforming tracing-1.0.0.aar (androidx.tracing:tracing:1.0.0) with AarTransform
Transforming core-runtime-2.2.0.aar (androidx.arch.core:core-runtime:2.2.0) with JetifyTransform
Transforming core-runtime-2.2.0.aar (androidx.arch.core:core-runtime:2.2.0) with ExtractAarTransform
Transforming core-runtime-2.2.0.aar (androidx.arch.core:core-runtime:2.2.0) with AarTransform
Transforming transport-backend-cct-2.3.3.aar (com.google.android.datatransport:transport-backend-cct:2.3.3) with JetifyTransform
Transforming transport-backend-cct-2.3.3.aar (com.google.android.datatransport:transport-backend-cct:2.3.3) with ExtractAarTransform
Transforming transport-backend-cct-2.3.3.aar (com.google.android.datatransport:transport-backend-cct:2.3.3) with AarTransform
Transforming transport-backend-cct-2.3.3.aar (com.google.android.datatransport:transport-backend-cct:2.3.3) with JetifyTransform
Transforming transport-backend-cct-2.3.3.aar (com.google.android.datatransport:transport-backend-cct:2.3.3) with ExtractAarTransform
Transforming transport-backend-cct-2.3.3.aar (com.google.android.datatransport:transport-backend-cct:2.3.3) with AarTransform
Transforming transport-backend-cct-2.3.3.aar (com.google.android.datatransport:transport-backend-cct:2.3.3) with JetifyTransform
Transforming transport-backend-cct-2.3.3.aar (com.google.android.datatransport:transport-backend-cct:2.3.3) with ExtractAarTransform
Transforming transport-backend-cct-2.3.3.aar (com.google.android.datatransport:transport-backend-cct:2.3.3) with AarTransform
Transforming transport-runtime-2.2.6.aar (com.google.android.datatransport:transport-runtime:2.2.6) with JetifyTransform
Transforming transport-runtime-2.2.6.aar (com.google.android.datatransport:transport-runtime:2.2.6) with ExtractAarTransform
Transforming transport-runtime-2.2.6.aar (com.google.android.datatransport:transport-runtime:2.2.6) with AarTransform
Transforming transport-runtime-2.2.6.aar (com.google.android.datatransport:transport-runtime:2.2.6) with JetifyTransform
Transforming transport-runtime-2.2.6.aar (com.google.android.datatransport:transport-runtime:2.2.6) with ExtractAarTransform
Transforming transport-runtime-2.2.6.aar (com.google.android.datatransport:transport-runtime:2.2.6) with AarTransform
Transforming transport-runtime-2.2.6.aar (com.google.android.datatransport:transport-runtime:2.2.6) with JetifyTransform
Transforming transport-runtime-2.2.6.aar (com.google.android.datatransport:transport-runtime:2.2.6) with ExtractAarTransform
Transforming transport-runtime-2.2.6.aar (com.google.android.datatransport:transport-runtime:2.2.6) with AarTransform
Transforming transport-runtime-2.2.6.aar (com.google.android.datatransport:transport-runtime:2.2.6) with JetifyTransform
Transforming transport-runtime-2.2.6.aar (com.google.android.datatransport:transport-runtime:2.2.6) with ExtractAarTransform
Transforming transport-runtime-2.2.6.aar (com.google.android.datatransport:transport-runtime:2.2.6) with AarTransform
Transforming transport-api-2.2.1.aar (com.google.android.datatransport:transport-api:2.2.1) with JetifyTransform
Transforming transport-api-2.2.1.aar (com.google.android.datatransport:transport-api:2.2.1) with ExtractAarTransform
Transforming transport-api-2.2.1.aar (com.google.android.datatransport:transport-api:2.2.1) with AarTransform
Transforming transport-api-2.2.1.aar (com.google.android.datatransport:transport-api:2.2.1) with JetifyTransform
Transforming transport-api-2.2.1.aar (com.google.android.datatransport:transport-api:2.2.1) with ExtractAarTransform
Transforming transport-api-2.2.1.aar (com.google.android.datatransport:transport-api:2.2.1) with AarTransform
Transforming transport-api-2.2.1.aar (com.google.android.datatransport:transport-api:2.2.1) with JetifyTransform
Transforming transport-api-2.2.1.aar (com.google.android.datatransport:transport-api:2.2.1) with ExtractAarTransform
Transforming transport-api-2.2.1.aar (com.google.android.datatransport:transport-api:2.2.1) with AarTransform
Transforming transport-api-2.2.1.aar (com.google.android.datatransport:transport-api:2.2.1) with JetifyTransform
Transforming transport-api-2.2.1.aar (com.google.android.datatransport:transport-api:2.2.1) with ExtractAarTransform
Transforming transport-api-2.2.1.aar (com.google.android.datatransport:transport-api:2.2.1) with AarTransform
Transforming transport-api-2.2.1.aar (com.google.android.datatransport:transport-api:2.2.1) with JetifyTransform
Transforming transport-api-2.2.1.aar (com.google.android.datatransport:transport-api:2.2.1) with ExtractAarTransform
Transforming transport-api-2.2.1.aar (com.google.android.datatransport:transport-api:2.2.1) with AarTransform
Transforming firebase-encoders-json-17.1.0.aar (com.google.firebase:firebase-encoders-json:17.1.0) with JetifyTransform
Transforming firebase-encoders-json-17.1.0.aar (com.google.firebase:firebase-encoders-json:17.1.0) with ExtractAarTransform
Transforming firebase-encoders-json-17.1.0.aar (com.google.firebase:firebase-encoders-json:17.1.0) with AarTransform
Transforming firebase-encoders-json-17.1.0.aar (com.google.firebase:firebase-encoders-json:17.1.0) with JetifyTransform
Transforming firebase-encoders-json-17.1.0.aar (com.google.firebase:firebase-encoders-json:17.1.0) with ExtractAarTransform
Transforming firebase-encoders-json-17.1.0.aar (com.google.firebase:firebase-encoders-json:17.1.0) with AarTransform
Transforming firebase-encoders-json-17.1.0.aar (com.google.firebase:firebase-encoders-json:17.1.0) with JetifyTransform
Transforming firebase-encoders-json-17.1.0.aar (com.google.firebase:firebase-encoders-json:17.1.0) with ExtractAarTransform
Transforming firebase-encoders-json-17.1.0.aar (com.google.firebase:firebase-encoders-json:17.1.0) with AarTransform
Transforming firebase-encoders-json-17.1.0.aar (com.google.firebase:firebase-encoders-json:17.1.0) with JetifyTransform
Transforming firebase-encoders-json-17.1.0.aar (com.google.firebase:firebase-encoders-json:17.1.0) with ExtractAarTransform
Transforming firebase-encoders-json-17.1.0.aar (com.google.firebase:firebase-encoders-json:17.1.0) with AarTransform
Transforming interpolator-1.0.0.aar (androidx.interpolator:interpolator:1.0.0) with JetifyTransform
Transforming interpolator-1.0.0.aar (androidx.interpolator:interpolator:1.0.0) with ExtractAarTransform
Transforming interpolator-1.0.0.aar (androidx.interpolator:interpolator:1.0.0) with AarTransform
Transforming interpolator-1.0.0.aar (androidx.interpolator:interpolator:1.0.0) with JetifyTransform
Transforming interpolator-1.0.0.aar (androidx.interpolator:interpolator:1.0.0) with ExtractAarTransform
Transforming interpolator-1.0.0.aar (androidx.interpolator:interpolator:1.0.0) with AarTransform
Transforming firebase-components-17.1.5.aar (com.google.firebase:firebase-components:17.1.5) with JetifyTransform
Transforming firebase-components-17.1.5.aar (com.google.firebase:firebase-components:17.1.5) with ExtractAarTransform
Transforming firebase-components-17.1.5.aar (com.google.firebase:firebase-components:17.1.5) with AarTransform
Transforming firebase-components-17.1.5.aar (com.google.firebase:firebase-components:17.1.5) with JetifyTransform
Transforming firebase-components-17.1.5.aar (com.google.firebase:firebase-components:17.1.5) with ExtractAarTransform
Transforming firebase-components-17.1.5.aar (com.google.firebase:firebase-components:17.1.5) with AarTransform
Transforming firebase-components-17.1.5.aar (com.google.firebase:firebase-components:17.1.5) with JetifyTransform
Transforming firebase-components-17.1.5.aar (com.google.firebase:firebase-components:17.1.5) with ExtractAarTransform
Transforming firebase-components-17.1.5.aar (com.google.firebase:firebase-components:17.1.5) with AarTransform
Transforming firebase-components-17.1.5.aar (com.google.firebase:firebase-components:17.1.5) with JetifyTransform
Transforming firebase-components-17.1.5.aar (com.google.firebase:firebase-components:17.1.5) with ExtractAarTransform
Transforming firebase-components-17.1.5.aar (com.google.firebase:firebase-components:17.1.5) with AarTransform
Transforming firebase-components-17.1.5.aar (com.google.firebase:firebase-components:17.1.5) with JetifyTransform
Transforming firebase-components-17.1.5.aar (com.google.firebase:firebase-components:17.1.5) with ExtractAarTransform
Transforming firebase-components-17.1.5.aar (com.google.firebase:firebase-components:17.1.5) with AarTransform
Transforming firebase-components-17.1.5.aar (com.google.firebase:firebase-components:17.1.5) with JetifyTransform
Transforming firebase-components-17.1.5.aar (com.google.firebase:firebase-components:17.1.5) with ExtractAarTransform
Transforming firebase-components-17.1.5.aar (com.google.firebase:firebase-components:17.1.5) with AarTransform
Transforming localbroadcastmanager-1.0.0.aar (androidx.localbroadcastmanager:localbroadcastmanager:1.0.0) with JetifyTransform
Transforming localbroadcastmanager-1.0.0.aar (androidx.localbroadcastmanager:localbroadcastmanager:1.0.0) with ExtractAarTransform
Transforming localbroadcastmanager-1.0.0.aar (androidx.localbroadcastmanager:localbroadcastmanager:1.0.0) with AarTransform
Transforming localbroadcastmanager-1.0.0.aar (androidx.localbroadcastmanager:localbroadcastmanager:1.0.0) with JetifyTransform
Transforming localbroadcastmanager-1.0.0.aar (androidx.localbroadcastmanager:localbroadcastmanager:1.0.0) with ExtractAarTransform
Transforming localbroadcastmanager-1.0.0.aar (androidx.localbroadcastmanager:localbroadcastmanager:1.0.0) with AarTransform
Transforming documentfile-1.0.0.aar (androidx.documentfile:documentfile:1.0.0) with JetifyTransform
Transforming documentfile-1.0.0.aar (androidx.documentfile:documentfile:1.0.0) with ExtractAarTransform
Transforming documentfile-1.0.0.aar (androidx.documentfile:documentfile:1.0.0) with AarTransform
Transforming print-1.0.0.aar (androidx.print:print:1.0.0) with JetifyTransform
Transforming print-1.0.0.aar (androidx.print:print:1.0.0) with ExtractAarTransform
Transforming print-1.0.0.aar (androidx.print:print:1.0.0) with AarTransform
Transforming exifinterface-1.3.6.aar (androidx.exifinterface:exifinterface:1.3.6) with JetifyTransform
Transforming exifinterface-1.3.6.aar (androidx.exifinterface:exifinterface:1.3.6) with ExtractAarTransform
Transforming exifinterface-1.3.6.aar (androidx.exifinterface:exifinterface:1.3.6) with AarTransform
Transforming exifinterface-1.3.6.aar (androidx.exifinterface:exifinterface:1.3.6) with JetifyTransform
Transforming exifinterface-1.3.6.aar (androidx.exifinterface:exifinterface:1.3.6) with ExtractAarTransform
Transforming exifinterface-1.3.6.aar (androidx.exifinterface:exifinterface:1.3.6) with AarTransform
Transforming dagger-lint-aar-2.48.aar (com.google.dagger:dagger-lint-aar:2.48) with JetifyTransform
Transforming dagger-lint-aar-2.48.aar (com.google.dagger:dagger-lint-aar:2.48) with ExtractAarTransform
Transforming dagger-lint-aar-2.48.aar (com.google.dagger:dagger-lint-aar:2.48) with AarTransform
Transforming image-1.0.0-beta1.aar (com.google.android.odml:image:1.0.0-beta1) with JetifyTransform
Transforming image-1.0.0-beta1.aar (com.google.android.odml:image:1.0.0-beta1) with ExtractAarTransform
Transforming image-1.0.0-beta1.aar (com.google.android.odml:image:1.0.0-beta1) with AarTransform
Transforming image-1.0.0-beta1.aar (com.google.android.odml:image:1.0.0-beta1) with JetifyTransform
Transforming image-1.0.0-beta1.aar (com.google.android.odml:image:1.0.0-beta1) with ExtractAarTransform
Transforming image-1.0.0-beta1.aar (com.google.android.odml:image:1.0.0-beta1) with AarTransform
Caching disabled for task ':app:processDebugMainManifest' because:
  Build cache is disabled
Skipping task ':app:processDebugMainManifest' as it is up-to-date.
Resolve mutations for :app:processDebugManifest (Thread[included builds,5,main]) started.
:app:processDebugManifest (Thread[Execution worker Thread 2,5,main]) started.

> Task :app:processDebugManifest UP-TO-DATE
Caching disabled for task ':app:processDebugManifest' because:
  Build cache is disabled
Skipping task ':app:processDebugManifest' as it is up-to-date.
Resolve mutations for :app:processDebugManifestForPackage (Thread[Execution worker Thread 2,5,main]) started.
:app:processDebugManifestForPackage (Thread[Execution worker Thread 2,5,main]) started.

> Task :app:processDebugManifestForPackage UP-TO-DATE
Custom actions are attached to task ':app:processDebugManifestForPackage'.
Caching disabled for task ':app:processDebugManifestForPackage' because:
  Build cache is disabled
Skipping task ':app:processDebugManifestForPackage' as it is up-to-date.
Resolve mutations for :app:processDebugResources (Thread[Execution worker Thread 2,5,main]) started.
:app:processDebugResources (Thread[Execution worker Thread 2,5,main]) started.

> Task :app:processDebugResources UP-TO-DATE
Transforming aapt2-8.6.0-11315950-windows.jar (com.android.tools.build:aapt2:8.6.0-11315950) with Aapt2Extractor
Transforming viewbinding-8.6.0.aar (androidx.databinding:viewbinding:8.6.0) with JetifyTransform
Transforming viewbinding-8.6.0.aar (androidx.databinding:viewbinding:8.6.0) with ExtractAarTransform
Transforming viewbinding-8.6.0.aar (androidx.databinding:viewbinding:8.6.0) with AarResourcesCompilerTransform
Transforming hilt-navigation-compose-1.1.0.aar (androidx.hilt:hilt-navigation-compose:1.1.0) with JetifyTransform
Transforming hilt-navigation-compose-1.1.0.aar (androidx.hilt:hilt-navigation-compose:1.1.0) with ExtractAarTransform
Transforming hilt-navigation-compose-1.1.0.aar (androidx.hilt:hilt-navigation-compose:1.1.0) with AarResourcesCompilerTransform
Transforming hilt-navigation-1.1.0.aar (androidx.hilt:hilt-navigation:1.1.0) with JetifyTransform
Transforming hilt-navigation-1.1.0.aar (androidx.hilt:hilt-navigation:1.1.0) with ExtractAarTransform
Transforming hilt-navigation-1.1.0.aar (androidx.hilt:hilt-navigation:1.1.0) with AarResourcesCompilerTransform
Transforming navigation-common-2.7.6.aar (androidx.navigation:navigation-common:2.7.6) with JetifyTransform
Transforming navigation-common-2.7.6.aar (androidx.navigation:navigation-common:2.7.6) with ExtractAarTransform
Transforming navigation-common-2.7.6.aar (androidx.navigation:navigation-common:2.7.6) with AarResourcesCompilerTransform
Transforming navigation-runtime-2.7.6.aar (androidx.navigation:navigation-runtime:2.7.6) with JetifyTransform
Transforming navigation-runtime-2.7.6.aar (androidx.navigation:navigation-runtime:2.7.6) with ExtractAarTransform
Transforming navigation-runtime-2.7.6.aar (androidx.navigation:navigation-runtime:2.7.6) with AarResourcesCompilerTransform
Transforming navigation-common-ktx-2.7.6.aar (androidx.navigation:navigation-common-ktx:2.7.6) with JetifyTransform
Transforming navigation-common-ktx-2.7.6.aar (androidx.navigation:navigation-common-ktx:2.7.6) with ExtractAarTransform
Transforming navigation-common-ktx-2.7.6.aar (androidx.navigation:navigation-common-ktx:2.7.6) with AarResourcesCompilerTransform
Transforming navigation-fragment-2.7.6.aar (androidx.navigation:navigation-fragment:2.7.6) with JetifyTransform
Transforming navigation-fragment-2.7.6.aar (androidx.navigation:navigation-fragment:2.7.6) with ExtractAarTransform
Transforming navigation-fragment-2.7.6.aar (androidx.navigation:navigation-fragment:2.7.6) with AarResourcesCompilerTransform
Transforming navigation-runtime-ktx-2.7.6.aar (androidx.navigation:navigation-runtime-ktx:2.7.6) with JetifyTransform
Transforming navigation-runtime-ktx-2.7.6.aar (androidx.navigation:navigation-runtime-ktx:2.7.6) with ExtractAarTransform
Transforming navigation-runtime-ktx-2.7.6.aar (androidx.navigation:navigation-runtime-ktx:2.7.6) with AarResourcesCompilerTransform
Transforming navigation-fragment-ktx-2.7.6.aar (androidx.navigation:navigation-fragment-ktx:2.7.6) with JetifyTransform
Transforming navigation-fragment-ktx-2.7.6.aar (androidx.navigation:navigation-fragment-ktx:2.7.6) with ExtractAarTransform
Transforming navigation-fragment-ktx-2.7.6.aar (androidx.navigation:navigation-fragment-ktx:2.7.6) with AarResourcesCompilerTransform
Transforming navigation-compose-2.7.6.aar (androidx.navigation:navigation-compose:2.7.6) with JetifyTransform
Transforming navigation-compose-2.7.6.aar (androidx.navigation:navigation-compose:2.7.6) with ExtractAarTransform
Transforming navigation-compose-2.7.6.aar (androidx.navigation:navigation-compose:2.7.6) with AarResourcesCompilerTransform
Transforming navigation-ui-ktx-2.7.6.aar (androidx.navigation:navigation-ui-ktx:2.7.6) with JetifyTransform
Transforming navigation-ui-ktx-2.7.6.aar (androidx.navigation:navigation-ui-ktx:2.7.6) with ExtractAarTransform
Transforming navigation-ui-ktx-2.7.6.aar (androidx.navigation:navigation-ui-ktx:2.7.6) with AarResourcesCompilerTransform
Transforming navigation-ui-2.7.6.aar (androidx.navigation:navigation-ui:2.7.6) with JetifyTransform
Transforming navigation-ui-2.7.6.aar (androidx.navigation:navigation-ui:2.7.6) with ExtractAarTransform
Transforming navigation-ui-2.7.6.aar (androidx.navigation:navigation-ui:2.7.6) with AarResourcesCompilerTransform
Transforming material-1.11.0.aar (com.google.android.material:material:1.11.0) with JetifyTransform
Transforming material-1.11.0.aar (com.google.android.material:material:1.11.0) with ExtractAarTransform
Transforming material-1.11.0.aar (com.google.android.material:material:1.11.0) with AarResourcesCompilerTransform
Transforming constraintlayout-2.1.4.aar (androidx.constraintlayout:constraintlayout:2.1.4) with JetifyTransform
Transforming constraintlayout-2.1.4.aar (androidx.constraintlayout:constraintlayout:2.1.4) with ExtractAarTransform
Transforming constraintlayout-2.1.4.aar (androidx.constraintlayout:constraintlayout:2.1.4) with AarResourcesCompilerTransform
Transforming biometric-1.1.0.aar (androidx.biometric:biometric:1.1.0) with JetifyTransform
Transforming biometric-1.1.0.aar (androidx.biometric:biometric:1.1.0) with ExtractAarTransform
Transforming biometric-1.1.0.aar (androidx.biometric:biometric:1.1.0) with AarResourcesCompilerTransform
Transforming camera-video-1.3.1.aar (androidx.camera:camera-video:1.3.1) with JetifyTransform
Transforming camera-video-1.3.1.aar (androidx.camera:camera-video:1.3.1) with ExtractAarTransform
Transforming camera-video-1.3.1.aar (androidx.camera:camera-video:1.3.1) with AarResourcesCompilerTransform
Transforming camera-lifecycle-1.3.1.aar (androidx.camera:camera-lifecycle:1.3.1) with JetifyTransform
Transforming camera-lifecycle-1.3.1.aar (androidx.camera:camera-lifecycle:1.3.1) with ExtractAarTransform
Transforming camera-lifecycle-1.3.1.aar (androidx.camera:camera-lifecycle:1.3.1) with AarResourcesCompilerTransform
Transforming camera-camera2-1.3.1.aar (androidx.camera:camera-camera2:1.3.1) with JetifyTransform
Transforming camera-camera2-1.3.1.aar (androidx.camera:camera-camera2:1.3.1) with ExtractAarTransform
Transforming camera-camera2-1.3.1.aar (androidx.camera:camera-camera2:1.3.1) with AarResourcesCompilerTransform
Transforming camera-core-1.3.1.aar (androidx.camera:camera-core:1.3.1) with JetifyTransform
Transforming camera-core-1.3.1.aar (androidx.camera:camera-core:1.3.1) with ExtractAarTransform
Transforming camera-core-1.3.1.aar (androidx.camera:camera-core:1.3.1) with AarResourcesCompilerTransform
Transforming camera-view-1.3.1.aar (androidx.camera:camera-view:1.3.1) with JetifyTransform
Transforming camera-view-1.3.1.aar (androidx.camera:camera-view:1.3.1) with ExtractAarTransform
Transforming camera-view-1.3.1.aar (androidx.camera:camera-view:1.3.1) with AarResourcesCompilerTransform
Transforming coil-compose-2.5.0.aar (io.coil-kt:coil-compose:2.5.0) with JetifyTransform
Transforming coil-compose-2.5.0.aar (io.coil-kt:coil-compose:2.5.0) with ExtractAarTransform
Transforming coil-compose-2.5.0.aar (io.coil-kt:coil-compose:2.5.0) with AarResourcesCompilerTransform
Transforming coil-compose-base-2.5.0.aar (io.coil-kt:coil-compose-base:2.5.0) with JetifyTransform
Transforming coil-compose-base-2.5.0.aar (io.coil-kt:coil-compose-base:2.5.0) with ExtractAarTransform
Transforming coil-compose-base-2.5.0.aar (io.coil-kt:coil-compose-base:2.5.0) with AarResourcesCompilerTransform
Transforming coil-2.5.0.aar (io.coil-kt:coil:2.5.0) with JetifyTransform
Transforming coil-2.5.0.aar (io.coil-kt:coil:2.5.0) with ExtractAarTransform
Transforming coil-2.5.0.aar (io.coil-kt:coil:2.5.0) with AarResourcesCompilerTransform
Transforming coil-base-2.5.0.aar (io.coil-kt:coil-base:2.5.0) with JetifyTransform
Transforming coil-base-2.5.0.aar (io.coil-kt:coil-base:2.5.0) with ExtractAarTransform
Transforming coil-base-2.5.0.aar (io.coil-kt:coil-base:2.5.0) with AarResourcesCompilerTransform
Transforming appcompat-resources-1.6.1.aar (androidx.appcompat:appcompat-resources:1.6.1) with JetifyTransform
Transforming appcompat-resources-1.6.1.aar (androidx.appcompat:appcompat-resources:1.6.1) with ExtractAarTransform
Transforming appcompat-resources-1.6.1.aar (androidx.appcompat:appcompat-resources:1.6.1) with AarResourcesCompilerTransform
Transforming play-services-mlkit-barcode-scanning-18.3.1.aar (com.google.android.gms:play-services-mlkit-barcode-scanning:18.3.1) with JetifyTransform
Transforming play-services-mlkit-barcode-scanning-18.3.1.aar (com.google.android.gms:play-services-mlkit-barcode-scanning:18.3.1) with ExtractAarTransform
Transforming play-services-mlkit-barcode-scanning-18.3.1.aar (com.google.android.gms:play-services-mlkit-barcode-scanning:18.3.1) with AarResourcesCompilerTransform
Transforming barcode-scanning-common-17.0.0.aar (com.google.mlkit:barcode-scanning-common:17.0.0) with JetifyTransform
Transforming barcode-scanning-common-17.0.0.aar (com.google.mlkit:barcode-scanning-common:17.0.0) with ExtractAarTransform
Transforming barcode-scanning-common-17.0.0.aar (com.google.mlkit:barcode-scanning-common:17.0.0) with AarResourcesCompilerTransform
Transforming vision-common-17.3.0.aar (com.google.mlkit:vision-common:17.3.0) with JetifyTransform
Transforming vision-common-17.3.0.aar (com.google.mlkit:vision-common:17.3.0) with ExtractAarTransform
Transforming vision-common-17.3.0.aar (com.google.mlkit:vision-common:17.3.0) with AarResourcesCompilerTransform
Transforming vision-common-17.3.0.aar (com.google.mlkit:vision-common:17.3.0) with JetifyTransform
Transforming vision-common-17.3.0.aar (com.google.mlkit:vision-common:17.3.0) with ExtractAarTransform
Transforming vision-common-17.3.0.aar (com.google.mlkit:vision-common:17.3.0) with AarResourcesCompilerTransform
Transforming common-18.11.0.aar (com.google.mlkit:common:18.11.0) with JetifyTransform
Transforming common-18.11.0.aar (com.google.mlkit:common:18.11.0) with ExtractAarTransform
Transforming common-18.11.0.aar (com.google.mlkit:common:18.11.0) with AarResourcesCompilerTransform
Transforming common-18.11.0.aar (com.google.mlkit:common:18.11.0) with JetifyTransform
Transforming common-18.11.0.aar (com.google.mlkit:common:18.11.0) with ExtractAarTransform
Transforming common-18.11.0.aar (com.google.mlkit:common:18.11.0) with AarResourcesCompilerTransform
Transforming appcompat-1.6.1.aar (androidx.appcompat:appcompat:1.6.1) with JetifyTransform
Transforming appcompat-1.6.1.aar (androidx.appcompat:appcompat:1.6.1) with ExtractAarTransform
Transforming appcompat-1.6.1.aar (androidx.appcompat:appcompat:1.6.1) with AarResourcesCompilerTransform
Transforming appcompat-1.6.1.aar (androidx.appcompat:appcompat:1.6.1) with JetifyTransform
Transforming appcompat-1.6.1.aar (androidx.appcompat:appcompat:1.6.1) with ExtractAarTransform
Transforming appcompat-1.6.1.aar (androidx.appcompat:appcompat:1.6.1) with AarResourcesCompilerTransform
Transforming hilt-android-2.48.aar (com.google.dagger:hilt-android:2.48) with JetifyTransform
Transforming hilt-android-2.48.aar (com.google.dagger:hilt-android:2.48) with ExtractAarTransform
Transforming hilt-android-2.48.aar (com.google.dagger:hilt-android:2.48) with AarResourcesCompilerTransform
Transforming material3-release.aar (androidx.compose.material3:material3-android:1.2.0) with JetifyTransform
Transforming material3-release.aar (androidx.compose.material3:material3-android:1.2.0) with ExtractAarTransform
Transforming material3-release.aar (androidx.compose.material3:material3-android:1.2.0) with AarResourcesCompilerTransform
Transforming material-release.aar (androidx.compose.material:material-android:1.6.1) with JetifyTransform
Transforming material-release.aar (androidx.compose.material:material-android:1.6.1) with ExtractAarTransform
Transforming material-release.aar (androidx.compose.material:material-android:1.6.1) with AarResourcesCompilerTransform
Transforming material-icons-core-release.aar (androidx.compose.material:material-icons-core-android:1.6.1) with JetifyTransform
Transforming material-icons-core-release.aar (androidx.compose.material:material-icons-core-android:1.6.1) with ExtractAarTransform
Transforming material-icons-core-release.aar (androidx.compose.material:material-icons-core-android:1.6.1) with AarResourcesCompilerTransform
Transforming material-icons-extended-release.aar (androidx.compose.material:material-icons-extended-android:1.6.1) with JetifyTransform
Transforming material-icons-extended-release.aar (androidx.compose.material:material-icons-extended-android:1.6.1) with ExtractAarTransform
Transforming material-icons-extended-release.aar (androidx.compose.material:material-icons-extended-android:1.6.1) with AarResourcesCompilerTransform
Transforming material-ripple-release.aar (androidx.compose.material:material-ripple-android:1.6.1) with JetifyTransform
Transforming material-ripple-release.aar (androidx.compose.material:material-ripple-android:1.6.1) with ExtractAarTransform
Transforming material-ripple-release.aar (androidx.compose.material:material-ripple-android:1.6.1) with AarResourcesCompilerTransform
Transforming animation-core-release.aar (androidx.compose.animation:animation-core-android:1.6.1) with JetifyTransform
Transforming animation-core-release.aar (androidx.compose.animation:animation-core-android:1.6.1) with ExtractAarTransform
Transforming animation-core-release.aar (androidx.compose.animation:animation-core-android:1.6.1) with AarResourcesCompilerTransform
Transforming animation-release.aar (androidx.compose.animation:animation-android:1.6.1) with JetifyTransform
Transforming animation-release.aar (androidx.compose.animation:animation-android:1.6.1) with ExtractAarTransform
Transforming animation-release.aar (androidx.compose.animation:animation-android:1.6.1) with AarResourcesCompilerTransform
Transforming foundation-layout-release.aar (androidx.compose.foundation:foundation-layout-android:1.6.1) with JetifyTransform
Transforming foundation-layout-release.aar (androidx.compose.foundation:foundation-layout-android:1.6.1) with ExtractAarTransform
Transforming foundation-layout-release.aar (androidx.compose.foundation:foundation-layout-android:1.6.1) with AarResourcesCompilerTransform
Transforming foundation-release.aar (androidx.compose.foundation:foundation-android:1.6.1) with JetifyTransform
Transforming foundation-release.aar (androidx.compose.foundation:foundation-android:1.6.1) with ExtractAarTransform
Transforming foundation-release.aar (androidx.compose.foundation:foundation-android:1.6.1) with AarResourcesCompilerTransform
Transforming ui-tooling-data-release.aar (androidx.compose.ui:ui-tooling-data-android:1.6.1) with JetifyTransform
Transforming ui-tooling-data-release.aar (androidx.compose.ui:ui-tooling-data-android:1.6.1) with ExtractAarTransform
Transforming ui-tooling-data-release.aar (androidx.compose.ui:ui-tooling-data-android:1.6.1) with AarResourcesCompilerTransform
Transforming ui-unit-release.aar (androidx.compose.ui:ui-unit-android:1.6.1) with JetifyTransform
Transforming ui-unit-release.aar (androidx.compose.ui:ui-unit-android:1.6.1) with ExtractAarTransform
Transforming ui-unit-release.aar (androidx.compose.ui:ui-unit-android:1.6.1) with AarResourcesCompilerTransform
Transforming ui-geometry-release.aar (androidx.compose.ui:ui-geometry-android:1.6.1) with JetifyTransform
Transforming ui-geometry-release.aar (androidx.compose.ui:ui-geometry-android:1.6.1) with ExtractAarTransform
Transforming ui-geometry-release.aar (androidx.compose.ui:ui-geometry-android:1.6.1) with AarResourcesCompilerTransform
Transforming ui-util-release.aar (androidx.compose.ui:ui-util-android:1.6.1) with JetifyTransform
Transforming ui-util-release.aar (androidx.compose.ui:ui-util-android:1.6.1) with ExtractAarTransform
Transforming ui-util-release.aar (androidx.compose.ui:ui-util-android:1.6.1) with AarResourcesCompilerTransform
Transforming ui-text-release.aar (androidx.compose.ui:ui-text-android:1.6.1) with JetifyTransform
Transforming ui-text-release.aar (androidx.compose.ui:ui-text-android:1.6.1) with ExtractAarTransform
Transforming ui-text-release.aar (androidx.compose.ui:ui-text-android:1.6.1) with AarResourcesCompilerTransform
Transforming ui-tooling-preview-release.aar (androidx.compose.ui:ui-tooling-preview-android:1.6.1) with JetifyTransform
Transforming ui-tooling-preview-release.aar (androidx.compose.ui:ui-tooling-preview-android:1.6.1) with ExtractAarTransform
Transforming ui-tooling-preview-release.aar (androidx.compose.ui:ui-tooling-preview-android:1.6.1) with AarResourcesCompilerTransform
Transforming ui-graphics-release.aar (androidx.compose.ui:ui-graphics-android:1.6.1) with JetifyTransform
Transforming ui-graphics-release.aar (androidx.compose.ui:ui-graphics-android:1.6.1) with ExtractAarTransform
Transforming ui-graphics-release.aar (androidx.compose.ui:ui-graphics-android:1.6.1) with AarResourcesCompilerTransform
Transforming ui-tooling-release.aar (androidx.compose.ui:ui-tooling-android:1.6.1) with JetifyTransform
Transforming ui-tooling-release.aar (androidx.compose.ui:ui-tooling-android:1.6.1) with ExtractAarTransform
Transforming ui-tooling-release.aar (androidx.compose.ui:ui-tooling-android:1.6.1) with AarResourcesCompilerTransform
Transforming play-services-auth-21.0.0.aar (com.google.android.gms:play-services-auth:21.0.0) with JetifyTransform
Transforming play-services-auth-21.0.0.aar (com.google.android.gms:play-services-auth:21.0.0) with ExtractAarTransform
Transforming play-services-auth-21.0.0.aar (com.google.android.gms:play-services-auth:21.0.0) with AarResourcesCompilerTransform
Transforming viewpager2-1.0.0.aar (androidx.viewpager2:viewpager2:1.0.0) with JetifyTransform
Transforming viewpager2-1.0.0.aar (androidx.viewpager2:viewpager2:1.0.0) with ExtractAarTransform
Transforming viewpager2-1.0.0.aar (androidx.viewpager2:viewpager2:1.0.0) with AarResourcesCompilerTransform
Transforming firebase-auth-22.3.1.aar (com.google.firebase:firebase-auth:22.3.1) with JetifyTransform
Transforming firebase-auth-22.3.1.aar (com.google.firebase:firebase-auth:22.3.1) with ExtractAarTransform
Transforming firebase-auth-22.3.1.aar (com.google.firebase:firebase-auth:22.3.1) with AarResourcesCompilerTransform
Transforming play-services-auth-api-phone-18.0.2.aar (com.google.android.gms:play-services-auth-api-phone:18.0.2) with JetifyTransform
Transforming play-services-auth-api-phone-18.0.2.aar (com.google.android.gms:play-services-auth-api-phone:18.0.2) with ExtractAarTransform
Transforming play-services-auth-api-phone-18.0.2.aar (com.google.android.gms:play-services-auth-api-phone:18.0.2) with AarResourcesCompilerTransform
Transforming play-services-auth-api-phone-18.0.2.aar (com.google.android.gms:play-services-auth-api-phone:18.0.2) with JetifyTransform
Transforming play-services-auth-api-phone-18.0.2.aar (com.google.android.gms:play-services-auth-api-phone:18.0.2) with ExtractAarTransform
Transforming play-services-auth-api-phone-18.0.2.aar (com.google.android.gms:play-services-auth-api-phone:18.0.2) with AarResourcesCompilerTransform
Transforming play-services-auth-base-18.0.10.aar (com.google.android.gms:play-services-auth-base:18.0.10) with JetifyTransform
Transforming play-services-auth-base-18.0.10.aar (com.google.android.gms:play-services-auth-base:18.0.10) with ExtractAarTransform
Transforming play-services-auth-base-18.0.10.aar (com.google.android.gms:play-services-auth-base:18.0.10) with AarResourcesCompilerTransform
Transforming play-services-fido-20.0.1.aar (com.google.android.gms:play-services-fido:20.0.1) with JetifyTransform
Transforming play-services-fido-20.0.1.aar (com.google.android.gms:play-services-fido:20.0.1) with ExtractAarTransform
Transforming play-services-fido-20.0.1.aar (com.google.android.gms:play-services-fido:20.0.1) with AarResourcesCompilerTransform
Transforming firebase-appcheck-interop-17.0.0.aar (com.google.firebase:firebase-appcheck-interop:17.0.0) with JetifyTransform
Transforming firebase-appcheck-interop-17.0.0.aar (com.google.firebase:firebase-appcheck-interop:17.0.0) with ExtractAarTransform
Transforming firebase-appcheck-interop-17.0.0.aar (com.google.firebase:firebase-appcheck-interop:17.0.0) with AarResourcesCompilerTransform
Transforming play-services-base-18.5.0.aar (com.google.android.gms:play-services-base:18.5.0) with JetifyTransform
Transforming play-services-base-18.5.0.aar (com.google.android.gms:play-services-base:18.5.0) with ExtractAarTransform
Transforming play-services-base-18.5.0.aar (com.google.android.gms:play-services-base:18.5.0) with AarResourcesCompilerTransform
Transforming play-services-base-18.5.0.aar (com.google.android.gms:play-services-base:18.5.0) with JetifyTransform
Transforming play-services-base-18.5.0.aar (com.google.android.gms:play-services-base:18.5.0) with ExtractAarTransform
Transforming play-services-base-18.5.0.aar (com.google.android.gms:play-services-base:18.5.0) with AarResourcesCompilerTransform
Transforming play-services-base-18.5.0.aar (com.google.android.gms:play-services-base:18.5.0) with JetifyTransform
Transforming play-services-base-18.5.0.aar (com.google.android.gms:play-services-base:18.5.0) with ExtractAarTransform
Transforming play-services-base-18.5.0.aar (com.google.android.gms:play-services-base:18.5.0) with AarResourcesCompilerTransform
Transforming play-services-base-18.5.0.aar (com.google.android.gms:play-services-base:18.5.0) with JetifyTransform
Transforming play-services-base-18.5.0.aar (com.google.android.gms:play-services-base:18.5.0) with ExtractAarTransform
Transforming play-services-base-18.5.0.aar (com.google.android.gms:play-services-base:18.5.0) with AarResourcesCompilerTransform
Transforming play-services-base-18.5.0.aar (com.google.android.gms:play-services-base:18.5.0) with JetifyTransform
Transforming play-services-base-18.5.0.aar (com.google.android.gms:play-services-base:18.5.0) with ExtractAarTransform
Transforming play-services-base-18.5.0.aar (com.google.android.gms:play-services-base:18.5.0) with AarResourcesCompilerTransform
Transforming play-services-base-18.5.0.aar (com.google.android.gms:play-services-base:18.5.0) with JetifyTransform
Transforming play-services-base-18.5.0.aar (com.google.android.gms:play-services-base:18.5.0) with ExtractAarTransform
Transforming play-services-base-18.5.0.aar (com.google.android.gms:play-services-base:18.5.0) with AarResourcesCompilerTransform
Transforming play-services-base-18.5.0.aar (com.google.android.gms:play-services-base:18.5.0) with JetifyTransform
Transforming play-services-base-18.5.0.aar (com.google.android.gms:play-services-base:18.5.0) with ExtractAarTransform
Transforming play-services-base-18.5.0.aar (com.google.android.gms:play-services-base:18.5.0) with AarResourcesCompilerTransform
Transforming play-services-base-18.5.0.aar (com.google.android.gms:play-services-base:18.5.0) with JetifyTransform
Transforming play-services-base-18.5.0.aar (com.google.android.gms:play-services-base:18.5.0) with ExtractAarTransform
Transforming play-services-base-18.5.0.aar (com.google.android.gms:play-services-base:18.5.0) with AarResourcesCompilerTransform
Transforming vision-interfaces-16.3.0.aar (com.google.mlkit:vision-interfaces:16.3.0) with JetifyTransform
Transforming vision-interfaces-16.3.0.aar (com.google.mlkit:vision-interfaces:16.3.0) with ExtractAarTransform
Transforming vision-interfaces-16.3.0.aar (com.google.mlkit:vision-interfaces:16.3.0) with AarResourcesCompilerTransform
Transforming recaptcha-18.4.0.aar (com.google.android.recaptcha:recaptcha:18.4.0) with JetifyTransform
Transforming recaptcha-18.4.0.aar (com.google.android.recaptcha:recaptcha:18.4.0) with ExtractAarTransform
Transforming recaptcha-18.4.0.aar (com.google.android.recaptcha:recaptcha:18.4.0) with AarResourcesCompilerTransform
Transforming integrity-1.2.0.aar (com.google.android.play:integrity:1.2.0) with JetifyTransform
Transforming integrity-1.2.0.aar (com.google.android.play:integrity:1.2.0) with ExtractAarTransform
Transforming integrity-1.2.0.aar (com.google.android.play:integrity:1.2.0) with AarResourcesCompilerTransform
Transforming integrity-1.2.0.aar (com.google.android.play:integrity:1.2.0) with JetifyTransform
Transforming integrity-1.2.0.aar (com.google.android.play:integrity:1.2.0) with ExtractAarTransform
Transforming integrity-1.2.0.aar (com.google.android.play:integrity:1.2.0) with AarResourcesCompilerTransform
Transforming firebase-auth-interop-20.0.0.aar (com.google.firebase:firebase-auth-interop:20.0.0) with JetifyTransform
Transforming firebase-auth-interop-20.0.0.aar (com.google.firebase:firebase-auth-interop:20.0.0) with ExtractAarTransform
Transforming firebase-auth-interop-20.0.0.aar (com.google.firebase:firebase-auth-interop:20.0.0) with AarResourcesCompilerTransform
Transforming firebase-common-ktx-20.4.2.aar (com.google.firebase:firebase-common-ktx:20.4.2) with JetifyTransform
Transforming firebase-common-ktx-20.4.2.aar (com.google.firebase:firebase-common-ktx:20.4.2) with ExtractAarTransform
Transforming firebase-common-ktx-20.4.2.aar (com.google.firebase:firebase-common-ktx:20.4.2) with AarResourcesCompilerTransform
Transforming firebase-common-20.4.2.aar (com.google.firebase:firebase-common:20.4.2) with JetifyTransform
Transforming firebase-common-20.4.2.aar (com.google.firebase:firebase-common:20.4.2) with ExtractAarTransform
Transforming firebase-common-20.4.2.aar (com.google.firebase:firebase-common:20.4.2) with AarResourcesCompilerTransform
Transforming firebase-common-20.4.2.aar (com.google.firebase:firebase-common:20.4.2) with JetifyTransform
Transforming firebase-common-20.4.2.aar (com.google.firebase:firebase-common:20.4.2) with ExtractAarTransform
Transforming firebase-common-20.4.2.aar (com.google.firebase:firebase-common:20.4.2) with AarResourcesCompilerTransform
Transforming firebase-common-20.4.2.aar (com.google.firebase:firebase-common:20.4.2) with JetifyTransform
Transforming firebase-common-20.4.2.aar (com.google.firebase:firebase-common:20.4.2) with ExtractAarTransform
Transforming firebase-common-20.4.2.aar (com.google.firebase:firebase-common:20.4.2) with AarResourcesCompilerTransform
Transforming room-runtime-2.6.1.aar (androidx.room:room-runtime:2.6.1) with JetifyTransform
Transforming room-runtime-2.6.1.aar (androidx.room:room-runtime:2.6.1) with ExtractAarTransform
Transforming room-runtime-2.6.1.aar (androidx.room:room-runtime:2.6.1) with AarResourcesCompilerTransform
Transforming room-ktx-2.6.1.aar (androidx.room:room-ktx:2.6.1) with JetifyTransform
Transforming room-ktx-2.6.1.aar (androidx.room:room-ktx:2.6.1) with ExtractAarTransform
Transforming room-ktx-2.6.1.aar (androidx.room:room-ktx:2.6.1) with AarResourcesCompilerTransform
Transforming runtime-saveable-release.aar (androidx.compose.runtime:runtime-saveable-android:1.6.1) with JetifyTransform
Transforming runtime-saveable-release.aar (androidx.compose.runtime:runtime-saveable-android:1.6.1) with ExtractAarTransform
Transforming runtime-saveable-release.aar (androidx.compose.runtime:runtime-saveable-android:1.6.1) with AarResourcesCompilerTransform
Transforming runtime-release.aar (androidx.compose.runtime:runtime-android:1.6.1) with JetifyTransform
Transforming runtime-release.aar (androidx.compose.runtime:runtime-android:1.6.1) with ExtractAarTransform
Transforming runtime-release.aar (androidx.compose.runtime:runtime-android:1.6.1) with AarResourcesCompilerTransform
Transforming accompanist-drawablepainter-0.32.0.aar (com.google.accompanist:accompanist-drawablepainter:0.32.0) with JetifyTransform
Transforming accompanist-drawablepainter-0.32.0.aar (com.google.accompanist:accompanist-drawablepainter:0.32.0) with ExtractAarTransform
Transforming accompanist-drawablepainter-0.32.0.aar (com.google.accompanist:accompanist-drawablepainter:0.32.0) with AarResourcesCompilerTransform
Transforming slidingpanelayout-1.2.0.aar (androidx.slidingpanelayout:slidingpanelayout:1.2.0) with JetifyTransform
Transforming slidingpanelayout-1.2.0.aar (androidx.slidingpanelayout:slidingpanelayout:1.2.0) with ExtractAarTransform
Transforming slidingpanelayout-1.2.0.aar (androidx.slidingpanelayout:slidingpanelayout:1.2.0) with AarResourcesCompilerTransform
Transforming window-1.0.0.aar (androidx.window:window:1.0.0) with JetifyTransform
Transforming window-1.0.0.aar (androidx.window:window:1.0.0) with ExtractAarTransform
Transforming window-1.0.0.aar (androidx.window:window:1.0.0) with AarResourcesCompilerTransform
Transforming dynamicanimation-1.0.0.aar (androidx.dynamicanimation:dynamicanimation:1.0.0) with JetifyTransform
Transforming dynamicanimation-1.0.0.aar (androidx.dynamicanimation:dynamicanimation:1.0.0) with ExtractAarTransform
Transforming dynamicanimation-1.0.0.aar (androidx.dynamicanimation:dynamicanimation:1.0.0) with AarResourcesCompilerTransform
Transforming legacy-support-core-utils-1.0.0.aar (androidx.legacy:legacy-support-core-utils:1.0.0) with JetifyTransform
Transforming legacy-support-core-utils-1.0.0.aar (androidx.legacy:legacy-support-core-utils:1.0.0) with ExtractAarTransform
Transforming legacy-support-core-utils-1.0.0.aar (androidx.legacy:legacy-support-core-utils:1.0.0) with AarResourcesCompilerTransform
Transforming loader-1.1.0.aar (androidx.loader:loader:1.1.0) with JetifyTransform
Transforming loader-1.1.0.aar (androidx.loader:loader:1.1.0) with ExtractAarTransform
Transforming loader-1.1.0.aar (androidx.loader:loader:1.1.0) with AarResourcesCompilerTransform
Transforming loader-1.1.0.aar (androidx.loader:loader:1.1.0) with JetifyTransform
Transforming loader-1.1.0.aar (androidx.loader:loader:1.1.0) with ExtractAarTransform
Transforming loader-1.1.0.aar (androidx.loader:loader:1.1.0) with AarResourcesCompilerTransform
Transforming loader-1.1.0.aar (androidx.loader:loader:1.1.0) with JetifyTransform
Transforming loader-1.1.0.aar (androidx.loader:loader:1.1.0) with ExtractAarTransform
Transforming loader-1.1.0.aar (androidx.loader:loader:1.1.0) with AarResourcesCompilerTransform
Transforming emoji2-views-helper-1.3.0.aar (androidx.emoji2:emoji2-views-helper:1.3.0) with JetifyTransform
Transforming emoji2-views-helper-1.3.0.aar (androidx.emoji2:emoji2-views-helper:1.3.0) with ExtractAarTransform
Transforming emoji2-views-helper-1.3.0.aar (androidx.emoji2:emoji2-views-helper:1.3.0) with AarResourcesCompilerTransform
Transforming emoji2-1.3.0.aar (androidx.emoji2:emoji2:1.3.0) with JetifyTransform
Transforming emoji2-1.3.0.aar (androidx.emoji2:emoji2:1.3.0) with ExtractAarTransform
Transforming emoji2-1.3.0.aar (androidx.emoji2:emoji2:1.3.0) with AarResourcesCompilerTransform
Transforming lifecycle-process-2.7.0.aar (androidx.lifecycle:lifecycle-process:2.7.0) with JetifyTransform
Transforming lifecycle-process-2.7.0.aar (androidx.lifecycle:lifecycle-process:2.7.0) with ExtractAarTransform
Transforming lifecycle-process-2.7.0.aar (androidx.lifecycle:lifecycle-process:2.7.0) with AarResourcesCompilerTransform
Transforming lifecycle-livedata-core-2.7.0.aar (androidx.lifecycle:lifecycle-livedata-core:2.7.0) with JetifyTransform
Transforming lifecycle-livedata-core-2.7.0.aar (androidx.lifecycle:lifecycle-livedata-core:2.7.0) with ExtractAarTransform
Transforming lifecycle-livedata-core-2.7.0.aar (androidx.lifecycle:lifecycle-livedata-core:2.7.0) with AarResourcesCompilerTransform
Transforming lifecycle-livedata-core-2.7.0.aar (androidx.lifecycle:lifecycle-livedata-core:2.7.0) with JetifyTransform
Transforming lifecycle-livedata-core-2.7.0.aar (androidx.lifecycle:lifecycle-livedata-core:2.7.0) with ExtractAarTransform
Transforming lifecycle-livedata-core-2.7.0.aar (androidx.lifecycle:lifecycle-livedata-core:2.7.0) with AarResourcesCompilerTransform
Transforming lifecycle-livedata-core-ktx-2.7.0.aar (androidx.lifecycle:lifecycle-livedata-core-ktx:2.7.0) with JetifyTransform
Transforming lifecycle-livedata-core-ktx-2.7.0.aar (androidx.lifecycle:lifecycle-livedata-core-ktx:2.7.0) with ExtractAarTransform
Transforming lifecycle-livedata-core-ktx-2.7.0.aar (androidx.lifecycle:lifecycle-livedata-core-ktx:2.7.0) with AarResourcesCompilerTransform
Transforming lifecycle-livedata-2.7.0.aar (androidx.lifecycle:lifecycle-livedata:2.7.0) with JetifyTransform
Transforming lifecycle-livedata-2.7.0.aar (androidx.lifecycle:lifecycle-livedata:2.7.0) with ExtractAarTransform
Transforming lifecycle-livedata-2.7.0.aar (androidx.lifecycle:lifecycle-livedata:2.7.0) with AarResourcesCompilerTransform
Transforming googleid-1.1.0.aar (com.google.android.libraries.identity.googleid:googleid:1.1.0) with JetifyTransform
Transforming googleid-1.1.0.aar (com.google.android.libraries.identity.googleid:googleid:1.1.0) with ExtractAarTransform
Transforming googleid-1.1.0.aar (com.google.android.libraries.identity.googleid:googleid:1.1.0) with AarResourcesCompilerTransform
Transforming credentials-1.0.0-alpha04.aar (androidx.credentials:credentials:1.0.0-alpha04) with JetifyTransform
Transforming credentials-1.0.0-alpha04.aar (androidx.credentials:credentials:1.0.0-alpha04) with ExtractAarTransform
Transforming credentials-1.0.0-alpha04.aar (androidx.credentials:credentials:1.0.0-alpha04) with AarResourcesCompilerTransform
Transforming play-services-tasks-18.2.0.aar (com.google.android.gms:play-services-tasks:18.2.0) with JetifyTransform
Transforming play-services-tasks-18.2.0.aar (com.google.android.gms:play-services-tasks:18.2.0) with ExtractAarTransform
Transforming play-services-tasks-18.2.0.aar (com.google.android.gms:play-services-tasks:18.2.0) with AarResourcesCompilerTransform
Transforming play-services-tasks-18.2.0.aar (com.google.android.gms:play-services-tasks:18.2.0) with JetifyTransform
Transforming play-services-tasks-18.2.0.aar (com.google.android.gms:play-services-tasks:18.2.0) with ExtractAarTransform
Transforming play-services-tasks-18.2.0.aar (com.google.android.gms:play-services-tasks:18.2.0) with AarResourcesCompilerTransform
Transforming play-services-tasks-18.2.0.aar (com.google.android.gms:play-services-tasks:18.2.0) with JetifyTransform
Transforming play-services-tasks-18.2.0.aar (com.google.android.gms:play-services-tasks:18.2.0) with ExtractAarTransform
Transforming play-services-tasks-18.2.0.aar (com.google.android.gms:play-services-tasks:18.2.0) with AarResourcesCompilerTransform
Transforming play-services-tasks-18.2.0.aar (com.google.android.gms:play-services-tasks:18.2.0) with JetifyTransform
Transforming play-services-tasks-18.2.0.aar (com.google.android.gms:play-services-tasks:18.2.0) with ExtractAarTransform
Transforming play-services-tasks-18.2.0.aar (com.google.android.gms:play-services-tasks:18.2.0) with AarResourcesCompilerTransform
Transforming play-services-tasks-18.2.0.aar (com.google.android.gms:play-services-tasks:18.2.0) with JetifyTransform
Transforming play-services-tasks-18.2.0.aar (com.google.android.gms:play-services-tasks:18.2.0) with ExtractAarTransform
Transforming play-services-tasks-18.2.0.aar (com.google.android.gms:play-services-tasks:18.2.0) with AarResourcesCompilerTransform
Transforming play-services-tasks-18.2.0.aar (com.google.android.gms:play-services-tasks:18.2.0) with JetifyTransform
Transforming play-services-tasks-18.2.0.aar (com.google.android.gms:play-services-tasks:18.2.0) with ExtractAarTransform
Transforming play-services-tasks-18.2.0.aar (com.google.android.gms:play-services-tasks:18.2.0) with AarResourcesCompilerTransform
Transforming play-services-tasks-18.2.0.aar (com.google.android.gms:play-services-tasks:18.2.0) with JetifyTransform
Transforming play-services-tasks-18.2.0.aar (com.google.android.gms:play-services-tasks:18.2.0) with ExtractAarTransform
Transforming play-services-tasks-18.2.0.aar (com.google.android.gms:play-services-tasks:18.2.0) with AarResourcesCompilerTransform
Transforming play-services-tasks-18.2.0.aar (com.google.android.gms:play-services-tasks:18.2.0) with JetifyTransform
Transforming play-services-tasks-18.2.0.aar (com.google.android.gms:play-services-tasks:18.2.0) with ExtractAarTransform
Transforming play-services-tasks-18.2.0.aar (com.google.android.gms:play-services-tasks:18.2.0) with AarResourcesCompilerTransform
Transforming play-services-tasks-18.2.0.aar (com.google.android.gms:play-services-tasks:18.2.0) with JetifyTransform
Transforming play-services-tasks-18.2.0.aar (com.google.android.gms:play-services-tasks:18.2.0) with ExtractAarTransform
Transforming play-services-tasks-18.2.0.aar (com.google.android.gms:play-services-tasks:18.2.0) with AarResourcesCompilerTransform
Transforming play-services-tasks-18.2.0.aar (com.google.android.gms:play-services-tasks:18.2.0) with JetifyTransform
Transforming play-services-tasks-18.2.0.aar (com.google.android.gms:play-services-tasks:18.2.0) with ExtractAarTransform
Transforming play-services-tasks-18.2.0.aar (com.google.android.gms:play-services-tasks:18.2.0) with AarResourcesCompilerTransform
Transforming play-services-tasks-18.2.0.aar (com.google.android.gms:play-services-tasks:18.2.0) with JetifyTransform
Transforming play-services-tasks-18.2.0.aar (com.google.android.gms:play-services-tasks:18.2.0) with ExtractAarTransform
Transforming play-services-tasks-18.2.0.aar (com.google.android.gms:play-services-tasks:18.2.0) with AarResourcesCompilerTransform
Transforming play-services-tasks-18.2.0.aar (com.google.android.gms:play-services-tasks:18.2.0) with JetifyTransform
Transforming play-services-tasks-18.2.0.aar (com.google.android.gms:play-services-tasks:18.2.0) with ExtractAarTransform
Transforming play-services-tasks-18.2.0.aar (com.google.android.gms:play-services-tasks:18.2.0) with AarResourcesCompilerTransform
Transforming play-services-tasks-18.2.0.aar (com.google.android.gms:play-services-tasks:18.2.0) with JetifyTransform
Transforming play-services-tasks-18.2.0.aar (com.google.android.gms:play-services-tasks:18.2.0) with ExtractAarTransform
Transforming play-services-tasks-18.2.0.aar (com.google.android.gms:play-services-tasks:18.2.0) with AarResourcesCompilerTransform
Transforming play-services-tasks-18.2.0.aar (com.google.android.gms:play-services-tasks:18.2.0) with JetifyTransform
Transforming play-services-tasks-18.2.0.aar (com.google.android.gms:play-services-tasks:18.2.0) with ExtractAarTransform
Transforming play-services-tasks-18.2.0.aar (com.google.android.gms:play-services-tasks:18.2.0) with AarResourcesCompilerTransform
Transforming play-services-tasks-18.2.0.aar (com.google.android.gms:play-services-tasks:18.2.0) with JetifyTransform
Transforming play-services-tasks-18.2.0.aar (com.google.android.gms:play-services-tasks:18.2.0) with ExtractAarTransform
Transforming play-services-tasks-18.2.0.aar (com.google.android.gms:play-services-tasks:18.2.0) with AarResourcesCompilerTransform
Transforming play-services-tasks-18.2.0.aar (com.google.android.gms:play-services-tasks:18.2.0) with JetifyTransform
Transforming play-services-tasks-18.2.0.aar (com.google.android.gms:play-services-tasks:18.2.0) with ExtractAarTransform
Transforming play-services-tasks-18.2.0.aar (com.google.android.gms:play-services-tasks:18.2.0) with AarResourcesCompilerTransform
Transforming play-services-basement-18.4.0.aar (com.google.android.gms:play-services-basement:18.4.0) with JetifyTransform
Transforming play-services-basement-18.4.0.aar (com.google.android.gms:play-services-basement:18.4.0) with ExtractAarTransform
Transforming play-services-basement-18.4.0.aar (com.google.android.gms:play-services-basement:18.4.0) with AarResourcesCompilerTransform
Transforming play-services-basement-18.4.0.aar (com.google.android.gms:play-services-basement:18.4.0) with JetifyTransform
Transforming play-services-basement-18.4.0.aar (com.google.android.gms:play-services-basement:18.4.0) with ExtractAarTransform
Transforming play-services-basement-18.4.0.aar (com.google.android.gms:play-services-basement:18.4.0) with AarResourcesCompilerTransform
Transforming play-services-basement-18.4.0.aar (com.google.android.gms:play-services-basement:18.4.0) with JetifyTransform
Transforming play-services-basement-18.4.0.aar (com.google.android.gms:play-services-basement:18.4.0) with ExtractAarTransform
Transforming play-services-basement-18.4.0.aar (com.google.android.gms:play-services-basement:18.4.0) with AarResourcesCompilerTransform
Transforming play-services-basement-18.4.0.aar (com.google.android.gms:play-services-basement:18.4.0) with JetifyTransform
Transforming play-services-basement-18.4.0.aar (com.google.android.gms:play-services-basement:18.4.0) with ExtractAarTransform
Transforming play-services-basement-18.4.0.aar (com.google.android.gms:play-services-basement:18.4.0) with AarResourcesCompilerTransform
Transforming play-services-basement-18.4.0.aar (com.google.android.gms:play-services-basement:18.4.0) with JetifyTransform
Transforming play-services-basement-18.4.0.aar (com.google.android.gms:play-services-basement:18.4.0) with ExtractAarTransform
Transforming play-services-basement-18.4.0.aar (com.google.android.gms:play-services-basement:18.4.0) with AarResourcesCompilerTransform
Transforming play-services-basement-18.4.0.aar (com.google.android.gms:play-services-basement:18.4.0) with JetifyTransform
Transforming play-services-basement-18.4.0.aar (com.google.android.gms:play-services-basement:18.4.0) with ExtractAarTransform
Transforming play-services-basement-18.4.0.aar (com.google.android.gms:play-services-basement:18.4.0) with AarResourcesCompilerTransform
Transforming play-services-basement-18.4.0.aar (com.google.android.gms:play-services-basement:18.4.0) with JetifyTransform
Transforming play-services-basement-18.4.0.aar (com.google.android.gms:play-services-basement:18.4.0) with ExtractAarTransform
Transforming play-services-basement-18.4.0.aar (com.google.android.gms:play-services-basement:18.4.0) with AarResourcesCompilerTransform
Transforming play-services-basement-18.4.0.aar (com.google.android.gms:play-services-basement:18.4.0) with JetifyTransform
Transforming play-services-basement-18.4.0.aar (com.google.android.gms:play-services-basement:18.4.0) with ExtractAarTransform
Transforming play-services-basement-18.4.0.aar (com.google.android.gms:play-services-basement:18.4.0) with AarResourcesCompilerTransform
Transforming play-services-basement-18.4.0.aar (com.google.android.gms:play-services-basement:18.4.0) with JetifyTransform
Transforming play-services-basement-18.4.0.aar (com.google.android.gms:play-services-basement:18.4.0) with ExtractAarTransform
Transforming play-services-basement-18.4.0.aar (com.google.android.gms:play-services-basement:18.4.0) with AarResourcesCompilerTransform
Transforming play-services-basement-18.4.0.aar (com.google.android.gms:play-services-basement:18.4.0) with JetifyTransform
Transforming play-services-basement-18.4.0.aar (com.google.android.gms:play-services-basement:18.4.0) with ExtractAarTransform
Transforming play-services-basement-18.4.0.aar (com.google.android.gms:play-services-basement:18.4.0) with AarResourcesCompilerTransform
Transforming play-services-basement-18.4.0.aar (com.google.android.gms:play-services-basement:18.4.0) with JetifyTransform
Transforming play-services-basement-18.4.0.aar (com.google.android.gms:play-services-basement:18.4.0) with ExtractAarTransform
Transforming play-services-basement-18.4.0.aar (com.google.android.gms:play-services-basement:18.4.0) with AarResourcesCompilerTransform
Transforming play-services-basement-18.4.0.aar (com.google.android.gms:play-services-basement:18.4.0) with JetifyTransform
Transforming play-services-basement-18.4.0.aar (com.google.android.gms:play-services-basement:18.4.0) with ExtractAarTransform
Transforming play-services-basement-18.4.0.aar (com.google.android.gms:play-services-basement:18.4.0) with AarResourcesCompilerTransform
Transforming play-services-basement-18.4.0.aar (com.google.android.gms:play-services-basement:18.4.0) with JetifyTransform
Transforming play-services-basement-18.4.0.aar (com.google.android.gms:play-services-basement:18.4.0) with ExtractAarTransform
Transforming play-services-basement-18.4.0.aar (com.google.android.gms:play-services-basement:18.4.0) with AarResourcesCompilerTransform
Transforming play-services-basement-18.4.0.aar (com.google.android.gms:play-services-basement:18.4.0) with JetifyTransform
Transforming play-services-basement-18.4.0.aar (com.google.android.gms:play-services-basement:18.4.0) with ExtractAarTransform
Transforming play-services-basement-18.4.0.aar (com.google.android.gms:play-services-basement:18.4.0) with AarResourcesCompilerTransform
Transforming play-services-basement-18.4.0.aar (com.google.android.gms:play-services-basement:18.4.0) with JetifyTransform
Transforming play-services-basement-18.4.0.aar (com.google.android.gms:play-services-basement:18.4.0) with ExtractAarTransform
Transforming play-services-basement-18.4.0.aar (com.google.android.gms:play-services-basement:18.4.0) with AarResourcesCompilerTransform
Transforming play-services-basement-18.4.0.aar (com.google.android.gms:play-services-basement:18.4.0) with JetifyTransform
Transforming play-services-basement-18.4.0.aar (com.google.android.gms:play-services-basement:18.4.0) with ExtractAarTransform
Transforming play-services-basement-18.4.0.aar (com.google.android.gms:play-services-basement:18.4.0) with AarResourcesCompilerTransform
Transforming fragment-1.6.2.aar (androidx.fragment:fragment:1.6.2) with JetifyTransform
Transforming fragment-1.6.2.aar (androidx.fragment:fragment:1.6.2) with ExtractAarTransform
Transforming fragment-1.6.2.aar (androidx.fragment:fragment:1.6.2) with AarResourcesCompilerTransform
Transforming fragment-1.6.2.aar (androidx.fragment:fragment:1.6.2) with JetifyTransform
Transforming fragment-1.6.2.aar (androidx.fragment:fragment:1.6.2) with ExtractAarTransform
Transforming fragment-1.6.2.aar (androidx.fragment:fragment:1.6.2) with AarResourcesCompilerTransform
Transforming fragment-1.6.2.aar (androidx.fragment:fragment:1.6.2) with JetifyTransform
Transforming fragment-1.6.2.aar (androidx.fragment:fragment:1.6.2) with ExtractAarTransform
Transforming fragment-1.6.2.aar (androidx.fragment:fragment:1.6.2) with AarResourcesCompilerTransform
Transforming fragment-1.6.2.aar (androidx.fragment:fragment:1.6.2) with JetifyTransform
Transforming fragment-1.6.2.aar (androidx.fragment:fragment:1.6.2) with ExtractAarTransform
Transforming fragment-1.6.2.aar (androidx.fragment:fragment:1.6.2) with AarResourcesCompilerTransform
Transforming fragment-1.6.2.aar (androidx.fragment:fragment:1.6.2) with JetifyTransform
Transforming fragment-1.6.2.aar (androidx.fragment:fragment:1.6.2) with ExtractAarTransform
Transforming fragment-1.6.2.aar (androidx.fragment:fragment:1.6.2) with AarResourcesCompilerTransform
Transforming fragment-1.6.2.aar (androidx.fragment:fragment:1.6.2) with JetifyTransform
Transforming fragment-1.6.2.aar (androidx.fragment:fragment:1.6.2) with ExtractAarTransform
Transforming fragment-1.6.2.aar (androidx.fragment:fragment:1.6.2) with AarResourcesCompilerTransform
Transforming fragment-ktx-1.6.2.aar (androidx.fragment:fragment-ktx:1.6.2) with JetifyTransform
Transforming fragment-ktx-1.6.2.aar (androidx.fragment:fragment-ktx:1.6.2) with ExtractAarTransform
Transforming fragment-ktx-1.6.2.aar (androidx.fragment:fragment-ktx:1.6.2) with AarResourcesCompilerTransform
Transforming savedstate-ktx-1.2.1.aar (androidx.savedstate:savedstate-ktx:1.2.1) with JetifyTransform
Transforming savedstate-ktx-1.2.1.aar (androidx.savedstate:savedstate-ktx:1.2.1) with ExtractAarTransform
Transforming savedstate-ktx-1.2.1.aar (androidx.savedstate:savedstate-ktx:1.2.1) with AarResourcesCompilerTransform
Transforming savedstate-1.2.1.aar (androidx.savedstate:savedstate:1.2.1) with JetifyTransform
Transforming savedstate-1.2.1.aar (androidx.savedstate:savedstate:1.2.1) with ExtractAarTransform
Transforming savedstate-1.2.1.aar (androidx.savedstate:savedstate:1.2.1) with AarResourcesCompilerTransform
Transforming lifecycle-runtime-ktx-2.7.0.aar (androidx.lifecycle:lifecycle-runtime-ktx:2.7.0) with JetifyTransform
Transforming lifecycle-runtime-ktx-2.7.0.aar (androidx.lifecycle:lifecycle-runtime-ktx:2.7.0) with ExtractAarTransform
Transforming lifecycle-runtime-ktx-2.7.0.aar (androidx.lifecycle:lifecycle-runtime-ktx:2.7.0) with AarResourcesCompilerTransform
Transforming lifecycle-viewmodel-savedstate-2.7.0.aar (androidx.lifecycle:lifecycle-viewmodel-savedstate:2.7.0) with JetifyTransform
Transforming lifecycle-viewmodel-savedstate-2.7.0.aar (androidx.lifecycle:lifecycle-viewmodel-savedstate:2.7.0) with ExtractAarTransform
Transforming lifecycle-viewmodel-savedstate-2.7.0.aar (androidx.lifecycle:lifecycle-viewmodel-savedstate:2.7.0) with AarResourcesCompilerTransform
Transforming lifecycle-viewmodel-compose-2.7.0.aar (androidx.lifecycle:lifecycle-viewmodel-compose:2.7.0) with JetifyTransform
Transforming lifecycle-viewmodel-compose-2.7.0.aar (androidx.lifecycle:lifecycle-viewmodel-compose:2.7.0) with ExtractAarTransform
Transforming lifecycle-viewmodel-compose-2.7.0.aar (androidx.lifecycle:lifecycle-viewmodel-compose:2.7.0) with AarResourcesCompilerTransform
Transforming lifecycle-viewmodel-2.7.0.aar (androidx.lifecycle:lifecycle-viewmodel:2.7.0) with JetifyTransform
Transforming lifecycle-viewmodel-2.7.0.aar (androidx.lifecycle:lifecycle-viewmodel:2.7.0) with ExtractAarTransform
Transforming lifecycle-viewmodel-2.7.0.aar (androidx.lifecycle:lifecycle-viewmodel:2.7.0) with AarResourcesCompilerTransform
Transforming lifecycle-viewmodel-2.7.0.aar (androidx.lifecycle:lifecycle-viewmodel:2.7.0) with JetifyTransform
Transforming lifecycle-viewmodel-2.7.0.aar (androidx.lifecycle:lifecycle-viewmodel:2.7.0) with ExtractAarTransform
Transforming lifecycle-viewmodel-2.7.0.aar (androidx.lifecycle:lifecycle-viewmodel:2.7.0) with AarResourcesCompilerTransform
Transforming lifecycle-runtime-2.7.0.aar (androidx.lifecycle:lifecycle-runtime:2.7.0) with JetifyTransform
Transforming lifecycle-runtime-2.7.0.aar (androidx.lifecycle:lifecycle-runtime:2.7.0) with ExtractAarTransform
Transforming lifecycle-runtime-2.7.0.aar (androidx.lifecycle:lifecycle-runtime:2.7.0) with AarResourcesCompilerTransform
Transforming lifecycle-livedata-ktx-2.7.0.aar (androidx.lifecycle:lifecycle-livedata-ktx:2.7.0) with JetifyTransform
Transforming lifecycle-livedata-ktx-2.7.0.aar (androidx.lifecycle:lifecycle-livedata-ktx:2.7.0) with ExtractAarTransform
Transforming lifecycle-livedata-ktx-2.7.0.aar (androidx.lifecycle:lifecycle-livedata-ktx:2.7.0) with AarResourcesCompilerTransform
Transforming lifecycle-viewmodel-ktx-2.7.0.aar (androidx.lifecycle:lifecycle-viewmodel-ktx:2.7.0) with JetifyTransform
Transforming lifecycle-viewmodel-ktx-2.7.0.aar (androidx.lifecycle:lifecycle-viewmodel-ktx:2.7.0) with ExtractAarTransform
Transforming lifecycle-viewmodel-ktx-2.7.0.aar (androidx.lifecycle:lifecycle-viewmodel-ktx:2.7.0) with AarResourcesCompilerTransform
Transforming lifecycle-runtime-compose-2.7.0.aar (androidx.lifecycle:lifecycle-runtime-compose:2.7.0) with JetifyTransform
Transforming lifecycle-runtime-compose-2.7.0.aar (androidx.lifecycle:lifecycle-runtime-compose:2.7.0) with ExtractAarTransform
Transforming lifecycle-runtime-compose-2.7.0.aar (androidx.lifecycle:lifecycle-runtime-compose:2.7.0) with AarResourcesCompilerTransform
Transforming ui-release.aar (androidx.compose.ui:ui-android:1.6.1) with JetifyTransform
Transforming ui-release.aar (androidx.compose.ui:ui-android:1.6.1) with ExtractAarTransform
Transforming ui-release.aar (androidx.compose.ui:ui-android:1.6.1) with AarResourcesCompilerTransform
Transforming activity-ktx-1.8.2.aar (androidx.activity:activity-ktx:1.8.2) with JetifyTransform
Transforming activity-ktx-1.8.2.aar (androidx.activity:activity-ktx:1.8.2) with ExtractAarTransform
Transforming activity-ktx-1.8.2.aar (androidx.activity:activity-ktx:1.8.2) with AarResourcesCompilerTransform
Transforming activity-compose-1.8.2.aar (androidx.activity:activity-compose:1.8.2) with JetifyTransform
Transforming activity-compose-1.8.2.aar (androidx.activity:activity-compose:1.8.2) with ExtractAarTransform
Transforming activity-compose-1.8.2.aar (androidx.activity:activity-compose:1.8.2) with AarResourcesCompilerTransform
Transforming activity-1.8.2.aar (androidx.activity:activity:1.8.2) with JetifyTransform
Transforming activity-1.8.2.aar (androidx.activity:activity:1.8.2) with ExtractAarTransform
Transforming activity-1.8.2.aar (androidx.activity:activity:1.8.2) with AarResourcesCompilerTransform
Transforming drawerlayout-1.1.1.aar (androidx.drawerlayout:drawerlayout:1.1.1) with JetifyTransform
Transforming drawerlayout-1.1.1.aar (androidx.drawerlayout:drawerlayout:1.1.1) with ExtractAarTransform
Transforming drawerlayout-1.1.1.aar (androidx.drawerlayout:drawerlayout:1.1.1) with AarResourcesCompilerTransform
Transforming coordinatorlayout-1.1.0.aar (androidx.coordinatorlayout:coordinatorlayout:1.1.0) with JetifyTransform
Transforming coordinatorlayout-1.1.0.aar (androidx.coordinatorlayout:coordinatorlayout:1.1.0) with ExtractAarTransform
Transforming coordinatorlayout-1.1.0.aar (androidx.coordinatorlayout:coordinatorlayout:1.1.0) with AarResourcesCompilerTransform
Transforming vectordrawable-animated-1.1.0.aar (androidx.vectordrawable:vectordrawable-animated:1.1.0) with JetifyTransform
Transforming vectordrawable-animated-1.1.0.aar (androidx.vectordrawable:vectordrawable-animated:1.1.0) with ExtractAarTransform
Transforming vectordrawable-animated-1.1.0.aar (androidx.vectordrawable:vectordrawable-animated:1.1.0) with AarResourcesCompilerTransform
Transforming vectordrawable-1.1.0.aar (androidx.vectordrawable:vectordrawable:1.1.0) with JetifyTransform
Transforming vectordrawable-1.1.0.aar (androidx.vectordrawable:vectordrawable:1.1.0) with ExtractAarTransform
Transforming vectordrawable-1.1.0.aar (androidx.vectordrawable:vectordrawable:1.1.0) with AarResourcesCompilerTransform
Transforming vectordrawable-1.1.0.aar (androidx.vectordrawable:vectordrawable:1.1.0) with JetifyTransform
Transforming vectordrawable-1.1.0.aar (androidx.vectordrawable:vectordrawable:1.1.0) with ExtractAarTransform
Transforming vectordrawable-1.1.0.aar (androidx.vectordrawable:vectordrawable:1.1.0) with AarResourcesCompilerTransform
Transforming recyclerview-1.1.0.aar (androidx.recyclerview:recyclerview:1.1.0) with JetifyTransform
Transforming recyclerview-1.1.0.aar (androidx.recyclerview:recyclerview:1.1.0) with ExtractAarTransform
Transforming recyclerview-1.1.0.aar (androidx.recyclerview:recyclerview:1.1.0) with AarResourcesCompilerTransform
Transforming recyclerview-1.1.0.aar (androidx.recyclerview:recyclerview:1.1.0) with JetifyTransform
Transforming recyclerview-1.1.0.aar (androidx.recyclerview:recyclerview:1.1.0) with ExtractAarTransform
Transforming recyclerview-1.1.0.aar (androidx.recyclerview:recyclerview:1.1.0) with AarResourcesCompilerTransform
Transforming viewpager-1.0.0.aar (androidx.viewpager:viewpager:1.0.0) with JetifyTransform
Transforming viewpager-1.0.0.aar (androidx.viewpager:viewpager:1.0.0) with ExtractAarTransform
Transforming viewpager-1.0.0.aar (androidx.viewpager:viewpager:1.0.0) with AarResourcesCompilerTransform
Transforming customview-1.1.0.aar (androidx.customview:customview:1.1.0) with JetifyTransform
Transforming customview-1.1.0.aar (androidx.customview:customview:1.1.0) with ExtractAarTransform
Transforming customview-1.1.0.aar (androidx.customview:customview:1.1.0) with AarResourcesCompilerTransform
Transforming customview-1.1.0.aar (androidx.customview:customview:1.1.0) with JetifyTransform
Transforming customview-1.1.0.aar (androidx.customview:customview:1.1.0) with ExtractAarTransform
Transforming customview-1.1.0.aar (androidx.customview:customview:1.1.0) with AarResourcesCompilerTransform
Transforming customview-1.1.0.aar (androidx.customview:customview:1.1.0) with JetifyTransform
Transforming customview-1.1.0.aar (androidx.customview:customview:1.1.0) with ExtractAarTransform
Transforming customview-1.1.0.aar (androidx.customview:customview:1.1.0) with AarResourcesCompilerTransform
Transforming customview-1.1.0.aar (androidx.customview:customview:1.1.0) with JetifyTransform
Transforming customview-1.1.0.aar (androidx.customview:customview:1.1.0) with ExtractAarTransform
Transforming customview-1.1.0.aar (androidx.customview:customview:1.1.0) with AarResourcesCompilerTransform
Transforming customview-1.1.0.aar (androidx.customview:customview:1.1.0) with JetifyTransform
Transforming customview-1.1.0.aar (androidx.customview:customview:1.1.0) with ExtractAarTransform
Transforming customview-1.1.0.aar (androidx.customview:customview:1.1.0) with AarResourcesCompilerTransform
Transforming browser-1.4.0.aar (androidx.browser:browser:1.4.0) with JetifyTransform
Transforming browser-1.4.0.aar (androidx.browser:browser:1.4.0) with ExtractAarTransform
Transforming browser-1.4.0.aar (androidx.browser:browser:1.4.0) with AarResourcesCompilerTransform
Transforming autofill-1.0.0.aar (androidx.autofill:autofill:1.0.0) with JetifyTransform
Transforming autofill-1.0.0.aar (androidx.autofill:autofill:1.0.0) with ExtractAarTransform
Transforming autofill-1.0.0.aar (androidx.autofill:autofill:1.0.0) with AarResourcesCompilerTransform
Transforming transition-1.4.1.aar (androidx.transition:transition:1.4.1) with JetifyTransform
Transforming transition-1.4.1.aar (androidx.transition:transition:1.4.1) with ExtractAarTransform
Transforming transition-1.4.1.aar (androidx.transition:transition:1.4.1) with AarResourcesCompilerTransform
Transforming core-1.12.0.aar (androidx.core:core:1.12.0) with JetifyTransform
Transforming core-1.12.0.aar (androidx.core:core:1.12.0) with ExtractAarTransform
Transforming core-1.12.0.aar (androidx.core:core:1.12.0) with AarResourcesCompilerTransform
Transforming core-1.12.0.aar (androidx.core:core:1.12.0) with JetifyTransform
Transforming core-1.12.0.aar (androidx.core:core:1.12.0) with ExtractAarTransform
Transforming core-1.12.0.aar (androidx.core:core:1.12.0) with AarResourcesCompilerTransform
Transforming core-1.12.0.aar (androidx.core:core:1.12.0) with JetifyTransform
Transforming core-1.12.0.aar (androidx.core:core:1.12.0) with ExtractAarTransform
Transforming core-1.12.0.aar (androidx.core:core:1.12.0) with AarResourcesCompilerTransform
Transforming core-1.12.0.aar (androidx.core:core:1.12.0) with JetifyTransform
Transforming core-1.12.0.aar (androidx.core:core:1.12.0) with ExtractAarTransform
Transforming core-1.12.0.aar (androidx.core:core:1.12.0) with AarResourcesCompilerTransform
Transforming core-1.12.0.aar (androidx.core:core:1.12.0) with JetifyTransform
Transforming core-1.12.0.aar (androidx.core:core:1.12.0) with ExtractAarTransform
Transforming core-1.12.0.aar (androidx.core:core:1.12.0) with AarResourcesCompilerTransform
Transforming core-1.12.0.aar (androidx.core:core:1.12.0) with JetifyTransform
Transforming core-1.12.0.aar (androidx.core:core:1.12.0) with ExtractAarTransform
Transforming core-1.12.0.aar (androidx.core:core:1.12.0) with AarResourcesCompilerTransform
Transforming core-1.12.0.aar (androidx.core:core:1.12.0) with JetifyTransform
Transforming core-1.12.0.aar (androidx.core:core:1.12.0) with ExtractAarTransform
Transforming core-1.12.0.aar (androidx.core:core:1.12.0) with AarResourcesCompilerTransform
Transforming core-1.12.0.aar (androidx.core:core:1.12.0) with JetifyTransform
Transforming core-1.12.0.aar (androidx.core:core:1.12.0) with ExtractAarTransform
Transforming core-1.12.0.aar (androidx.core:core:1.12.0) with AarResourcesCompilerTransform
Transforming core-1.12.0.aar (androidx.core:core:1.12.0) with JetifyTransform
Transforming core-1.12.0.aar (androidx.core:core:1.12.0) with ExtractAarTransform
Transforming core-1.12.0.aar (androidx.core:core:1.12.0) with AarResourcesCompilerTransform
Transforming core-1.12.0.aar (androidx.core:core:1.12.0) with JetifyTransform
Transforming core-1.12.0.aar (androidx.core:core:1.12.0) with ExtractAarTransform
Transforming core-1.12.0.aar (androidx.core:core:1.12.0) with AarResourcesCompilerTransform
Transforming core-1.12.0.aar (androidx.core:core:1.12.0) with JetifyTransform
Transforming core-1.12.0.aar (androidx.core:core:1.12.0) with ExtractAarTransform
Transforming core-1.12.0.aar (androidx.core:core:1.12.0) with AarResourcesCompilerTransform
Transforming core-1.12.0.aar (androidx.core:core:1.12.0) with JetifyTransform
Transforming core-1.12.0.aar (androidx.core:core:1.12.0) with ExtractAarTransform
Transforming core-1.12.0.aar (androidx.core:core:1.12.0) with AarResourcesCompilerTransform
Transforming core-1.12.0.aar (androidx.core:core:1.12.0) with JetifyTransform
Transforming core-1.12.0.aar (androidx.core:core:1.12.0) with ExtractAarTransform
Transforming core-1.12.0.aar (androidx.core:core:1.12.0) with AarResourcesCompilerTransform
Transforming core-1.12.0.aar (androidx.core:core:1.12.0) with JetifyTransform
Transforming core-1.12.0.aar (androidx.core:core:1.12.0) with ExtractAarTransform
Transforming core-1.12.0.aar (androidx.core:core:1.12.0) with AarResourcesCompilerTransform
Transforming core-1.12.0.aar (androidx.core:core:1.12.0) with JetifyTransform
Transforming core-1.12.0.aar (androidx.core:core:1.12.0) with ExtractAarTransform
Transforming core-1.12.0.aar (androidx.core:core:1.12.0) with AarResourcesCompilerTransform
Transforming customview-poolingcontainer-1.0.0.aar (androidx.customview:customview-poolingcontainer:1.0.0) with JetifyTransform
Transforming customview-poolingcontainer-1.0.0.aar (androidx.customview:customview-poolingcontainer:1.0.0) with ExtractAarTransform
Transforming customview-poolingcontainer-1.0.0.aar (androidx.customview:customview-poolingcontainer:1.0.0) with AarResourcesCompilerTransform
Transforming core-ktx-1.12.0.aar (androidx.core:core-ktx:1.12.0) with JetifyTransform
Transforming core-ktx-1.12.0.aar (androidx.core:core-ktx:1.12.0) with ExtractAarTransform
Transforming core-ktx-1.12.0.aar (androidx.core:core-ktx:1.12.0) with AarResourcesCompilerTransform
Transforming core-splashscreen-1.0.1.aar (androidx.core:core-splashscreen:1.0.1) with JetifyTransform
Transforming core-splashscreen-1.0.1.aar (androidx.core:core-splashscreen:1.0.1) with ExtractAarTransform
Transforming core-splashscreen-1.0.1.aar (androidx.core:core-splashscreen:1.0.1) with AarResourcesCompilerTransform
Transforming sqlite-framework-2.4.0.aar (androidx.sqlite:sqlite-framework:2.4.0) with JetifyTransform
Transforming sqlite-framework-2.4.0.aar (androidx.sqlite:sqlite-framework:2.4.0) with ExtractAarTransform
Transforming sqlite-framework-2.4.0.aar (androidx.sqlite:sqlite-framework:2.4.0) with AarResourcesCompilerTransform
Transforming sqlite-2.4.0.aar (androidx.sqlite:sqlite:2.4.0) with JetifyTransform
Transforming sqlite-2.4.0.aar (androidx.sqlite:sqlite:2.4.0) with ExtractAarTransform
Transforming sqlite-2.4.0.aar (androidx.sqlite:sqlite:2.4.0) with AarResourcesCompilerTransform
Transforming annotation-experimental-1.4.0.aar (androidx.annotation:annotation-experimental:1.4.0) with JetifyTransform
Transforming annotation-experimental-1.4.0.aar (androidx.annotation:annotation-experimental:1.4.0) with ExtractAarTransform
Transforming annotation-experimental-1.4.0.aar (androidx.annotation:annotation-experimental:1.4.0) with AarResourcesCompilerTransform
Transforming versionedparcelable-1.1.1.aar (androidx.versionedparcelable:versionedparcelable:1.1.1) with JetifyTransform
Transforming versionedparcelable-1.1.1.aar (androidx.versionedparcelable:versionedparcelable:1.1.1) with ExtractAarTransform
Transforming versionedparcelable-1.1.1.aar (androidx.versionedparcelable:versionedparcelable:1.1.1) with AarResourcesCompilerTransform
Transforming MPAndroidChart-3.1.0.aar (com.github.PhilJay:MPAndroidChart:3.1.0) with JetifyTransform
Transforming MPAndroidChart-3.1.0.aar (com.github.PhilJay:MPAndroidChart:3.1.0) with ExtractAarTransform
Transforming MPAndroidChart-3.1.0.aar (com.github.PhilJay:MPAndroidChart:3.1.0) with AarResourcesCompilerTransform
Transforming cursoradapter-1.0.0.aar (androidx.cursoradapter:cursoradapter:1.0.0) with JetifyTransform
Transforming cursoradapter-1.0.0.aar (androidx.cursoradapter:cursoradapter:1.0.0) with ExtractAarTransform
Transforming cursoradapter-1.0.0.aar (androidx.cursoradapter:cursoradapter:1.0.0) with AarResourcesCompilerTransform
Transforming cardview-1.0.0.aar (androidx.cardview:cardview:1.0.0) with JetifyTransform
Transforming cardview-1.0.0.aar (androidx.cardview:cardview:1.0.0) with ExtractAarTransform
Transforming cardview-1.0.0.aar (androidx.cardview:cardview:1.0.0) with AarResourcesCompilerTransform
Transforming profileinstaller-1.3.1.aar (androidx.profileinstaller:profileinstaller:1.3.1) with JetifyTransform
Transforming profileinstaller-1.3.1.aar (androidx.profileinstaller:profileinstaller:1.3.1) with ExtractAarTransform
Transforming profileinstaller-1.3.1.aar (androidx.profileinstaller:profileinstaller:1.3.1) with AarResourcesCompilerTransform
Transforming startup-runtime-1.1.1.aar (androidx.startup:startup-runtime:1.1.1) with JetifyTransform
Transforming startup-runtime-1.1.1.aar (androidx.startup:startup-runtime:1.1.1) with ExtractAarTransform
Transforming startup-runtime-1.1.1.aar (androidx.startup:startup-runtime:1.1.1) with AarResourcesCompilerTransform
Transforming tracing-1.0.0.aar (androidx.tracing:tracing:1.0.0) with JetifyTransform
Transforming tracing-1.0.0.aar (androidx.tracing:tracing:1.0.0) with ExtractAarTransform
Transforming tracing-1.0.0.aar (androidx.tracing:tracing:1.0.0) with AarResourcesCompilerTransform
Transforming core-runtime-2.2.0.aar (androidx.arch.core:core-runtime:2.2.0) with JetifyTransform
Transforming core-runtime-2.2.0.aar (androidx.arch.core:core-runtime:2.2.0) with ExtractAarTransform
Transforming core-runtime-2.2.0.aar (androidx.arch.core:core-runtime:2.2.0) with AarResourcesCompilerTransform
Transforming transport-backend-cct-2.3.3.aar (com.google.android.datatransport:transport-backend-cct:2.3.3) with JetifyTransform
Transforming transport-backend-cct-2.3.3.aar (com.google.android.datatransport:transport-backend-cct:2.3.3) with ExtractAarTransform
Transforming transport-backend-cct-2.3.3.aar (com.google.android.datatransport:transport-backend-cct:2.3.3) with AarResourcesCompilerTransform
Transforming transport-backend-cct-2.3.3.aar (com.google.android.datatransport:transport-backend-cct:2.3.3) with JetifyTransform
Transforming transport-backend-cct-2.3.3.aar (com.google.android.datatransport:transport-backend-cct:2.3.3) with ExtractAarTransform
Transforming transport-backend-cct-2.3.3.aar (com.google.android.datatransport:transport-backend-cct:2.3.3) with AarResourcesCompilerTransform
Transforming transport-backend-cct-2.3.3.aar (com.google.android.datatransport:transport-backend-cct:2.3.3) with JetifyTransform
Transforming transport-backend-cct-2.3.3.aar (com.google.android.datatransport:transport-backend-cct:2.3.3) with ExtractAarTransform
Transforming transport-backend-cct-2.3.3.aar (com.google.android.datatransport:transport-backend-cct:2.3.3) with AarResourcesCompilerTransform
Transforming transport-runtime-2.2.6.aar (com.google.android.datatransport:transport-runtime:2.2.6) with JetifyTransform
Transforming transport-runtime-2.2.6.aar (com.google.android.datatransport:transport-runtime:2.2.6) with ExtractAarTransform
Transforming transport-runtime-2.2.6.aar (com.google.android.datatransport:transport-runtime:2.2.6) with AarResourcesCompilerTransform
Transforming transport-runtime-2.2.6.aar (com.google.android.datatransport:transport-runtime:2.2.6) with JetifyTransform
Transforming transport-runtime-2.2.6.aar (com.google.android.datatransport:transport-runtime:2.2.6) with ExtractAarTransform
Transforming transport-runtime-2.2.6.aar (com.google.android.datatransport:transport-runtime:2.2.6) with AarResourcesCompilerTransform
Transforming transport-runtime-2.2.6.aar (com.google.android.datatransport:transport-runtime:2.2.6) with JetifyTransform
Transforming transport-runtime-2.2.6.aar (com.google.android.datatransport:transport-runtime:2.2.6) with ExtractAarTransform
Transforming transport-runtime-2.2.6.aar (com.google.android.datatransport:transport-runtime:2.2.6) with AarResourcesCompilerTransform
Transforming transport-runtime-2.2.6.aar (com.google.android.datatransport:transport-runtime:2.2.6) with JetifyTransform
Transforming transport-runtime-2.2.6.aar (com.google.android.datatransport:transport-runtime:2.2.6) with ExtractAarTransform
Transforming transport-runtime-2.2.6.aar (com.google.android.datatransport:transport-runtime:2.2.6) with AarResourcesCompilerTransform
Transforming transport-api-2.2.1.aar (com.google.android.datatransport:transport-api:2.2.1) with JetifyTransform
Transforming transport-api-2.2.1.aar (com.google.android.datatransport:transport-api:2.2.1) with ExtractAarTransform
Transforming transport-api-2.2.1.aar (com.google.android.datatransport:transport-api:2.2.1) with AarResourcesCompilerTransform
Transforming transport-api-2.2.1.aar (com.google.android.datatransport:transport-api:2.2.1) with JetifyTransform
Transforming transport-api-2.2.1.aar (com.google.android.datatransport:transport-api:2.2.1) with ExtractAarTransform
Transforming transport-api-2.2.1.aar (com.google.android.datatransport:transport-api:2.2.1) with AarResourcesCompilerTransform
Transforming transport-api-2.2.1.aar (com.google.android.datatransport:transport-api:2.2.1) with JetifyTransform
Transforming transport-api-2.2.1.aar (com.google.android.datatransport:transport-api:2.2.1) with ExtractAarTransform
Transforming transport-api-2.2.1.aar (com.google.android.datatransport:transport-api:2.2.1) with AarResourcesCompilerTransform
Transforming transport-api-2.2.1.aar (com.google.android.datatransport:transport-api:2.2.1) with JetifyTransform
Transforming transport-api-2.2.1.aar (com.google.android.datatransport:transport-api:2.2.1) with ExtractAarTransform
Transforming transport-api-2.2.1.aar (com.google.android.datatransport:transport-api:2.2.1) with AarResourcesCompilerTransform
Transforming transport-api-2.2.1.aar (com.google.android.datatransport:transport-api:2.2.1) with JetifyTransform
Transforming transport-api-2.2.1.aar (com.google.android.datatransport:transport-api:2.2.1) with ExtractAarTransform
Transforming transport-api-2.2.1.aar (com.google.android.datatransport:transport-api:2.2.1) with AarResourcesCompilerTransform
Transforming firebase-encoders-json-17.1.0.aar (com.google.firebase:firebase-encoders-json:17.1.0) with JetifyTransform
Transforming firebase-encoders-json-17.1.0.aar (com.google.firebase:firebase-encoders-json:17.1.0) with ExtractAarTransform
Transforming firebase-encoders-json-17.1.0.aar (com.google.firebase:firebase-encoders-json:17.1.0) with AarResourcesCompilerTransform
Transforming firebase-encoders-json-17.1.0.aar (com.google.firebase:firebase-encoders-json:17.1.0) with JetifyTransform
Transforming firebase-encoders-json-17.1.0.aar (com.google.firebase:firebase-encoders-json:17.1.0) with ExtractAarTransform
Transforming firebase-encoders-json-17.1.0.aar (com.google.firebase:firebase-encoders-json:17.1.0) with AarResourcesCompilerTransform
Transforming firebase-encoders-json-17.1.0.aar (com.google.firebase:firebase-encoders-json:17.1.0) with JetifyTransform
Transforming firebase-encoders-json-17.1.0.aar (com.google.firebase:firebase-encoders-json:17.1.0) with ExtractAarTransform
Transforming firebase-encoders-json-17.1.0.aar (com.google.firebase:firebase-encoders-json:17.1.0) with AarResourcesCompilerTransform
Transforming firebase-encoders-json-17.1.0.aar (com.google.firebase:firebase-encoders-json:17.1.0) with JetifyTransform
Transforming firebase-encoders-json-17.1.0.aar (com.google.firebase:firebase-encoders-json:17.1.0) with ExtractAarTransform
Transforming firebase-encoders-json-17.1.0.aar (com.google.firebase:firebase-encoders-json:17.1.0) with AarResourcesCompilerTransform
Transforming interpolator-1.0.0.aar (androidx.interpolator:interpolator:1.0.0) with JetifyTransform
Transforming interpolator-1.0.0.aar (androidx.interpolator:interpolator:1.0.0) with ExtractAarTransform
Transforming interpolator-1.0.0.aar (androidx.interpolator:interpolator:1.0.0) with AarResourcesCompilerTransform
Transforming interpolator-1.0.0.aar (androidx.interpolator:interpolator:1.0.0) with JetifyTransform
Transforming interpolator-1.0.0.aar (androidx.interpolator:interpolator:1.0.0) with ExtractAarTransform
Transforming interpolator-1.0.0.aar (androidx.interpolator:interpolator:1.0.0) with AarResourcesCompilerTransform
Transforming firebase-components-17.1.5.aar (com.google.firebase:firebase-components:17.1.5) with JetifyTransform
Transforming firebase-components-17.1.5.aar (com.google.firebase:firebase-components:17.1.5) with ExtractAarTransform
Transforming firebase-components-17.1.5.aar (com.google.firebase:firebase-components:17.1.5) with AarResourcesCompilerTransform
Transforming firebase-components-17.1.5.aar (com.google.firebase:firebase-components:17.1.5) with JetifyTransform
Transforming firebase-components-17.1.5.aar (com.google.firebase:firebase-components:17.1.5) with ExtractAarTransform
Transforming firebase-components-17.1.5.aar (com.google.firebase:firebase-components:17.1.5) with AarResourcesCompilerTransform
Transforming firebase-components-17.1.5.aar (com.google.firebase:firebase-components:17.1.5) with JetifyTransform
Transforming firebase-components-17.1.5.aar (com.google.firebase:firebase-components:17.1.5) with ExtractAarTransform
Transforming firebase-components-17.1.5.aar (com.google.firebase:firebase-components:17.1.5) with AarResourcesCompilerTransform
Transforming firebase-components-17.1.5.aar (com.google.firebase:firebase-components:17.1.5) with JetifyTransform
Transforming firebase-components-17.1.5.aar (com.google.firebase:firebase-components:17.1.5) with ExtractAarTransform
Transforming firebase-components-17.1.5.aar (com.google.firebase:firebase-components:17.1.5) with AarResourcesCompilerTransform
Transforming firebase-components-17.1.5.aar (com.google.firebase:firebase-components:17.1.5) with JetifyTransform
Transforming firebase-components-17.1.5.aar (com.google.firebase:firebase-components:17.1.5) with ExtractAarTransform
Transforming firebase-components-17.1.5.aar (com.google.firebase:firebase-components:17.1.5) with AarResourcesCompilerTransform
Transforming firebase-components-17.1.5.aar (com.google.firebase:firebase-components:17.1.5) with JetifyTransform
Transforming firebase-components-17.1.5.aar (com.google.firebase:firebase-components:17.1.5) with ExtractAarTransform
Transforming firebase-components-17.1.5.aar (com.google.firebase:firebase-components:17.1.5) with AarResourcesCompilerTransform
Transforming localbroadcastmanager-1.0.0.aar (androidx.localbroadcastmanager:localbroadcastmanager:1.0.0) with JetifyTransform
Transforming localbroadcastmanager-1.0.0.aar (androidx.localbroadcastmanager:localbroadcastmanager:1.0.0) with ExtractAarTransform
Transforming localbroadcastmanager-1.0.0.aar (androidx.localbroadcastmanager:localbroadcastmanager:1.0.0) with AarResourcesCompilerTransform
Transforming localbroadcastmanager-1.0.0.aar (androidx.localbroadcastmanager:localbroadcastmanager:1.0.0) with JetifyTransform
Transforming localbroadcastmanager-1.0.0.aar (androidx.localbroadcastmanager:localbroadcastmanager:1.0.0) with ExtractAarTransform
Transforming localbroadcastmanager-1.0.0.aar (androidx.localbroadcastmanager:localbroadcastmanager:1.0.0) with AarResourcesCompilerTransform
Transforming documentfile-1.0.0.aar (androidx.documentfile:documentfile:1.0.0) with JetifyTransform
Transforming documentfile-1.0.0.aar (androidx.documentfile:documentfile:1.0.0) with ExtractAarTransform
Transforming documentfile-1.0.0.aar (androidx.documentfile:documentfile:1.0.0) with AarResourcesCompilerTransform
Transforming print-1.0.0.aar (androidx.print:print:1.0.0) with JetifyTransform
Transforming print-1.0.0.aar (androidx.print:print:1.0.0) with ExtractAarTransform
Transforming print-1.0.0.aar (androidx.print:print:1.0.0) with AarResourcesCompilerTransform
Transforming exifinterface-1.3.6.aar (androidx.exifinterface:exifinterface:1.3.6) with JetifyTransform
Transforming exifinterface-1.3.6.aar (androidx.exifinterface:exifinterface:1.3.6) with ExtractAarTransform
Transforming exifinterface-1.3.6.aar (androidx.exifinterface:exifinterface:1.3.6) with AarResourcesCompilerTransform
Transforming exifinterface-1.3.6.aar (androidx.exifinterface:exifinterface:1.3.6) with JetifyTransform
Transforming exifinterface-1.3.6.aar (androidx.exifinterface:exifinterface:1.3.6) with ExtractAarTransform
Transforming exifinterface-1.3.6.aar (androidx.exifinterface:exifinterface:1.3.6) with AarResourcesCompilerTransform
Transforming dagger-lint-aar-2.48.aar (com.google.dagger:dagger-lint-aar:2.48) with JetifyTransform
Transforming dagger-lint-aar-2.48.aar (com.google.dagger:dagger-lint-aar:2.48) with ExtractAarTransform
Transforming dagger-lint-aar-2.48.aar (com.google.dagger:dagger-lint-aar:2.48) with AarResourcesCompilerTransform
Transforming image-1.0.0-beta1.aar (com.google.android.odml:image:1.0.0-beta1) with JetifyTransform
Transforming image-1.0.0-beta1.aar (com.google.android.odml:image:1.0.0-beta1) with ExtractAarTransform
Transforming image-1.0.0-beta1.aar (com.google.android.odml:image:1.0.0-beta1) with AarResourcesCompilerTransform
Transforming image-1.0.0-beta1.aar (com.google.android.odml:image:1.0.0-beta1) with JetifyTransform
Transforming image-1.0.0-beta1.aar (com.google.android.odml:image:1.0.0-beta1) with ExtractAarTransform
Transforming image-1.0.0-beta1.aar (com.google.android.odml:image:1.0.0-beta1) with AarResourcesCompilerTransform
Caching disabled for task ':app:processDebugResources' because:
  Build cache is disabled
Skipping task ':app:processDebugResources' as it is up-to-date.
Resolve mutations for :app:kaptGenerateStubsDebugKotlin (Thread[Execution worker Thread 2,5,main]) started.
:app:kaptGenerateStubsDebugKotlin (Thread[Execution worker Thread 2,5,main]) started.

> Task :app:kaptGenerateStubsDebugKotlin UP-TO-DATE
Transforming viewbinding-8.6.0.aar (androidx.databinding:viewbinding:8.6.0) with JetifyTransform
Transforming viewbinding-8.6.0.aar (androidx.databinding:viewbinding:8.6.0) with AarToClassTransform
Transforming hilt-navigation-compose-1.1.0.aar (androidx.hilt:hilt-navigation-compose:1.1.0) with JetifyTransform
Transforming hilt-navigation-compose-1.1.0.aar (androidx.hilt:hilt-navigation-compose:1.1.0) with AarToClassTransform
Transforming hilt-navigation-1.1.0.aar (androidx.hilt:hilt-navigation:1.1.0) with JetifyTransform
Transforming hilt-navigation-1.1.0.aar (androidx.hilt:hilt-navigation:1.1.0) with AarToClassTransform
Transforming navigation-common-2.7.6.aar (androidx.navigation:navigation-common:2.7.6) with JetifyTransform
Transforming navigation-common-2.7.6.aar (androidx.navigation:navigation-common:2.7.6) with AarToClassTransform
Transforming navigation-runtime-2.7.6.aar (androidx.navigation:navigation-runtime:2.7.6) with JetifyTransform
Transforming navigation-runtime-2.7.6.aar (androidx.navigation:navigation-runtime:2.7.6) with AarToClassTransform
Transforming navigation-common-ktx-2.7.6.aar (androidx.navigation:navigation-common-ktx:2.7.6) with JetifyTransform
Transforming navigation-common-ktx-2.7.6.aar (androidx.navigation:navigation-common-ktx:2.7.6) with AarToClassTransform
Transforming navigation-fragment-2.7.6.aar (androidx.navigation:navigation-fragment:2.7.6) with JetifyTransform
Transforming navigation-fragment-2.7.6.aar (androidx.navigation:navigation-fragment:2.7.6) with AarToClassTransform
Transforming navigation-runtime-ktx-2.7.6.aar (androidx.navigation:navigation-runtime-ktx:2.7.6) with JetifyTransform
Transforming navigation-runtime-ktx-2.7.6.aar (androidx.navigation:navigation-runtime-ktx:2.7.6) with AarToClassTransform
Transforming navigation-fragment-ktx-2.7.6.aar (androidx.navigation:navigation-fragment-ktx:2.7.6) with JetifyTransform
Transforming navigation-fragment-ktx-2.7.6.aar (androidx.navigation:navigation-fragment-ktx:2.7.6) with AarToClassTransform
Transforming navigation-compose-2.7.6.aar (androidx.navigation:navigation-compose:2.7.6) with JetifyTransform
Transforming navigation-compose-2.7.6.aar (androidx.navigation:navigation-compose:2.7.6) with AarToClassTransform
Transforming navigation-ui-ktx-2.7.6.aar (androidx.navigation:navigation-ui-ktx:2.7.6) with JetifyTransform
Transforming navigation-ui-ktx-2.7.6.aar (androidx.navigation:navigation-ui-ktx:2.7.6) with AarToClassTransform
Transforming navigation-ui-2.7.6.aar (androidx.navigation:navigation-ui:2.7.6) with JetifyTransform
Transforming navigation-ui-2.7.6.aar (androidx.navigation:navigation-ui:2.7.6) with AarToClassTransform
Transforming material-1.11.0.aar (com.google.android.material:material:1.11.0) with JetifyTransform
Transforming material-1.11.0.aar (com.google.android.material:material:1.11.0) with AarToClassTransform
Transforming play-services-mlkit-barcode-scanning-18.3.1.aar (com.google.android.gms:play-services-mlkit-barcode-scanning:18.3.1) with JetifyTransform
Transforming play-services-mlkit-barcode-scanning-18.3.1.aar (com.google.android.gms:play-services-mlkit-barcode-scanning:18.3.1) with AarToClassTransform
Transforming barcode-scanning-common-17.0.0.aar (com.google.mlkit:barcode-scanning-common:17.0.0) with JetifyTransform
Transforming barcode-scanning-common-17.0.0.aar (com.google.mlkit:barcode-scanning-common:17.0.0) with AarToClassTransform
Transforming vision-common-17.3.0.aar (com.google.mlkit:vision-common:17.3.0) with JetifyTransform
Transforming vision-common-17.3.0.aar (com.google.mlkit:vision-common:17.3.0) with AarToClassTransform
Transforming vision-common-17.3.0.aar (com.google.mlkit:vision-common:17.3.0) with JetifyTransform
Transforming vision-common-17.3.0.aar (com.google.mlkit:vision-common:17.3.0) with AarToClassTransform
Transforming common-18.11.0.aar (com.google.mlkit:common:18.11.0) with JetifyTransform
Transforming common-18.11.0.aar (com.google.mlkit:common:18.11.0) with AarToClassTransform
Transforming common-18.11.0.aar (com.google.mlkit:common:18.11.0) with JetifyTransform
Transforming common-18.11.0.aar (com.google.mlkit:common:18.11.0) with AarToClassTransform
Transforming appcompat-1.6.1.aar (androidx.appcompat:appcompat:1.6.1) with JetifyTransform
Transforming appcompat-1.6.1.aar (androidx.appcompat:appcompat:1.6.1) with AarToClassTransform
Transforming appcompat-1.6.1.aar (androidx.appcompat:appcompat:1.6.1) with JetifyTransform
Transforming appcompat-1.6.1.aar (androidx.appcompat:appcompat:1.6.1) with AarToClassTransform
Transforming hilt-android-2.48.aar (com.google.dagger:hilt-android:2.48) with JetifyTransform
Transforming hilt-android-2.48.aar (com.google.dagger:hilt-android:2.48) with AarToClassTransform
Transforming biometric-1.1.0.aar (androidx.biometric:biometric:1.1.0) with JetifyTransform
Transforming biometric-1.1.0.aar (androidx.biometric:biometric:1.1.0) with AarToClassTransform
Transforming firebase-auth-22.3.1.aar (com.google.firebase:firebase-auth:22.3.1) with JetifyTransform
Transforming firebase-auth-22.3.1.aar (com.google.firebase:firebase-auth:22.3.1) with AarToClassTransform
Transforming play-services-auth-21.0.0.aar (com.google.android.gms:play-services-auth:21.0.0) with JetifyTransform
Transforming play-services-auth-21.0.0.aar (com.google.android.gms:play-services-auth:21.0.0) with AarToClassTransform
Transforming viewpager2-1.0.0.aar (androidx.viewpager2:viewpager2:1.0.0) with JetifyTransform
Transforming viewpager2-1.0.0.aar (androidx.viewpager2:viewpager2:1.0.0) with AarToClassTransform
Transforming play-services-auth-api-phone-18.0.2.aar (com.google.android.gms:play-services-auth-api-phone:18.0.2) with JetifyTransform
Transforming play-services-auth-api-phone-18.0.2.aar (com.google.android.gms:play-services-auth-api-phone:18.0.2) with AarToClassTransform
Transforming play-services-auth-api-phone-18.0.2.aar (com.google.android.gms:play-services-auth-api-phone:18.0.2) with JetifyTransform
Transforming play-services-auth-api-phone-18.0.2.aar (com.google.android.gms:play-services-auth-api-phone:18.0.2) with AarToClassTransform
Transforming firebase-appcheck-interop-17.0.0.aar (com.google.firebase:firebase-appcheck-interop:17.0.0) with JetifyTransform
Transforming firebase-appcheck-interop-17.0.0.aar (com.google.firebase:firebase-appcheck-interop:17.0.0) with AarToClassTransform
Transforming play-services-auth-base-18.0.10.aar (com.google.android.gms:play-services-auth-base:18.0.10) with JetifyTransform
Transforming play-services-auth-base-18.0.10.aar (com.google.android.gms:play-services-auth-base:18.0.10) with AarToClassTransform
Transforming play-services-fido-20.0.1.aar (com.google.android.gms:play-services-fido:20.0.1) with JetifyTransform
Transforming play-services-fido-20.0.1.aar (com.google.android.gms:play-services-fido:20.0.1) with AarToClassTransform
Transforming play-services-base-18.5.0.aar (com.google.android.gms:play-services-base:18.5.0) with JetifyTransform
Transforming play-services-base-18.5.0.aar (com.google.android.gms:play-services-base:18.5.0) with AarToClassTransform
Transforming play-services-base-18.5.0.aar (com.google.android.gms:play-services-base:18.5.0) with JetifyTransform
Transforming play-services-base-18.5.0.aar (com.google.android.gms:play-services-base:18.5.0) with AarToClassTransform
Transforming play-services-base-18.5.0.aar (com.google.android.gms:play-services-base:18.5.0) with JetifyTransform
Transforming play-services-base-18.5.0.aar (com.google.android.gms:play-services-base:18.5.0) with AarToClassTransform
Transforming play-services-base-18.5.0.aar (com.google.android.gms:play-services-base:18.5.0) with JetifyTransform
Transforming play-services-base-18.5.0.aar (com.google.android.gms:play-services-base:18.5.0) with AarToClassTransform
Transforming play-services-base-18.5.0.aar (com.google.android.gms:play-services-base:18.5.0) with JetifyTransform
Transforming play-services-base-18.5.0.aar (com.google.android.gms:play-services-base:18.5.0) with AarToClassTransform
Transforming play-services-base-18.5.0.aar (com.google.android.gms:play-services-base:18.5.0) with JetifyTransform
Transforming play-services-base-18.5.0.aar (com.google.android.gms:play-services-base:18.5.0) with AarToClassTransform
Transforming play-services-base-18.5.0.aar (com.google.android.gms:play-services-base:18.5.0) with JetifyTransform
Transforming play-services-base-18.5.0.aar (com.google.android.gms:play-services-base:18.5.0) with AarToClassTransform
Transforming play-services-base-18.5.0.aar (com.google.android.gms:play-services-base:18.5.0) with JetifyTransform
Transforming play-services-base-18.5.0.aar (com.google.android.gms:play-services-base:18.5.0) with AarToClassTransform
Transforming vision-interfaces-16.3.0.aar (com.google.mlkit:vision-interfaces:16.3.0) with JetifyTransform
Transforming vision-interfaces-16.3.0.aar (com.google.mlkit:vision-interfaces:16.3.0) with AarToClassTransform
Transforming firebase-common-ktx-20.4.2.aar (com.google.firebase:firebase-common-ktx:20.4.2) with JetifyTransform
Transforming firebase-common-ktx-20.4.2.aar (com.google.firebase:firebase-common-ktx:20.4.2) with AarToClassTransform
Transforming firebase-auth-interop-20.0.0.aar (com.google.firebase:firebase-auth-interop:20.0.0) with JetifyTransform
Transforming firebase-auth-interop-20.0.0.aar (com.google.firebase:firebase-auth-interop:20.0.0) with AarToClassTransform
Transforming firebase-common-20.4.2.aar (com.google.firebase:firebase-common:20.4.2) with JetifyTransform
Transforming firebase-common-20.4.2.aar (com.google.firebase:firebase-common:20.4.2) with AarToClassTransform
Transforming firebase-common-20.4.2.aar (com.google.firebase:firebase-common:20.4.2) with JetifyTransform
Transforming firebase-common-20.4.2.aar (com.google.firebase:firebase-common:20.4.2) with AarToClassTransform
Transforming firebase-common-20.4.2.aar (com.google.firebase:firebase-common:20.4.2) with JetifyTransform
Transforming firebase-common-20.4.2.aar (com.google.firebase:firebase-common:20.4.2) with AarToClassTransform
Transforming recaptcha-18.4.0.aar (com.google.android.recaptcha:recaptcha:18.4.0) with JetifyTransform
Transforming recaptcha-18.4.0.aar (com.google.android.recaptcha:recaptcha:18.4.0) with AarToClassTransform
Transforming integrity-1.2.0.aar (com.google.android.play:integrity:1.2.0) with JetifyTransform
Transforming integrity-1.2.0.aar (com.google.android.play:integrity:1.2.0) with AarToClassTransform
Transforming integrity-1.2.0.aar (com.google.android.play:integrity:1.2.0) with JetifyTransform
Transforming integrity-1.2.0.aar (com.google.android.play:integrity:1.2.0) with AarToClassTransform
Transforming room-runtime-2.6.1.aar (androidx.room:room-runtime:2.6.1) with JetifyTransform
Transforming room-runtime-2.6.1.aar (androidx.room:room-runtime:2.6.1) with AarToClassTransform
Transforming room-ktx-2.6.1.aar (androidx.room:room-ktx:2.6.1) with JetifyTransform
Transforming room-ktx-2.6.1.aar (androidx.room:room-ktx:2.6.1) with AarToClassTransform
Transforming fragment-ktx-1.6.2.aar (androidx.fragment:fragment-ktx:1.6.2) with JetifyTransform
Transforming fragment-ktx-1.6.2.aar (androidx.fragment:fragment-ktx:1.6.2) with AarToClassTransform
Transforming activity-ktx-1.8.2.aar (androidx.activity:activity-ktx:1.8.2) with JetifyTransform
Transforming activity-ktx-1.8.2.aar (androidx.activity:activity-ktx:1.8.2) with AarToClassTransform
Transforming activity-compose-1.8.2.aar (androidx.activity:activity-compose:1.8.2) with JetifyTransform
Transforming activity-compose-1.8.2.aar (androidx.activity:activity-compose:1.8.2) with AarToClassTransform
Transforming activity-1.8.2.aar (androidx.activity:activity:1.8.2) with JetifyTransform
Transforming activity-1.8.2.aar (androidx.activity:activity:1.8.2) with AarToClassTransform
Transforming camera-video-1.3.1.aar (androidx.camera:camera-video:1.3.1) with JetifyTransform
Transforming camera-video-1.3.1.aar (androidx.camera:camera-video:1.3.1) with AarToClassTransform
Transforming camera-view-1.3.1.aar (androidx.camera:camera-view:1.3.1) with JetifyTransform
Transforming camera-view-1.3.1.aar (androidx.camera:camera-view:1.3.1) with AarToClassTransform
Transforming camera-lifecycle-1.3.1.aar (androidx.camera:camera-lifecycle:1.3.1) with JetifyTransform
Transforming camera-lifecycle-1.3.1.aar (androidx.camera:camera-lifecycle:1.3.1) with AarToClassTransform
Transforming camera-camera2-1.3.1.aar (androidx.camera:camera-camera2:1.3.1) with JetifyTransform
Transforming camera-camera2-1.3.1.aar (androidx.camera:camera-camera2:1.3.1) with AarToClassTransform
Transforming camera-core-1.3.1.aar (androidx.camera:camera-core:1.3.1) with JetifyTransform
Transforming camera-core-1.3.1.aar (androidx.camera:camera-core:1.3.1) with AarToClassTransform
Transforming appcompat-resources-1.6.1.aar (androidx.appcompat:appcompat-resources:1.6.1) with JetifyTransform
Transforming appcompat-resources-1.6.1.aar (androidx.appcompat:appcompat-resources:1.6.1) with AarToClassTransform
Transforming drawerlayout-1.1.1.aar (androidx.drawerlayout:drawerlayout:1.1.1) with JetifyTransform
Transforming drawerlayout-1.1.1.aar (androidx.drawerlayout:drawerlayout:1.1.1) with AarToClassTransform
Transforming coordinatorlayout-1.1.0.aar (androidx.coordinatorlayout:coordinatorlayout:1.1.0) with JetifyTransform
Transforming coordinatorlayout-1.1.0.aar (androidx.coordinatorlayout:coordinatorlayout:1.1.0) with AarToClassTransform
Transforming dynamicanimation-1.0.0.aar (androidx.dynamicanimation:dynamicanimation:1.0.0) with JetifyTransform
Transforming dynamicanimation-1.0.0.aar (androidx.dynamicanimation:dynamicanimation:1.0.0) with AarToClassTransform
Transforming recyclerview-1.1.0.aar (androidx.recyclerview:recyclerview:1.1.0) with JetifyTransform
Transforming recyclerview-1.1.0.aar (androidx.recyclerview:recyclerview:1.1.0) with AarToClassTransform
Transforming recyclerview-1.1.0.aar (androidx.recyclerview:recyclerview:1.1.0) with JetifyTransform
Transforming recyclerview-1.1.0.aar (androidx.recyclerview:recyclerview:1.1.0) with AarToClassTransform
Transforming transition-1.4.1.aar (androidx.transition:transition:1.4.1) with JetifyTransform
Transforming transition-1.4.1.aar (androidx.transition:transition:1.4.1) with AarToClassTransform
Transforming vectordrawable-animated-1.1.0.aar (androidx.vectordrawable:vectordrawable-animated:1.1.0) with JetifyTransform
Transforming vectordrawable-animated-1.1.0.aar (androidx.vectordrawable:vectordrawable-animated:1.1.0) with AarToClassTransform
Transforming vectordrawable-1.1.0.aar (androidx.vectordrawable:vectordrawable:1.1.0) with JetifyTransform
Transforming vectordrawable-1.1.0.aar (androidx.vectordrawable:vectordrawable:1.1.0) with AarToClassTransform
Transforming vectordrawable-1.1.0.aar (androidx.vectordrawable:vectordrawable:1.1.0) with JetifyTransform
Transforming vectordrawable-1.1.0.aar (androidx.vectordrawable:vectordrawable:1.1.0) with AarToClassTransform
Transforming browser-1.4.0.aar (androidx.browser:browser:1.4.0) with JetifyTransform
Transforming browser-1.4.0.aar (androidx.browser:browser:1.4.0) with AarToClassTransform
Transforming legacy-support-core-utils-1.0.0.aar (androidx.legacy:legacy-support-core-utils:1.0.0) with JetifyTransform
Transforming legacy-support-core-utils-1.0.0.aar (androidx.legacy:legacy-support-core-utils:1.0.0) with AarToClassTransform
Transforming loader-1.1.0.aar (androidx.loader:loader:1.1.0) with JetifyTransform
Transforming loader-1.1.0.aar (androidx.loader:loader:1.1.0) with AarToClassTransform
Transforming loader-1.1.0.aar (androidx.loader:loader:1.1.0) with JetifyTransform
Transforming loader-1.1.0.aar (androidx.loader:loader:1.1.0) with AarToClassTransform
Transforming loader-1.1.0.aar (androidx.loader:loader:1.1.0) with JetifyTransform
Transforming loader-1.1.0.aar (androidx.loader:loader:1.1.0) with AarToClassTransform
Transforming viewpager-1.0.0.aar (androidx.viewpager:viewpager:1.0.0) with JetifyTransform
Transforming viewpager-1.0.0.aar (androidx.viewpager:viewpager:1.0.0) with AarToClassTransform
Transforming slidingpanelayout-1.2.0.aar (androidx.slidingpanelayout:slidingpanelayout:1.2.0) with JetifyTransform
Transforming slidingpanelayout-1.2.0.aar (androidx.slidingpanelayout:slidingpanelayout:1.2.0) with AarToClassTransform
Transforming customview-1.1.0.aar (androidx.customview:customview:1.1.0) with JetifyTransform
Transforming customview-1.1.0.aar (androidx.customview:customview:1.1.0) with AarToClassTransform
Transforming customview-1.1.0.aar (androidx.customview:customview:1.1.0) with JetifyTransform
Transforming customview-1.1.0.aar (androidx.customview:customview:1.1.0) with AarToClassTransform
Transforming customview-1.1.0.aar (androidx.customview:customview:1.1.0) with JetifyTransform
Transforming customview-1.1.0.aar (androidx.customview:customview:1.1.0) with AarToClassTransform
Transforming customview-1.1.0.aar (androidx.customview:customview:1.1.0) with JetifyTransform
Transforming customview-1.1.0.aar (androidx.customview:customview:1.1.0) with AarToClassTransform
Transforming customview-1.1.0.aar (androidx.customview:customview:1.1.0) with JetifyTransform
Transforming customview-1.1.0.aar (androidx.customview:customview:1.1.0) with AarToClassTransform
Transforming core-1.12.0.aar (androidx.core:core:1.12.0) with JetifyTransform
Transforming core-1.12.0.aar (androidx.core:core:1.12.0) with AarToClassTransform
Transforming core-1.12.0.aar (androidx.core:core:1.12.0) with JetifyTransform
Transforming core-1.12.0.aar (androidx.core:core:1.12.0) with AarToClassTransform
Transforming core-1.12.0.aar (androidx.core:core:1.12.0) with JetifyTransform
Transforming core-1.12.0.aar (androidx.core:core:1.12.0) with AarToClassTransform
Transforming core-1.12.0.aar (androidx.core:core:1.12.0) with JetifyTransform
Transforming core-1.12.0.aar (androidx.core:core:1.12.0) with AarToClassTransform
Transforming core-1.12.0.aar (androidx.core:core:1.12.0) with JetifyTransform
Transforming core-1.12.0.aar (androidx.core:core:1.12.0) with AarToClassTransform
Transforming core-1.12.0.aar (androidx.core:core:1.12.0) with JetifyTransform
Transforming core-1.12.0.aar (androidx.core:core:1.12.0) with AarToClassTransform
Transforming core-1.12.0.aar (androidx.core:core:1.12.0) with JetifyTransform
Transforming core-1.12.0.aar (androidx.core:core:1.12.0) with AarToClassTransform
Transforming core-1.12.0.aar (androidx.core:core:1.12.0) with JetifyTransform
Transforming core-1.12.0.aar (androidx.core:core:1.12.0) with AarToClassTransform
Transforming core-1.12.0.aar (androidx.core:core:1.12.0) with JetifyTransform
Transforming core-1.12.0.aar (androidx.core:core:1.12.0) with AarToClassTransform
Transforming core-1.12.0.aar (androidx.core:core:1.12.0) with JetifyTransform
Transforming core-1.12.0.aar (androidx.core:core:1.12.0) with AarToClassTransform
Transforming core-1.12.0.aar (androidx.core:core:1.12.0) with JetifyTransform
Transforming core-1.12.0.aar (androidx.core:core:1.12.0) with AarToClassTransform
Transforming core-1.12.0.aar (androidx.core:core:1.12.0) with JetifyTransform
Transforming core-1.12.0.aar (androidx.core:core:1.12.0) with AarToClassTransform
Transforming core-1.12.0.aar (androidx.core:core:1.12.0) with JetifyTransform
Transforming core-1.12.0.aar (androidx.core:core:1.12.0) with AarToClassTransform
Transforming core-1.12.0.aar (androidx.core:core:1.12.0) with JetifyTransform
Transforming core-1.12.0.aar (androidx.core:core:1.12.0) with AarToClassTransform
Transforming lifecycle-livedata-core-2.7.0.aar (androidx.lifecycle:lifecycle-livedata-core:2.7.0) with JetifyTransform
Transforming lifecycle-livedata-core-2.7.0.aar (androidx.lifecycle:lifecycle-livedata-core:2.7.0) with AarToClassTransform
Transforming lifecycle-livedata-core-2.7.0.aar (androidx.lifecycle:lifecycle-livedata-core:2.7.0) with JetifyTransform
Transforming lifecycle-livedata-core-2.7.0.aar (androidx.lifecycle:lifecycle-livedata-core:2.7.0) with AarToClassTransform
Transforming lifecycle-livedata-core-ktx-2.7.0.aar (androidx.lifecycle:lifecycle-livedata-core-ktx:2.7.0) with JetifyTransform
Transforming lifecycle-livedata-core-ktx-2.7.0.aar (androidx.lifecycle:lifecycle-livedata-core-ktx:2.7.0) with AarToClassTransform
Transforming lifecycle-livedata-2.7.0.aar (androidx.lifecycle:lifecycle-livedata:2.7.0) with JetifyTransform
Transforming lifecycle-livedata-2.7.0.aar (androidx.lifecycle:lifecycle-livedata:2.7.0) with AarToClassTransform
Transforming lifecycle-runtime-ktx-2.7.0.aar (androidx.lifecycle:lifecycle-runtime-ktx:2.7.0) with JetifyTransform
Transforming lifecycle-runtime-ktx-2.7.0.aar (androidx.lifecycle:lifecycle-runtime-ktx:2.7.0) with AarToClassTransform
Transforming lifecycle-viewmodel-compose-2.7.0.aar (androidx.lifecycle:lifecycle-viewmodel-compose:2.7.0) with JetifyTransform
Transforming lifecycle-viewmodel-compose-2.7.0.aar (androidx.lifecycle:lifecycle-viewmodel-compose:2.7.0) with AarToClassTransform
Transforming lifecycle-viewmodel-savedstate-2.7.0.aar (androidx.lifecycle:lifecycle-viewmodel-savedstate:2.7.0) with JetifyTransform
Transforming lifecycle-viewmodel-savedstate-2.7.0.aar (androidx.lifecycle:lifecycle-viewmodel-savedstate:2.7.0) with AarToClassTransform
Transforming lifecycle-viewmodel-2.7.0.aar (androidx.lifecycle:lifecycle-viewmodel:2.7.0) with JetifyTransform
Transforming lifecycle-viewmodel-2.7.0.aar (androidx.lifecycle:lifecycle-viewmodel:2.7.0) with AarToClassTransform
Transforming lifecycle-viewmodel-2.7.0.aar (androidx.lifecycle:lifecycle-viewmodel:2.7.0) with JetifyTransform
Transforming lifecycle-viewmodel-2.7.0.aar (androidx.lifecycle:lifecycle-viewmodel:2.7.0) with AarToClassTransform
Transforming coil-compose-2.5.0.aar (io.coil-kt:coil-compose:2.5.0) with JetifyTransform
Transforming coil-compose-2.5.0.aar (io.coil-kt:coil-compose:2.5.0) with AarToClassTransform
Transforming coil-compose-base-2.5.0.aar (io.coil-kt:coil-compose-base:2.5.0) with JetifyTransform
Transforming coil-compose-base-2.5.0.aar (io.coil-kt:coil-compose-base:2.5.0) with AarToClassTransform
Transforming coil-2.5.0.aar (io.coil-kt:coil:2.5.0) with JetifyTransform
Transforming coil-2.5.0.aar (io.coil-kt:coil:2.5.0) with AarToClassTransform
Transforming coil-base-2.5.0.aar (io.coil-kt:coil-base:2.5.0) with JetifyTransform
Transforming coil-base-2.5.0.aar (io.coil-kt:coil-base:2.5.0) with AarToClassTransform
Transforming lifecycle-runtime-2.7.0.aar (androidx.lifecycle:lifecycle-runtime:2.7.0) with JetifyTransform
Transforming lifecycle-runtime-2.7.0.aar (androidx.lifecycle:lifecycle-runtime:2.7.0) with AarToClassTransform
Transforming lifecycle-livedata-ktx-2.7.0.aar (androidx.lifecycle:lifecycle-livedata-ktx:2.7.0) with JetifyTransform
Transforming lifecycle-livedata-ktx-2.7.0.aar (androidx.lifecycle:lifecycle-livedata-ktx:2.7.0) with AarToClassTransform
Transforming lifecycle-runtime-compose-2.7.0.aar (androidx.lifecycle:lifecycle-runtime-compose:2.7.0) with JetifyTransform
Transforming lifecycle-runtime-compose-2.7.0.aar (androidx.lifecycle:lifecycle-runtime-compose:2.7.0) with AarToClassTransform
Transforming lifecycle-viewmodel-ktx-2.7.0.aar (androidx.lifecycle:lifecycle-viewmodel-ktx:2.7.0) with JetifyTransform
Transforming lifecycle-viewmodel-ktx-2.7.0.aar (androidx.lifecycle:lifecycle-viewmodel-ktx:2.7.0) with AarToClassTransform
Transforming material3-release.aar (androidx.compose.material3:material3-android:1.2.0) with JetifyTransform
Transforming material3-release.aar (androidx.compose.material3:material3-android:1.2.0) with AarToClassTransform
Transforming room-common-2.6.1.jar (androidx.room:room-common:2.6.1) with JetifyTransform
Transforming room-common-2.6.1.jar (androidx.room:room-common:2.6.1) with IdentityTransform
Transforming foundation-layout-release.aar (androidx.compose.foundation:foundation-layout-android:1.6.1) with JetifyTransform
Transforming foundation-layout-release.aar (androidx.compose.foundation:foundation-layout-android:1.6.1) with AarToClassTransform
Transforming material-icons-core-release.aar (androidx.compose.material:material-icons-core-android:1.6.1) with JetifyTransform
Transforming material-icons-core-release.aar (androidx.compose.material:material-icons-core-android:1.6.1) with AarToClassTransform
Transforming material-icons-extended-release.aar (androidx.compose.material:material-icons-extended-android:1.6.1) with JetifyTransform
Transforming material-icons-extended-release.aar (androidx.compose.material:material-icons-extended-android:1.6.1) with AarToClassTransform
Transforming material-ripple-release.aar (androidx.compose.material:material-ripple-android:1.6.1) with JetifyTransform
Transforming material-ripple-release.aar (androidx.compose.material:material-ripple-android:1.6.1) with AarToClassTransform
Transforming foundation-release.aar (androidx.compose.foundation:foundation-android:1.6.1) with JetifyTransform
Transforming foundation-release.aar (androidx.compose.foundation:foundation-android:1.6.1) with AarToClassTransform
Transforming animation-core-release.aar (androidx.compose.animation:animation-core-android:1.6.1) with JetifyTransform
Transforming animation-core-release.aar (androidx.compose.animation:animation-core-android:1.6.1) with AarToClassTransform
Transforming animation-release.aar (androidx.compose.animation:animation-android:1.6.1) with JetifyTransform
Transforming animation-release.aar (androidx.compose.animation:animation-android:1.6.1) with AarToClassTransform
Transforming ui-util-release.aar (androidx.compose.ui:ui-util-android:1.6.1) with JetifyTransform
Transforming ui-util-release.aar (androidx.compose.ui:ui-util-android:1.6.1) with AarToClassTransform
Transforming ui-unit-release.aar (androidx.compose.ui:ui-unit-android:1.6.1) with JetifyTransform
Transforming ui-unit-release.aar (androidx.compose.ui:ui-unit-android:1.6.1) with AarToClassTransform
Transforming ui-text-release.aar (androidx.compose.ui:ui-text-android:1.6.1) with JetifyTransform
Transforming ui-text-release.aar (androidx.compose.ui:ui-text-android:1.6.1) with AarToClassTransform
Transforming ui-geometry-release.aar (androidx.compose.ui:ui-geometry-android:1.6.1) with JetifyTransform
Transforming ui-geometry-release.aar (androidx.compose.ui:ui-geometry-android:1.6.1) with AarToClassTransform
Transforming ui-tooling-data-release.aar (androidx.compose.ui:ui-tooling-data-android:1.6.1) with JetifyTransform
Transforming ui-tooling-data-release.aar (androidx.compose.ui:ui-tooling-data-android:1.6.1) with AarToClassTransform
Transforming ui-tooling-preview-release.aar (androidx.compose.ui:ui-tooling-preview-android:1.6.1) with JetifyTransform
Transforming ui-tooling-preview-release.aar (androidx.compose.ui:ui-tooling-preview-android:1.6.1) with AarToClassTransform
Transforming ui-graphics-release.aar (androidx.compose.ui:ui-graphics-android:1.6.1) with JetifyTransform
Transforming ui-graphics-release.aar (androidx.compose.ui:ui-graphics-android:1.6.1) with AarToClassTransform
Transforming lifecycle-common-java8-2.7.0.jar (androidx.lifecycle:lifecycle-common-java8:2.7.0) with JetifyTransform
Transforming lifecycle-common-java8-2.7.0.jar (androidx.lifecycle:lifecycle-common-java8:2.7.0) with IdentityTransform
Transforming lifecycle-common-2.7.0.jar (androidx.lifecycle:lifecycle-common:2.7.0) with JetifyTransform
Transforming lifecycle-common-2.7.0.jar (androidx.lifecycle:lifecycle-common:2.7.0) with IdentityTransform
Transforming ui-release.aar (androidx.compose.ui:ui-android:1.6.1) with JetifyTransform
Transforming ui-release.aar (androidx.compose.ui:ui-android:1.6.1) with AarToClassTransform
Transforming ui-tooling-release.aar (androidx.compose.ui:ui-tooling-android:1.6.1) with JetifyTransform
Transforming ui-tooling-release.aar (androidx.compose.ui:ui-tooling-android:1.6.1) with AarToClassTransform
Transforming runtime-saveable-release.aar (androidx.compose.runtime:runtime-saveable-android:1.6.1) with JetifyTransform
Transforming runtime-saveable-release.aar (androidx.compose.runtime:runtime-saveable-android:1.6.1) with AarToClassTransform
Transforming runtime-release.aar (androidx.compose.runtime:runtime-android:1.6.1) with JetifyTransform
Transforming runtime-release.aar (androidx.compose.runtime:runtime-android:1.6.1) with AarToClassTransform
Transforming kotlinx-coroutines-android-1.7.3.jar (org.jetbrains.kotlinx:kotlinx-coroutines-android:1.7.3) with JetifyTransform
Transforming kotlinx-coroutines-core-jvm-1.7.3.jar (org.jetbrains.kotlinx:kotlinx-coroutines-core-jvm:1.7.3) with JetifyTransform
Transforming kotlinx-coroutines-play-services-1.7.3.jar (org.jetbrains.kotlinx:kotlinx-coroutines-play-services:1.7.3) with JetifyTransform
Transforming kotlinx-coroutines-android-1.7.3.jar (org.jetbrains.kotlinx:kotlinx-coroutines-android:1.7.3) with IdentityTransform
Transforming kotlinx-coroutines-core-jvm-1.7.3.jar (org.jetbrains.kotlinx:kotlinx-coroutines-core-jvm:1.7.3) with IdentityTransform
Transforming kotlinx-coroutines-play-services-1.7.3.jar (org.jetbrains.kotlinx:kotlinx-coroutines-play-services:1.7.3) with IdentityTransform
Transforming play-services-tasks-18.2.0.aar (com.google.android.gms:play-services-tasks:18.2.0) with JetifyTransform
Transforming play-services-tasks-18.2.0.aar (com.google.android.gms:play-services-tasks:18.2.0) with AarToClassTransform
Transforming play-services-tasks-18.2.0.aar (com.google.android.gms:play-services-tasks:18.2.0) with JetifyTransform
Transforming play-services-tasks-18.2.0.aar (com.google.android.gms:play-services-tasks:18.2.0) with AarToClassTransform
Transforming play-services-tasks-18.2.0.aar (com.google.android.gms:play-services-tasks:18.2.0) with JetifyTransform
Transforming play-services-tasks-18.2.0.aar (com.google.android.gms:play-services-tasks:18.2.0) with AarToClassTransform
Transforming play-services-basement-18.4.0.aar (com.google.android.gms:play-services-basement:18.4.0) with JetifyTransform
Transforming play-services-basement-18.4.0.aar (com.google.android.gms:play-services-basement:18.4.0) with AarToClassTransform
Transforming play-services-basement-18.4.0.aar (com.google.android.gms:play-services-basement:18.4.0) with JetifyTransform
Transforming play-services-basement-18.4.0.aar (com.google.android.gms:play-services-basement:18.4.0) with AarToClassTransform
Transforming fragment-1.6.2.aar (androidx.fragment:fragment:1.6.2) with JetifyTransform
Transforming fragment-1.6.2.aar (androidx.fragment:fragment:1.6.2) with AarToClassTransform
Transforming fragment-1.6.2.aar (androidx.fragment:fragment:1.6.2) with JetifyTransform
Transforming fragment-1.6.2.aar (androidx.fragment:fragment:1.6.2) with AarToClassTransform
Transforming core-ktx-1.12.0.aar (androidx.core:core-ktx:1.12.0) with JetifyTransform
Transforming core-ktx-1.12.0.aar (androidx.core:core-ktx:1.12.0) with AarToClassTransform
Transforming core-splashscreen-1.0.1.aar (androidx.core:core-splashscreen:1.0.1) with JetifyTransform
Transforming core-splashscreen-1.0.1.aar (androidx.core:core-splashscreen:1.0.1) with AarToClassTransform
Transforming googleid-1.1.0.aar (com.google.android.libraries.identity.googleid:googleid:1.1.0) with JetifyTransform
Transforming googleid-1.1.0.aar (com.google.android.libraries.identity.googleid:googleid:1.1.0) with AarToClassTransform
Transforming savedstate-ktx-1.2.1.aar (androidx.savedstate:savedstate-ktx:1.2.1) with JetifyTransform
Transforming savedstate-ktx-1.2.1.aar (androidx.savedstate:savedstate-ktx:1.2.1) with AarToClassTransform
Transforming savedstate-1.2.1.aar (androidx.savedstate:savedstate:1.2.1) with JetifyTransform
Transforming savedstate-1.2.1.aar (androidx.savedstate:savedstate:1.2.1) with AarToClassTransform
Transforming annotation-experimental-1.4.0.aar (androidx.annotation:annotation-experimental:1.4.0) with JetifyTransform
Transforming annotation-experimental-1.4.0.aar (androidx.annotation:annotation-experimental:1.4.0) with AarToClassTransform
Transforming okhttp-4.12.0.jar (com.squareup.okhttp3:okhttp:4.12.0) with JetifyTransform
Transforming okhttp-4.12.0.jar (com.squareup.okhttp3:okhttp:4.12.0) with IdentityTransform
Transforming okio-jvm-3.6.0.jar (com.squareup.okio:okio-jvm:3.6.0) with JetifyTransform
Transforming okio-jvm-3.6.0.jar (com.squareup.okio:okio-jvm:3.6.0) with IdentityTransform
Transforming kotlin-stdlib-jdk8-1.9.10.jar (org.jetbrains.kotlin:kotlin-stdlib-jdk8:1.9.10) with JetifyTransform
Transforming kotlin-stdlib-jdk8-1.9.10.jar (org.jetbrains.kotlin:kotlin-stdlib-jdk8:1.9.10) with IdentityTransform
Transforming credentials-1.0.0-alpha04.aar (androidx.credentials:credentials:1.0.0-alpha04) with JetifyTransform
Transforming credentials-1.0.0-alpha04.aar (androidx.credentials:credentials:1.0.0-alpha04) with AarToClassTransform
Transforming cursoradapter-1.0.0.aar (androidx.cursoradapter:cursoradapter:1.0.0) with JetifyTransform
Transforming cursoradapter-1.0.0.aar (androidx.cursoradapter:cursoradapter:1.0.0) with AarToClassTransform
Transforming cardview-1.0.0.aar (androidx.cardview:cardview:1.0.0) with JetifyTransform
Transforming cardview-1.0.0.aar (androidx.cardview:cardview:1.0.0) with AarToClassTransform
Transforming sqlite-framework-2.4.0.aar (androidx.sqlite:sqlite-framework:2.4.0) with JetifyTransform
Transforming sqlite-framework-2.4.0.aar (androidx.sqlite:sqlite-framework:2.4.0) with AarToClassTransform
Transforming sqlite-2.4.0.aar (androidx.sqlite:sqlite:2.4.0) with JetifyTransform
Transforming sqlite-2.4.0.aar (androidx.sqlite:sqlite:2.4.0) with AarToClassTransform
Transforming transport-backend-cct-2.3.3.aar (com.google.android.datatransport:transport-backend-cct:2.3.3) with JetifyTransform
Transforming transport-backend-cct-2.3.3.aar (com.google.android.datatransport:transport-backend-cct:2.3.3) with AarToClassTransform
Transforming transport-runtime-2.2.6.aar (com.google.android.datatransport:transport-runtime:2.2.6) with JetifyTransform
Transforming transport-runtime-2.2.6.aar (com.google.android.datatransport:transport-runtime:2.2.6) with AarToClassTransform
Transforming transport-runtime-2.2.6.aar (com.google.android.datatransport:transport-runtime:2.2.6) with JetifyTransform
Transforming transport-runtime-2.2.6.aar (com.google.android.datatransport:transport-runtime:2.2.6) with AarToClassTransform
Transforming transport-api-2.2.1.aar (com.google.android.datatransport:transport-api:2.2.1) with JetifyTransform
Transforming transport-api-2.2.1.aar (com.google.android.datatransport:transport-api:2.2.1) with AarToClassTransform
Transforming firebase-components-17.1.5.aar (com.google.firebase:firebase-components:17.1.5) with JetifyTransform
Transforming firebase-components-17.1.5.aar (com.google.firebase:firebase-components:17.1.5) with AarToClassTransform
Transforming firebase-components-17.1.5.aar (com.google.firebase:firebase-components:17.1.5) with JetifyTransform
Transforming firebase-components-17.1.5.aar (com.google.firebase:firebase-components:17.1.5) with AarToClassTransform
Transforming firebase-encoders-json-17.1.0.aar (com.google.firebase:firebase-encoders-json:17.1.0) with JetifyTransform
Transforming firebase-encoders-json-17.1.0.aar (com.google.firebase:firebase-encoders-json:17.1.0) with AarToClassTransform
Transforming firebase-encoders-17.0.0.jar (com.google.firebase:firebase-encoders:17.0.0) with JetifyTransform
Transforming firebase-encoders-17.0.0.jar (com.google.firebase:firebase-encoders:17.0.0) with IdentityTransform
Transforming localbroadcastmanager-1.0.0.aar (androidx.localbroadcastmanager:localbroadcastmanager:1.0.0) with JetifyTransform
Transforming localbroadcastmanager-1.0.0.aar (androidx.localbroadcastmanager:localbroadcastmanager:1.0.0) with AarToClassTransform
Transforming versionedparcelable-1.1.1.aar (androidx.versionedparcelable:versionedparcelable:1.1.1) with JetifyTransform
Transforming versionedparcelable-1.1.1.aar (androidx.versionedparcelable:versionedparcelable:1.1.1) with AarToClassTransform
Transforming core-runtime-2.2.0.aar (androidx.arch.core:core-runtime:2.2.0) with JetifyTransform
Transforming core-runtime-2.2.0.aar (androidx.arch.core:core-runtime:2.2.0) with AarToClassTransform
Transforming core-common-2.2.0.jar (androidx.arch.core:core-common:2.2.0) with JetifyTransform
Transforming core-common-2.2.0.jar (androidx.arch.core:core-common:2.2.0) with IdentityTransform
Transforming concurrent-futures-1.1.0.jar (androidx.concurrent:concurrent-futures:1.1.0) with JetifyTransform
Transforming concurrent-futures-1.1.0.jar (androidx.concurrent:concurrent-futures:1.1.0) with IdentityTransform
Transforming collection-ktx-1.4.0.jar (androidx.collection:collection-ktx:1.4.0) with JetifyTransform
Transforming collection-ktx-1.4.0.jar (androidx.collection:collection-ktx:1.4.0) with IdentityTransform
Transforming collection-jvm-1.4.0.jar (androidx.collection:collection-jvm:1.4.0) with JetifyTransform
Transforming collection-jvm-1.4.0.jar (androidx.collection:collection-jvm:1.4.0) with IdentityTransform
Transforming interpolator-1.0.0.aar (androidx.interpolator:interpolator:1.0.0) with JetifyTransform
Transforming interpolator-1.0.0.aar (androidx.interpolator:interpolator:1.0.0) with AarToClassTransform
Transforming documentfile-1.0.0.aar (androidx.documentfile:documentfile:1.0.0) with JetifyTransform
Transforming documentfile-1.0.0.aar (androidx.documentfile:documentfile:1.0.0) with AarToClassTransform
Transforming print-1.0.0.aar (androidx.print:print:1.0.0) with JetifyTransform
Transforming print-1.0.0.aar (androidx.print:print:1.0.0) with AarToClassTransform
Transforming annotation-jvm-1.7.0.jar (androidx.annotation:annotation-jvm:1.7.0) with JetifyTransform
Transforming kotlin-stdlib-jdk7-1.9.10.jar (org.jetbrains.kotlin:kotlin-stdlib-jdk7:1.9.10) with JetifyTransform
Transforming kotlin-stdlib-2.0.21.jar (org.jetbrains.kotlin:kotlin-stdlib:2.0.21) with JetifyTransform
Transforming annotation-jvm-1.7.0.jar (androidx.annotation:annotation-jvm:1.7.0) with IdentityTransform
Transforming kotlin-stdlib-jdk7-1.9.10.jar (org.jetbrains.kotlin:kotlin-stdlib-jdk7:1.9.10) with IdentityTransform
Transforming kotlin-stdlib-2.0.21.jar (org.jetbrains.kotlin:kotlin-stdlib:2.0.21) with IdentityTransform
Transforming constraintlayout-2.1.4.aar (androidx.constraintlayout:constraintlayout:2.1.4) with JetifyTransform
Transforming constraintlayout-2.1.4.aar (androidx.constraintlayout:constraintlayout:2.1.4) with AarToClassTransform
Transforming MPAndroidChart-3.1.0.aar (com.github.PhilJay:MPAndroidChart:3.1.0) with JetifyTransform
Transforming MPAndroidChart-3.1.0.aar (com.github.PhilJay:MPAndroidChart:3.1.0) with AarToClassTransform
Transforming javax.inject-1.jar (javax.inject:javax.inject:1) with JetifyTransform
Transforming dagger-lint-aar-2.48.aar (com.google.dagger:dagger-lint-aar:2.48) with JetifyTransform
Transforming dagger-lint-aar-2.48.aar (com.google.dagger:dagger-lint-aar:2.48) with AarToClassTransform
Transforming layout-7.2.5.jar (com.itextpdf:layout:7.2.5) with JetifyTransform
Transforming jsr305-3.0.2.jar (com.google.code.findbugs:jsr305:3.0.2) with JetifyTransform
Transforming exifinterface-1.3.6.aar (androidx.exifinterface:exifinterface:1.3.6) with JetifyTransform
Transforming exifinterface-1.3.6.aar (androidx.exifinterface:exifinterface:1.3.6) with AarToClassTransform
Transforming image-1.0.0-beta1.aar (com.google.android.odml:image:1.0.0-beta1) with JetifyTransform
Transforming image-1.0.0-beta1.aar (com.google.android.odml:image:1.0.0-beta1) with AarToClassTransform
Transforming image-1.0.0-beta1.aar (com.google.android.odml:image:1.0.0-beta1) with JetifyTransform
Transforming image-1.0.0-beta1.aar (com.google.android.odml:image:1.0.0-beta1) with AarToClassTransform
Transforming kernel-7.2.5.jar (com.itextpdf:kernel:7.2.5) with JetifyTransform
Transforming kernel-7.2.5.jar (com.itextpdf:kernel:7.2.5) with IdentityTransform
Transforming io-7.2.5.jar (com.itextpdf:io:7.2.5) with JetifyTransform
Transforming io-7.2.5.jar (com.itextpdf:io:7.2.5) with IdentityTransform
Transforming core-3.5.3.jar (com.google.zxing:core:3.5.3) with JetifyTransform
Transforming core-3.5.3.jar (com.google.zxing:core:3.5.3) with IdentityTransform
Transforming poi-ooxml-5.2.5.jar (org.apache.poi:poi-ooxml:5.2.5) with JetifyTransform
Transforming layout-7.2.5.jar (com.itextpdf:layout:7.2.5) with IdentityTransform
Transforming poi-ooxml-5.2.5.jar (org.apache.poi:poi-ooxml:5.2.5) with IdentityTransform
Transforming poi-5.2.5.jar (org.apache.poi:poi:5.2.5) with JetifyTransform
Transforming jakarta.mail-2.0.1.jar (com.sun.mail:jakarta.mail:2.0.1) with JetifyTransform
Transforming annotations-23.0.0.jar (org.jetbrains:annotations:23.0.0) with JetifyTransform
Transforming poi-5.2.5.jar (org.apache.poi:poi:5.2.5) with IdentityTransform
Transforming jakarta.mail-2.0.1.jar (com.sun.mail:jakarta.mail:2.0.1) with IdentityTransform
Transforming annotations-23.0.0.jar (org.jetbrains:annotations:23.0.0) with IdentityTransform
Transforming listenablefuture-1.0.jar (com.google.guava:listenablefuture:1.0) with JetifyTransform
Transforming resourceinspection-annotation-1.0.1.jar (androidx.resourceinspection:resourceinspection-annotation:1.0.1) with JetifyTransform
Transforming error_prone_annotations-2.15.0.jar (com.google.errorprone:error_prone_annotations:2.15.0) with JetifyTransform
Transforming listenablefuture-1.0.jar (com.google.guava:listenablefuture:1.0) with IdentityTransform
Transforming resourceinspection-annotation-1.0.1.jar (androidx.resourceinspection:resourceinspection-annotation:1.0.1) with IdentityTransform
Transforming error_prone_annotations-2.15.0.jar (com.google.errorprone:error_prone_annotations:2.15.0) with IdentityTransform
Transforming hilt-core-2.48.jar (com.google.dagger:hilt-core:2.48) with JetifyTransform
Transforming dagger-2.48.jar (com.google.dagger:dagger:2.48) with JetifyTransform
Transforming firebase-annotations-16.2.0.jar (com.google.firebase:firebase-annotations:16.2.0) with JetifyTransform
Transforming hilt-core-2.48.jar (com.google.dagger:hilt-core:2.48) with IdentityTransform
Transforming dagger-2.48.jar (com.google.dagger:dagger:2.48) with IdentityTransform
Transforming firebase-annotations-16.2.0.jar (com.google.firebase:firebase-annotations:16.2.0) with IdentityTransform
Transforming jsr305-3.0.2.jar (com.google.code.findbugs:jsr305:3.0.2) with IdentityTransform
Transforming commons-7.2.5.jar (com.itextpdf:commons:7.2.5) with JetifyTransform
Transforming slf4j-api-1.7.36.jar (org.slf4j:slf4j-api:1.7.36) with JetifyTransform
Transforming commons-7.2.5.jar (com.itextpdf:commons:7.2.5) with IdentityTransform
Transforming slf4j-api-1.7.36.jar (org.slf4j:slf4j-api:1.7.36) with IdentityTransform
Transforming bcpkix-jdk15on-1.70.jar (org.bouncycastle:bcpkix-jdk15on:1.70) with JetifyTransform
Transforming bcutil-jdk15on-1.70.jar (org.bouncycastle:bcutil-jdk15on:1.70) with JetifyTransform
Transforming bcpkix-jdk15on-1.70.jar (org.bouncycastle:bcpkix-jdk15on:1.70) with IdentityTransform
Transforming bcprov-jdk15on-1.70.jar (org.bouncycastle:bcprov-jdk15on:1.70) with JetifyTransform
Transforming bcutil-jdk15on-1.70.jar (org.bouncycastle:bcutil-jdk15on:1.70) with IdentityTransform
Transforming commons-codec-1.16.0.jar (commons-codec:commons-codec:1.16.0) with JetifyTransform
Transforming bcprov-jdk15on-1.70.jar (org.bouncycastle:bcprov-jdk15on:1.70) with IdentityTransform
Transforming commons-collections4-4.4.jar (org.apache.commons:commons-collections4:4.4) with JetifyTransform
Transforming commons-math3-3.6.1.jar (org.apache.commons:commons-math3:3.6.1) with JetifyTransform
Transforming commons-codec-1.16.0.jar (commons-codec:commons-codec:1.16.0) with IdentityTransform
Transforming commons-collections4-4.4.jar (org.apache.commons:commons-collections4:4.4) with IdentityTransform
Transforming commons-math3-3.6.1.jar (org.apache.commons:commons-math3:3.6.1) with IdentityTransform
Transforming commons-io-2.15.0.jar (commons-io:commons-io:2.15.0) with JetifyTransform
Transforming SparseBitSet-1.3.jar (com.zaxxer:SparseBitSet:1.3) with JetifyTransform
Transforming poi-ooxml-lite-5.2.5.jar (org.apache.poi:poi-ooxml-lite:5.2.5) with JetifyTransform
Transforming javax.inject-1.jar (javax.inject:javax.inject:1) with IdentityTransform
Transforming xmlbeans-5.2.0.jar (org.apache.xmlbeans:xmlbeans:5.2.0) with JetifyTransform
Transforming commons-io-2.15.0.jar (commons-io:commons-io:2.15.0) with IdentityTransform
Transforming poi-ooxml-lite-5.2.5.jar (org.apache.poi:poi-ooxml-lite:5.2.5) with IdentityTransform
Transforming SparseBitSet-1.3.jar (com.zaxxer:SparseBitSet:1.3) with IdentityTransform
Transforming log4j-api-2.21.1.jar (org.apache.logging.log4j:log4j-api:2.21.1) with JetifyTransform
Transforming commons-compress-1.25.0.jar (org.apache.commons:commons-compress:1.25.0) with JetifyTransform
Transforming curvesapi-1.08.jar (com.github.virtuald:curvesapi:1.08) with JetifyTransform
Transforming xmlbeans-5.2.0.jar (org.apache.xmlbeans:xmlbeans:5.2.0) with IdentityTransform
Transforming log4j-api-2.21.1.jar (org.apache.logging.log4j:log4j-api:2.21.1) with IdentityTransform
Transforming commons-compress-1.25.0.jar (org.apache.commons:commons-compress:1.25.0) with IdentityTransform
Transforming curvesapi-1.08.jar (com.github.virtuald:curvesapi:1.08) with IdentityTransform
Transforming jakarta.activation-2.0.1.jar (com.sun.activation:jakarta.activation:2.0.1) with JetifyTransform
Transforming jakarta.activation-2.0.1.jar (com.sun.activation:jakarta.activation:2.0.1) with IdentityTransform
Transforming room-common-2.6.1.jar (androidx.room:room-common:2.6.1) with JetifyTransform
Transforming javapoet-1.13.0.jar (com.squareup:javapoet:1.13.0) with JetifyTransform
Transforming dagger-2.48.jar (com.google.dagger:dagger:2.48) with JetifyTransform
Transforming jsr305-3.0.2.jar (com.google.code.findbugs:jsr305:3.0.2) with JetifyTransform
Transforming failureaccess-1.0.1.jar (com.google.guava:failureaccess:1.0.1) with JetifyTransform
Transforming javax.inject-1.jar (javax.inject:javax.inject:1) with JetifyTransform
Transforming annotations-13.0.jar (org.jetbrains:annotations:13.0) with JetifyTransform
Transforming listenablefuture-9999.0-empty-to-avoid-conflict-with-guava.jar (com.google.guava:listenablefuture:9999.0-empty-to-avoid-conflict-with-guava) with JetifyTransform
Transforming room-migration-2.6.1.jar (androidx.room:room-migration:2.6.1) with JetifyTransform
Transforming room-compiler-processing-2.6.1.jar (androidx.room:room-compiler-processing:2.6.1) with JetifyTransform
Transforming room-compiler-2.6.1.jar (androidx.room:room-compiler:2.6.1) with JetifyTransform
Transforming hilt-compiler-2.48.jar (com.google.dagger:hilt-compiler:2.48) with JetifyTransform
Transforming auto-common-0.11.jar (com.google.auto:auto-common:0.11) with JetifyTransform
Transforming auto-value-annotations-1.6.3.jar (com.google.auto.value:auto-value-annotations:1.6.3) with JetifyTransform
Transforming dagger-compiler-2.48.jar (com.google.dagger:dagger-compiler:2.48) with JetifyTransform
Transforming dagger-spi-2.48.jar (com.google.dagger:dagger-spi:2.48) with JetifyTransform
Transforming symbol-processing-api-1.9.0-1.0.13.jar (com.google.devtools.ksp:symbol-processing-api:1.9.0-1.0.13) with JetifyTransform
Transforming annotations-12.0.jar (com.intellij:annotations:12.0) with JetifyTransform
Transforming kotlinpoet-javapoet-1.14.2.jar (com.squareup:kotlinpoet-javapoet:1.14.2) with JetifyTransform
Transforming kotlinpoet-1.14.2.jar (com.squareup:kotlinpoet:1.14.2) with JetifyTransform
Transforming commons-codec-1.15.jar (commons-codec:commons-codec:1.15) with JetifyTransform
Transforming kotlin-stdlib-jdk8-1.8.22.jar (org.jetbrains.kotlin:kotlin-stdlib-jdk8:1.8.22) with JetifyTransform
Transforming kotlin-reflect-1.8.21.jar (org.jetbrains.kotlin:kotlin-reflect:1.8.21) with JetifyTransform
Transforming kotlin-stdlib-jdk7-1.8.22.jar (org.jetbrains.kotlin:kotlin-stdlib-jdk7:1.8.22) with JetifyTransform
Transforming sqlite-jdbc-3.41.2.2.jar (org.xerial:sqlite-jdbc:3.41.2.2) with JetifyTransform
Transforming kotlin-stdlib-1.9.0.jar (org.jetbrains.kotlin:kotlin-stdlib:1.9.0) with JetifyTransform
Transforming dagger-producers-2.48.jar (com.google.dagger:dagger-producers:2.48) with JetifyTransform
Transforming google-java-format-1.5.jar (com.google.googlejavaformat:google-java-format:1.5) with JetifyTransform
Transforming guava-31.1-jre.jar (com.google.guava:guava:31.1-jre) with JetifyTransform
Transforming gson-2.9.0.jar (com.google.code.gson:gson:2.9.0) with JetifyTransform
Transforming annotation-1.3.0.jar (androidx.annotation:annotation:1.3.0) with JetifyTransform
Transforming incap-0.2.jar (net.ltgt.gradle.incap:incap:0.2) with JetifyTransform
Transforming kotlin-stdlib-common-1.9.0.jar (org.jetbrains.kotlin:kotlin-stdlib-common:1.9.0) with JetifyTransform
Transforming checker-compat-qual-2.5.5.jar (org.checkerframework:checker-compat-qual:2.5.5) with JetifyTransform
Transforming checker-qual-3.12.0.jar (org.checkerframework:checker-qual:3.12.0) with JetifyTransform
Transforming error_prone_annotations-2.11.0.jar (com.google.errorprone:error_prone_annotations:2.11.0) with JetifyTransform
Transforming j2objc-annotations-1.3.jar (com.google.j2objc:j2objc-annotations:1.3) with JetifyTransform
Transforming javac-shaded-9-dev-r4023-3.jar (com.google.errorprone:javac-shaded:9-dev-r4023-3) with JetifyTransform
Transforming R.jar with BuildToolsApiClasspathEntrySnapshotTransform
Transforming jetified-viewbinding-8.6.0-api.jar with BuildToolsApiClasspathEntrySnapshotTransform
Transforming jetified-hilt-navigation-compose-1.1.0-api.jar with BuildToolsApiClasspathEntrySnapshotTransform
Transforming jetified-hilt-navigation-1.1.0-api.jar with BuildToolsApiClasspathEntrySnapshotTransform
Transforming navigation-common-2.7.6-api.jar with BuildToolsApiClasspathEntrySnapshotTransform
Transforming navigation-runtime-2.7.6-api.jar with BuildToolsApiClasspathEntrySnapshotTransform
Transforming navigation-common-ktx-2.7.6-api.jar with BuildToolsApiClasspathEntrySnapshotTransform
Transforming navigation-fragment-2.7.6-api.jar with BuildToolsApiClasspathEntrySnapshotTransform
Transforming navigation-runtime-ktx-2.7.6-api.jar with BuildToolsApiClasspathEntrySnapshotTransform
Transforming navigation-fragment-ktx-2.7.6-api.jar with BuildToolsApiClasspathEntrySnapshotTransform
Transforming jetified-navigation-compose-2.7.6-api.jar with BuildToolsApiClasspathEntrySnapshotTransform
Transforming navigation-ui-ktx-2.7.6-api.jar with BuildToolsApiClasspathEntrySnapshotTransform
Transforming navigation-ui-2.7.6-api.jar with BuildToolsApiClasspathEntrySnapshotTransform
Transforming material-1.11.0-api.jar with BuildToolsApiClasspathEntrySnapshotTransform
Transforming jetified-play-services-mlkit-barcode-scanning-18.3.1-api.jar with BuildToolsApiClasspathEntrySnapshotTransform
Transforming jetified-barcode-scanning-common-17.0.0-api.jar with BuildToolsApiClasspathEntrySnapshotTransform
Transforming jetified-vision-common-17.3.0-api.jar with BuildToolsApiClasspathEntrySnapshotTransform
Transforming jetified-common-18.11.0-api.jar with BuildToolsApiClasspathEntrySnapshotTransform
Transforming appcompat-1.6.1-api.jar with BuildToolsApiClasspathEntrySnapshotTransform
Transforming jetified-hilt-android-2.48-api.jar with BuildToolsApiClasspathEntrySnapshotTransform
Transforming biometric-1.1.0-api.jar with BuildToolsApiClasspathEntrySnapshotTransform
Transforming jetified-firebase-auth-22.3.1-api.jar with BuildToolsApiClasspathEntrySnapshotTransform
Transforming jetified-play-services-auth-21.0.0-api.jar with BuildToolsApiClasspathEntrySnapshotTransform
Transforming jetified-viewpager2-1.0.0-api.jar with BuildToolsApiClasspathEntrySnapshotTransform
Transforming jetified-play-services-auth-api-phone-18.0.2-api.jar with BuildToolsApiClasspathEntrySnapshotTransform
Transforming jetified-firebase-appcheck-interop-17.0.0-api.jar with BuildToolsApiClasspathEntrySnapshotTransform
Transforming jetified-play-services-auth-base-18.0.10-api.jar with BuildToolsApiClasspathEntrySnapshotTransform
Transforming jetified-play-services-fido-20.0.1-api.jar with BuildToolsApiClasspathEntrySnapshotTransform
Transforming jetified-play-services-base-18.5.0-api.jar with BuildToolsApiClasspathEntrySnapshotTransform
Transforming jetified-vision-interfaces-16.3.0-api.jar with BuildToolsApiClasspathEntrySnapshotTransform
Transforming jetified-firebase-common-ktx-20.4.2-api.jar with BuildToolsApiClasspathEntrySnapshotTransform
Transforming jetified-firebase-auth-interop-20.0.0-api.jar with BuildToolsApiClasspathEntrySnapshotTransform
Transforming jetified-firebase-common-20.4.2-api.jar with BuildToolsApiClasspathEntrySnapshotTransform
Transforming jetified-recaptcha-18.4.0-api.jar with BuildToolsApiClasspathEntrySnapshotTransform
Transforming jetified-integrity-1.2.0-api.jar with BuildToolsApiClasspathEntrySnapshotTransform
Transforming room-common-2.6.1.jar with BuildToolsApiClasspathEntrySnapshotTransform
Transforming room-runtime-2.6.1-api.jar with BuildToolsApiClasspathEntrySnapshotTransform
Transforming jetified-room-ktx-2.6.1-api.jar with BuildToolsApiClasspathEntrySnapshotTransform
Transforming jetified-fragment-ktx-1.6.2-api.jar with BuildToolsApiClasspathEntrySnapshotTransform
Transforming jetified-activity-ktx-1.8.2-api.jar with BuildToolsApiClasspathEntrySnapshotTransform
Transforming jetified-activity-compose-1.8.2-api.jar with BuildToolsApiClasspathEntrySnapshotTransform
Transforming jetified-activity-1.8.2-api.jar with BuildToolsApiClasspathEntrySnapshotTransform
Transforming jetified-camera-video-1.3.1-api.jar with BuildToolsApiClasspathEntrySnapshotTransform
Transforming jetified-camera-view-1.3.1-api.jar with BuildToolsApiClasspathEntrySnapshotTransform
Transforming jetified-camera-lifecycle-1.3.1-api.jar with BuildToolsApiClasspathEntrySnapshotTransform
Transforming jetified-camera-camera2-1.3.1-api.jar with BuildToolsApiClasspathEntrySnapshotTransform
Transforming jetified-camera-core-1.3.1-api.jar with BuildToolsApiClasspathEntrySnapshotTransform
Transforming jetified-appcompat-resources-1.6.1-api.jar with BuildToolsApiClasspathEntrySnapshotTransform
Transforming drawerlayout-1.1.1-api.jar with BuildToolsApiClasspathEntrySnapshotTransform
Transforming coordinatorlayout-1.1.0-api.jar with BuildToolsApiClasspathEntrySnapshotTransform
Transforming dynamicanimation-1.0.0-api.jar with BuildToolsApiClasspathEntrySnapshotTransform
Transforming recyclerview-1.1.0-api.jar with BuildToolsApiClasspathEntrySnapshotTransform
Transforming transition-1.4.1-api.jar with BuildToolsApiClasspathEntrySnapshotTransform
Transforming vectordrawable-animated-1.1.0-api.jar with BuildToolsApiClasspathEntrySnapshotTransform
Transforming vectordrawable-1.1.0-api.jar with BuildToolsApiClasspathEntrySnapshotTransform
Transforming browser-1.4.0-api.jar with BuildToolsApiClasspathEntrySnapshotTransform
Transforming legacy-support-core-utils-1.0.0-api.jar with BuildToolsApiClasspathEntrySnapshotTransform
Transforming loader-1.1.0-api.jar with BuildToolsApiClasspathEntrySnapshotTransform
Transforming viewpager-1.0.0-api.jar with BuildToolsApiClasspathEntrySnapshotTransform
Transforming slidingpanelayout-1.2.0-api.jar with BuildToolsApiClasspathEntrySnapshotTransform
Transforming customview-1.1.0-api.jar with BuildToolsApiClasspathEntrySnapshotTransform
Transforming core-1.12.0-api.jar with BuildToolsApiClasspathEntrySnapshotTransform
Transforming lifecycle-common-java8-2.7.0.jar with BuildToolsApiClasspathEntrySnapshotTransform
Transforming lifecycle-livedata-core-2.7.0-api.jar with BuildToolsApiClasspathEntrySnapshotTransform
Transforming jetified-lifecycle-livedata-core-ktx-2.7.0-api.jar with BuildToolsApiClasspathEntrySnapshotTransform
Transforming lifecycle-livedata-2.7.0-api.jar with BuildToolsApiClasspathEntrySnapshotTransform
Transforming lifecycle-common-2.7.0.jar with BuildToolsApiClasspathEntrySnapshotTransform
Transforming jetified-lifecycle-runtime-ktx-2.7.0-api.jar with BuildToolsApiClasspathEntrySnapshotTransform
Transforming jetified-lifecycle-viewmodel-compose-2.7.0-api.jar with BuildToolsApiClasspathEntrySnapshotTransform
Transforming jetified-lifecycle-viewmodel-savedstate-2.7.0-api.jar with BuildToolsApiClasspathEntrySnapshotTransform
Transforming lifecycle-viewmodel-2.7.0-api.jar with BuildToolsApiClasspathEntrySnapshotTransform
Transforming jetified-coil-compose-2.5.0-api.jar with BuildToolsApiClasspathEntrySnapshotTransform
Transforming jetified-coil-compose-base-2.5.0-api.jar with BuildToolsApiClasspathEntrySnapshotTransform
Transforming jetified-coil-2.5.0-api.jar with BuildToolsApiClasspathEntrySnapshotTransform
Transforming jetified-coil-base-2.5.0-api.jar with BuildToolsApiClasspathEntrySnapshotTransform
Transforming lifecycle-runtime-2.7.0-api.jar with BuildToolsApiClasspathEntrySnapshotTransform
Transforming jetified-lifecycle-livedata-ktx-2.7.0-api.jar with BuildToolsApiClasspathEntrySnapshotTransform
Transforming jetified-lifecycle-runtime-compose-2.7.0-api.jar with BuildToolsApiClasspathEntrySnapshotTransform
Transforming jetified-lifecycle-viewmodel-ktx-2.7.0-api.jar with BuildToolsApiClasspathEntrySnapshotTransform
Transforming jetified-material3-release-api.jar with BuildToolsApiClasspathEntrySnapshotTransform
Transforming jetified-foundation-layout-release-api.jar with BuildToolsApiClasspathEntrySnapshotTransform
Transforming jetified-material-icons-core-release-api.jar with BuildToolsApiClasspathEntrySnapshotTransform
Transforming jetified-material-icons-extended-release-api.jar with BuildToolsApiClasspathEntrySnapshotTransform
Transforming jetified-material-ripple-release-api.jar with BuildToolsApiClasspathEntrySnapshotTransform
Transforming jetified-foundation-release-api.jar with BuildToolsApiClasspathEntrySnapshotTransform
Transforming jetified-animation-core-release-api.jar with BuildToolsApiClasspathEntrySnapshotTransform
Transforming jetified-animation-release-api.jar with BuildToolsApiClasspathEntrySnapshotTransform
Transforming jetified-ui-util-release-api.jar with BuildToolsApiClasspathEntrySnapshotTransform
Transforming jetified-ui-unit-release-api.jar with BuildToolsApiClasspathEntrySnapshotTransform
Transforming jetified-ui-text-release-api.jar with BuildToolsApiClasspathEntrySnapshotTransform
Transforming jetified-ui-geometry-release-api.jar with BuildToolsApiClasspathEntrySnapshotTransform
Transforming jetified-ui-tooling-data-release-api.jar with BuildToolsApiClasspathEntrySnapshotTransform
Transforming jetified-ui-tooling-preview-release-api.jar with BuildToolsApiClasspathEntrySnapshotTransform
Transforming jetified-ui-graphics-release-api.jar with BuildToolsApiClasspathEntrySnapshotTransform
Transforming jetified-ui-release-api.jar with BuildToolsApiClasspathEntrySnapshotTransform
Transforming jetified-ui-tooling-release-api.jar with BuildToolsApiClasspathEntrySnapshotTransform
Transforming jetified-runtime-saveable-release-api.jar with BuildToolsApiClasspathEntrySnapshotTransform
Transforming jetified-runtime-release-api.jar with BuildToolsApiClasspathEntrySnapshotTransform
Transforming jetified-kotlinx-coroutines-android-1.7.3.jar with BuildToolsApiClasspathEntrySnapshotTransform
Transforming jetified-kotlinx-coroutines-core-jvm-1.7.3.jar with BuildToolsApiClasspathEntrySnapshotTransform
Transforming jetified-kotlinx-coroutines-play-services-1.7.3.jar with BuildToolsApiClasspathEntrySnapshotTransform
Transforming jetified-play-services-tasks-18.2.0-api.jar with BuildToolsApiClasspathEntrySnapshotTransform
Transforming jetified-play-services-basement-18.4.0-api.jar with BuildToolsApiClasspathEntrySnapshotTransform
Transforming fragment-1.6.2-api.jar with BuildToolsApiClasspathEntrySnapshotTransform
Transforming jetified-core-ktx-1.12.0-api.jar with BuildToolsApiClasspathEntrySnapshotTransform
Transforming jetified-core-splashscreen-1.0.1-api.jar with BuildToolsApiClasspathEntrySnapshotTransform
Transforming jetified-googleid-1.1.0-api.jar with BuildToolsApiClasspathEntrySnapshotTransform
Transforming jetified-savedstate-ktx-1.2.1-api.jar with BuildToolsApiClasspathEntrySnapshotTransform
Transforming jetified-savedstate-1.2.1-api.jar with BuildToolsApiClasspathEntrySnapshotTransform
Transforming jetified-annotation-experimental-1.4.0-api.jar with BuildToolsApiClasspathEntrySnapshotTransform
Transforming jetified-okhttp-4.12.0.jar with BuildToolsApiClasspathEntrySnapshotTransform
Transforming jetified-okio-jvm-3.6.0.jar with BuildToolsApiClasspathEntrySnapshotTransform
Transforming jetified-kotlin-stdlib-jdk8-1.9.10.jar with BuildToolsApiClasspathEntrySnapshotTransform
Transforming jetified-credentials-1.0.0-alpha04-api.jar with BuildToolsApiClasspathEntrySnapshotTransform
Transforming cursoradapter-1.0.0-api.jar with BuildToolsApiClasspathEntrySnapshotTransform
Transforming cardview-1.0.0-api.jar with BuildToolsApiClasspathEntrySnapshotTransform
Transforming sqlite-framework-2.4.0-api.jar with BuildToolsApiClasspathEntrySnapshotTransform
Transforming sqlite-2.4.0-api.jar with BuildToolsApiClasspathEntrySnapshotTransform
Transforming jetified-transport-backend-cct-2.3.3-api.jar with BuildToolsApiClasspathEntrySnapshotTransform
Transforming jetified-transport-runtime-2.2.6-api.jar with BuildToolsApiClasspathEntrySnapshotTransform
Transforming jetified-transport-api-2.2.1-api.jar with BuildToolsApiClasspathEntrySnapshotTransform
Transforming jetified-firebase-components-17.1.5-api.jar with BuildToolsApiClasspathEntrySnapshotTransform
Transforming jetified-firebase-encoders-json-17.1.0-api.jar with BuildToolsApiClasspathEntrySnapshotTransform
Transforming jetified-firebase-encoders-17.0.0.jar with BuildToolsApiClasspathEntrySnapshotTransform
Transforming localbroadcastmanager-1.0.0-api.jar with BuildToolsApiClasspathEntrySnapshotTransform
Transforming versionedparcelable-1.1.1-api.jar with BuildToolsApiClasspathEntrySnapshotTransform
Transforming core-runtime-2.2.0-api.jar with BuildToolsApiClasspathEntrySnapshotTransform
Transforming core-common-2.2.0.jar with BuildToolsApiClasspathEntrySnapshotTransform
Transforming jetified-concurrent-futures-1.1.0.jar with BuildToolsApiClasspathEntrySnapshotTransform
Transforming jetified-collection-ktx-1.4.0.jar with BuildToolsApiClasspathEntrySnapshotTransform
Transforming jetified-collection-jvm-1.4.0.jar with BuildToolsApiClasspathEntrySnapshotTransform
Transforming interpolator-1.0.0-api.jar with BuildToolsApiClasspathEntrySnapshotTransform
Transforming documentfile-1.0.0-api.jar with BuildToolsApiClasspathEntrySnapshotTransform
Transforming print-1.0.0-api.jar with BuildToolsApiClasspathEntrySnapshotTransform
Transforming jetified-annotation-jvm-1.7.0.jar with BuildToolsApiClasspathEntrySnapshotTransform
Transforming jetified-kotlin-stdlib-jdk7-1.9.10.jar with BuildToolsApiClasspathEntrySnapshotTransform
Transforming jetified-kotlin-stdlib-2.0.21.jar with BuildToolsApiClasspathEntrySnapshotTransform
Transforming constraintlayout-2.1.4-api.jar with BuildToolsApiClasspathEntrySnapshotTransform
Transforming jetified-MPAndroidChart-3.1.0-api.jar with BuildToolsApiClasspathEntrySnapshotTransform
Transforming jetified-layout-7.2.5.jar with BuildToolsApiClasspathEntrySnapshotTransform
Transforming jetified-kernel-7.2.5.jar with BuildToolsApiClasspathEntrySnapshotTransform
Transforming jetified-io-7.2.5.jar with BuildToolsApiClasspathEntrySnapshotTransform
Transforming jetified-core-3.5.3.jar with BuildToolsApiClasspathEntrySnapshotTransform
Transforming jetified-poi-ooxml-5.2.5.jar with BuildToolsApiClasspathEntrySnapshotTransform
Transforming jetified-poi-5.2.5.jar with BuildToolsApiClasspathEntrySnapshotTransform
Transforming jetified-jakarta.mail-2.0.1.jar with BuildToolsApiClasspathEntrySnapshotTransform
Transforming jetified-annotations-23.0.0.jar with BuildToolsApiClasspathEntrySnapshotTransform
Transforming jetified-listenablefuture-1.0.jar with BuildToolsApiClasspathEntrySnapshotTransform
Transforming jetified-resourceinspection-annotation-1.0.1.jar with BuildToolsApiClasspathEntrySnapshotTransform
Transforming jetified-error_prone_annotations-2.15.0.jar with BuildToolsApiClasspathEntrySnapshotTransform
Transforming jetified-hilt-core-2.48.jar with BuildToolsApiClasspathEntrySnapshotTransform
Transforming jetified-dagger-2.48.jar with BuildToolsApiClasspathEntrySnapshotTransform
Transforming jetified-firebase-annotations-16.2.0.jar with BuildToolsApiClasspathEntrySnapshotTransform
Transforming jetified-javax.inject-1.jar with BuildToolsApiClasspathEntrySnapshotTransform
Transforming jetified-dagger-lint-aar-2.48-api.jar with BuildToolsApiClasspathEntrySnapshotTransform
Transforming jetified-jsr305-3.0.2.jar with BuildToolsApiClasspathEntrySnapshotTransform
Transforming exifinterface-1.3.6-api.jar with BuildToolsApiClasspathEntrySnapshotTransform
Transforming jetified-commons-7.2.5.jar with BuildToolsApiClasspathEntrySnapshotTransform
Transforming jetified-slf4j-api-1.7.36.jar with BuildToolsApiClasspathEntrySnapshotTransform
Transforming jetified-bcpkix-jdk15on-1.70.jar with BuildToolsApiClasspathEntrySnapshotTransform
Transforming jetified-bcutil-jdk15on-1.70.jar with BuildToolsApiClasspathEntrySnapshotTransform
Transforming jetified-bcprov-jdk15on-1.70.jar with BuildToolsApiClasspathEntrySnapshotTransform
Transforming jetified-image-1.0.0-beta1-api.jar with BuildToolsApiClasspathEntrySnapshotTransform
Transforming jetified-commons-codec-1.16.0.jar with BuildToolsApiClasspathEntrySnapshotTransform
Transforming jetified-commons-collections4-4.4.jar with BuildToolsApiClasspathEntrySnapshotTransform
Transforming jetified-commons-math3-3.6.1.jar with BuildToolsApiClasspathEntrySnapshotTransform
Transforming jetified-commons-io-2.15.0.jar with BuildToolsApiClasspathEntrySnapshotTransform
Transforming jetified-SparseBitSet-1.3.jar with BuildToolsApiClasspathEntrySnapshotTransform
Transforming jetified-poi-ooxml-lite-5.2.5.jar with BuildToolsApiClasspathEntrySnapshotTransform
Transforming jetified-xmlbeans-5.2.0.jar with BuildToolsApiClasspathEntrySnapshotTransform
Transforming jetified-log4j-api-2.21.1.jar with BuildToolsApiClasspathEntrySnapshotTransform
Transforming jetified-commons-compress-1.25.0.jar with BuildToolsApiClasspathEntrySnapshotTransform
Transforming jetified-curvesapi-1.08.jar with BuildToolsApiClasspathEntrySnapshotTransform
Transforming jetified-jakarta.activation-2.0.1.jar with BuildToolsApiClasspathEntrySnapshotTransform
Transforming android.jar with BuildToolsApiClasspathEntrySnapshotTransform
Transforming core-lambda-stubs.jar with BuildToolsApiClasspathEntrySnapshotTransform
Registered task dependencies: app:kotlinCompilerClasspath
Starting dependency analysis
Registered task dependencies: app:kotlinCompilerPluginClasspathDebug
Starting dependency analysis
Caching disabled for task ':app:kaptGenerateStubsDebugKotlin' because:
  Build cache is disabled
Skipping task ':app:kaptGenerateStubsDebugKotlin' as it is up-to-date.
Resolve mutations for :app:kaptDebugKotlin (Thread[Execution worker Thread 3,5,main]) started.
:app:kaptDebugKotlin (Thread[Execution worker Thread 3,5,main]) started.

> Task :app:kaptDebugKotlin UP-TO-DATE
Transforming R.jar with StructureTransformAction
Transforming jetified-viewbinding-8.6.0-api.jar with StructureTransformAction
Transforming jetified-hilt-navigation-compose-1.1.0-api.jar with StructureTransformAction
Transforming jetified-hilt-navigation-1.1.0-api.jar with StructureTransformAction
Transforming navigation-common-2.7.6-api.jar with StructureTransformAction
Transforming navigation-runtime-2.7.6-api.jar with StructureTransformAction
Transforming navigation-common-ktx-2.7.6-api.jar with StructureTransformAction
Transforming navigation-fragment-2.7.6-api.jar with StructureTransformAction
Transforming navigation-runtime-ktx-2.7.6-api.jar with StructureTransformAction
Transforming navigation-fragment-ktx-2.7.6-api.jar with StructureTransformAction
Transforming jetified-navigation-compose-2.7.6-api.jar with StructureTransformAction
Transforming navigation-ui-ktx-2.7.6-api.jar with StructureTransformAction
Transforming navigation-ui-2.7.6-api.jar with StructureTransformAction
Transforming material-1.11.0-api.jar with StructureTransformAction
Transforming jetified-play-services-mlkit-barcode-scanning-18.3.1-api.jar with StructureTransformAction
Transforming jetified-barcode-scanning-common-17.0.0-api.jar with StructureTransformAction
Transforming jetified-vision-common-17.3.0-api.jar with StructureTransformAction
Transforming jetified-common-18.11.0-api.jar with StructureTransformAction
Transforming appcompat-1.6.1-api.jar with StructureTransformAction
Transforming jetified-hilt-android-2.48-api.jar with StructureTransformAction
Transforming biometric-1.1.0-api.jar with StructureTransformAction
Transforming jetified-firebase-auth-22.3.1-api.jar with StructureTransformAction
Transforming jetified-play-services-auth-21.0.0-api.jar with StructureTransformAction
Transforming jetified-viewpager2-1.0.0-api.jar with StructureTransformAction
Transforming jetified-play-services-auth-api-phone-18.0.2-api.jar with StructureTransformAction
Transforming jetified-firebase-appcheck-interop-17.0.0-api.jar with StructureTransformAction
Transforming jetified-play-services-auth-base-18.0.10-api.jar with StructureTransformAction
Transforming jetified-play-services-fido-20.0.1-api.jar with StructureTransformAction
Transforming jetified-play-services-base-18.5.0-api.jar with StructureTransformAction
Transforming jetified-vision-interfaces-16.3.0-api.jar with StructureTransformAction
Transforming jetified-firebase-common-ktx-20.4.2-api.jar with StructureTransformAction
Transforming jetified-firebase-auth-interop-20.0.0-api.jar with StructureTransformAction
Transforming jetified-firebase-common-20.4.2-api.jar with StructureTransformAction
Transforming jetified-recaptcha-18.4.0-api.jar with StructureTransformAction
Transforming jetified-integrity-1.2.0-api.jar with StructureTransformAction
Transforming room-common-2.6.1.jar with StructureTransformAction
Transforming room-runtime-2.6.1-api.jar with StructureTransformAction
Transforming jetified-room-ktx-2.6.1-api.jar with StructureTransformAction
Transforming jetified-fragment-ktx-1.6.2-api.jar with StructureTransformAction
Transforming jetified-activity-ktx-1.8.2-api.jar with StructureTransformAction
Transforming jetified-activity-compose-1.8.2-api.jar with StructureTransformAction
Transforming jetified-activity-1.8.2-api.jar with StructureTransformAction
Transforming jetified-camera-video-1.3.1-api.jar with StructureTransformAction
Transforming jetified-camera-view-1.3.1-api.jar with StructureTransformAction
Transforming jetified-camera-lifecycle-1.3.1-api.jar with StructureTransformAction
Transforming jetified-camera-camera2-1.3.1-api.jar with StructureTransformAction
Transforming jetified-camera-core-1.3.1-api.jar with StructureTransformAction
Transforming jetified-appcompat-resources-1.6.1-api.jar with StructureTransformAction
Transforming drawerlayout-1.1.1-api.jar with StructureTransformAction
Transforming coordinatorlayout-1.1.0-api.jar with StructureTransformAction
Transforming dynamicanimation-1.0.0-api.jar with StructureTransformAction
Transforming recyclerview-1.1.0-api.jar with StructureTransformAction
Transforming transition-1.4.1-api.jar with StructureTransformAction
Transforming vectordrawable-animated-1.1.0-api.jar with StructureTransformAction
Transforming vectordrawable-1.1.0-api.jar with StructureTransformAction
Transforming browser-1.4.0-api.jar with StructureTransformAction
Transforming legacy-support-core-utils-1.0.0-api.jar with StructureTransformAction
Transforming loader-1.1.0-api.jar with StructureTransformAction
Transforming viewpager-1.0.0-api.jar with StructureTransformAction
Transforming slidingpanelayout-1.2.0-api.jar with StructureTransformAction
Transforming customview-1.1.0-api.jar with StructureTransformAction
Transforming core-1.12.0-api.jar with StructureTransformAction
Transforming lifecycle-common-java8-2.7.0.jar with StructureTransformAction
Transforming lifecycle-livedata-core-2.7.0-api.jar with StructureTransformAction
Transforming jetified-lifecycle-livedata-core-ktx-2.7.0-api.jar with StructureTransformAction
Transforming lifecycle-livedata-2.7.0-api.jar with StructureTransformAction
Transforming lifecycle-common-2.7.0.jar with StructureTransformAction
Transforming jetified-lifecycle-runtime-ktx-2.7.0-api.jar with StructureTransformAction
Transforming jetified-lifecycle-viewmodel-compose-2.7.0-api.jar with StructureTransformAction
Transforming jetified-lifecycle-viewmodel-savedstate-2.7.0-api.jar with StructureTransformAction
Transforming lifecycle-viewmodel-2.7.0-api.jar with StructureTransformAction
Transforming jetified-coil-compose-2.5.0-api.jar with StructureTransformAction
Transforming jetified-coil-compose-base-2.5.0-api.jar with StructureTransformAction
Transforming jetified-coil-2.5.0-api.jar with StructureTransformAction
Transforming jetified-coil-base-2.5.0-api.jar with StructureTransformAction
Transforming lifecycle-runtime-2.7.0-api.jar with StructureTransformAction
Transforming jetified-lifecycle-livedata-ktx-2.7.0-api.jar with StructureTransformAction
Transforming jetified-lifecycle-runtime-compose-2.7.0-api.jar with StructureTransformAction
Transforming jetified-lifecycle-viewmodel-ktx-2.7.0-api.jar with StructureTransformAction
Transforming jetified-material3-release-api.jar with StructureTransformAction
Transforming jetified-foundation-layout-release-api.jar with StructureTransformAction
Transforming jetified-material-icons-core-release-api.jar with StructureTransformAction
Transforming jetified-material-icons-extended-release-api.jar with StructureTransformAction
Transforming jetified-material-ripple-release-api.jar with StructureTransformAction
Transforming jetified-foundation-release-api.jar with StructureTransformAction
Transforming jetified-animation-core-release-api.jar with StructureTransformAction
Transforming jetified-animation-release-api.jar with StructureTransformAction
Transforming jetified-ui-util-release-api.jar with StructureTransformAction
Transforming jetified-ui-unit-release-api.jar with StructureTransformAction
Transforming jetified-ui-text-release-api.jar with StructureTransformAction
Transforming jetified-ui-geometry-release-api.jar with StructureTransformAction
Transforming jetified-ui-tooling-data-release-api.jar with StructureTransformAction
Transforming jetified-ui-tooling-preview-release-api.jar with StructureTransformAction
Transforming jetified-ui-graphics-release-api.jar with StructureTransformAction
Transforming jetified-ui-release-api.jar with StructureTransformAction
Transforming jetified-ui-tooling-release-api.jar with StructureTransformAction
Transforming jetified-runtime-saveable-release-api.jar with StructureTransformAction
Transforming jetified-runtime-release-api.jar with StructureTransformAction
Transforming jetified-kotlinx-coroutines-android-1.7.3.jar with StructureTransformAction
Transforming jetified-kotlinx-coroutines-core-jvm-1.7.3.jar with StructureTransformAction
Transforming jetified-kotlinx-coroutines-play-services-1.7.3.jar with StructureTransformAction
Transforming jetified-play-services-tasks-18.2.0-api.jar with StructureTransformAction
Transforming jetified-play-services-basement-18.4.0-api.jar with StructureTransformAction
Transforming fragment-1.6.2-api.jar with StructureTransformAction
Transforming jetified-core-ktx-1.12.0-api.jar with StructureTransformAction
Transforming jetified-core-splashscreen-1.0.1-api.jar with StructureTransformAction
Transforming jetified-googleid-1.1.0-api.jar with StructureTransformAction
Transforming jetified-savedstate-ktx-1.2.1-api.jar with StructureTransformAction
Transforming jetified-savedstate-1.2.1-api.jar with StructureTransformAction
Transforming jetified-annotation-experimental-1.4.0-api.jar with StructureTransformAction
Transforming jetified-okhttp-4.12.0.jar with StructureTransformAction
Transforming jetified-okio-jvm-3.6.0.jar with StructureTransformAction
Transforming jetified-kotlin-stdlib-jdk8-1.9.10.jar with StructureTransformAction
Transforming jetified-credentials-1.0.0-alpha04-api.jar with StructureTransformAction
Transforming cursoradapter-1.0.0-api.jar with StructureTransformAction
Transforming cardview-1.0.0-api.jar with StructureTransformAction
Transforming sqlite-framework-2.4.0-api.jar with StructureTransformAction
Transforming sqlite-2.4.0-api.jar with StructureTransformAction
Transforming jetified-transport-backend-cct-2.3.3-api.jar with StructureTransformAction
Transforming jetified-transport-runtime-2.2.6-api.jar with StructureTransformAction
Transforming jetified-transport-api-2.2.1-api.jar with StructureTransformAction
Transforming jetified-firebase-components-17.1.5-api.jar with StructureTransformAction
Transforming jetified-firebase-encoders-json-17.1.0-api.jar with StructureTransformAction
Transforming jetified-firebase-encoders-17.0.0.jar with StructureTransformAction
Transforming localbroadcastmanager-1.0.0-api.jar with StructureTransformAction
Transforming versionedparcelable-1.1.1-api.jar with StructureTransformAction
Transforming core-runtime-2.2.0-api.jar with StructureTransformAction
Transforming core-common-2.2.0.jar with StructureTransformAction
Transforming jetified-concurrent-futures-1.1.0.jar with StructureTransformAction
Transforming jetified-collection-ktx-1.4.0.jar with StructureTransformAction
Transforming jetified-collection-jvm-1.4.0.jar with StructureTransformAction
Transforming interpolator-1.0.0-api.jar with StructureTransformAction
Transforming documentfile-1.0.0-api.jar with StructureTransformAction
Transforming print-1.0.0-api.jar with StructureTransformAction
Transforming jetified-annotation-jvm-1.7.0.jar with StructureTransformAction
Transforming jetified-kotlin-stdlib-jdk7-1.9.10.jar with StructureTransformAction
Transforming jetified-kotlin-stdlib-2.0.21.jar with StructureTransformAction
Transforming constraintlayout-2.1.4-api.jar with StructureTransformAction
Transforming jetified-MPAndroidChart-3.1.0-api.jar with StructureTransformAction
Transforming jetified-layout-7.2.5.jar with StructureTransformAction
Transforming jetified-kernel-7.2.5.jar with StructureTransformAction
Transforming jetified-io-7.2.5.jar with StructureTransformAction
Transforming jetified-core-3.5.3.jar with StructureTransformAction
Transforming jetified-poi-ooxml-5.2.5.jar with StructureTransformAction
Transforming jetified-poi-5.2.5.jar with StructureTransformAction
Transforming jetified-jakarta.mail-2.0.1.jar with StructureTransformAction
Transforming jetified-annotations-23.0.0.jar with StructureTransformAction
Transforming jetified-listenablefuture-1.0.jar with StructureTransformAction
Transforming jetified-resourceinspection-annotation-1.0.1.jar with StructureTransformAction
Transforming jetified-error_prone_annotations-2.15.0.jar with StructureTransformAction
Transforming jetified-hilt-core-2.48.jar with StructureTransformAction
Transforming jetified-dagger-2.48.jar with StructureTransformAction
Transforming jetified-firebase-annotations-16.2.0.jar with StructureTransformAction
Transforming jetified-javax.inject-1.jar with StructureTransformAction
Transforming jetified-dagger-lint-aar-2.48-api.jar with StructureTransformAction
Transforming jetified-jsr305-3.0.2.jar with StructureTransformAction
Transforming exifinterface-1.3.6-api.jar with StructureTransformAction
Transforming jetified-commons-7.2.5.jar with StructureTransformAction
Transforming jetified-slf4j-api-1.7.36.jar with StructureTransformAction
Transforming jetified-bcpkix-jdk15on-1.70.jar with StructureTransformAction
Transforming jetified-bcutil-jdk15on-1.70.jar with StructureTransformAction
Transforming jetified-bcprov-jdk15on-1.70.jar with StructureTransformAction
Transforming jetified-image-1.0.0-beta1-api.jar with StructureTransformAction
Transforming jetified-commons-codec-1.16.0.jar with StructureTransformAction
Transforming jetified-commons-collections4-4.4.jar with StructureTransformAction
Transforming jetified-commons-math3-3.6.1.jar with StructureTransformAction
Transforming jetified-commons-io-2.15.0.jar with StructureTransformAction
Transforming jetified-SparseBitSet-1.3.jar with StructureTransformAction
Transforming jetified-poi-ooxml-lite-5.2.5.jar with StructureTransformAction
Transforming jetified-xmlbeans-5.2.0.jar with StructureTransformAction
Transforming jetified-log4j-api-2.21.1.jar with StructureTransformAction
Transforming jetified-commons-compress-1.25.0.jar with StructureTransformAction
Transforming jetified-curvesapi-1.08.jar with StructureTransformAction
Transforming jetified-jakarta.activation-2.0.1.jar with StructureTransformAction
Transforming android.jar with StructureTransformAction
Transforming core-lambda-stubs.jar with StructureTransformAction
file or directory 'D:\KushwahaHardware\app\src\debug\kotlin', not found
file or directory 'D:\KushwahaHardware\app\src\debug\java', not found
file or directory 'D:\KushwahaHardware\app\src\debug\kotlin', not found
file or directory 'D:\KushwahaHardware\app\src\debug\kotlin', not found
file or directory 'D:\KushwahaHardware\app\src\debug\java', not found
file or directory 'D:\KushwahaHardware\app\src\main\kotlin', not found
file or directory 'D:\KushwahaHardware\app\src\main\kotlin', not found
file or directory 'D:\KushwahaHardware\app\src\main\kotlin', not found
file or directory 'D:\KushwahaHardware\app\src\main\kotlin', not found
file or directory 'D:\KushwahaHardware\app\src\main\kotlin', not found
file or directory 'D:\KushwahaHardware\app\src\main\kotlin', not found
file or directory 'D:\KushwahaHardware\app\src\debug\kotlin', not found
file or directory 'D:\KushwahaHardware\app\src\debug\java', not found
file or directory 'D:\KushwahaHardware\app\src\debug\kotlin', not found
file or directory 'D:\KushwahaHardware\app\src\debug\kotlin', not found
file or directory 'D:\KushwahaHardware\app\src\debug\java', not found
file or directory 'D:\KushwahaHardware\app\src\debug\java', not found
Caching disabled for task ':app:kaptDebugKotlin' because:
  Build cache is disabled
Skipping task ':app:kaptDebugKotlin' as it is up-to-date.
Resolve mutations for :app:compileDebugKotlin (Thread[Execution worker Thread 3,5,main]) started.
:app:compileDebugKotlin (Thread[Execution worker Thread 3,5,main]) started.

> Task :app:compileDebugKotlin UP-TO-DATE
Transforming R.jar with BuildToolsApiClasspathEntrySnapshotTransform
Transforming jetified-viewbinding-8.6.0-api.jar with BuildToolsApiClasspathEntrySnapshotTransform
Transforming jetified-hilt-navigation-compose-1.1.0-api.jar with BuildToolsApiClasspathEntrySnapshotTransform
Transforming jetified-hilt-navigation-1.1.0-api.jar with BuildToolsApiClasspathEntrySnapshotTransform
Transforming navigation-common-2.7.6-api.jar with BuildToolsApiClasspathEntrySnapshotTransform
Transforming navigation-runtime-2.7.6-api.jar with BuildToolsApiClasspathEntrySnapshotTransform
Transforming navigation-common-ktx-2.7.6-api.jar with BuildToolsApiClasspathEntrySnapshotTransform
Transforming navigation-fragment-2.7.6-api.jar with BuildToolsApiClasspathEntrySnapshotTransform
Transforming navigation-runtime-ktx-2.7.6-api.jar with BuildToolsApiClasspathEntrySnapshotTransform
Transforming navigation-fragment-ktx-2.7.6-api.jar with BuildToolsApiClasspathEntrySnapshotTransform
Transforming jetified-navigation-compose-2.7.6-api.jar with BuildToolsApiClasspathEntrySnapshotTransform
Transforming navigation-ui-ktx-2.7.6-api.jar with BuildToolsApiClasspathEntrySnapshotTransform
Transforming navigation-ui-2.7.6-api.jar with BuildToolsApiClasspathEntrySnapshotTransform
Transforming material-1.11.0-api.jar with BuildToolsApiClasspathEntrySnapshotTransform
Transforming jetified-play-services-mlkit-barcode-scanning-18.3.1-api.jar with BuildToolsApiClasspathEntrySnapshotTransform
Transforming jetified-barcode-scanning-common-17.0.0-api.jar with BuildToolsApiClasspathEntrySnapshotTransform
Transforming jetified-vision-common-17.3.0-api.jar with BuildToolsApiClasspathEntrySnapshotTransform
Transforming jetified-common-18.11.0-api.jar with BuildToolsApiClasspathEntrySnapshotTransform
Transforming appcompat-1.6.1-api.jar with BuildToolsApiClasspathEntrySnapshotTransform
Transforming jetified-hilt-android-2.48-api.jar with BuildToolsApiClasspathEntrySnapshotTransform
Transforming biometric-1.1.0-api.jar with BuildToolsApiClasspathEntrySnapshotTransform
Transforming jetified-firebase-auth-22.3.1-api.jar with BuildToolsApiClasspathEntrySnapshotTransform
Transforming jetified-play-services-auth-21.0.0-api.jar with BuildToolsApiClasspathEntrySnapshotTransform
Transforming jetified-viewpager2-1.0.0-api.jar with BuildToolsApiClasspathEntrySnapshotTransform
Transforming jetified-play-services-auth-api-phone-18.0.2-api.jar with BuildToolsApiClasspathEntrySnapshotTransform
Transforming jetified-firebase-appcheck-interop-17.0.0-api.jar with BuildToolsApiClasspathEntrySnapshotTransform
Transforming jetified-play-services-auth-base-18.0.10-api.jar with BuildToolsApiClasspathEntrySnapshotTransform
Transforming jetified-play-services-fido-20.0.1-api.jar with BuildToolsApiClasspathEntrySnapshotTransform
Transforming jetified-play-services-base-18.5.0-api.jar with BuildToolsApiClasspathEntrySnapshotTransform
Transforming jetified-vision-interfaces-16.3.0-api.jar with BuildToolsApiClasspathEntrySnapshotTransform
Transforming jetified-firebase-common-ktx-20.4.2-api.jar with BuildToolsApiClasspathEntrySnapshotTransform
Transforming jetified-firebase-auth-interop-20.0.0-api.jar with BuildToolsApiClasspathEntrySnapshotTransform
Transforming jetified-firebase-common-20.4.2-api.jar with BuildToolsApiClasspathEntrySnapshotTransform
Transforming jetified-recaptcha-18.4.0-api.jar with BuildToolsApiClasspathEntrySnapshotTransform
Transforming jetified-integrity-1.2.0-api.jar with BuildToolsApiClasspathEntrySnapshotTransform
Transforming room-common-2.6.1.jar with BuildToolsApiClasspathEntrySnapshotTransform
Transforming room-runtime-2.6.1-api.jar with BuildToolsApiClasspathEntrySnapshotTransform
Transforming jetified-room-ktx-2.6.1-api.jar with BuildToolsApiClasspathEntrySnapshotTransform
Transforming jetified-fragment-ktx-1.6.2-api.jar with BuildToolsApiClasspathEntrySnapshotTransform
Transforming jetified-activity-ktx-1.8.2-api.jar with BuildToolsApiClasspathEntrySnapshotTransform
Transforming jetified-activity-compose-1.8.2-api.jar with BuildToolsApiClasspathEntrySnapshotTransform
Transforming jetified-activity-1.8.2-api.jar with BuildToolsApiClasspathEntrySnapshotTransform
Transforming jetified-camera-video-1.3.1-api.jar with BuildToolsApiClasspathEntrySnapshotTransform
Transforming jetified-camera-view-1.3.1-api.jar with BuildToolsApiClasspathEntrySnapshotTransform
Transforming jetified-camera-lifecycle-1.3.1-api.jar with BuildToolsApiClasspathEntrySnapshotTransform
Transforming jetified-camera-camera2-1.3.1-api.jar with BuildToolsApiClasspathEntrySnapshotTransform
Transforming jetified-camera-core-1.3.1-api.jar with BuildToolsApiClasspathEntrySnapshotTransform
Transforming jetified-appcompat-resources-1.6.1-api.jar with BuildToolsApiClasspathEntrySnapshotTransform
Transforming drawerlayout-1.1.1-api.jar with BuildToolsApiClasspathEntrySnapshotTransform
Transforming coordinatorlayout-1.1.0-api.jar with BuildToolsApiClasspathEntrySnapshotTransform
Transforming dynamicanimation-1.0.0-api.jar with BuildToolsApiClasspathEntrySnapshotTransform
Transforming recyclerview-1.1.0-api.jar with BuildToolsApiClasspathEntrySnapshotTransform
Transforming transition-1.4.1-api.jar with BuildToolsApiClasspathEntrySnapshotTransform
Transforming vectordrawable-animated-1.1.0-api.jar with BuildToolsApiClasspathEntrySnapshotTransform
Transforming vectordrawable-1.1.0-api.jar with BuildToolsApiClasspathEntrySnapshotTransform
Transforming browser-1.4.0-api.jar with BuildToolsApiClasspathEntrySnapshotTransform
Transforming legacy-support-core-utils-1.0.0-api.jar with BuildToolsApiClasspathEntrySnapshotTransform
Transforming loader-1.1.0-api.jar with BuildToolsApiClasspathEntrySnapshotTransform
Transforming viewpager-1.0.0-api.jar with BuildToolsApiClasspathEntrySnapshotTransform
Transforming slidingpanelayout-1.2.0-api.jar with BuildToolsApiClasspathEntrySnapshotTransform
Transforming customview-1.1.0-api.jar with BuildToolsApiClasspathEntrySnapshotTransform
Transforming core-1.12.0-api.jar with BuildToolsApiClasspathEntrySnapshotTransform
Transforming lifecycle-common-java8-2.7.0.jar with BuildToolsApiClasspathEntrySnapshotTransform
Transforming lifecycle-livedata-core-2.7.0-api.jar with BuildToolsApiClasspathEntrySnapshotTransform
Transforming jetified-lifecycle-livedata-core-ktx-2.7.0-api.jar with BuildToolsApiClasspathEntrySnapshotTransform
Transforming lifecycle-livedata-2.7.0-api.jar with BuildToolsApiClasspathEntrySnapshotTransform
Transforming lifecycle-common-2.7.0.jar with BuildToolsApiClasspathEntrySnapshotTransform
Transforming jetified-lifecycle-runtime-ktx-2.7.0-api.jar with BuildToolsApiClasspathEntrySnapshotTransform
Transforming jetified-lifecycle-viewmodel-compose-2.7.0-api.jar with BuildToolsApiClasspathEntrySnapshotTransform
Transforming jetified-lifecycle-viewmodel-savedstate-2.7.0-api.jar with BuildToolsApiClasspathEntrySnapshotTransform
Transforming lifecycle-viewmodel-2.7.0-api.jar with BuildToolsApiClasspathEntrySnapshotTransform
Transforming jetified-coil-compose-2.5.0-api.jar with BuildToolsApiClasspathEntrySnapshotTransform
Transforming jetified-coil-compose-base-2.5.0-api.jar with BuildToolsApiClasspathEntrySnapshotTransform
Transforming jetified-coil-2.5.0-api.jar with BuildToolsApiClasspathEntrySnapshotTransform
Transforming jetified-coil-base-2.5.0-api.jar with BuildToolsApiClasspathEntrySnapshotTransform
Transforming lifecycle-runtime-2.7.0-api.jar with BuildToolsApiClasspathEntrySnapshotTransform
Transforming jetified-lifecycle-livedata-ktx-2.7.0-api.jar with BuildToolsApiClasspathEntrySnapshotTransform
Transforming jetified-lifecycle-runtime-compose-2.7.0-api.jar with BuildToolsApiClasspathEntrySnapshotTransform
Transforming jetified-lifecycle-viewmodel-ktx-2.7.0-api.jar with BuildToolsApiClasspathEntrySnapshotTransform
Transforming jetified-material3-release-api.jar with BuildToolsApiClasspathEntrySnapshotTransform
Transforming jetified-foundation-layout-release-api.jar with BuildToolsApiClasspathEntrySnapshotTransform
Transforming jetified-material-icons-core-release-api.jar with BuildToolsApiClasspathEntrySnapshotTransform
Transforming jetified-material-icons-extended-release-api.jar with BuildToolsApiClasspathEntrySnapshotTransform
Transforming jetified-material-ripple-release-api.jar with BuildToolsApiClasspathEntrySnapshotTransform
Transforming jetified-foundation-release-api.jar with BuildToolsApiClasspathEntrySnapshotTransform
Transforming jetified-animation-core-release-api.jar with BuildToolsApiClasspathEntrySnapshotTransform
Transforming jetified-animation-release-api.jar with BuildToolsApiClasspathEntrySnapshotTransform
Transforming jetified-ui-util-release-api.jar with BuildToolsApiClasspathEntrySnapshotTransform
Transforming jetified-ui-unit-release-api.jar with BuildToolsApiClasspathEntrySnapshotTransform
Transforming jetified-ui-text-release-api.jar with BuildToolsApiClasspathEntrySnapshotTransform
Transforming jetified-ui-geometry-release-api.jar with BuildToolsApiClasspathEntrySnapshotTransform
Transforming jetified-ui-tooling-data-release-api.jar with BuildToolsApiClasspathEntrySnapshotTransform
Transforming jetified-ui-tooling-preview-release-api.jar with BuildToolsApiClasspathEntrySnapshotTransform
Transforming jetified-ui-graphics-release-api.jar with BuildToolsApiClasspathEntrySnapshotTransform
Transforming jetified-ui-release-api.jar with BuildToolsApiClasspathEntrySnapshotTransform
Transforming jetified-ui-tooling-release-api.jar with BuildToolsApiClasspathEntrySnapshotTransform
Transforming jetified-runtime-saveable-release-api.jar with BuildToolsApiClasspathEntrySnapshotTransform
Transforming jetified-runtime-release-api.jar with BuildToolsApiClasspathEntrySnapshotTransform
Transforming jetified-kotlinx-coroutines-android-1.7.3.jar with BuildToolsApiClasspathEntrySnapshotTransform
Transforming jetified-kotlinx-coroutines-core-jvm-1.7.3.jar with BuildToolsApiClasspathEntrySnapshotTransform
Transforming jetified-kotlinx-coroutines-play-services-1.7.3.jar with BuildToolsApiClasspathEntrySnapshotTransform
Transforming jetified-play-services-tasks-18.2.0-api.jar with BuildToolsApiClasspathEntrySnapshotTransform
Transforming jetified-play-services-basement-18.4.0-api.jar with BuildToolsApiClasspathEntrySnapshotTransform
Transforming fragment-1.6.2-api.jar with BuildToolsApiClasspathEntrySnapshotTransform
Transforming jetified-core-ktx-1.12.0-api.jar with BuildToolsApiClasspathEntrySnapshotTransform
Transforming jetified-core-splashscreen-1.0.1-api.jar with BuildToolsApiClasspathEntrySnapshotTransform
Transforming jetified-googleid-1.1.0-api.jar with BuildToolsApiClasspathEntrySnapshotTransform
Transforming jetified-savedstate-ktx-1.2.1-api.jar with BuildToolsApiClasspathEntrySnapshotTransform
Transforming jetified-savedstate-1.2.1-api.jar with BuildToolsApiClasspathEntrySnapshotTransform
Transforming jetified-annotation-experimental-1.4.0-api.jar with BuildToolsApiClasspathEntrySnapshotTransform
Transforming jetified-okhttp-4.12.0.jar with BuildToolsApiClasspathEntrySnapshotTransform
Transforming jetified-okio-jvm-3.6.0.jar with BuildToolsApiClasspathEntrySnapshotTransform
Transforming jetified-kotlin-stdlib-jdk8-1.9.10.jar with BuildToolsApiClasspathEntrySnapshotTransform
Transforming jetified-credentials-1.0.0-alpha04-api.jar with BuildToolsApiClasspathEntrySnapshotTransform
Transforming cursoradapter-1.0.0-api.jar with BuildToolsApiClasspathEntrySnapshotTransform
Transforming cardview-1.0.0-api.jar with BuildToolsApiClasspathEntrySnapshotTransform
Transforming sqlite-framework-2.4.0-api.jar with BuildToolsApiClasspathEntrySnapshotTransform
Transforming sqlite-2.4.0-api.jar with BuildToolsApiClasspathEntrySnapshotTransform
Transforming jetified-transport-backend-cct-2.3.3-api.jar with BuildToolsApiClasspathEntrySnapshotTransform
Transforming jetified-transport-runtime-2.2.6-api.jar with BuildToolsApiClasspathEntrySnapshotTransform
Transforming jetified-transport-api-2.2.1-api.jar with BuildToolsApiClasspathEntrySnapshotTransform
Transforming jetified-firebase-components-17.1.5-api.jar with BuildToolsApiClasspathEntrySnapshotTransform
Transforming jetified-firebase-encoders-json-17.1.0-api.jar with BuildToolsApiClasspathEntrySnapshotTransform
Transforming jetified-firebase-encoders-17.0.0.jar with BuildToolsApiClasspathEntrySnapshotTransform
Transforming localbroadcastmanager-1.0.0-api.jar with BuildToolsApiClasspathEntrySnapshotTransform
Transforming versionedparcelable-1.1.1-api.jar with BuildToolsApiClasspathEntrySnapshotTransform
Transforming core-runtime-2.2.0-api.jar with BuildToolsApiClasspathEntrySnapshotTransform
Transforming core-common-2.2.0.jar with BuildToolsApiClasspathEntrySnapshotTransform
Transforming jetified-concurrent-futures-1.1.0.jar with BuildToolsApiClasspathEntrySnapshotTransform
Transforming jetified-collection-ktx-1.4.0.jar with BuildToolsApiClasspathEntrySnapshotTransform
Transforming jetified-collection-jvm-1.4.0.jar with BuildToolsApiClasspathEntrySnapshotTransform
Transforming interpolator-1.0.0-api.jar with BuildToolsApiClasspathEntrySnapshotTransform
Transforming documentfile-1.0.0-api.jar with BuildToolsApiClasspathEntrySnapshotTransform
Transforming print-1.0.0-api.jar with BuildToolsApiClasspathEntrySnapshotTransform
Transforming jetified-annotation-jvm-1.7.0.jar with BuildToolsApiClasspathEntrySnapshotTransform
Transforming jetified-kotlin-stdlib-jdk7-1.9.10.jar with BuildToolsApiClasspathEntrySnapshotTransform
Transforming jetified-kotlin-stdlib-2.0.21.jar with BuildToolsApiClasspathEntrySnapshotTransform
Transforming constraintlayout-2.1.4-api.jar with BuildToolsApiClasspathEntrySnapshotTransform
Transforming jetified-MPAndroidChart-3.1.0-api.jar with BuildToolsApiClasspathEntrySnapshotTransform
Transforming jetified-layout-7.2.5.jar with BuildToolsApiClasspathEntrySnapshotTransform
Transforming jetified-kernel-7.2.5.jar with BuildToolsApiClasspathEntrySnapshotTransform
Transforming jetified-io-7.2.5.jar with BuildToolsApiClasspathEntrySnapshotTransform
Transforming jetified-core-3.5.3.jar with BuildToolsApiClasspathEntrySnapshotTransform
Transforming jetified-poi-ooxml-5.2.5.jar with BuildToolsApiClasspathEntrySnapshotTransform
Transforming jetified-poi-5.2.5.jar with BuildToolsApiClasspathEntrySnapshotTransform
Transforming jetified-jakarta.mail-2.0.1.jar with BuildToolsApiClasspathEntrySnapshotTransform
Transforming jetified-annotations-23.0.0.jar with BuildToolsApiClasspathEntrySnapshotTransform
Transforming jetified-listenablefuture-1.0.jar with BuildToolsApiClasspathEntrySnapshotTransform
Transforming jetified-resourceinspection-annotation-1.0.1.jar with BuildToolsApiClasspathEntrySnapshotTransform
Transforming jetified-error_prone_annotations-2.15.0.jar with BuildToolsApiClasspathEntrySnapshotTransform
Transforming jetified-hilt-core-2.48.jar with BuildToolsApiClasspathEntrySnapshotTransform
Transforming jetified-dagger-2.48.jar with BuildToolsApiClasspathEntrySnapshotTransform
Transforming jetified-firebase-annotations-16.2.0.jar with BuildToolsApiClasspathEntrySnapshotTransform
Transforming jetified-javax.inject-1.jar with BuildToolsApiClasspathEntrySnapshotTransform
Transforming jetified-dagger-lint-aar-2.48-api.jar with BuildToolsApiClasspathEntrySnapshotTransform
Transforming jetified-jsr305-3.0.2.jar with BuildToolsApiClasspathEntrySnapshotTransform
Transforming exifinterface-1.3.6-api.jar with BuildToolsApiClasspathEntrySnapshotTransform
Transforming jetified-commons-7.2.5.jar with BuildToolsApiClasspathEntrySnapshotTransform
Transforming jetified-slf4j-api-1.7.36.jar with BuildToolsApiClasspathEntrySnapshotTransform
Transforming jetified-bcpkix-jdk15on-1.70.jar with BuildToolsApiClasspathEntrySnapshotTransform
Transforming jetified-bcutil-jdk15on-1.70.jar with BuildToolsApiClasspathEntrySnapshotTransform
Transforming jetified-bcprov-jdk15on-1.70.jar with BuildToolsApiClasspathEntrySnapshotTransform
Transforming jetified-image-1.0.0-beta1-api.jar with BuildToolsApiClasspathEntrySnapshotTransform
Transforming jetified-commons-codec-1.16.0.jar with BuildToolsApiClasspathEntrySnapshotTransform
Transforming jetified-commons-collections4-4.4.jar with BuildToolsApiClasspathEntrySnapshotTransform
Transforming jetified-commons-math3-3.6.1.jar with BuildToolsApiClasspathEntrySnapshotTransform
Transforming jetified-commons-io-2.15.0.jar with BuildToolsApiClasspathEntrySnapshotTransform
Transforming jetified-SparseBitSet-1.3.jar with BuildToolsApiClasspathEntrySnapshotTransform
Transforming jetified-poi-ooxml-lite-5.2.5.jar with BuildToolsApiClasspathEntrySnapshotTransform
Transforming jetified-xmlbeans-5.2.0.jar with BuildToolsApiClasspathEntrySnapshotTransform
Transforming jetified-log4j-api-2.21.1.jar with BuildToolsApiClasspathEntrySnapshotTransform
Transforming jetified-commons-compress-1.25.0.jar with BuildToolsApiClasspathEntrySnapshotTransform
Transforming jetified-curvesapi-1.08.jar with BuildToolsApiClasspathEntrySnapshotTransform
Transforming jetified-jakarta.activation-2.0.1.jar with BuildToolsApiClasspathEntrySnapshotTransform
Transforming android.jar with BuildToolsApiClasspathEntrySnapshotTransform
Transforming core-lambda-stubs.jar with BuildToolsApiClasspathEntrySnapshotTransform
Transforming debug with BuildToolsApiClasspathEntrySnapshotTransform
Caching disabled for task ':app:compileDebugKotlin' because:
  Build cache is disabled
Skipping task ':app:compileDebugKotlin' as it is up-to-date.
Resolve mutations for :app:javaPreCompileDebug (Thread[Execution worker Thread 3,5,main]) started.
:app:javaPreCompileDebug (Thread[Execution worker Thread 3,5,main]) started.

> Task :app:javaPreCompileDebug UP-TO-DATE
Registered task dependencies: app:_agp_internal_javaPreCompileDebug_kaptClasspath
Starting dependency analysis
Caching disabled for task ':app:javaPreCompileDebug' because:
  Build cache is disabled
Skipping task ':app:javaPreCompileDebug' as it is up-to-date.
Resolve mutations for :app:compileDebugJavaWithJavac (Thread[Execution worker Thread 3,5,main]) started.
:app:compileDebugJavaWithJavac (Thread[Execution worker Thread 3,5,main]) started.

> Task :app:compileDebugJavaWithJavac UP-TO-DATE
Transforming core-for-system-modules.jar with JdkImageTransform
Transforming core-for-system-modules.jar with JdkImageTransform
Transforming core-for-system-modules.jar with JdkImageTransform
Transforming core-for-system-modules.jar with JdkImageTransform
Transforming core-for-system-modules.jar with JdkImageTransform
Transforming core-for-system-modules.jar with JdkImageTransform
Custom actions are attached to task ':app:compileDebugJavaWithJavac'.
Caching disabled for task ':app:compileDebugJavaWithJavac' because:
  Build cache is disabled
Skipping task ':app:compileDebugJavaWithJavac' as it is up-to-date.
No compile result for :app:compileDebugJavaWithJavac
Resolve mutations for :app:hiltAggregateDepsDebug (Thread[Execution worker Thread 2,5,main]) started.
:app:hiltAggregateDepsDebug (Thread[Execution worker Thread 2,5,main]) started.

> Task :app:hiltAggregateDepsDebug UP-TO-DATE
Transforming viewbinding-8.6.0.aar (androidx.databinding:viewbinding:8.6.0) with JetifyTransform
Transforming viewbinding-8.6.0.aar (androidx.databinding:viewbinding:8.6.0) with AarToClassTransform
Transforming hilt-navigation-compose-1.1.0.aar (androidx.hilt:hilt-navigation-compose:1.1.0) with JetifyTransform
Transforming hilt-navigation-compose-1.1.0.aar (androidx.hilt:hilt-navigation-compose:1.1.0) with AarToClassTransform
Transforming hilt-navigation-1.1.0.aar (androidx.hilt:hilt-navigation:1.1.0) with JetifyTransform
Transforming hilt-navigation-1.1.0.aar (androidx.hilt:hilt-navigation:1.1.0) with AarToClassTransform
Transforming navigation-common-2.7.6.aar (androidx.navigation:navigation-common:2.7.6) with JetifyTransform
Transforming navigation-common-2.7.6.aar (androidx.navigation:navigation-common:2.7.6) with AarToClassTransform
Transforming navigation-runtime-2.7.6.aar (androidx.navigation:navigation-runtime:2.7.6) with JetifyTransform
Transforming navigation-runtime-2.7.6.aar (androidx.navigation:navigation-runtime:2.7.6) with AarToClassTransform
Transforming navigation-common-ktx-2.7.6.aar (androidx.navigation:navigation-common-ktx:2.7.6) with JetifyTransform
Transforming navigation-common-ktx-2.7.6.aar (androidx.navigation:navigation-common-ktx:2.7.6) with AarToClassTransform
Transforming navigation-fragment-2.7.6.aar (androidx.navigation:navigation-fragment:2.7.6) with JetifyTransform
Transforming navigation-fragment-2.7.6.aar (androidx.navigation:navigation-fragment:2.7.6) with AarToClassTransform
Transforming navigation-runtime-ktx-2.7.6.aar (androidx.navigation:navigation-runtime-ktx:2.7.6) with JetifyTransform
Transforming navigation-runtime-ktx-2.7.6.aar (androidx.navigation:navigation-runtime-ktx:2.7.6) with AarToClassTransform
Transforming navigation-fragment-ktx-2.7.6.aar (androidx.navigation:navigation-fragment-ktx:2.7.6) with JetifyTransform
Transforming navigation-fragment-ktx-2.7.6.aar (androidx.navigation:navigation-fragment-ktx:2.7.6) with AarToClassTransform
Transforming navigation-compose-2.7.6.aar (androidx.navigation:navigation-compose:2.7.6) with JetifyTransform
Transforming navigation-compose-2.7.6.aar (androidx.navigation:navigation-compose:2.7.6) with AarToClassTransform
Transforming navigation-ui-ktx-2.7.6.aar (androidx.navigation:navigation-ui-ktx:2.7.6) with JetifyTransform
Transforming navigation-ui-ktx-2.7.6.aar (androidx.navigation:navigation-ui-ktx:2.7.6) with AarToClassTransform
Transforming navigation-ui-2.7.6.aar (androidx.navigation:navigation-ui:2.7.6) with JetifyTransform
Transforming navigation-ui-2.7.6.aar (androidx.navigation:navigation-ui:2.7.6) with AarToClassTransform
Transforming material-1.11.0.aar (com.google.android.material:material:1.11.0) with JetifyTransform
Transforming material-1.11.0.aar (com.google.android.material:material:1.11.0) with AarToClassTransform
Transforming constraintlayout-2.1.4.aar (androidx.constraintlayout:constraintlayout:2.1.4) with JetifyTransform
Transforming constraintlayout-2.1.4.aar (androidx.constraintlayout:constraintlayout:2.1.4) with AarToClassTransform
Transforming biometric-1.1.0.aar (androidx.biometric:biometric:1.1.0) with JetifyTransform
Transforming biometric-1.1.0.aar (androidx.biometric:biometric:1.1.0) with AarToClassTransform
Transforming camera-video-1.3.1.aar (androidx.camera:camera-video:1.3.1) with JetifyTransform
Transforming camera-video-1.3.1.aar (androidx.camera:camera-video:1.3.1) with AarToClassTransform
Transforming camera-lifecycle-1.3.1.aar (androidx.camera:camera-lifecycle:1.3.1) with JetifyTransform
Transforming camera-lifecycle-1.3.1.aar (androidx.camera:camera-lifecycle:1.3.1) with AarToClassTransform
Transforming camera-camera2-1.3.1.aar (androidx.camera:camera-camera2:1.3.1) with JetifyTransform
Transforming camera-camera2-1.3.1.aar (androidx.camera:camera-camera2:1.3.1) with AarToClassTransform
Transforming camera-core-1.3.1.aar (androidx.camera:camera-core:1.3.1) with JetifyTransform
Transforming camera-core-1.3.1.aar (androidx.camera:camera-core:1.3.1) with AarToClassTransform
Transforming camera-view-1.3.1.aar (androidx.camera:camera-view:1.3.1) with JetifyTransform
Transforming camera-view-1.3.1.aar (androidx.camera:camera-view:1.3.1) with AarToClassTransform
Transforming coil-compose-2.5.0.aar (io.coil-kt:coil-compose:2.5.0) with JetifyTransform
Transforming coil-compose-2.5.0.aar (io.coil-kt:coil-compose:2.5.0) with AarToClassTransform
Transforming coil-compose-base-2.5.0.aar (io.coil-kt:coil-compose-base:2.5.0) with JetifyTransform
Transforming coil-compose-base-2.5.0.aar (io.coil-kt:coil-compose-base:2.5.0) with AarToClassTransform
Transforming coil-2.5.0.aar (io.coil-kt:coil:2.5.0) with JetifyTransform
Transforming coil-2.5.0.aar (io.coil-kt:coil:2.5.0) with AarToClassTransform
Transforming coil-base-2.5.0.aar (io.coil-kt:coil-base:2.5.0) with JetifyTransform
Transforming coil-base-2.5.0.aar (io.coil-kt:coil-base:2.5.0) with AarToClassTransform
Transforming appcompat-resources-1.6.1.aar (androidx.appcompat:appcompat-resources:1.6.1) with JetifyTransform
Transforming appcompat-resources-1.6.1.aar (androidx.appcompat:appcompat-resources:1.6.1) with AarToClassTransform
Transforming play-services-mlkit-barcode-scanning-18.3.1.aar (com.google.android.gms:play-services-mlkit-barcode-scanning:18.3.1) with JetifyTransform
Transforming play-services-mlkit-barcode-scanning-18.3.1.aar (com.google.android.gms:play-services-mlkit-barcode-scanning:18.3.1) with AarToClassTransform
Transforming barcode-scanning-common-17.0.0.aar (com.google.mlkit:barcode-scanning-common:17.0.0) with JetifyTransform
Transforming barcode-scanning-common-17.0.0.aar (com.google.mlkit:barcode-scanning-common:17.0.0) with AarToClassTransform
Transforming vision-common-17.3.0.aar (com.google.mlkit:vision-common:17.3.0) with JetifyTransform
Transforming vision-common-17.3.0.aar (com.google.mlkit:vision-common:17.3.0) with AarToClassTransform
Transforming vision-common-17.3.0.aar (com.google.mlkit:vision-common:17.3.0) with JetifyTransform
Transforming vision-common-17.3.0.aar (com.google.mlkit:vision-common:17.3.0) with AarToClassTransform
Transforming common-18.11.0.aar (com.google.mlkit:common:18.11.0) with JetifyTransform
Transforming common-18.11.0.aar (com.google.mlkit:common:18.11.0) with AarToClassTransform
Transforming common-18.11.0.aar (com.google.mlkit:common:18.11.0) with JetifyTransform
Transforming common-18.11.0.aar (com.google.mlkit:common:18.11.0) with AarToClassTransform
Transforming appcompat-1.6.1.aar (androidx.appcompat:appcompat:1.6.1) with JetifyTransform
Transforming appcompat-1.6.1.aar (androidx.appcompat:appcompat:1.6.1) with AarToClassTransform
Transforming appcompat-1.6.1.aar (androidx.appcompat:appcompat:1.6.1) with JetifyTransform
Transforming appcompat-1.6.1.aar (androidx.appcompat:appcompat:1.6.1) with AarToClassTransform
Transforming hilt-android-2.48.aar (com.google.dagger:hilt-android:2.48) with JetifyTransform
Transforming hilt-android-2.48.aar (com.google.dagger:hilt-android:2.48) with AarToClassTransform
Transforming material3-release.aar (androidx.compose.material3:material3-android:1.2.0) with JetifyTransform
Transforming material3-release.aar (androidx.compose.material3:material3-android:1.2.0) with AarToClassTransform
Transforming material-release.aar (androidx.compose.material:material-android:1.6.1) with JetifyTransform
Transforming material-release.aar (androidx.compose.material:material-android:1.6.1) with AarToClassTransform
Transforming material-icons-core-release.aar (androidx.compose.material:material-icons-core-android:1.6.1) with JetifyTransform
Transforming material-icons-core-release.aar (androidx.compose.material:material-icons-core-android:1.6.1) with AarToClassTransform
Transforming material-icons-extended-release.aar (androidx.compose.material:material-icons-extended-android:1.6.1) with JetifyTransform
Transforming material-icons-extended-release.aar (androidx.compose.material:material-icons-extended-android:1.6.1) with AarToClassTransform
Transforming material-ripple-release.aar (androidx.compose.material:material-ripple-android:1.6.1) with JetifyTransform
Transforming material-ripple-release.aar (androidx.compose.material:material-ripple-android:1.6.1) with AarToClassTransform
Transforming animation-core-release.aar (androidx.compose.animation:animation-core-android:1.6.1) with JetifyTransform
Transforming animation-core-release.aar (androidx.compose.animation:animation-core-android:1.6.1) with AarToClassTransform
Transforming animation-release.aar (androidx.compose.animation:animation-android:1.6.1) with JetifyTransform
Transforming animation-release.aar (androidx.compose.animation:animation-android:1.6.1) with AarToClassTransform
Transforming foundation-layout-release.aar (androidx.compose.foundation:foundation-layout-android:1.6.1) with JetifyTransform
Transforming foundation-layout-release.aar (androidx.compose.foundation:foundation-layout-android:1.6.1) with AarToClassTransform
Transforming foundation-release.aar (androidx.compose.foundation:foundation-android:1.6.1) with JetifyTransform
Transforming foundation-release.aar (androidx.compose.foundation:foundation-android:1.6.1) with AarToClassTransform
Transforming ui-tooling-data-release.aar (androidx.compose.ui:ui-tooling-data-android:1.6.1) with JetifyTransform
Transforming ui-tooling-data-release.aar (androidx.compose.ui:ui-tooling-data-android:1.6.1) with AarToClassTransform
Transforming ui-unit-release.aar (androidx.compose.ui:ui-unit-android:1.6.1) with JetifyTransform
Transforming ui-unit-release.aar (androidx.compose.ui:ui-unit-android:1.6.1) with AarToClassTransform
Transforming ui-geometry-release.aar (androidx.compose.ui:ui-geometry-android:1.6.1) with JetifyTransform
Transforming ui-geometry-release.aar (androidx.compose.ui:ui-geometry-android:1.6.1) with AarToClassTransform
Transforming ui-util-release.aar (androidx.compose.ui:ui-util-android:1.6.1) with JetifyTransform
Transforming ui-util-release.aar (androidx.compose.ui:ui-util-android:1.6.1) with AarToClassTransform
Transforming ui-text-release.aar (androidx.compose.ui:ui-text-android:1.6.1) with JetifyTransform
Transforming ui-text-release.aar (androidx.compose.ui:ui-text-android:1.6.1) with AarToClassTransform
Transforming ui-tooling-preview-release.aar (androidx.compose.ui:ui-tooling-preview-android:1.6.1) with JetifyTransform
Transforming ui-tooling-preview-release.aar (androidx.compose.ui:ui-tooling-preview-android:1.6.1) with AarToClassTransform
Transforming ui-graphics-release.aar (androidx.compose.ui:ui-graphics-android:1.6.1) with JetifyTransform
Transforming ui-graphics-release.aar (androidx.compose.ui:ui-graphics-android:1.6.1) with AarToClassTransform
Transforming ui-tooling-release.aar (androidx.compose.ui:ui-tooling-android:1.6.1) with JetifyTransform
Transforming ui-tooling-release.aar (androidx.compose.ui:ui-tooling-android:1.6.1) with AarToClassTransform
Transforming play-services-auth-21.0.0.aar (com.google.android.gms:play-services-auth:21.0.0) with JetifyTransform
Transforming play-services-auth-21.0.0.aar (com.google.android.gms:play-services-auth:21.0.0) with AarToClassTransform
Transforming viewpager2-1.0.0.aar (androidx.viewpager2:viewpager2:1.0.0) with JetifyTransform
Transforming viewpager2-1.0.0.aar (androidx.viewpager2:viewpager2:1.0.0) with AarToClassTransform
Transforming firebase-auth-22.3.1.aar (com.google.firebase:firebase-auth:22.3.1) with JetifyTransform
Transforming firebase-auth-22.3.1.aar (com.google.firebase:firebase-auth:22.3.1) with AarToClassTransform
Transforming play-services-auth-api-phone-18.0.2.aar (com.google.android.gms:play-services-auth-api-phone:18.0.2) with JetifyTransform
Transforming play-services-auth-api-phone-18.0.2.aar (com.google.android.gms:play-services-auth-api-phone:18.0.2) with AarToClassTransform
Transforming play-services-auth-api-phone-18.0.2.aar (com.google.android.gms:play-services-auth-api-phone:18.0.2) with JetifyTransform
Transforming play-services-auth-api-phone-18.0.2.aar (com.google.android.gms:play-services-auth-api-phone:18.0.2) with AarToClassTransform
Transforming play-services-auth-base-18.0.10.aar (com.google.android.gms:play-services-auth-base:18.0.10) with JetifyTransform
Transforming play-services-auth-base-18.0.10.aar (com.google.android.gms:play-services-auth-base:18.0.10) with AarToClassTransform
Transforming play-services-fido-20.0.1.aar (com.google.android.gms:play-services-fido:20.0.1) with JetifyTransform
Transforming play-services-fido-20.0.1.aar (com.google.android.gms:play-services-fido:20.0.1) with AarToClassTransform
Transforming firebase-appcheck-interop-17.0.0.aar (com.google.firebase:firebase-appcheck-interop:17.0.0) with JetifyTransform
Transforming firebase-appcheck-interop-17.0.0.aar (com.google.firebase:firebase-appcheck-interop:17.0.0) with AarToClassTransform
Transforming play-services-base-18.5.0.aar (com.google.android.gms:play-services-base:18.5.0) with JetifyTransform
Transforming play-services-base-18.5.0.aar (com.google.android.gms:play-services-base:18.5.0) with AarToClassTransform
Transforming play-services-base-18.5.0.aar (com.google.android.gms:play-services-base:18.5.0) with JetifyTransform
Transforming play-services-base-18.5.0.aar (com.google.android.gms:play-services-base:18.5.0) with AarToClassTransform
Transforming play-services-base-18.5.0.aar (com.google.android.gms:play-services-base:18.5.0) with JetifyTransform
Transforming play-services-base-18.5.0.aar (com.google.android.gms:play-services-base:18.5.0) with AarToClassTransform
Transforming play-services-base-18.5.0.aar (com.google.android.gms:play-services-base:18.5.0) with JetifyTransform
Transforming play-services-base-18.5.0.aar (com.google.android.gms:play-services-base:18.5.0) with AarToClassTransform
Transforming play-services-base-18.5.0.aar (com.google.android.gms:play-services-base:18.5.0) with JetifyTransform
Transforming play-services-base-18.5.0.aar (com.google.android.gms:play-services-base:18.5.0) with AarToClassTransform
Transforming play-services-base-18.5.0.aar (com.google.android.gms:play-services-base:18.5.0) with JetifyTransform
Transforming play-services-base-18.5.0.aar (com.google.android.gms:play-services-base:18.5.0) with AarToClassTransform
Transforming play-services-base-18.5.0.aar (com.google.android.gms:play-services-base:18.5.0) with JetifyTransform
Transforming play-services-base-18.5.0.aar (com.google.android.gms:play-services-base:18.5.0) with AarToClassTransform
Transforming play-services-base-18.5.0.aar (com.google.android.gms:play-services-base:18.5.0) with JetifyTransform
Transforming play-services-base-18.5.0.aar (com.google.android.gms:play-services-base:18.5.0) with AarToClassTransform
Transforming vision-interfaces-16.3.0.aar (com.google.mlkit:vision-interfaces:16.3.0) with JetifyTransform
Transforming vision-interfaces-16.3.0.aar (com.google.mlkit:vision-interfaces:16.3.0) with AarToClassTransform
Transforming recaptcha-18.4.0.aar (com.google.android.recaptcha:recaptcha:18.4.0) with JetifyTransform
Transforming recaptcha-18.4.0.aar (com.google.android.recaptcha:recaptcha:18.4.0) with AarToClassTransform
Transforming integrity-1.2.0.aar (com.google.android.play:integrity:1.2.0) with JetifyTransform
Transforming integrity-1.2.0.aar (com.google.android.play:integrity:1.2.0) with AarToClassTransform
Transforming integrity-1.2.0.aar (com.google.android.play:integrity:1.2.0) with JetifyTransform
Transforming integrity-1.2.0.aar (com.google.android.play:integrity:1.2.0) with AarToClassTransform
Transforming firebase-auth-interop-20.0.0.aar (com.google.firebase:firebase-auth-interop:20.0.0) with JetifyTransform
Transforming firebase-auth-interop-20.0.0.aar (com.google.firebase:firebase-auth-interop:20.0.0) with AarToClassTransform
Transforming hilt-navigation-compose-1.1.0.aar (androidx.hilt:hilt-navigation-compose:1.1.0) with IdentityTransform
Transforming firebase-common-ktx-20.4.2.aar (com.google.firebase:firebase-common-ktx:20.4.2) with JetifyTransform
Transforming firebase-common-ktx-20.4.2.aar (com.google.firebase:firebase-common-ktx:20.4.2) with AarToClassTransform
Transforming firebase-common-20.4.2.aar (com.google.firebase:firebase-common:20.4.2) with JetifyTransform
Transforming firebase-common-20.4.2.aar (com.google.firebase:firebase-common:20.4.2) with AarToClassTransform
Transforming firebase-common-20.4.2.aar (com.google.firebase:firebase-common:20.4.2) with JetifyTransform
Transforming firebase-common-20.4.2.aar (com.google.firebase:firebase-common:20.4.2) with AarToClassTransform
Transforming firebase-common-20.4.2.aar (com.google.firebase:firebase-common:20.4.2) with JetifyTransform
Transforming firebase-common-20.4.2.aar (com.google.firebase:firebase-common:20.4.2) with AarToClassTransform
Transforming room-common-2.6.1.jar (androidx.room:room-common:2.6.1) with JetifyTransform
Transforming room-common-2.6.1.jar (androidx.room:room-common:2.6.1) with IdentityTransform
Transforming room-common-2.6.1.jar (androidx.room:room-common:2.6.1) with IdentityTransform
Transforming room-common-2.6.1.jar (androidx.room:room-common:2.6.1) with CopyTransform
Transforming room-runtime-2.6.1.aar (androidx.room:room-runtime:2.6.1) with JetifyTransform
Transforming viewbinding-8.6.0.aar (androidx.databinding:viewbinding:8.6.0) with IdentityTransform
Transforming room-runtime-2.6.1.aar (androidx.room:room-runtime:2.6.1) with AarToClassTransform
Transforming room-ktx-2.6.1.aar (androidx.room:room-ktx:2.6.1) with JetifyTransform
Transforming room-ktx-2.6.1.aar (androidx.room:room-ktx:2.6.1) with AarToClassTransform
Transforming runtime-saveable-release.aar (androidx.compose.runtime:runtime-saveable-android:1.6.1) with JetifyTransform
Transforming runtime-saveable-release.aar (androidx.compose.runtime:runtime-saveable-android:1.6.1) with AarToClassTransform
Transforming runtime-release.aar (androidx.compose.runtime:runtime-android:1.6.1) with JetifyTransform
Transforming runtime-release.aar (androidx.compose.runtime:runtime-android:1.6.1) with AarToClassTransform
Transforming accompanist-drawablepainter-0.32.0.aar (com.google.accompanist:accompanist-drawablepainter:0.32.0) with JetifyTransform
Transforming accompanist-drawablepainter-0.32.0.aar (com.google.accompanist:accompanist-drawablepainter:0.32.0) with AarToClassTransform
Transforming slidingpanelayout-1.2.0.aar (androidx.slidingpanelayout:slidingpanelayout:1.2.0) with JetifyTransform
Transforming slidingpanelayout-1.2.0.aar (androidx.slidingpanelayout:slidingpanelayout:1.2.0) with AarToClassTransform
Transforming window-1.0.0.aar (androidx.window:window:1.0.0) with JetifyTransform
Transforming window-1.0.0.aar (androidx.window:window:1.0.0) with AarToClassTransform
Transforming hilt-navigation-1.1.0.aar (androidx.hilt:hilt-navigation:1.1.0) with IdentityTransform
Transforming kotlinx-coroutines-android-1.7.3.jar (org.jetbrains.kotlinx:kotlinx-coroutines-android:1.7.3) with JetifyTransform
Transforming kotlinx-coroutines-android-1.7.3.jar (org.jetbrains.kotlinx:kotlinx-coroutines-android:1.7.3) with IdentityTransform
Transforming kotlinx-coroutines-android-1.7.3.jar (org.jetbrains.kotlinx:kotlinx-coroutines-android:1.7.3) with IdentityTransform
Transforming kotlinx-coroutines-android-1.7.3.jar (org.jetbrains.kotlinx:kotlinx-coroutines-android:1.7.3) with CopyTransform
Transforming dynamicanimation-1.0.0.aar (androidx.dynamicanimation:dynamicanimation:1.0.0) with JetifyTransform
Transforming dynamicanimation-1.0.0.aar (androidx.dynamicanimation:dynamicanimation:1.0.0) with AarToClassTransform
Transforming legacy-support-core-utils-1.0.0.aar (androidx.legacy:legacy-support-core-utils:1.0.0) with JetifyTransform
Transforming legacy-support-core-utils-1.0.0.aar (androidx.legacy:legacy-support-core-utils:1.0.0) with AarToClassTransform
Transforming loader-1.1.0.aar (androidx.loader:loader:1.1.0) with JetifyTransform
Transforming loader-1.1.0.aar (androidx.loader:loader:1.1.0) with AarToClassTransform
Transforming loader-1.1.0.aar (androidx.loader:loader:1.1.0) with JetifyTransform
Transforming loader-1.1.0.aar (androidx.loader:loader:1.1.0) with AarToClassTransform
Transforming loader-1.1.0.aar (androidx.loader:loader:1.1.0) with JetifyTransform
Transforming loader-1.1.0.aar (androidx.loader:loader:1.1.0) with AarToClassTransform
Transforming emoji2-views-helper-1.3.0.aar (androidx.emoji2:emoji2-views-helper:1.3.0) with JetifyTransform
Transforming emoji2-views-helper-1.3.0.aar (androidx.emoji2:emoji2-views-helper:1.3.0) with AarToClassTransform
Transforming emoji2-1.3.0.aar (androidx.emoji2:emoji2:1.3.0) with JetifyTransform
Transforming emoji2-1.3.0.aar (androidx.emoji2:emoji2:1.3.0) with AarToClassTransform
Transforming lifecycle-process-2.7.0.aar (androidx.lifecycle:lifecycle-process:2.7.0) with JetifyTransform
Transforming lifecycle-process-2.7.0.aar (androidx.lifecycle:lifecycle-process:2.7.0) with AarToClassTransform
Transforming lifecycle-common-java8-2.7.0.jar (androidx.lifecycle:lifecycle-common-java8:2.7.0) with JetifyTransform
Transforming lifecycle-common-java8-2.7.0.jar (androidx.lifecycle:lifecycle-common-java8:2.7.0) with IdentityTransform
Transforming lifecycle-common-java8-2.7.0.jar (androidx.lifecycle:lifecycle-common-java8:2.7.0) with IdentityTransform
Transforming lifecycle-common-java8-2.7.0.jar (androidx.lifecycle:lifecycle-common-java8:2.7.0) with CopyTransform
Transforming lifecycle-livedata-core-2.7.0.aar (androidx.lifecycle:lifecycle-livedata-core:2.7.0) with JetifyTransform
Transforming lifecycle-livedata-core-2.7.0.aar (androidx.lifecycle:lifecycle-livedata-core:2.7.0) with AarToClassTransform
Transforming lifecycle-livedata-core-2.7.0.aar (androidx.lifecycle:lifecycle-livedata-core:2.7.0) with JetifyTransform
Transforming lifecycle-livedata-core-2.7.0.aar (androidx.lifecycle:lifecycle-livedata-core:2.7.0) with AarToClassTransform
Transforming lifecycle-livedata-core-ktx-2.7.0.aar (androidx.lifecycle:lifecycle-livedata-core-ktx:2.7.0) with JetifyTransform
Transforming lifecycle-livedata-core-ktx-2.7.0.aar (androidx.lifecycle:lifecycle-livedata-core-ktx:2.7.0) with AarToClassTransform
Transforming lifecycle-livedata-2.7.0.aar (androidx.lifecycle:lifecycle-livedata:2.7.0) with JetifyTransform
Transforming lifecycle-livedata-2.7.0.aar (androidx.lifecycle:lifecycle-livedata:2.7.0) with AarToClassTransform
Transforming googleid-1.1.0.aar (com.google.android.libraries.identity.googleid:googleid:1.1.0) with JetifyTransform
Transforming googleid-1.1.0.aar (com.google.android.libraries.identity.googleid:googleid:1.1.0) with AarToClassTransform
Transforming credentials-1.0.0-alpha04.aar (androidx.credentials:credentials:1.0.0-alpha04) with JetifyTransform
Transforming credentials-1.0.0-alpha04.aar (androidx.credentials:credentials:1.0.0-alpha04) with AarToClassTransform
Transforming kotlinx-coroutines-core-jvm-1.7.3.jar (org.jetbrains.kotlinx:kotlinx-coroutines-core-jvm:1.7.3) with JetifyTransform
Transforming kotlinx-coroutines-core-jvm-1.7.3.jar (org.jetbrains.kotlinx:kotlinx-coroutines-core-jvm:1.7.3) with IdentityTransform
Transforming kotlinx-coroutines-core-jvm-1.7.3.jar (org.jetbrains.kotlinx:kotlinx-coroutines-core-jvm:1.7.3) with IdentityTransform
Transforming kotlinx-coroutines-core-jvm-1.7.3.jar (org.jetbrains.kotlinx:kotlinx-coroutines-core-jvm:1.7.3) with CopyTransform
Transforming kotlinx-coroutines-play-services-1.7.3.jar (org.jetbrains.kotlinx:kotlinx-coroutines-play-services:1.7.3) with JetifyTransform
Transforming kotlinx-coroutines-play-services-1.7.3.jar (org.jetbrains.kotlinx:kotlinx-coroutines-play-services:1.7.3) with IdentityTransform
Transforming kotlinx-coroutines-play-services-1.7.3.jar (org.jetbrains.kotlinx:kotlinx-coroutines-play-services:1.7.3) with IdentityTransform
Transforming kotlinx-coroutines-play-services-1.7.3.jar (org.jetbrains.kotlinx:kotlinx-coroutines-play-services:1.7.3) with CopyTransform
Transforming play-services-tasks-18.2.0.aar (com.google.android.gms:play-services-tasks:18.2.0) with JetifyTransform
Transforming play-services-tasks-18.2.0.aar (com.google.android.gms:play-services-tasks:18.2.0) with AarToClassTransform
Transforming play-services-tasks-18.2.0.aar (com.google.android.gms:play-services-tasks:18.2.0) with JetifyTransform
Transforming play-services-tasks-18.2.0.aar (com.google.android.gms:play-services-tasks:18.2.0) with AarToClassTransform
Transforming play-services-tasks-18.2.0.aar (com.google.android.gms:play-services-tasks:18.2.0) with JetifyTransform
Transforming play-services-tasks-18.2.0.aar (com.google.android.gms:play-services-tasks:18.2.0) with AarToClassTransform
Transforming play-services-tasks-18.2.0.aar (com.google.android.gms:play-services-tasks:18.2.0) with JetifyTransform
Transforming play-services-tasks-18.2.0.aar (com.google.android.gms:play-services-tasks:18.2.0) with AarToClassTransform
Transforming play-services-tasks-18.2.0.aar (com.google.android.gms:play-services-tasks:18.2.0) with JetifyTransform
Transforming play-services-tasks-18.2.0.aar (com.google.android.gms:play-services-tasks:18.2.0) with AarToClassTransform
Transforming play-services-tasks-18.2.0.aar (com.google.android.gms:play-services-tasks:18.2.0) with JetifyTransform
Transforming play-services-tasks-18.2.0.aar (com.google.android.gms:play-services-tasks:18.2.0) with AarToClassTransform
Transforming play-services-tasks-18.2.0.aar (com.google.android.gms:play-services-tasks:18.2.0) with JetifyTransform
Transforming play-services-tasks-18.2.0.aar (com.google.android.gms:play-services-tasks:18.2.0) with AarToClassTransform
Transforming play-services-tasks-18.2.0.aar (com.google.android.gms:play-services-tasks:18.2.0) with JetifyTransform
Transforming play-services-tasks-18.2.0.aar (com.google.android.gms:play-services-tasks:18.2.0) with AarToClassTransform
Transforming play-services-tasks-18.2.0.aar (com.google.android.gms:play-services-tasks:18.2.0) with JetifyTransform
Transforming play-services-tasks-18.2.0.aar (com.google.android.gms:play-services-tasks:18.2.0) with AarToClassTransform
Transforming play-services-tasks-18.2.0.aar (com.google.android.gms:play-services-tasks:18.2.0) with JetifyTransform
Transforming play-services-tasks-18.2.0.aar (com.google.android.gms:play-services-tasks:18.2.0) with AarToClassTransform
Transforming play-services-tasks-18.2.0.aar (com.google.android.gms:play-services-tasks:18.2.0) with JetifyTransform
Transforming play-services-tasks-18.2.0.aar (com.google.android.gms:play-services-tasks:18.2.0) with AarToClassTransform
Transforming play-services-tasks-18.2.0.aar (com.google.android.gms:play-services-tasks:18.2.0) with JetifyTransform
Transforming play-services-tasks-18.2.0.aar (com.google.android.gms:play-services-tasks:18.2.0) with AarToClassTransform
Transforming play-services-tasks-18.2.0.aar (com.google.android.gms:play-services-tasks:18.2.0) with JetifyTransform
Transforming play-services-tasks-18.2.0.aar (com.google.android.gms:play-services-tasks:18.2.0) with AarToClassTransform
Transforming play-services-tasks-18.2.0.aar (com.google.android.gms:play-services-tasks:18.2.0) with JetifyTransform
Transforming play-services-tasks-18.2.0.aar (com.google.android.gms:play-services-tasks:18.2.0) with AarToClassTransform
Transforming play-services-tasks-18.2.0.aar (com.google.android.gms:play-services-tasks:18.2.0) with JetifyTransform
Transforming play-services-tasks-18.2.0.aar (com.google.android.gms:play-services-tasks:18.2.0) with AarToClassTransform
Transforming play-services-tasks-18.2.0.aar (com.google.android.gms:play-services-tasks:18.2.0) with JetifyTransform
Transforming play-services-tasks-18.2.0.aar (com.google.android.gms:play-services-tasks:18.2.0) with AarToClassTransform
Transforming play-services-basement-18.4.0.aar (com.google.android.gms:play-services-basement:18.4.0) with JetifyTransform
Transforming play-services-basement-18.4.0.aar (com.google.android.gms:play-services-basement:18.4.0) with AarToClassTransform
Transforming play-services-basement-18.4.0.aar (com.google.android.gms:play-services-basement:18.4.0) with JetifyTransform
Transforming play-services-basement-18.4.0.aar (com.google.android.gms:play-services-basement:18.4.0) with AarToClassTransform
Transforming play-services-basement-18.4.0.aar (com.google.android.gms:play-services-basement:18.4.0) with JetifyTransform
Transforming play-services-basement-18.4.0.aar (com.google.android.gms:play-services-basement:18.4.0) with AarToClassTransform
Transforming play-services-basement-18.4.0.aar (com.google.android.gms:play-services-basement:18.4.0) with JetifyTransform
Transforming play-services-basement-18.4.0.aar (com.google.android.gms:play-services-basement:18.4.0) with AarToClassTransform
Transforming play-services-basement-18.4.0.aar (com.google.android.gms:play-services-basement:18.4.0) with JetifyTransform
Transforming play-services-basement-18.4.0.aar (com.google.android.gms:play-services-basement:18.4.0) with AarToClassTransform
Transforming play-services-basement-18.4.0.aar (com.google.android.gms:play-services-basement:18.4.0) with JetifyTransform
Transforming play-services-basement-18.4.0.aar (com.google.android.gms:play-services-basement:18.4.0) with AarToClassTransform
Transforming play-services-basement-18.4.0.aar (com.google.android.gms:play-services-basement:18.4.0) with JetifyTransform
Transforming play-services-basement-18.4.0.aar (com.google.android.gms:play-services-basement:18.4.0) with AarToClassTransform
Transforming play-services-basement-18.4.0.aar (com.google.android.gms:play-services-basement:18.4.0) with JetifyTransform
Transforming play-services-basement-18.4.0.aar (com.google.android.gms:play-services-basement:18.4.0) with AarToClassTransform
Transforming play-services-basement-18.4.0.aar (com.google.android.gms:play-services-basement:18.4.0) with JetifyTransform
Transforming play-services-basement-18.4.0.aar (com.google.android.gms:play-services-basement:18.4.0) with AarToClassTransform
Transforming play-services-basement-18.4.0.aar (com.google.android.gms:play-services-basement:18.4.0) with JetifyTransform
Transforming play-services-basement-18.4.0.aar (com.google.android.gms:play-services-basement:18.4.0) with AarToClassTransform
Transforming play-services-basement-18.4.0.aar (com.google.android.gms:play-services-basement:18.4.0) with JetifyTransform
Transforming play-services-basement-18.4.0.aar (com.google.android.gms:play-services-basement:18.4.0) with AarToClassTransform
Transforming play-services-basement-18.4.0.aar (com.google.android.gms:play-services-basement:18.4.0) with JetifyTransform
Transforming play-services-basement-18.4.0.aar (com.google.android.gms:play-services-basement:18.4.0) with AarToClassTransform
Transforming play-services-basement-18.4.0.aar (com.google.android.gms:play-services-basement:18.4.0) with JetifyTransform
Transforming play-services-basement-18.4.0.aar (com.google.android.gms:play-services-basement:18.4.0) with AarToClassTransform
Transforming play-services-basement-18.4.0.aar (com.google.android.gms:play-services-basement:18.4.0) with JetifyTransform
Transforming play-services-basement-18.4.0.aar (com.google.android.gms:play-services-basement:18.4.0) with AarToClassTransform
Transforming play-services-basement-18.4.0.aar (com.google.android.gms:play-services-basement:18.4.0) with JetifyTransform
Transforming play-services-basement-18.4.0.aar (com.google.android.gms:play-services-basement:18.4.0) with AarToClassTransform
Transforming play-services-basement-18.4.0.aar (com.google.android.gms:play-services-basement:18.4.0) with JetifyTransform
Transforming play-services-basement-18.4.0.aar (com.google.android.gms:play-services-basement:18.4.0) with AarToClassTransform
Transforming fragment-1.6.2.aar (androidx.fragment:fragment:1.6.2) with JetifyTransform
Transforming fragment-1.6.2.aar (androidx.fragment:fragment:1.6.2) with AarToClassTransform
Transforming fragment-1.6.2.aar (androidx.fragment:fragment:1.6.2) with JetifyTransform
Transforming fragment-1.6.2.aar (androidx.fragment:fragment:1.6.2) with AarToClassTransform
Transforming fragment-1.6.2.aar (androidx.fragment:fragment:1.6.2) with JetifyTransform
Transforming fragment-1.6.2.aar (androidx.fragment:fragment:1.6.2) with AarToClassTransform
Transforming fragment-1.6.2.aar (androidx.fragment:fragment:1.6.2) with JetifyTransform
Transforming fragment-1.6.2.aar (androidx.fragment:fragment:1.6.2) with AarToClassTransform
Transforming fragment-1.6.2.aar (androidx.fragment:fragment:1.6.2) with JetifyTransform
Transforming fragment-1.6.2.aar (androidx.fragment:fragment:1.6.2) with AarToClassTransform
Transforming fragment-1.6.2.aar (androidx.fragment:fragment:1.6.2) with JetifyTransform
Transforming fragment-1.6.2.aar (androidx.fragment:fragment:1.6.2) with AarToClassTransform
Transforming fragment-ktx-1.6.2.aar (androidx.fragment:fragment-ktx:1.6.2) with JetifyTransform
Transforming fragment-ktx-1.6.2.aar (androidx.fragment:fragment-ktx:1.6.2) with AarToClassTransform
Transforming savedstate-ktx-1.2.1.aar (androidx.savedstate:savedstate-ktx:1.2.1) with JetifyTransform
Transforming savedstate-ktx-1.2.1.aar (androidx.savedstate:savedstate-ktx:1.2.1) with AarToClassTransform
Transforming savedstate-1.2.1.aar (androidx.savedstate:savedstate:1.2.1) with JetifyTransform
Transforming savedstate-1.2.1.aar (androidx.savedstate:savedstate:1.2.1) with AarToClassTransform
Transforming lifecycle-common-2.7.0.jar (androidx.lifecycle:lifecycle-common:2.7.0) with JetifyTransform
Transforming lifecycle-common-2.7.0.jar (androidx.lifecycle:lifecycle-common:2.7.0) with IdentityTransform
Transforming lifecycle-common-2.7.0.jar (androidx.lifecycle:lifecycle-common:2.7.0) with IdentityTransform
Transforming lifecycle-common-2.7.0.jar (androidx.lifecycle:lifecycle-common:2.7.0) with CopyTransform
Transforming lifecycle-runtime-ktx-2.7.0.aar (androidx.lifecycle:lifecycle-runtime-ktx:2.7.0) with JetifyTransform
Transforming lifecycle-runtime-ktx-2.7.0.aar (androidx.lifecycle:lifecycle-runtime-ktx:2.7.0) with AarToClassTransform
Transforming lifecycle-viewmodel-savedstate-2.7.0.aar (androidx.lifecycle:lifecycle-viewmodel-savedstate:2.7.0) with JetifyTransform
Transforming lifecycle-viewmodel-savedstate-2.7.0.aar (androidx.lifecycle:lifecycle-viewmodel-savedstate:2.7.0) with AarToClassTransform
Transforming lifecycle-viewmodel-compose-2.7.0.aar (androidx.lifecycle:lifecycle-viewmodel-compose:2.7.0) with JetifyTransform
Transforming lifecycle-viewmodel-compose-2.7.0.aar (androidx.lifecycle:lifecycle-viewmodel-compose:2.7.0) with AarToClassTransform
Transforming lifecycle-viewmodel-2.7.0.aar (androidx.lifecycle:lifecycle-viewmodel:2.7.0) with JetifyTransform
Transforming lifecycle-viewmodel-2.7.0.aar (androidx.lifecycle:lifecycle-viewmodel:2.7.0) with AarToClassTransform
Transforming lifecycle-viewmodel-2.7.0.aar (androidx.lifecycle:lifecycle-viewmodel:2.7.0) with JetifyTransform
Transforming lifecycle-viewmodel-2.7.0.aar (androidx.lifecycle:lifecycle-viewmodel:2.7.0) with AarToClassTransform
Transforming lifecycle-runtime-2.7.0.aar (androidx.lifecycle:lifecycle-runtime:2.7.0) with JetifyTransform
Transforming lifecycle-runtime-2.7.0.aar (androidx.lifecycle:lifecycle-runtime:2.7.0) with AarToClassTransform
Transforming lifecycle-livedata-ktx-2.7.0.aar (androidx.lifecycle:lifecycle-livedata-ktx:2.7.0) with JetifyTransform
Transforming lifecycle-livedata-ktx-2.7.0.aar (androidx.lifecycle:lifecycle-livedata-ktx:2.7.0) with AarToClassTransform
Transforming lifecycle-viewmodel-ktx-2.7.0.aar (androidx.lifecycle:lifecycle-viewmodel-ktx:2.7.0) with JetifyTransform
Transforming lifecycle-viewmodel-ktx-2.7.0.aar (androidx.lifecycle:lifecycle-viewmodel-ktx:2.7.0) with AarToClassTransform
Transforming lifecycle-runtime-compose-2.7.0.aar (androidx.lifecycle:lifecycle-runtime-compose:2.7.0) with JetifyTransform
Transforming lifecycle-runtime-compose-2.7.0.aar (androidx.lifecycle:lifecycle-runtime-compose:2.7.0) with AarToClassTransform
Transforming ui-release.aar (androidx.compose.ui:ui-android:1.6.1) with JetifyTransform
Transforming ui-release.aar (androidx.compose.ui:ui-android:1.6.1) with AarToClassTransform
Transforming activity-ktx-1.8.2.aar (androidx.activity:activity-ktx:1.8.2) with JetifyTransform
Transforming activity-ktx-1.8.2.aar (androidx.activity:activity-ktx:1.8.2) with AarToClassTransform
Transforming activity-compose-1.8.2.aar (androidx.activity:activity-compose:1.8.2) with JetifyTransform
Transforming activity-compose-1.8.2.aar (androidx.activity:activity-compose:1.8.2) with AarToClassTransform
Transforming activity-1.8.2.aar (androidx.activity:activity:1.8.2) with JetifyTransform
Transforming activity-1.8.2.aar (androidx.activity:activity:1.8.2) with AarToClassTransform
Transforming drawerlayout-1.1.1.aar (androidx.drawerlayout:drawerlayout:1.1.1) with JetifyTransform
Transforming drawerlayout-1.1.1.aar (androidx.drawerlayout:drawerlayout:1.1.1) with AarToClassTransform
Transforming coordinatorlayout-1.1.0.aar (androidx.coordinatorlayout:coordinatorlayout:1.1.0) with JetifyTransform
Transforming coordinatorlayout-1.1.0.aar (androidx.coordinatorlayout:coordinatorlayout:1.1.0) with AarToClassTransform
Transforming vectordrawable-animated-1.1.0.aar (androidx.vectordrawable:vectordrawable-animated:1.1.0) with JetifyTransform
Transforming vectordrawable-animated-1.1.0.aar (androidx.vectordrawable:vectordrawable-animated:1.1.0) with AarToClassTransform
Transforming vectordrawable-1.1.0.aar (androidx.vectordrawable:vectordrawable:1.1.0) with JetifyTransform
Transforming vectordrawable-1.1.0.aar (androidx.vectordrawable:vectordrawable:1.1.0) with AarToClassTransform
Transforming vectordrawable-1.1.0.aar (androidx.vectordrawable:vectordrawable:1.1.0) with JetifyTransform
Transforming vectordrawable-1.1.0.aar (androidx.vectordrawable:vectordrawable:1.1.0) with AarToClassTransform
Transforming recyclerview-1.1.0.aar (androidx.recyclerview:recyclerview:1.1.0) with JetifyTransform
Transforming recyclerview-1.1.0.aar (androidx.recyclerview:recyclerview:1.1.0) with AarToClassTransform
Transforming recyclerview-1.1.0.aar (androidx.recyclerview:recyclerview:1.1.0) with JetifyTransform
Transforming recyclerview-1.1.0.aar (androidx.recyclerview:recyclerview:1.1.0) with AarToClassTransform
Transforming viewpager-1.0.0.aar (androidx.viewpager:viewpager:1.0.0) with JetifyTransform
Transforming viewpager-1.0.0.aar (androidx.viewpager:viewpager:1.0.0) with AarToClassTransform
Transforming customview-1.1.0.aar (androidx.customview:customview:1.1.0) with JetifyTransform
Transforming customview-1.1.0.aar (androidx.customview:customview:1.1.0) with AarToClassTransform
Transforming customview-1.1.0.aar (androidx.customview:customview:1.1.0) with JetifyTransform
Transforming customview-1.1.0.aar (androidx.customview:customview:1.1.0) with AarToClassTransform
Transforming customview-1.1.0.aar (androidx.customview:customview:1.1.0) with JetifyTransform
Transforming customview-1.1.0.aar (androidx.customview:customview:1.1.0) with AarToClassTransform
Transforming customview-1.1.0.aar (androidx.customview:customview:1.1.0) with JetifyTransform
Transforming customview-1.1.0.aar (androidx.customview:customview:1.1.0) with AarToClassTransform
Transforming customview-1.1.0.aar (androidx.customview:customview:1.1.0) with JetifyTransform
Transforming customview-1.1.0.aar (androidx.customview:customview:1.1.0) with AarToClassTransform
Transforming browser-1.4.0.aar (androidx.browser:browser:1.4.0) with JetifyTransform
Transforming browser-1.4.0.aar (androidx.browser:browser:1.4.0) with AarToClassTransform
Transforming autofill-1.0.0.aar (androidx.autofill:autofill:1.0.0) with JetifyTransform
Transforming autofill-1.0.0.aar (androidx.autofill:autofill:1.0.0) with AarToClassTransform
Transforming transition-1.4.1.aar (androidx.transition:transition:1.4.1) with JetifyTransform
Transforming transition-1.4.1.aar (androidx.transition:transition:1.4.1) with AarToClassTransform
Transforming core-1.12.0.aar (androidx.core:core:1.12.0) with JetifyTransform
Transforming core-1.12.0.aar (androidx.core:core:1.12.0) with AarToClassTransform
Transforming core-1.12.0.aar (androidx.core:core:1.12.0) with JetifyTransform
Transforming core-1.12.0.aar (androidx.core:core:1.12.0) with AarToClassTransform
Transforming core-1.12.0.aar (androidx.core:core:1.12.0) with JetifyTransform
Transforming core-1.12.0.aar (androidx.core:core:1.12.0) with AarToClassTransform
Transforming core-1.12.0.aar (androidx.core:core:1.12.0) with JetifyTransform
Transforming core-1.12.0.aar (androidx.core:core:1.12.0) with AarToClassTransform
Transforming core-1.12.0.aar (androidx.core:core:1.12.0) with JetifyTransform
Transforming core-1.12.0.aar (androidx.core:core:1.12.0) with AarToClassTransform
Transforming core-1.12.0.aar (androidx.core:core:1.12.0) with JetifyTransform
Transforming core-1.12.0.aar (androidx.core:core:1.12.0) with AarToClassTransform
Transforming core-1.12.0.aar (androidx.core:core:1.12.0) with JetifyTransform
Transforming core-1.12.0.aar (androidx.core:core:1.12.0) with AarToClassTransform
Transforming core-1.12.0.aar (androidx.core:core:1.12.0) with JetifyTransform
Transforming core-1.12.0.aar (androidx.core:core:1.12.0) with AarToClassTransform
Transforming core-1.12.0.aar (androidx.core:core:1.12.0) with JetifyTransform
Transforming core-1.12.0.aar (androidx.core:core:1.12.0) with AarToClassTransform
Transforming core-1.12.0.aar (androidx.core:core:1.12.0) with JetifyTransform
Transforming core-1.12.0.aar (androidx.core:core:1.12.0) with AarToClassTransform
Transforming core-1.12.0.aar (androidx.core:core:1.12.0) with JetifyTransform
Transforming core-1.12.0.aar (androidx.core:core:1.12.0) with AarToClassTransform
Transforming core-1.12.0.aar (androidx.core:core:1.12.0) with JetifyTransform
Transforming core-1.12.0.aar (androidx.core:core:1.12.0) with AarToClassTransform
Transforming core-1.12.0.aar (androidx.core:core:1.12.0) with JetifyTransform
Transforming core-1.12.0.aar (androidx.core:core:1.12.0) with AarToClassTransform
Transforming core-1.12.0.aar (androidx.core:core:1.12.0) with JetifyTransform
Transforming core-1.12.0.aar (androidx.core:core:1.12.0) with AarToClassTransform
Transforming core-1.12.0.aar (androidx.core:core:1.12.0) with JetifyTransform
Transforming core-1.12.0.aar (androidx.core:core:1.12.0) with AarToClassTransform
Transforming customview-poolingcontainer-1.0.0.aar (androidx.customview:customview-poolingcontainer:1.0.0) with JetifyTransform
Transforming customview-poolingcontainer-1.0.0.aar (androidx.customview:customview-poolingcontainer:1.0.0) with AarToClassTransform
Transforming core-ktx-1.12.0.aar (androidx.core:core-ktx:1.12.0) with JetifyTransform
Transforming core-ktx-1.12.0.aar (androidx.core:core-ktx:1.12.0) with AarToClassTransform
Transforming core-splashscreen-1.0.1.aar (androidx.core:core-splashscreen:1.0.1) with JetifyTransform
Transforming core-splashscreen-1.0.1.aar (androidx.core:core-splashscreen:1.0.1) with AarToClassTransform
Transforming sqlite-framework-2.4.0.aar (androidx.sqlite:sqlite-framework:2.4.0) with JetifyTransform
Transforming sqlite-framework-2.4.0.aar (androidx.sqlite:sqlite-framework:2.4.0) with AarToClassTransform
Transforming sqlite-2.4.0.aar (androidx.sqlite:sqlite:2.4.0) with JetifyTransform
Transforming sqlite-2.4.0.aar (androidx.sqlite:sqlite:2.4.0) with AarToClassTransform
Transforming okhttp-4.12.0.jar (com.squareup.okhttp3:okhttp:4.12.0) with JetifyTransform
Transforming okhttp-4.12.0.jar (com.squareup.okhttp3:okhttp:4.12.0) with IdentityTransform
Transforming okhttp-4.12.0.jar (com.squareup.okhttp3:okhttp:4.12.0) with IdentityTransform
Transforming okhttp-4.12.0.jar (com.squareup.okhttp3:okhttp:4.12.0) with CopyTransform
Transforming okio-jvm-3.6.0.jar (com.squareup.okio:okio-jvm:3.6.0) with JetifyTransform
Transforming okio-jvm-3.6.0.jar (com.squareup.okio:okio-jvm:3.6.0) with IdentityTransform
Transforming okio-jvm-3.6.0.jar (com.squareup.okio:okio-jvm:3.6.0) with IdentityTransform
Transforming okio-jvm-3.6.0.jar (com.squareup.okio:okio-jvm:3.6.0) with CopyTransform
Transforming viewbinding-8.6.0.aar (androidx.databinding:viewbinding:8.6.0) with CopyTransform
Transforming kotlin-stdlib-jdk8-1.9.10.jar (org.jetbrains.kotlin:kotlin-stdlib-jdk8:1.9.10) with JetifyTransform
Transforming kotlin-stdlib-jdk8-1.9.10.jar (org.jetbrains.kotlin:kotlin-stdlib-jdk8:1.9.10) with IdentityTransform
Transforming kotlin-stdlib-jdk8-1.9.10.jar (org.jetbrains.kotlin:kotlin-stdlib-jdk8:1.9.10) with IdentityTransform
Transforming kotlin-stdlib-jdk8-1.9.10.jar (org.jetbrains.kotlin:kotlin-stdlib-jdk8:1.9.10) with CopyTransform
Transforming kotlin-stdlib-jdk7-1.9.10.jar (org.jetbrains.kotlin:kotlin-stdlib-jdk7:1.9.10) with JetifyTransform
Transforming kotlin-stdlib-jdk7-1.9.10.jar (org.jetbrains.kotlin:kotlin-stdlib-jdk7:1.9.10) with IdentityTransform
Transforming kotlin-stdlib-jdk7-1.9.10.jar (org.jetbrains.kotlin:kotlin-stdlib-jdk7:1.9.10) with IdentityTransform
Transforming kotlin-stdlib-jdk7-1.9.10.jar (org.jetbrains.kotlin:kotlin-stdlib-jdk7:1.9.10) with CopyTransform
Transforming annotation-experimental-1.4.0.aar (androidx.annotation:annotation-experimental:1.4.0) with JetifyTransform
Transforming annotation-experimental-1.4.0.aar (androidx.annotation:annotation-experimental:1.4.0) with AarToClassTransform
Transforming versionedparcelable-1.1.1.aar (androidx.versionedparcelable:versionedparcelable:1.1.1) with JetifyTransform
Transforming versionedparcelable-1.1.1.aar (androidx.versionedparcelable:versionedparcelable:1.1.1) with AarToClassTransform
Transforming collection-ktx-1.4.0.jar (androidx.collection:collection-ktx:1.4.0) with JetifyTransform
Transforming collection-ktx-1.4.0.jar (androidx.collection:collection-ktx:1.4.0) with IdentityTransform
Transforming collection-ktx-1.4.0.jar (androidx.collection:collection-ktx:1.4.0) with IdentityTransform
Transforming collection-ktx-1.4.0.jar (androidx.collection:collection-ktx:1.4.0) with CopyTransform
Transforming collection-jvm-1.4.0.jar (androidx.collection:collection-jvm:1.4.0) with JetifyTransform
Transforming collection-jvm-1.4.0.jar (androidx.collection:collection-jvm:1.4.0) with IdentityTransform
Transforming collection-jvm-1.4.0.jar (androidx.collection:collection-jvm:1.4.0) with IdentityTransform
Transforming collection-jvm-1.4.0.jar (androidx.collection:collection-jvm:1.4.0) with CopyTransform
Transforming MPAndroidChart-3.1.0.aar (com.github.PhilJay:MPAndroidChart:3.1.0) with JetifyTransform
Transforming MPAndroidChart-3.1.0.aar (com.github.PhilJay:MPAndroidChart:3.1.0) with AarToClassTransform
Transforming cursoradapter-1.0.0.aar (androidx.cursoradapter:cursoradapter:1.0.0) with JetifyTransform
Transforming cursoradapter-1.0.0.aar (androidx.cursoradapter:cursoradapter:1.0.0) with AarToClassTransform
Transforming resourceinspection-annotation-1.0.1.jar (androidx.resourceinspection:resourceinspection-annotation:1.0.1) with JetifyTransform
Transforming resourceinspection-annotation-1.0.1.jar (androidx.resourceinspection:resourceinspection-annotation:1.0.1) with IdentityTransform
Transforming resourceinspection-annotation-1.0.1.jar (androidx.resourceinspection:resourceinspection-annotation:1.0.1) with IdentityTransform
Transforming resourceinspection-annotation-1.0.1.jar (androidx.resourceinspection:resourceinspection-annotation:1.0.1) with CopyTransform
Transforming cardview-1.0.0.aar (androidx.cardview:cardview:1.0.0) with JetifyTransform
Transforming cardview-1.0.0.aar (androidx.cardview:cardview:1.0.0) with AarToClassTransform
Transforming profileinstaller-1.3.1.aar (androidx.profileinstaller:profileinstaller:1.3.1) with JetifyTransform
Transforming profileinstaller-1.3.1.aar (androidx.profileinstaller:profileinstaller:1.3.1) with AarToClassTransform
Transforming startup-runtime-1.1.1.aar (androidx.startup:startup-runtime:1.1.1) with JetifyTransform
Transforming startup-runtime-1.1.1.aar (androidx.startup:startup-runtime:1.1.1) with AarToClassTransform
Transforming tracing-1.0.0.aar (androidx.tracing:tracing:1.0.0) with JetifyTransform
Transforming tracing-1.0.0.aar (androidx.tracing:tracing:1.0.0) with AarToClassTransform
Transforming core-runtime-2.2.0.aar (androidx.arch.core:core-runtime:2.2.0) with JetifyTransform
Transforming core-runtime-2.2.0.aar (androidx.arch.core:core-runtime:2.2.0) with AarToClassTransform
Transforming transport-backend-cct-2.3.3.aar (com.google.android.datatransport:transport-backend-cct:2.3.3) with JetifyTransform
Transforming hilt-navigation-compose-1.1.0.aar (androidx.hilt:hilt-navigation-compose:1.1.0) with CopyTransform
Transforming hilt-navigation-1.1.0.aar (androidx.hilt:hilt-navigation:1.1.0) with CopyTransform
Transforming viewbinding-8.6.0.aar (androidx.databinding:viewbinding:8.6.0) with AggregatedPackagesTransform
Transforming hilt-navigation-1.1.0.aar (androidx.hilt:hilt-navigation:1.1.0) with AggregatedPackagesTransform
Transforming hilt-navigation-compose-1.1.0.aar (androidx.hilt:hilt-navigation-compose:1.1.0) with AggregatedPackagesTransform
Transforming navigation-runtime-2.7.6.aar (androidx.navigation:navigation-runtime:2.7.6) with IdentityTransform
Transforming navigation-common-2.7.6.aar (androidx.navigation:navigation-common:2.7.6) with IdentityTransform
Transforming navigation-runtime-2.7.6.aar (androidx.navigation:navigation-runtime:2.7.6) with CopyTransform
Transforming navigation-common-2.7.6.aar (androidx.navigation:navigation-common:2.7.6) with CopyTransform
Transforming navigation-common-ktx-2.7.6.aar (androidx.navigation:navigation-common-ktx:2.7.6) with IdentityTransform
Transforming navigation-runtime-2.7.6.aar (androidx.navigation:navigation-runtime:2.7.6) with AggregatedPackagesTransform
Transforming navigation-common-ktx-2.7.6.aar (androidx.navigation:navigation-common-ktx:2.7.6) with CopyTransform
Transforming navigation-common-2.7.6.aar (androidx.navigation:navigation-common:2.7.6) with AggregatedPackagesTransform
Transforming navigation-common-ktx-2.7.6.aar (androidx.navigation:navigation-common-ktx:2.7.6) with AggregatedPackagesTransform
Transforming navigation-fragment-2.7.6.aar (androidx.navigation:navigation-fragment:2.7.6) with IdentityTransform
Transforming transport-backend-cct-2.3.3.aar (com.google.android.datatransport:transport-backend-cct:2.3.3) with AarToClassTransform
Transforming navigation-fragment-2.7.6.aar (androidx.navigation:navigation-fragment:2.7.6) with CopyTransform
Transforming transport-backend-cct-2.3.3.aar (com.google.android.datatransport:transport-backend-cct:2.3.3) with JetifyTransform
Transforming transport-backend-cct-2.3.3.aar (com.google.android.datatransport:transport-backend-cct:2.3.3) with AarToClassTransform
Transforming transport-backend-cct-2.3.3.aar (com.google.android.datatransport:transport-backend-cct:2.3.3) with JetifyTransform
Transforming navigation-runtime-ktx-2.7.6.aar (androidx.navigation:navigation-runtime-ktx:2.7.6) with IdentityTransform
Transforming transport-backend-cct-2.3.3.aar (com.google.android.datatransport:transport-backend-cct:2.3.3) with AarToClassTransform
Transforming navigation-fragment-ktx-2.7.6.aar (androidx.navigation:navigation-fragment-ktx:2.7.6) with IdentityTransform
Transforming transport-runtime-2.2.6.aar (com.google.android.datatransport:transport-runtime:2.2.6) with JetifyTransform
Transforming transport-runtime-2.2.6.aar (com.google.android.datatransport:transport-runtime:2.2.6) with AarToClassTransform
Transforming transport-runtime-2.2.6.aar (com.google.android.datatransport:transport-runtime:2.2.6) with JetifyTransform
Transforming transport-runtime-2.2.6.aar (com.google.android.datatransport:transport-runtime:2.2.6) with AarToClassTransform
Transforming transport-runtime-2.2.6.aar (com.google.android.datatransport:transport-runtime:2.2.6) with JetifyTransform
Transforming transport-runtime-2.2.6.aar (com.google.android.datatransport:transport-runtime:2.2.6) with AarToClassTransform
Transforming transport-runtime-2.2.6.aar (com.google.android.datatransport:transport-runtime:2.2.6) with JetifyTransform
Transforming transport-runtime-2.2.6.aar (com.google.android.datatransport:transport-runtime:2.2.6) with AarToClassTransform
Transforming transport-api-2.2.1.aar (com.google.android.datatransport:transport-api:2.2.1) with JetifyTransform
Transforming transport-api-2.2.1.aar (com.google.android.datatransport:transport-api:2.2.1) with AarToClassTransform
Transforming transport-api-2.2.1.aar (com.google.android.datatransport:transport-api:2.2.1) with JetifyTransform
Transforming transport-api-2.2.1.aar (com.google.android.datatransport:transport-api:2.2.1) with AarToClassTransform
Transforming transport-api-2.2.1.aar (com.google.android.datatransport:transport-api:2.2.1) with JetifyTransform
Transforming transport-api-2.2.1.aar (com.google.android.datatransport:transport-api:2.2.1) with AarToClassTransform
Transforming transport-api-2.2.1.aar (com.google.android.datatransport:transport-api:2.2.1) with JetifyTransform
Transforming transport-api-2.2.1.aar (com.google.android.datatransport:transport-api:2.2.1) with AarToClassTransform
Transforming transport-api-2.2.1.aar (com.google.android.datatransport:transport-api:2.2.1) with JetifyTransform
Transforming transport-api-2.2.1.aar (com.google.android.datatransport:transport-api:2.2.1) with AarToClassTransform
Transforming firebase-encoders-json-17.1.0.aar (com.google.firebase:firebase-encoders-json:17.1.0) with JetifyTransform
Transforming firebase-encoders-json-17.1.0.aar (com.google.firebase:firebase-encoders-json:17.1.0) with AarToClassTransform
Transforming firebase-encoders-json-17.1.0.aar (com.google.firebase:firebase-encoders-json:17.1.0) with JetifyTransform
Transforming firebase-encoders-json-17.1.0.aar (com.google.firebase:firebase-encoders-json:17.1.0) with AarToClassTransform
Transforming firebase-encoders-json-17.1.0.aar (com.google.firebase:firebase-encoders-json:17.1.0) with JetifyTransform
Transforming firebase-encoders-json-17.1.0.aar (com.google.firebase:firebase-encoders-json:17.1.0) with AarToClassTransform
Transforming firebase-encoders-json-17.1.0.aar (com.google.firebase:firebase-encoders-json:17.1.0) with JetifyTransform
Transforming firebase-encoders-json-17.1.0.aar (com.google.firebase:firebase-encoders-json:17.1.0) with AarToClassTransform
Transforming firebase-encoders-17.0.0.jar (com.google.firebase:firebase-encoders:17.0.0) with JetifyTransform
Transforming firebase-encoders-17.0.0.jar (com.google.firebase:firebase-encoders:17.0.0) with IdentityTransform
Transforming firebase-encoders-17.0.0.jar (com.google.firebase:firebase-encoders:17.0.0) with IdentityTransform
Transforming firebase-encoders-17.0.0.jar (com.google.firebase:firebase-encoders:17.0.0) with CopyTransform
Transforming interpolator-1.0.0.aar (androidx.interpolator:interpolator:1.0.0) with JetifyTransform
Transforming navigation-fragment-2.7.6.aar (androidx.navigation:navigation-fragment:2.7.6) with AggregatedPackagesTransform
Transforming interpolator-1.0.0.aar (androidx.interpolator:interpolator:1.0.0) with AarToClassTransform
Transforming interpolator-1.0.0.aar (androidx.interpolator:interpolator:1.0.0) with JetifyTransform
Transforming interpolator-1.0.0.aar (androidx.interpolator:interpolator:1.0.0) with AarToClassTransform
Transforming core-common-2.2.0.jar (androidx.arch.core:core-common:2.2.0) with JetifyTransform
Transforming core-common-2.2.0.jar (androidx.arch.core:core-common:2.2.0) with IdentityTransform
Transforming core-common-2.2.0.jar (androidx.arch.core:core-common:2.2.0) with IdentityTransform
Transforming core-common-2.2.0.jar (androidx.arch.core:core-common:2.2.0) with CopyTransform
Transforming firebase-components-17.1.5.aar (com.google.firebase:firebase-components:17.1.5) with JetifyTransform
Transforming firebase-components-17.1.5.aar (com.google.firebase:firebase-components:17.1.5) with AarToClassTransform
Transforming firebase-components-17.1.5.aar (com.google.firebase:firebase-components:17.1.5) with JetifyTransform
Transforming firebase-components-17.1.5.aar (com.google.firebase:firebase-components:17.1.5) with AarToClassTransform
Transforming firebase-components-17.1.5.aar (com.google.firebase:firebase-components:17.1.5) with JetifyTransform
Transforming firebase-components-17.1.5.aar (com.google.firebase:firebase-components:17.1.5) with AarToClassTransform
Transforming firebase-components-17.1.5.aar (com.google.firebase:firebase-components:17.1.5) with JetifyTransform
Transforming firebase-components-17.1.5.aar (com.google.firebase:firebase-components:17.1.5) with AarToClassTransform
Transforming firebase-components-17.1.5.aar (com.google.firebase:firebase-components:17.1.5) with JetifyTransform
Transforming firebase-components-17.1.5.aar (com.google.firebase:firebase-components:17.1.5) with AarToClassTransform
Transforming firebase-components-17.1.5.aar (com.google.firebase:firebase-components:17.1.5) with JetifyTransform
Transforming firebase-components-17.1.5.aar (com.google.firebase:firebase-components:17.1.5) with AarToClassTransform
Transforming localbroadcastmanager-1.0.0.aar (androidx.localbroadcastmanager:localbroadcastmanager:1.0.0) with JetifyTransform
Transforming localbroadcastmanager-1.0.0.aar (androidx.localbroadcastmanager:localbroadcastmanager:1.0.0) with AarToClassTransform
Transforming localbroadcastmanager-1.0.0.aar (androidx.localbroadcastmanager:localbroadcastmanager:1.0.0) with JetifyTransform
Transforming localbroadcastmanager-1.0.0.aar (androidx.localbroadcastmanager:localbroadcastmanager:1.0.0) with AarToClassTransform
Transforming documentfile-1.0.0.aar (androidx.documentfile:documentfile:1.0.0) with JetifyTransform
Transforming documentfile-1.0.0.aar (androidx.documentfile:documentfile:1.0.0) with AarToClassTransform
Transforming print-1.0.0.aar (androidx.print:print:1.0.0) with JetifyTransform
Transforming print-1.0.0.aar (androidx.print:print:1.0.0) with AarToClassTransform
Transforming exifinterface-1.3.6.aar (androidx.exifinterface:exifinterface:1.3.6) with JetifyTransform
Transforming exifinterface-1.3.6.aar (androidx.exifinterface:exifinterface:1.3.6) with AarToClassTransform
Transforming exifinterface-1.3.6.aar (androidx.exifinterface:exifinterface:1.3.6) with JetifyTransform
Transforming exifinterface-1.3.6.aar (androidx.exifinterface:exifinterface:1.3.6) with AarToClassTransform
Transforming concurrent-futures-1.1.0.jar (androidx.concurrent:concurrent-futures:1.1.0) with JetifyTransform
Transforming concurrent-futures-1.1.0.jar (androidx.concurrent:concurrent-futures:1.1.0) with IdentityTransform
Transforming concurrent-futures-1.1.0.jar (androidx.concurrent:concurrent-futures:1.1.0) with IdentityTransform
Transforming concurrent-futures-1.1.0.jar (androidx.concurrent:concurrent-futures:1.1.0) with CopyTransform
Transforming annotation-jvm-1.7.0.jar (androidx.annotation:annotation-jvm:1.7.0) with JetifyTransform
Transforming annotation-jvm-1.7.0.jar (androidx.annotation:annotation-jvm:1.7.0) with IdentityTransform
Transforming annotation-jvm-1.7.0.jar (androidx.annotation:annotation-jvm:1.7.0) with IdentityTransform
Transforming annotation-jvm-1.7.0.jar (androidx.annotation:annotation-jvm:1.7.0) with CopyTransform
Transforming kotlin-stdlib-2.0.21.jar (org.jetbrains.kotlin:kotlin-stdlib:2.0.21) with JetifyTransform
Transforming kotlin-stdlib-2.0.21.jar (org.jetbrains.kotlin:kotlin-stdlib:2.0.21) with IdentityTransform
Transforming kotlin-stdlib-2.0.21.jar (org.jetbrains.kotlin:kotlin-stdlib:2.0.21) with IdentityTransform
Transforming kotlin-stdlib-2.0.21.jar (org.jetbrains.kotlin:kotlin-stdlib:2.0.21) with CopyTransform
Transforming layout-7.2.5.jar (com.itextpdf:layout:7.2.5) with JetifyTransform
Transforming layout-7.2.5.jar (com.itextpdf:layout:7.2.5) with IdentityTransform
Transforming layout-7.2.5.jar (com.itextpdf:layout:7.2.5) with IdentityTransform
Transforming layout-7.2.5.jar (com.itextpdf:layout:7.2.5) with CopyTransform
Transforming kernel-7.2.5.jar (com.itextpdf:kernel:7.2.5) with JetifyTransform
Transforming kernel-7.2.5.jar (com.itextpdf:kernel:7.2.5) with IdentityTransform
Transforming kernel-7.2.5.jar (com.itextpdf:kernel:7.2.5) with IdentityTransform
Transforming kernel-7.2.5.jar (com.itextpdf:kernel:7.2.5) with CopyTransform
Transforming io-7.2.5.jar (com.itextpdf:io:7.2.5) with JetifyTransform
Transforming io-7.2.5.jar (com.itextpdf:io:7.2.5) with IdentityTransform
Transforming io-7.2.5.jar (com.itextpdf:io:7.2.5) with IdentityTransform
Transforming io-7.2.5.jar (com.itextpdf:io:7.2.5) with CopyTransform
Transforming core-3.5.3.jar (com.google.zxing:core:3.5.3) with JetifyTransform
Transforming core-3.5.3.jar (com.google.zxing:core:3.5.3) with IdentityTransform
Transforming core-3.5.3.jar (com.google.zxing:core:3.5.3) with IdentityTransform
Transforming core-3.5.3.jar (com.google.zxing:core:3.5.3) with CopyTransform
Transforming poi-ooxml-5.2.5.jar (org.apache.poi:poi-ooxml:5.2.5) with JetifyTransform
Transforming poi-ooxml-5.2.5.jar (org.apache.poi:poi-ooxml:5.2.5) with IdentityTransform
Transforming poi-ooxml-5.2.5.jar (org.apache.poi:poi-ooxml:5.2.5) with IdentityTransform
Transforming poi-ooxml-5.2.5.jar (org.apache.poi:poi-ooxml:5.2.5) with CopyTransform
Transforming poi-5.2.5.jar (org.apache.poi:poi:5.2.5) with JetifyTransform
Transforming poi-5.2.5.jar (org.apache.poi:poi:5.2.5) with IdentityTransform
Transforming poi-5.2.5.jar (org.apache.poi:poi:5.2.5) with IdentityTransform
Transforming poi-5.2.5.jar (org.apache.poi:poi:5.2.5) with CopyTransform
Transforming jakarta.mail-2.0.1.jar (com.sun.mail:jakarta.mail:2.0.1) with JetifyTransform
Transforming jakarta.mail-2.0.1.jar (com.sun.mail:jakarta.mail:2.0.1) with IdentityTransform
Transforming jakarta.mail-2.0.1.jar (com.sun.mail:jakarta.mail:2.0.1) with IdentityTransform
Transforming jakarta.mail-2.0.1.jar (com.sun.mail:jakarta.mail:2.0.1) with CopyTransform
Transforming annotations-23.0.0.jar (org.jetbrains:annotations:23.0.0) with JetifyTransform
Transforming annotations-23.0.0.jar (org.jetbrains:annotations:23.0.0) with IdentityTransform
Transforming annotations-23.0.0.jar (org.jetbrains:annotations:23.0.0) with IdentityTransform
Transforming annotations-23.0.0.jar (org.jetbrains:annotations:23.0.0) with CopyTransform
Transforming error_prone_annotations-2.15.0.jar (com.google.errorprone:error_prone_annotations:2.15.0) with JetifyTransform
Transforming error_prone_annotations-2.15.0.jar (com.google.errorprone:error_prone_annotations:2.15.0) with IdentityTransform
Transforming error_prone_annotations-2.15.0.jar (com.google.errorprone:error_prone_annotations:2.15.0) with IdentityTransform
Transforming navigation-runtime-ktx-2.7.6.aar (androidx.navigation:navigation-runtime-ktx:2.7.6) with CopyTransform
Transforming error_prone_annotations-2.15.0.jar (com.google.errorprone:error_prone_annotations:2.15.0) with CopyTransform
Transforming hilt-core-2.48.jar (com.google.dagger:hilt-core:2.48) with JetifyTransform
Transforming hilt-core-2.48.jar (com.google.dagger:hilt-core:2.48) with IdentityTransform
Transforming hilt-core-2.48.jar (com.google.dagger:hilt-core:2.48) with IdentityTransform
Transforming hilt-core-2.48.jar (com.google.dagger:hilt-core:2.48) with CopyTransform
Transforming dagger-2.48.jar (com.google.dagger:dagger:2.48) with JetifyTransform
Transforming dagger-2.48.jar (com.google.dagger:dagger:2.48) with IdentityTransform
Transforming dagger-2.48.jar (com.google.dagger:dagger:2.48) with IdentityTransform
Transforming dagger-2.48.jar (com.google.dagger:dagger:2.48) with CopyTransform
Transforming dagger-lint-aar-2.48.aar (com.google.dagger:dagger-lint-aar:2.48) with JetifyTransform
Transforming dagger-lint-aar-2.48.aar (com.google.dagger:dagger-lint-aar:2.48) with AarToClassTransform
Transforming jsr305-3.0.2.jar (com.google.code.findbugs:jsr305:3.0.2) with JetifyTransform
Transforming jsr305-3.0.2.jar (com.google.code.findbugs:jsr305:3.0.2) with IdentityTransform
Transforming jsr305-3.0.2.jar (com.google.code.findbugs:jsr305:3.0.2) with IdentityTransform
Transforming jsr305-3.0.2.jar (com.google.code.findbugs:jsr305:3.0.2) with CopyTransform
Transforming firebase-annotations-16.2.0.jar (com.google.firebase:firebase-annotations:16.2.0) with JetifyTransform
Transforming firebase-annotations-16.2.0.jar (com.google.firebase:firebase-annotations:16.2.0) with IdentityTransform
Transforming firebase-annotations-16.2.0.jar (com.google.firebase:firebase-annotations:16.2.0) with IdentityTransform
Transforming firebase-annotations-16.2.0.jar (com.google.firebase:firebase-annotations:16.2.0) with CopyTransform
Transforming javax.inject-1.jar (javax.inject:javax.inject:1) with JetifyTransform
Transforming javax.inject-1.jar (javax.inject:javax.inject:1) with IdentityTransform
Transforming javax.inject-1.jar (javax.inject:javax.inject:1) with IdentityTransform
Transforming javax.inject-1.jar (javax.inject:javax.inject:1) with CopyTransform
Transforming bcpkix-jdk15on-1.70.jar (org.bouncycastle:bcpkix-jdk15on:1.70) with JetifyTransform
Transforming bcpkix-jdk15on-1.70.jar (org.bouncycastle:bcpkix-jdk15on:1.70) with IdentityTransform
Transforming bcpkix-jdk15on-1.70.jar (org.bouncycastle:bcpkix-jdk15on:1.70) with IdentityTransform
Transforming bcpkix-jdk15on-1.70.jar (org.bouncycastle:bcpkix-jdk15on:1.70) with CopyTransform
Transforming bcutil-jdk15on-1.70.jar (org.bouncycastle:bcutil-jdk15on:1.70) with JetifyTransform
Transforming bcutil-jdk15on-1.70.jar (org.bouncycastle:bcutil-jdk15on:1.70) with IdentityTransform
Transforming bcutil-jdk15on-1.70.jar (org.bouncycastle:bcutil-jdk15on:1.70) with IdentityTransform
Transforming bcutil-jdk15on-1.70.jar (org.bouncycastle:bcutil-jdk15on:1.70) with CopyTransform
Transforming bcprov-jdk15on-1.70.jar (org.bouncycastle:bcprov-jdk15on:1.70) with JetifyTransform
Transforming bcprov-jdk15on-1.70.jar (org.bouncycastle:bcprov-jdk15on:1.70) with IdentityTransform
Transforming bcprov-jdk15on-1.70.jar (org.bouncycastle:bcprov-jdk15on:1.70) with IdentityTransform
Transforming bcprov-jdk15on-1.70.jar (org.bouncycastle:bcprov-jdk15on:1.70) with CopyTransform
Transforming commons-7.2.5.jar (com.itextpdf:commons:7.2.5) with JetifyTransform
Transforming commons-7.2.5.jar (com.itextpdf:commons:7.2.5) with IdentityTransform
Transforming commons-7.2.5.jar (com.itextpdf:commons:7.2.5) with IdentityTransform
Transforming commons-7.2.5.jar (com.itextpdf:commons:7.2.5) with CopyTransform
Transforming slf4j-api-1.7.36.jar (org.slf4j:slf4j-api:1.7.36) with JetifyTransform
Transforming slf4j-api-1.7.36.jar (org.slf4j:slf4j-api:1.7.36) with IdentityTransform
Transforming slf4j-api-1.7.36.jar (org.slf4j:slf4j-api:1.7.36) with IdentityTransform
Transforming slf4j-api-1.7.36.jar (org.slf4j:slf4j-api:1.7.36) with CopyTransform
Transforming auto-value-annotations-1.6.3.jar (com.google.auto.value:auto-value-annotations:1.6.3) with JetifyTransform
Transforming auto-value-annotations-1.6.3.jar (com.google.auto.value:auto-value-annotations:1.6.3) with IdentityTransform
Transforming listenablefuture-1.0.jar (com.google.guava:listenablefuture:1.0) with JetifyTransform
Transforming listenablefuture-1.0.jar (com.google.guava:listenablefuture:1.0) with IdentityTransform
Transforming listenablefuture-1.0.jar (com.google.guava:listenablefuture:1.0) with IdentityTransform
Transforming listenablefuture-1.0.jar (com.google.guava:listenablefuture:1.0) with CopyTransform
Transforming image-1.0.0-beta1.aar (com.google.android.odml:image:1.0.0-beta1) with JetifyTransform
Transforming image-1.0.0-beta1.aar (com.google.android.odml:image:1.0.0-beta1) with AarToClassTransform
Transforming image-1.0.0-beta1.aar (com.google.android.odml:image:1.0.0-beta1) with JetifyTransform
Transforming image-1.0.0-beta1.aar (com.google.android.odml:image:1.0.0-beta1) with AarToClassTransform
Transforming commons-codec-1.16.0.jar (commons-codec:commons-codec:1.16.0) with JetifyTransform
Transforming commons-codec-1.16.0.jar (commons-codec:commons-codec:1.16.0) with IdentityTransform
Transforming commons-codec-1.16.0.jar (commons-codec:commons-codec:1.16.0) with IdentityTransform
Transforming commons-codec-1.16.0.jar (commons-codec:commons-codec:1.16.0) with CopyTransform
Transforming commons-collections4-4.4.jar (org.apache.commons:commons-collections4:4.4) with JetifyTransform
Transforming commons-collections4-4.4.jar (org.apache.commons:commons-collections4:4.4) with IdentityTransform
Transforming commons-collections4-4.4.jar (org.apache.commons:commons-collections4:4.4) with IdentityTransform
Transforming commons-collections4-4.4.jar (org.apache.commons:commons-collections4:4.4) with CopyTransform
Transforming commons-math3-3.6.1.jar (org.apache.commons:commons-math3:3.6.1) with JetifyTransform
Transforming commons-math3-3.6.1.jar (org.apache.commons:commons-math3:3.6.1) with IdentityTransform
Transforming commons-math3-3.6.1.jar (org.apache.commons:commons-math3:3.6.1) with IdentityTransform
Transforming commons-math3-3.6.1.jar (org.apache.commons:commons-math3:3.6.1) with CopyTransform
Transforming commons-io-2.15.0.jar (commons-io:commons-io:2.15.0) with JetifyTransform
Transforming commons-io-2.15.0.jar (commons-io:commons-io:2.15.0) with IdentityTransform
Transforming commons-io-2.15.0.jar (commons-io:commons-io:2.15.0) with IdentityTransform
Transforming commons-io-2.15.0.jar (commons-io:commons-io:2.15.0) with CopyTransform
Transforming SparseBitSet-1.3.jar (com.zaxxer:SparseBitSet:1.3) with JetifyTransform
Transforming SparseBitSet-1.3.jar (com.zaxxer:SparseBitSet:1.3) with IdentityTransform
Transforming SparseBitSet-1.3.jar (com.zaxxer:SparseBitSet:1.3) with IdentityTransform
Transforming SparseBitSet-1.3.jar (com.zaxxer:SparseBitSet:1.3) with CopyTransform
Transforming poi-ooxml-lite-5.2.5.jar (org.apache.poi:poi-ooxml-lite:5.2.5) with JetifyTransform
Transforming poi-ooxml-lite-5.2.5.jar (org.apache.poi:poi-ooxml-lite:5.2.5) with IdentityTransform
Transforming poi-ooxml-lite-5.2.5.jar (org.apache.poi:poi-ooxml-lite:5.2.5) with IdentityTransform
Transforming poi-ooxml-lite-5.2.5.jar (org.apache.poi:poi-ooxml-lite:5.2.5) with CopyTransform
Transforming xmlbeans-5.2.0.jar (org.apache.xmlbeans:xmlbeans:5.2.0) with JetifyTransform
Transforming xmlbeans-5.2.0.jar (org.apache.xmlbeans:xmlbeans:5.2.0) with IdentityTransform
Transforming xmlbeans-5.2.0.jar (org.apache.xmlbeans:xmlbeans:5.2.0) with IdentityTransform
Transforming xmlbeans-5.2.0.jar (org.apache.xmlbeans:xmlbeans:5.2.0) with CopyTransform
Transforming log4j-api-2.21.1.jar (org.apache.logging.log4j:log4j-api:2.21.1) with JetifyTransform
Transforming log4j-api-2.21.1.jar (org.apache.logging.log4j:log4j-api:2.21.1) with IdentityTransform
Transforming log4j-api-2.21.1.jar (org.apache.logging.log4j:log4j-api:2.21.1) with IdentityTransform
Transforming log4j-api-2.21.1.jar (org.apache.logging.log4j:log4j-api:2.21.1) with CopyTransform
Transforming commons-compress-1.25.0.jar (org.apache.commons:commons-compress:1.25.0) with JetifyTransform
Transforming commons-compress-1.25.0.jar (org.apache.commons:commons-compress:1.25.0) with IdentityTransform
Transforming commons-compress-1.25.0.jar (org.apache.commons:commons-compress:1.25.0) with IdentityTransform
Transforming commons-compress-1.25.0.jar (org.apache.commons:commons-compress:1.25.0) with CopyTransform
Transforming curvesapi-1.08.jar (com.github.virtuald:curvesapi:1.08) with JetifyTransform
Transforming curvesapi-1.08.jar (com.github.virtuald:curvesapi:1.08) with IdentityTransform
Transforming curvesapi-1.08.jar (com.github.virtuald:curvesapi:1.08) with IdentityTransform
Transforming curvesapi-1.08.jar (com.github.virtuald:curvesapi:1.08) with CopyTransform
Transforming jakarta.activation-2.0.1.jar (com.sun.activation:jakarta.activation:2.0.1) with JetifyTransform
Transforming jakarta.activation-2.0.1.jar (com.sun.activation:jakarta.activation:2.0.1) with IdentityTransform
Transforming jakarta.activation-2.0.1.jar (com.sun.activation:jakarta.activation:2.0.1) with IdentityTransform
Transforming jakarta.activation-2.0.1.jar (com.sun.activation:jakarta.activation:2.0.1) with CopyTransform
Transforming navigation-fragment-ktx-2.7.6.aar (androidx.navigation:navigation-fragment-ktx:2.7.6) with CopyTransform
Transforming navigation-runtime-ktx-2.7.6.aar (androidx.navigation:navigation-runtime-ktx:2.7.6) with AggregatedPackagesTransform
Transforming navigation-fragment-ktx-2.7.6.aar (androidx.navigation:navigation-fragment-ktx:2.7.6) with AggregatedPackagesTransform
Transforming navigation-compose-2.7.6.aar (androidx.navigation:navigation-compose:2.7.6) with IdentityTransform
Transforming navigation-ui-ktx-2.7.6.aar (androidx.navigation:navigation-ui-ktx:2.7.6) with IdentityTransform
Transforming navigation-compose-2.7.6.aar (androidx.navigation:navigation-compose:2.7.6) with CopyTransform
Transforming navigation-ui-ktx-2.7.6.aar (androidx.navigation:navigation-ui-ktx:2.7.6) with CopyTransform
Transforming navigation-ui-2.7.6.aar (androidx.navigation:navigation-ui:2.7.6) with IdentityTransform
Transforming material-1.11.0.aar (com.google.android.material:material:1.11.0) with IdentityTransform
Transforming navigation-ui-ktx-2.7.6.aar (androidx.navigation:navigation-ui-ktx:2.7.6) with AggregatedPackagesTransform
Transforming navigation-compose-2.7.6.aar (androidx.navigation:navigation-compose:2.7.6) with AggregatedPackagesTransform
Transforming navigation-ui-2.7.6.aar (androidx.navigation:navigation-ui:2.7.6) with CopyTransform
Transforming material-1.11.0.aar (com.google.android.material:material:1.11.0) with CopyTransform
Transforming navigation-ui-2.7.6.aar (androidx.navigation:navigation-ui:2.7.6) with AggregatedPackagesTransform
Transforming material-1.11.0.aar (com.google.android.material:material:1.11.0) with AggregatedPackagesTransform
Transforming constraintlayout-2.1.4.aar (androidx.constraintlayout:constraintlayout:2.1.4) with IdentityTransform
Transforming biometric-1.1.0.aar (androidx.biometric:biometric:1.1.0) with IdentityTransform
Transforming constraintlayout-2.1.4.aar (androidx.constraintlayout:constraintlayout:2.1.4) with CopyTransform
Transforming biometric-1.1.0.aar (androidx.biometric:biometric:1.1.0) with CopyTransform
Transforming camera-video-1.3.1.aar (androidx.camera:camera-video:1.3.1) with IdentityTransform
Transforming biometric-1.1.0.aar (androidx.biometric:biometric:1.1.0) with AggregatedPackagesTransform
Transforming constraintlayout-2.1.4.aar (androidx.constraintlayout:constraintlayout:2.1.4) with AggregatedPackagesTransform
Transforming camera-lifecycle-1.3.1.aar (androidx.camera:camera-lifecycle:1.3.1) with IdentityTransform
Transforming camera-video-1.3.1.aar (androidx.camera:camera-video:1.3.1) with CopyTransform
Transforming camera-video-1.3.1.aar (androidx.camera:camera-video:1.3.1) with AggregatedPackagesTransform
Transforming camera-lifecycle-1.3.1.aar (androidx.camera:camera-lifecycle:1.3.1) with CopyTransform
Transforming camera-camera2-1.3.1.aar (androidx.camera:camera-camera2:1.3.1) with IdentityTransform
Transforming camera-core-1.3.1.aar (androidx.camera:camera-core:1.3.1) with IdentityTransform
Transforming camera-lifecycle-1.3.1.aar (androidx.camera:camera-lifecycle:1.3.1) with AggregatedPackagesTransform
Transforming camera-camera2-1.3.1.aar (androidx.camera:camera-camera2:1.3.1) with CopyTransform
Transforming camera-core-1.3.1.aar (androidx.camera:camera-core:1.3.1) with CopyTransform
Transforming camera-camera2-1.3.1.aar (androidx.camera:camera-camera2:1.3.1) with AggregatedPackagesTransform
Transforming camera-core-1.3.1.aar (androidx.camera:camera-core:1.3.1) with AggregatedPackagesTransform
Transforming camera-view-1.3.1.aar (androidx.camera:camera-view:1.3.1) with IdentityTransform
Transforming camera-view-1.3.1.aar (androidx.camera:camera-view:1.3.1) with CopyTransform
Transforming coil-compose-2.5.0.aar (io.coil-kt:coil-compose:2.5.0) with IdentityTransform
Transforming coil-compose-base-2.5.0.aar (io.coil-kt:coil-compose-base:2.5.0) with IdentityTransform
Transforming coil-compose-2.5.0.aar (io.coil-kt:coil-compose:2.5.0) with CopyTransform
Transforming coil-compose-2.5.0.aar (io.coil-kt:coil-compose:2.5.0) with AggregatedPackagesTransform
Transforming coil-compose-base-2.5.0.aar (io.coil-kt:coil-compose-base:2.5.0) with CopyTransform
Transforming coil-2.5.0.aar (io.coil-kt:coil:2.5.0) with IdentityTransform
Transforming coil-2.5.0.aar (io.coil-kt:coil:2.5.0) with CopyTransform
Transforming coil-base-2.5.0.aar (io.coil-kt:coil-base:2.5.0) with IdentityTransform
Transforming coil-compose-base-2.5.0.aar (io.coil-kt:coil-compose-base:2.5.0) with AggregatedPackagesTransform
Transforming camera-view-1.3.1.aar (androidx.camera:camera-view:1.3.1) with AggregatedPackagesTransform
Transforming coil-base-2.5.0.aar (io.coil-kt:coil-base:2.5.0) with CopyTransform
Transforming coil-2.5.0.aar (io.coil-kt:coil:2.5.0) with AggregatedPackagesTransform
Transforming coil-base-2.5.0.aar (io.coil-kt:coil-base:2.5.0) with AggregatedPackagesTransform
Transforming appcompat-resources-1.6.1.aar (androidx.appcompat:appcompat-resources:1.6.1) with IdentityTransform
Transforming play-services-mlkit-barcode-scanning-18.3.1.aar (com.google.android.gms:play-services-mlkit-barcode-scanning:18.3.1) with IdentityTransform
Transforming barcode-scanning-common-17.0.0.aar (com.google.mlkit:barcode-scanning-common:17.0.0) with IdentityTransform
Transforming appcompat-resources-1.6.1.aar (androidx.appcompat:appcompat-resources:1.6.1) with CopyTransform
Transforming play-services-mlkit-barcode-scanning-18.3.1.aar (com.google.android.gms:play-services-mlkit-barcode-scanning:18.3.1) with CopyTransform
Transforming barcode-scanning-common-17.0.0.aar (com.google.mlkit:barcode-scanning-common:17.0.0) with CopyTransform
Transforming appcompat-resources-1.6.1.aar (androidx.appcompat:appcompat-resources:1.6.1) with AggregatedPackagesTransform
Transforming vision-common-17.3.0.aar (com.google.mlkit:vision-common:17.3.0) with IdentityTransform
Transforming play-services-mlkit-barcode-scanning-18.3.1.aar (com.google.android.gms:play-services-mlkit-barcode-scanning:18.3.1) with AggregatedPackagesTransform
Transforming barcode-scanning-common-17.0.0.aar (com.google.mlkit:barcode-scanning-common:17.0.0) with AggregatedPackagesTransform
Transforming vision-common-17.3.0.aar (com.google.mlkit:vision-common:17.3.0) with CopyTransform
Transforming vision-common-17.3.0.aar (com.google.mlkit:vision-common:17.3.0) with AggregatedPackagesTransform
Transforming common-18.11.0.aar (com.google.mlkit:common:18.11.0) with IdentityTransform
Transforming common-18.11.0.aar (com.google.mlkit:common:18.11.0) with CopyTransform
Transforming appcompat-1.6.1.aar (androidx.appcompat:appcompat:1.6.1) with IdentityTransform
Transforming appcompat-1.6.1.aar (androidx.appcompat:appcompat:1.6.1) with IdentityTransform
Transforming common-18.11.0.aar (com.google.mlkit:common:18.11.0) with AggregatedPackagesTransform
Transforming appcompat-1.6.1.aar (androidx.appcompat:appcompat:1.6.1) with CopyTransform
Transforming appcompat-1.6.1.aar (androidx.appcompat:appcompat:1.6.1) with CopyTransform
Transforming appcompat-1.6.1.aar (androidx.appcompat:appcompat:1.6.1) with AggregatedPackagesTransform
Transforming appcompat-1.6.1.aar (androidx.appcompat:appcompat:1.6.1) with AggregatedPackagesTransform
Transforming material3-release.aar (androidx.compose.material3:material3-android:1.2.0) with IdentityTransform
Transforming hilt-android-2.48.aar (com.google.dagger:hilt-android:2.48) with IdentityTransform
Transforming material3-release.aar (androidx.compose.material3:material3-android:1.2.0) with CopyTransform
Transforming material-release.aar (androidx.compose.material:material-android:1.6.1) with IdentityTransform
Transforming hilt-android-2.48.aar (com.google.dagger:hilt-android:2.48) with CopyTransform
Transforming material-icons-core-release.aar (androidx.compose.material:material-icons-core-android:1.6.1) with IdentityTransform
Transforming material3-release.aar (androidx.compose.material3:material3-android:1.2.0) with AggregatedPackagesTransform
Transforming material-release.aar (androidx.compose.material:material-android:1.6.1) with CopyTransform
Transforming material-icons-core-release.aar (androidx.compose.material:material-icons-core-android:1.6.1) with CopyTransform
Transforming hilt-android-2.48.aar (com.google.dagger:hilt-android:2.48) with AggregatedPackagesTransform
Transforming material-icons-core-release.aar (androidx.compose.material:material-icons-core-android:1.6.1) with AggregatedPackagesTransform
Transforming material-release.aar (androidx.compose.material:material-android:1.6.1) with AggregatedPackagesTransform
Transforming material-icons-extended-release.aar (androidx.compose.material:material-icons-extended-android:1.6.1) with IdentityTransform
Transforming material-icons-extended-release.aar (androidx.compose.material:material-icons-extended-android:1.6.1) with CopyTransform
Transforming material-icons-extended-release.aar (androidx.compose.material:material-icons-extended-android:1.6.1) with AggregatedPackagesTransform
Transforming animation-core-release.aar (androidx.compose.animation:animation-core-android:1.6.1) with IdentityTransform
Transforming animation-release.aar (androidx.compose.animation:animation-android:1.6.1) with IdentityTransform
Transforming material-ripple-release.aar (androidx.compose.material:material-ripple-android:1.6.1) with IdentityTransform
Transforming animation-core-release.aar (androidx.compose.animation:animation-core-android:1.6.1) with CopyTransform
Transforming animation-release.aar (androidx.compose.animation:animation-android:1.6.1) with CopyTransform
Transforming material-ripple-release.aar (androidx.compose.material:material-ripple-android:1.6.1) with CopyTransform
Transforming animation-release.aar (androidx.compose.animation:animation-android:1.6.1) with AggregatedPackagesTransform
Transforming foundation-layout-release.aar (androidx.compose.foundation:foundation-layout-android:1.6.1) with IdentityTransform
Transforming material-ripple-release.aar (androidx.compose.material:material-ripple-android:1.6.1) with AggregatedPackagesTransform
Transforming animation-core-release.aar (androidx.compose.animation:animation-core-android:1.6.1) with AggregatedPackagesTransform
Transforming foundation-layout-release.aar (androidx.compose.foundation:foundation-layout-android:1.6.1) with CopyTransform
Transforming foundation-layout-release.aar (androidx.compose.foundation:foundation-layout-android:1.6.1) with AggregatedPackagesTransform
Transforming foundation-release.aar (androidx.compose.foundation:foundation-android:1.6.1) with IdentityTransform
Transforming ui-tooling-data-release.aar (androidx.compose.ui:ui-tooling-data-android:1.6.1) with IdentityTransform
Transforming ui-geometry-release.aar (androidx.compose.ui:ui-geometry-android:1.6.1) with IdentityTransform
Transforming ui-unit-release.aar (androidx.compose.ui:ui-unit-android:1.6.1) with IdentityTransform
Transforming foundation-release.aar (androidx.compose.foundation:foundation-android:1.6.1) with CopyTransform
Transforming ui-geometry-release.aar (androidx.compose.ui:ui-geometry-android:1.6.1) with CopyTransform
Transforming ui-tooling-data-release.aar (androidx.compose.ui:ui-tooling-data-android:1.6.1) with CopyTransform
Transforming ui-unit-release.aar (androidx.compose.ui:ui-unit-android:1.6.1) with CopyTransform
Transforming ui-geometry-release.aar (androidx.compose.ui:ui-geometry-android:1.6.1) with AggregatedPackagesTransform
Transforming ui-tooling-data-release.aar (androidx.compose.ui:ui-tooling-data-android:1.6.1) with AggregatedPackagesTransform
Transforming foundation-release.aar (androidx.compose.foundation:foundation-android:1.6.1) with AggregatedPackagesTransform
Transforming ui-unit-release.aar (androidx.compose.ui:ui-unit-android:1.6.1) with AggregatedPackagesTransform
Transforming ui-util-release.aar (androidx.compose.ui:ui-util-android:1.6.1) with IdentityTransform
Transforming ui-text-release.aar (androidx.compose.ui:ui-text-android:1.6.1) with IdentityTransform
Transforming ui-tooling-preview-release.aar (androidx.compose.ui:ui-tooling-preview-android:1.6.1) with IdentityTransform
Transforming ui-tooling-preview-release.aar (androidx.compose.ui:ui-tooling-preview-android:1.6.1) with CopyTransform
Transforming ui-util-release.aar (androidx.compose.ui:ui-util-android:1.6.1) with CopyTransform
Transforming ui-tooling-preview-release.aar (androidx.compose.ui:ui-tooling-preview-android:1.6.1) with AggregatedPackagesTransform
Transforming ui-util-release.aar (androidx.compose.ui:ui-util-android:1.6.1) with AggregatedPackagesTransform
Transforming ui-tooling-release.aar (androidx.compose.ui:ui-tooling-android:1.6.1) with IdentityTransform
Transforming ui-tooling-release.aar (androidx.compose.ui:ui-tooling-android:1.6.1) with CopyTransform
Transforming ui-text-release.aar (androidx.compose.ui:ui-text-android:1.6.1) with CopyTransform
Transforming ui-text-release.aar (androidx.compose.ui:ui-text-android:1.6.1) with AggregatedPackagesTransform
Transforming play-services-auth-21.0.0.aar (com.google.android.gms:play-services-auth:21.0.0) with IdentityTransform
Transforming ui-graphics-release.aar (androidx.compose.ui:ui-graphics-android:1.6.1) with IdentityTransform
Transforming play-services-auth-21.0.0.aar (com.google.android.gms:play-services-auth:21.0.0) with CopyTransform
Transforming ui-graphics-release.aar (androidx.compose.ui:ui-graphics-android:1.6.1) with CopyTransform
Transforming ui-tooling-release.aar (androidx.compose.ui:ui-tooling-android:1.6.1) with AggregatedPackagesTransform
Transforming play-services-auth-21.0.0.aar (com.google.android.gms:play-services-auth:21.0.0) with AggregatedPackagesTransform
Transforming ui-graphics-release.aar (androidx.compose.ui:ui-graphics-android:1.6.1) with AggregatedPackagesTransform
Transforming viewpager2-1.0.0.aar (androidx.viewpager2:viewpager2:1.0.0) with IdentityTransform
Transforming play-services-auth-api-phone-18.0.2.aar (com.google.android.gms:play-services-auth-api-phone:18.0.2) with IdentityTransform
Transforming firebase-auth-22.3.1.aar (com.google.firebase:firebase-auth:22.3.1) with IdentityTransform
Transforming viewpager2-1.0.0.aar (androidx.viewpager2:viewpager2:1.0.0) with CopyTransform
Transforming play-services-auth-api-phone-18.0.2.aar (com.google.android.gms:play-services-auth-api-phone:18.0.2) with CopyTransform
Transforming firebase-auth-22.3.1.aar (com.google.firebase:firebase-auth:22.3.1) with CopyTransform
Transforming viewpager2-1.0.0.aar (androidx.viewpager2:viewpager2:1.0.0) with AggregatedPackagesTransform
Transforming play-services-auth-api-phone-18.0.2.aar (com.google.android.gms:play-services-auth-api-phone:18.0.2) with AggregatedPackagesTransform
Transforming firebase-auth-22.3.1.aar (com.google.firebase:firebase-auth:22.3.1) with AggregatedPackagesTransform
Transforming play-services-auth-base-18.0.10.aar (com.google.android.gms:play-services-auth-base:18.0.10) with IdentityTransform
Transforming play-services-fido-20.0.1.aar (com.google.android.gms:play-services-fido:20.0.1) with IdentityTransform
Transforming play-services-base-18.5.0.aar (com.google.android.gms:play-services-base:18.5.0) with IdentityTransform
Transforming play-services-fido-20.0.1.aar (com.google.android.gms:play-services-fido:20.0.1) with CopyTransform
Transforming play-services-auth-base-18.0.10.aar (com.google.android.gms:play-services-auth-base:18.0.10) with CopyTransform
Transforming firebase-appcheck-interop-17.0.0.aar (com.google.firebase:firebase-appcheck-interop:17.0.0) with IdentityTransform
Transforming play-services-base-18.5.0.aar (com.google.android.gms:play-services-base:18.5.0) with CopyTransform
Transforming play-services-fido-20.0.1.aar (com.google.android.gms:play-services-fido:20.0.1) with AggregatedPackagesTransform
Transforming play-services-auth-base-18.0.10.aar (com.google.android.gms:play-services-auth-base:18.0.10) with AggregatedPackagesTransform
Transforming firebase-appcheck-interop-17.0.0.aar (com.google.firebase:firebase-appcheck-interop:17.0.0) with CopyTransform
Transforming play-services-base-18.5.0.aar (com.google.android.gms:play-services-base:18.5.0) with AggregatedPackagesTransform
Transforming firebase-appcheck-interop-17.0.0.aar (com.google.firebase:firebase-appcheck-interop:17.0.0) with AggregatedPackagesTransform
Transforming vision-interfaces-16.3.0.aar (com.google.mlkit:vision-interfaces:16.3.0) with IdentityTransform
Transforming integrity-1.2.0.aar (com.google.android.play:integrity:1.2.0) with IdentityTransform
Transforming vision-interfaces-16.3.0.aar (com.google.mlkit:vision-interfaces:16.3.0) with CopyTransform
Transforming recaptcha-18.4.0.aar (com.google.android.recaptcha:recaptcha:18.4.0) with IdentityTransform
Transforming integrity-1.2.0.aar (com.google.android.play:integrity:1.2.0) with CopyTransform
Transforming vision-interfaces-16.3.0.aar (com.google.mlkit:vision-interfaces:16.3.0) with AggregatedPackagesTransform
Transforming recaptcha-18.4.0.aar (com.google.android.recaptcha:recaptcha:18.4.0) with CopyTransform
Transforming integrity-1.2.0.aar (com.google.android.play:integrity:1.2.0) with AggregatedPackagesTransform
Transforming recaptcha-18.4.0.aar (com.google.android.recaptcha:recaptcha:18.4.0) with AggregatedPackagesTransform
Transforming firebase-auth-interop-20.0.0.aar (com.google.firebase:firebase-auth-interop:20.0.0) with IdentityTransform
Transforming firebase-common-ktx-20.4.2.aar (com.google.firebase:firebase-common-ktx:20.4.2) with IdentityTransform
Transforming firebase-auth-interop-20.0.0.aar (com.google.firebase:firebase-auth-interop:20.0.0) with CopyTransform
Transforming firebase-common-20.4.2.aar (com.google.firebase:firebase-common:20.4.2) with IdentityTransform
Transforming firebase-common-ktx-20.4.2.aar (com.google.firebase:firebase-common-ktx:20.4.2) with CopyTransform
Transforming firebase-auth-interop-20.0.0.aar (com.google.firebase:firebase-auth-interop:20.0.0) with AggregatedPackagesTransform
Transforming firebase-common-20.4.2.aar (com.google.firebase:firebase-common:20.4.2) with CopyTransform
Transforming firebase-common-ktx-20.4.2.aar (com.google.firebase:firebase-common-ktx:20.4.2) with AggregatedPackagesTransform
Transforming firebase-common-20.4.2.aar (com.google.firebase:firebase-common:20.4.2) with AggregatedPackagesTransform
Transforming room-common-2.6.1.jar (androidx.room:room-common:2.6.1) with AggregatedPackagesTransform
Transforming room-runtime-2.6.1.aar (androidx.room:room-runtime:2.6.1) with IdentityTransform
Transforming room-ktx-2.6.1.aar (androidx.room:room-ktx:2.6.1) with IdentityTransform
Transforming room-runtime-2.6.1.aar (androidx.room:room-runtime:2.6.1) with CopyTransform
Transforming room-ktx-2.6.1.aar (androidx.room:room-ktx:2.6.1) with CopyTransform
Transforming runtime-saveable-release.aar (androidx.compose.runtime:runtime-saveable-android:1.6.1) with IdentityTransform
Transforming room-runtime-2.6.1.aar (androidx.room:room-runtime:2.6.1) with AggregatedPackagesTransform
Transforming runtime-release.aar (androidx.compose.runtime:runtime-android:1.6.1) with IdentityTransform
Transforming room-ktx-2.6.1.aar (androidx.room:room-ktx:2.6.1) with AggregatedPackagesTransform
Transforming runtime-saveable-release.aar (androidx.compose.runtime:runtime-saveable-android:1.6.1) with CopyTransform
Transforming runtime-release.aar (androidx.compose.runtime:runtime-android:1.6.1) with CopyTransform
Transforming runtime-saveable-release.aar (androidx.compose.runtime:runtime-saveable-android:1.6.1) with AggregatedPackagesTransform
Transforming accompanist-drawablepainter-0.32.0.aar (com.google.accompanist:accompanist-drawablepainter:0.32.0) with IdentityTransform
Transforming runtime-release.aar (androidx.compose.runtime:runtime-android:1.6.1) with AggregatedPackagesTransform
Transforming slidingpanelayout-1.2.0.aar (androidx.slidingpanelayout:slidingpanelayout:1.2.0) with IdentityTransform
Transforming accompanist-drawablepainter-0.32.0.aar (com.google.accompanist:accompanist-drawablepainter:0.32.0) with CopyTransform
Transforming slidingpanelayout-1.2.0.aar (androidx.slidingpanelayout:slidingpanelayout:1.2.0) with CopyTransform
Transforming kotlinx-coroutines-android-1.7.3.jar (org.jetbrains.kotlinx:kotlinx-coroutines-android:1.7.3) with AggregatedPackagesTransform
Transforming window-1.0.0.aar (androidx.window:window:1.0.0) with IdentityTransform
Transforming slidingpanelayout-1.2.0.aar (androidx.slidingpanelayout:slidingpanelayout:1.2.0) with AggregatedPackagesTransform
Transforming accompanist-drawablepainter-0.32.0.aar (com.google.accompanist:accompanist-drawablepainter:0.32.0) with AggregatedPackagesTransform
Transforming window-1.0.0.aar (androidx.window:window:1.0.0) with CopyTransform
Transforming window-1.0.0.aar (androidx.window:window:1.0.0) with AggregatedPackagesTransform
Transforming dynamicanimation-1.0.0.aar (androidx.dynamicanimation:dynamicanimation:1.0.0) with IdentityTransform
Transforming legacy-support-core-utils-1.0.0.aar (androidx.legacy:legacy-support-core-utils:1.0.0) with IdentityTransform
Transforming dynamicanimation-1.0.0.aar (androidx.dynamicanimation:dynamicanimation:1.0.0) with CopyTransform
Transforming legacy-support-core-utils-1.0.0.aar (androidx.legacy:legacy-support-core-utils:1.0.0) with CopyTransform
Transforming loader-1.1.0.aar (androidx.loader:loader:1.1.0) with IdentityTransform
Transforming dynamicanimation-1.0.0.aar (androidx.dynamicanimation:dynamicanimation:1.0.0) with AggregatedPackagesTransform
Transforming legacy-support-core-utils-1.0.0.aar (androidx.legacy:legacy-support-core-utils:1.0.0) with AggregatedPackagesTransform
Transforming loader-1.1.0.aar (androidx.loader:loader:1.1.0) with CopyTransform
Transforming loader-1.1.0.aar (androidx.loader:loader:1.1.0) with IdentityTransform
Transforming loader-1.1.0.aar (androidx.loader:loader:1.1.0) with CopyTransform
Transforming loader-1.1.0.aar (androidx.loader:loader:1.1.0) with AggregatedPackagesTransform
Transforming loader-1.1.0.aar (androidx.loader:loader:1.1.0) with AggregatedPackagesTransform
Transforming emoji2-views-helper-1.3.0.aar (androidx.emoji2:emoji2-views-helper:1.3.0) with IdentityTransform
Transforming emoji2-views-helper-1.3.0.aar (androidx.emoji2:emoji2-views-helper:1.3.0) with CopyTransform
Transforming emoji2-1.3.0.aar (androidx.emoji2:emoji2:1.3.0) with IdentityTransform
Transforming lifecycle-common-java8-2.7.0.jar (androidx.lifecycle:lifecycle-common-java8:2.7.0) with AggregatedPackagesTransform
Transforming emoji2-views-helper-1.3.0.aar (androidx.emoji2:emoji2-views-helper:1.3.0) with AggregatedPackagesTransform
Transforming emoji2-1.3.0.aar (androidx.emoji2:emoji2:1.3.0) with CopyTransform
Transforming emoji2-1.3.0.aar (androidx.emoji2:emoji2:1.3.0) with AggregatedPackagesTransform
Transforming lifecycle-process-2.7.0.aar (androidx.lifecycle:lifecycle-process:2.7.0) with IdentityTransform
Transforming lifecycle-livedata-core-2.7.0.aar (androidx.lifecycle:lifecycle-livedata-core:2.7.0) with IdentityTransform
Transforming lifecycle-process-2.7.0.aar (androidx.lifecycle:lifecycle-process:2.7.0) with CopyTransform
Transforming lifecycle-livedata-core-2.7.0.aar (androidx.lifecycle:lifecycle-livedata-core:2.7.0) with IdentityTransform
Transforming lifecycle-livedata-core-2.7.0.aar (androidx.lifecycle:lifecycle-livedata-core:2.7.0) with CopyTransform
Transforming lifecycle-livedata-core-2.7.0.aar (androidx.lifecycle:lifecycle-livedata-core:2.7.0) with CopyTransform
Transforming lifecycle-process-2.7.0.aar (androidx.lifecycle:lifecycle-process:2.7.0) with AggregatedPackagesTransform
Transforming lifecycle-livedata-core-2.7.0.aar (androidx.lifecycle:lifecycle-livedata-core:2.7.0) with AggregatedPackagesTransform
Transforming lifecycle-livedata-core-2.7.0.aar (androidx.lifecycle:lifecycle-livedata-core:2.7.0) with AggregatedPackagesTransform
Transforming lifecycle-livedata-core-ktx-2.7.0.aar (androidx.lifecycle:lifecycle-livedata-core-ktx:2.7.0) with IdentityTransform
Transforming lifecycle-livedata-2.7.0.aar (androidx.lifecycle:lifecycle-livedata:2.7.0) with IdentityTransform
Transforming googleid-1.1.0.aar (com.google.android.libraries.identity.googleid:googleid:1.1.0) with IdentityTransform
Transforming lifecycle-livedata-core-ktx-2.7.0.aar (androidx.lifecycle:lifecycle-livedata-core-ktx:2.7.0) with CopyTransform
Transforming lifecycle-livedata-2.7.0.aar (androidx.lifecycle:lifecycle-livedata:2.7.0) with CopyTransform
Transforming lifecycle-livedata-2.7.0.aar (androidx.lifecycle:lifecycle-livedata:2.7.0) with AggregatedPackagesTransform
Transforming lifecycle-livedata-core-ktx-2.7.0.aar (androidx.lifecycle:lifecycle-livedata-core-ktx:2.7.0) with AggregatedPackagesTransform
Transforming kotlinx-coroutines-core-jvm-1.7.3.jar (org.jetbrains.kotlinx:kotlinx-coroutines-core-jvm:1.7.3) with AggregatedPackagesTransform
Transforming credentials-1.0.0-alpha04.aar (androidx.credentials:credentials:1.0.0-alpha04) with IdentityTransform
Transforming credentials-1.0.0-alpha04.aar (androidx.credentials:credentials:1.0.0-alpha04) with CopyTransform
Transforming kotlinx-coroutines-play-services-1.7.3.jar (org.jetbrains.kotlinx:kotlinx-coroutines-play-services:1.7.3) with AggregatedPackagesTransform
Transforming play-services-tasks-18.2.0.aar (com.google.android.gms:play-services-tasks:18.2.0) with IdentityTransform
Transforming play-services-tasks-18.2.0.aar (com.google.android.gms:play-services-tasks:18.2.0) with CopyTransform
Transforming play-services-tasks-18.2.0.aar (com.google.android.gms:play-services-tasks:18.2.0) with AggregatedPackagesTransform
Transforming play-services-tasks-18.2.0.aar (com.google.android.gms:play-services-tasks:18.2.0) with IdentityTransform
Transforming play-services-tasks-18.2.0.aar (com.google.android.gms:play-services-tasks:18.2.0) with CopyTransform
Transforming play-services-tasks-18.2.0.aar (com.google.android.gms:play-services-tasks:18.2.0) with AggregatedPackagesTransform
Transforming play-services-basement-18.4.0.aar (com.google.android.gms:play-services-basement:18.4.0) with IdentityTransform
Transforming play-services-basement-18.4.0.aar (com.google.android.gms:play-services-basement:18.4.0) with CopyTransform
Transforming play-services-basement-18.4.0.aar (com.google.android.gms:play-services-basement:18.4.0) with AggregatedPackagesTransform
Transforming googleid-1.1.0.aar (com.google.android.libraries.identity.googleid:googleid:1.1.0) with CopyTransform
Transforming googleid-1.1.0.aar (com.google.android.libraries.identity.googleid:googleid:1.1.0) with AggregatedPackagesTransform
Transforming credentials-1.0.0-alpha04.aar (androidx.credentials:credentials:1.0.0-alpha04) with AggregatedPackagesTransform
Transforming fragment-1.6.2.aar (androidx.fragment:fragment:1.6.2) with IdentityTransform
Transforming fragment-1.6.2.aar (androidx.fragment:fragment:1.6.2) with IdentityTransform
Transforming fragment-1.6.2.aar (androidx.fragment:fragment:1.6.2) with CopyTransform
Transforming fragment-1.6.2.aar (androidx.fragment:fragment:1.6.2) with CopyTransform
Transforming fragment-1.6.2.aar (androidx.fragment:fragment:1.6.2) with AggregatedPackagesTransform
Transforming fragment-1.6.2.aar (androidx.fragment:fragment:1.6.2) with AggregatedPackagesTransform
Transforming savedstate-ktx-1.2.1.aar (androidx.savedstate:savedstate-ktx:1.2.1) with IdentityTransform
Transforming savedstate-1.2.1.aar (androidx.savedstate:savedstate:1.2.1) with IdentityTransform
Transforming lifecycle-common-2.7.0.jar (androidx.lifecycle:lifecycle-common:2.7.0) with AggregatedPackagesTransform
Transforming fragment-ktx-1.6.2.aar (androidx.fragment:fragment-ktx:1.6.2) with IdentityTransform
Transforming savedstate-ktx-1.2.1.aar (androidx.savedstate:savedstate-ktx:1.2.1) with CopyTransform
Transforming fragment-ktx-1.6.2.aar (androidx.fragment:fragment-ktx:1.6.2) with CopyTransform
Transforming savedstate-1.2.1.aar (androidx.savedstate:savedstate:1.2.1) with CopyTransform
Transforming lifecycle-runtime-ktx-2.7.0.aar (androidx.lifecycle:lifecycle-runtime-ktx:2.7.0) with IdentityTransform
Transforming savedstate-ktx-1.2.1.aar (androidx.savedstate:savedstate-ktx:1.2.1) with AggregatedPackagesTransform
Transforming fragment-ktx-1.6.2.aar (androidx.fragment:fragment-ktx:1.6.2) with AggregatedPackagesTransform
Transforming savedstate-1.2.1.aar (androidx.savedstate:savedstate:1.2.1) with AggregatedPackagesTransform
Transforming lifecycle-runtime-ktx-2.7.0.aar (androidx.lifecycle:lifecycle-runtime-ktx:2.7.0) with CopyTransform
Transforming lifecycle-runtime-ktx-2.7.0.aar (androidx.lifecycle:lifecycle-runtime-ktx:2.7.0) with AggregatedPackagesTransform
Transforming lifecycle-viewmodel-savedstate-2.7.0.aar (androidx.lifecycle:lifecycle-viewmodel-savedstate:2.7.0) with IdentityTransform
Transforming lifecycle-viewmodel-compose-2.7.0.aar (androidx.lifecycle:lifecycle-viewmodel-compose:2.7.0) with IdentityTransform
Transforming lifecycle-viewmodel-savedstate-2.7.0.aar (androidx.lifecycle:lifecycle-viewmodel-savedstate:2.7.0) with CopyTransform
Transforming lifecycle-viewmodel-2.7.0.aar (androidx.lifecycle:lifecycle-viewmodel:2.7.0) with IdentityTransform
Transforming lifecycle-viewmodel-2.7.0.aar (androidx.lifecycle:lifecycle-viewmodel:2.7.0) with IdentityTransform
Transforming lifecycle-viewmodel-compose-2.7.0.aar (androidx.lifecycle:lifecycle-viewmodel-compose:2.7.0) with CopyTransform
Transforming lifecycle-viewmodel-savedstate-2.7.0.aar (androidx.lifecycle:lifecycle-viewmodel-savedstate:2.7.0) with AggregatedPackagesTransform
Transforming lifecycle-viewmodel-compose-2.7.0.aar (androidx.lifecycle:lifecycle-viewmodel-compose:2.7.0) with AggregatedPackagesTransform
Transforming lifecycle-viewmodel-2.7.0.aar (androidx.lifecycle:lifecycle-viewmodel:2.7.0) with CopyTransform
Transforming lifecycle-viewmodel-2.7.0.aar (androidx.lifecycle:lifecycle-viewmodel:2.7.0) with CopyTransform
Transforming lifecycle-viewmodel-2.7.0.aar (androidx.lifecycle:lifecycle-viewmodel:2.7.0) with AggregatedPackagesTransform
Transforming lifecycle-runtime-2.7.0.aar (androidx.lifecycle:lifecycle-runtime:2.7.0) with IdentityTransform
Transforming lifecycle-viewmodel-2.7.0.aar (androidx.lifecycle:lifecycle-viewmodel:2.7.0) with AggregatedPackagesTransform
Transforming lifecycle-livedata-ktx-2.7.0.aar (androidx.lifecycle:lifecycle-livedata-ktx:2.7.0) with IdentityTransform
Transforming lifecycle-runtime-2.7.0.aar (androidx.lifecycle:lifecycle-runtime:2.7.0) with CopyTransform
Transforming lifecycle-viewmodel-ktx-2.7.0.aar (androidx.lifecycle:lifecycle-viewmodel-ktx:2.7.0) with IdentityTransform
Transforming lifecycle-livedata-ktx-2.7.0.aar (androidx.lifecycle:lifecycle-livedata-ktx:2.7.0) with CopyTransform
Transforming lifecycle-runtime-2.7.0.aar (androidx.lifecycle:lifecycle-runtime:2.7.0) with AggregatedPackagesTransform
Transforming lifecycle-runtime-compose-2.7.0.aar (androidx.lifecycle:lifecycle-runtime-compose:2.7.0) with IdentityTransform
Transforming lifecycle-viewmodel-ktx-2.7.0.aar (androidx.lifecycle:lifecycle-viewmodel-ktx:2.7.0) with CopyTransform
Transforming lifecycle-livedata-ktx-2.7.0.aar (androidx.lifecycle:lifecycle-livedata-ktx:2.7.0) with AggregatedPackagesTransform
Transforming lifecycle-runtime-compose-2.7.0.aar (androidx.lifecycle:lifecycle-runtime-compose:2.7.0) with CopyTransform
Transforming lifecycle-viewmodel-ktx-2.7.0.aar (androidx.lifecycle:lifecycle-viewmodel-ktx:2.7.0) with AggregatedPackagesTransform
Transforming lifecycle-runtime-compose-2.7.0.aar (androidx.lifecycle:lifecycle-runtime-compose:2.7.0) with AggregatedPackagesTransform
Transforming ui-release.aar (androidx.compose.ui:ui-android:1.6.1) with IdentityTransform
Transforming activity-ktx-1.8.2.aar (androidx.activity:activity-ktx:1.8.2) with IdentityTransform
Transforming activity-compose-1.8.2.aar (androidx.activity:activity-compose:1.8.2) with IdentityTransform
Transforming ui-release.aar (androidx.compose.ui:ui-android:1.6.1) with CopyTransform
Transforming activity-1.8.2.aar (androidx.activity:activity:1.8.2) with IdentityTransform
Transforming activity-compose-1.8.2.aar (androidx.activity:activity-compose:1.8.2) with CopyTransform
Transforming ui-release.aar (androidx.compose.ui:ui-android:1.6.1) with AggregatedPackagesTransform
Transforming activity-1.8.2.aar (androidx.activity:activity:1.8.2) with CopyTransform
Transforming activity-compose-1.8.2.aar (androidx.activity:activity-compose:1.8.2) with AggregatedPackagesTransform
Transforming activity-1.8.2.aar (androidx.activity:activity:1.8.2) with AggregatedPackagesTransform
Transforming drawerlayout-1.1.1.aar (androidx.drawerlayout:drawerlayout:1.1.1) with IdentityTransform
Transforming drawerlayout-1.1.1.aar (androidx.drawerlayout:drawerlayout:1.1.1) with CopyTransform
Transforming coordinatorlayout-1.1.0.aar (androidx.coordinatorlayout:coordinatorlayout:1.1.0) with IdentityTransform
Transforming vectordrawable-animated-1.1.0.aar (androidx.vectordrawable:vectordrawable-animated:1.1.0) with IdentityTransform
Transforming drawerlayout-1.1.1.aar (androidx.drawerlayout:drawerlayout:1.1.1) with AggregatedPackagesTransform
Transforming vectordrawable-animated-1.1.0.aar (androidx.vectordrawable:vectordrawable-animated:1.1.0) with CopyTransform
Transforming vectordrawable-1.1.0.aar (androidx.vectordrawable:vectordrawable:1.1.0) with IdentityTransform
Transforming vectordrawable-animated-1.1.0.aar (androidx.vectordrawable:vectordrawable-animated:1.1.0) with AggregatedPackagesTransform
Transforming vectordrawable-1.1.0.aar (androidx.vectordrawable:vectordrawable:1.1.0) with CopyTransform
Transforming vectordrawable-1.1.0.aar (androidx.vectordrawable:vectordrawable:1.1.0) with IdentityTransform
Transforming vectordrawable-1.1.0.aar (androidx.vectordrawable:vectordrawable:1.1.0) with CopyTransform
Transforming activity-ktx-1.8.2.aar (androidx.activity:activity-ktx:1.8.2) with CopyTransform
Transforming coordinatorlayout-1.1.0.aar (androidx.coordinatorlayout:coordinatorlayout:1.1.0) with CopyTransform
Transforming vectordrawable-1.1.0.aar (androidx.vectordrawable:vectordrawable:1.1.0) with AggregatedPackagesTransform
Transforming vectordrawable-1.1.0.aar (androidx.vectordrawable:vectordrawable:1.1.0) with AggregatedPackagesTransform
Transforming coordinatorlayout-1.1.0.aar (androidx.coordinatorlayout:coordinatorlayout:1.1.0) with AggregatedPackagesTransform
Transforming activity-ktx-1.8.2.aar (androidx.activity:activity-ktx:1.8.2) with AggregatedPackagesTransform
Transforming recyclerview-1.1.0.aar (androidx.recyclerview:recyclerview:1.1.0) with IdentityTransform
Transforming recyclerview-1.1.0.aar (androidx.recyclerview:recyclerview:1.1.0) with IdentityTransform
Transforming recyclerview-1.1.0.aar (androidx.recyclerview:recyclerview:1.1.0) with CopyTransform
Transforming recyclerview-1.1.0.aar (androidx.recyclerview:recyclerview:1.1.0) with CopyTransform
Transforming viewpager-1.0.0.aar (androidx.viewpager:viewpager:1.0.0) with IdentityTransform
Transforming customview-1.1.0.aar (androidx.customview:customview:1.1.0) with IdentityTransform
Transforming recyclerview-1.1.0.aar (androidx.recyclerview:recyclerview:1.1.0) with AggregatedPackagesTransform
Transforming recyclerview-1.1.0.aar (androidx.recyclerview:recyclerview:1.1.0) with AggregatedPackagesTransform
Transforming customview-1.1.0.aar (androidx.customview:customview:1.1.0) with CopyTransform
Transforming viewpager-1.0.0.aar (androidx.viewpager:viewpager:1.0.0) with CopyTransform
Transforming customview-1.1.0.aar (androidx.customview:customview:1.1.0) with AggregatedPackagesTransform
Transforming customview-1.1.0.aar (androidx.customview:customview:1.1.0) with IdentityTransform
Transforming customview-1.1.0.aar (androidx.customview:customview:1.1.0) with CopyTransform
Transforming customview-1.1.0.aar (androidx.customview:customview:1.1.0) with AggregatedPackagesTransform
Transforming viewpager-1.0.0.aar (androidx.viewpager:viewpager:1.0.0) with AggregatedPackagesTransform
Transforming autofill-1.0.0.aar (androidx.autofill:autofill:1.0.0) with IdentityTransform
Transforming browser-1.4.0.aar (androidx.browser:browser:1.4.0) with IdentityTransform
Transforming transition-1.4.1.aar (androidx.transition:transition:1.4.1) with IdentityTransform
Transforming browser-1.4.0.aar (androidx.browser:browser:1.4.0) with CopyTransform
Transforming core-1.12.0.aar (androidx.core:core:1.12.0) with IdentityTransform
Transforming browser-1.4.0.aar (androidx.browser:browser:1.4.0) with AggregatedPackagesTransform
Transforming transition-1.4.1.aar (androidx.transition:transition:1.4.1) with CopyTransform
Transforming autofill-1.0.0.aar (androidx.autofill:autofill:1.0.0) with CopyTransform
Transforming core-1.12.0.aar (androidx.core:core:1.12.0) with CopyTransform
Transforming core-1.12.0.aar (androidx.core:core:1.12.0) with IdentityTransform
Transforming core-1.12.0.aar (androidx.core:core:1.12.0) with CopyTransform
Transforming autofill-1.0.0.aar (androidx.autofill:autofill:1.0.0) with AggregatedPackagesTransform
Transforming transition-1.4.1.aar (androidx.transition:transition:1.4.1) with AggregatedPackagesTransform
Transforming core-1.12.0.aar (androidx.core:core:1.12.0) with AggregatedPackagesTransform
Transforming core-1.12.0.aar (androidx.core:core:1.12.0) with AggregatedPackagesTransform
Transforming core-ktx-1.12.0.aar (androidx.core:core-ktx:1.12.0) with IdentityTransform
Transforming customview-poolingcontainer-1.0.0.aar (androidx.customview:customview-poolingcontainer:1.0.0) with IdentityTransform
Transforming sqlite-framework-2.4.0.aar (androidx.sqlite:sqlite-framework:2.4.0) with IdentityTransform
Transforming core-ktx-1.12.0.aar (androidx.core:core-ktx:1.12.0) with CopyTransform
Transforming customview-poolingcontainer-1.0.0.aar (androidx.customview:customview-poolingcontainer:1.0.0) with CopyTransform
Transforming sqlite-framework-2.4.0.aar (androidx.sqlite:sqlite-framework:2.4.0) with CopyTransform
Transforming core-ktx-1.12.0.aar (androidx.core:core-ktx:1.12.0) with AggregatedPackagesTransform
Transforming customview-poolingcontainer-1.0.0.aar (androidx.customview:customview-poolingcontainer:1.0.0) with AggregatedPackagesTransform
Transforming sqlite-framework-2.4.0.aar (androidx.sqlite:sqlite-framework:2.4.0) with AggregatedPackagesTransform
Transforming sqlite-2.4.0.aar (androidx.sqlite:sqlite:2.4.0) with IdentityTransform
Transforming okio-jvm-3.6.0.jar (com.squareup.okio:okio-jvm:3.6.0) with AggregatedPackagesTransform
Transforming okhttp-4.12.0.jar (com.squareup.okhttp3:okhttp:4.12.0) with AggregatedPackagesTransform
Transforming sqlite-2.4.0.aar (androidx.sqlite:sqlite:2.4.0) with CopyTransform
Transforming core-splashscreen-1.0.1.aar (androidx.core:core-splashscreen:1.0.1) with IdentityTransform
Transforming kotlin-stdlib-jdk7-1.9.10.jar (org.jetbrains.kotlin:kotlin-stdlib-jdk7:1.9.10) with AggregatedPackagesTransform
Transforming sqlite-2.4.0.aar (androidx.sqlite:sqlite:2.4.0) with AggregatedPackagesTransform
Transforming core-splashscreen-1.0.1.aar (androidx.core:core-splashscreen:1.0.1) with CopyTransform
Transforming annotation-experimental-1.4.0.aar (androidx.annotation:annotation-experimental:1.4.0) with IdentityTransform
Transforming versionedparcelable-1.1.1.aar (androidx.versionedparcelable:versionedparcelable:1.1.1) with IdentityTransform
Transforming core-splashscreen-1.0.1.aar (androidx.core:core-splashscreen:1.0.1) with AggregatedPackagesTransform
Transforming annotation-experimental-1.4.0.aar (androidx.annotation:annotation-experimental:1.4.0) with CopyTransform
Transforming versionedparcelable-1.1.1.aar (androidx.versionedparcelable:versionedparcelable:1.1.1) with CopyTransform
Transforming collection-ktx-1.4.0.jar (androidx.collection:collection-ktx:1.4.0) with AggregatedPackagesTransform
Transforming collection-jvm-1.4.0.jar (androidx.collection:collection-jvm:1.4.0) with AggregatedPackagesTransform
Transforming kotlin-stdlib-jdk8-1.9.10.jar (org.jetbrains.kotlin:kotlin-stdlib-jdk8:1.9.10) with AggregatedPackagesTransform
Transforming annotation-experimental-1.4.0.aar (androidx.annotation:annotation-experimental:1.4.0) with AggregatedPackagesTransform
Transforming MPAndroidChart-3.1.0.aar (com.github.PhilJay:MPAndroidChart:3.1.0) with IdentityTransform
Transforming versionedparcelable-1.1.1.aar (androidx.versionedparcelable:versionedparcelable:1.1.1) with AggregatedPackagesTransform
Transforming MPAndroidChart-3.1.0.aar (com.github.PhilJay:MPAndroidChart:3.1.0) with CopyTransform
Transforming cursoradapter-1.0.0.aar (androidx.cursoradapter:cursoradapter:1.0.0) with IdentityTransform
Transforming resourceinspection-annotation-1.0.1.jar (androidx.resourceinspection:resourceinspection-annotation:1.0.1) with AggregatedPackagesTransform
Transforming cardview-1.0.0.aar (androidx.cardview:cardview:1.0.0) with IdentityTransform
Transforming MPAndroidChart-3.1.0.aar (com.github.PhilJay:MPAndroidChart:3.1.0) with AggregatedPackagesTransform
Transforming cardview-1.0.0.aar (androidx.cardview:cardview:1.0.0) with CopyTransform
Transforming profileinstaller-1.3.1.aar (androidx.profileinstaller:profileinstaller:1.3.1) with IdentityTransform
Transforming cursoradapter-1.0.0.aar (androidx.cursoradapter:cursoradapter:1.0.0) with CopyTransform
Transforming cardview-1.0.0.aar (androidx.cardview:cardview:1.0.0) with AggregatedPackagesTransform
Transforming cursoradapter-1.0.0.aar (androidx.cursoradapter:cursoradapter:1.0.0) with AggregatedPackagesTransform
Transforming profileinstaller-1.3.1.aar (androidx.profileinstaller:profileinstaller:1.3.1) with CopyTransform
Transforming startup-runtime-1.1.1.aar (androidx.startup:startup-runtime:1.1.1) with IdentityTransform
Transforming profileinstaller-1.3.1.aar (androidx.profileinstaller:profileinstaller:1.3.1) with AggregatedPackagesTransform
Transforming startup-runtime-1.1.1.aar (androidx.startup:startup-runtime:1.1.1) with CopyTransform
Transforming tracing-1.0.0.aar (androidx.tracing:tracing:1.0.0) with IdentityTransform
Transforming startup-runtime-1.1.1.aar (androidx.startup:startup-runtime:1.1.1) with AggregatedPackagesTransform
Transforming core-runtime-2.2.0.aar (androidx.arch.core:core-runtime:2.2.0) with IdentityTransform
Transforming tracing-1.0.0.aar (androidx.tracing:tracing:1.0.0) with CopyTransform
Transforming transport-backend-cct-2.3.3.aar (com.google.android.datatransport:transport-backend-cct:2.3.3) with IdentityTransform
Transforming tracing-1.0.0.aar (androidx.tracing:tracing:1.0.0) with AggregatedPackagesTransform
Transforming core-runtime-2.2.0.aar (androidx.arch.core:core-runtime:2.2.0) with CopyTransform
Transforming transport-backend-cct-2.3.3.aar (com.google.android.datatransport:transport-backend-cct:2.3.3) with CopyTransform
Transforming core-runtime-2.2.0.aar (androidx.arch.core:core-runtime:2.2.0) with AggregatedPackagesTransform
Transforming transport-backend-cct-2.3.3.aar (com.google.android.datatransport:transport-backend-cct:2.3.3) with AggregatedPackagesTransform
Transforming transport-runtime-2.2.6.aar (com.google.android.datatransport:transport-runtime:2.2.6) with IdentityTransform
Transforming transport-runtime-2.2.6.aar (com.google.android.datatransport:transport-runtime:2.2.6) with CopyTransform
Transforming transport-runtime-2.2.6.aar (com.google.android.datatransport:transport-runtime:2.2.6) with AggregatedPackagesTransform
Transforming transport-api-2.2.1.aar (com.google.android.datatransport:transport-api:2.2.1) with IdentityTransform
Transforming transport-api-2.2.1.aar (com.google.android.datatransport:transport-api:2.2.1) with CopyTransform
Transforming transport-api-2.2.1.aar (com.google.android.datatransport:transport-api:2.2.1) with AggregatedPackagesTransform
Transforming firebase-encoders-json-17.1.0.aar (com.google.firebase:firebase-encoders-json:17.1.0) with IdentityTransform
Transforming firebase-encoders-json-17.1.0.aar (com.google.firebase:firebase-encoders-json:17.1.0) with CopyTransform
Transforming firebase-encoders-json-17.1.0.aar (com.google.firebase:firebase-encoders-json:17.1.0) with AggregatedPackagesTransform
Transforming firebase-encoders-17.0.0.jar (com.google.firebase:firebase-encoders:17.0.0) with AggregatedPackagesTransform
Transforming core-common-2.2.0.jar (androidx.arch.core:core-common:2.2.0) with AggregatedPackagesTransform
Transforming interpolator-1.0.0.aar (androidx.interpolator:interpolator:1.0.0) with IdentityTransform
Transforming interpolator-1.0.0.aar (androidx.interpolator:interpolator:1.0.0) with IdentityTransform
Transforming interpolator-1.0.0.aar (androidx.interpolator:interpolator:1.0.0) with CopyTransform
Transforming interpolator-1.0.0.aar (androidx.interpolator:interpolator:1.0.0) with CopyTransform
Transforming firebase-components-17.1.5.aar (com.google.firebase:firebase-components:17.1.5) with IdentityTransform
Transforming interpolator-1.0.0.aar (androidx.interpolator:interpolator:1.0.0) with AggregatedPackagesTransform
Transforming firebase-components-17.1.5.aar (com.google.firebase:firebase-components:17.1.5) with CopyTransform
Transforming interpolator-1.0.0.aar (androidx.interpolator:interpolator:1.0.0) with AggregatedPackagesTransform
Transforming firebase-components-17.1.5.aar (com.google.firebase:firebase-components:17.1.5) with AggregatedPackagesTransform
Transforming firebase-components-17.1.5.aar (com.google.firebase:firebase-components:17.1.5) with IdentityTransform
Transforming firebase-components-17.1.5.aar (com.google.firebase:firebase-components:17.1.5) with CopyTransform
Transforming firebase-components-17.1.5.aar (com.google.firebase:firebase-components:17.1.5) with AggregatedPackagesTransform
Transforming localbroadcastmanager-1.0.0.aar (androidx.localbroadcastmanager:localbroadcastmanager:1.0.0) with IdentityTransform
Transforming documentfile-1.0.0.aar (androidx.documentfile:documentfile:1.0.0) with IdentityTransform
Transforming print-1.0.0.aar (androidx.print:print:1.0.0) with IdentityTransform
Transforming localbroadcastmanager-1.0.0.aar (androidx.localbroadcastmanager:localbroadcastmanager:1.0.0) with CopyTransform
Transforming documentfile-1.0.0.aar (androidx.documentfile:documentfile:1.0.0) with CopyTransform
Transforming print-1.0.0.aar (androidx.print:print:1.0.0) with CopyTransform
Transforming localbroadcastmanager-1.0.0.aar (androidx.localbroadcastmanager:localbroadcastmanager:1.0.0) with AggregatedPackagesTransform
Transforming documentfile-1.0.0.aar (androidx.documentfile:documentfile:1.0.0) with AggregatedPackagesTransform
Transforming print-1.0.0.aar (androidx.print:print:1.0.0) with AggregatedPackagesTransform
Transforming exifinterface-1.3.6.aar (androidx.exifinterface:exifinterface:1.3.6) with IdentityTransform
Transforming exifinterface-1.3.6.aar (androidx.exifinterface:exifinterface:1.3.6) with IdentityTransform
Transforming concurrent-futures-1.1.0.jar (androidx.concurrent:concurrent-futures:1.1.0) with AggregatedPackagesTransform
Transforming annotation-jvm-1.7.0.jar (androidx.annotation:annotation-jvm:1.7.0) with AggregatedPackagesTransform
Transforming exifinterface-1.3.6.aar (androidx.exifinterface:exifinterface:1.3.6) with CopyTransform
Transforming exifinterface-1.3.6.aar (androidx.exifinterface:exifinterface:1.3.6) with CopyTransform
Transforming exifinterface-1.3.6.aar (androidx.exifinterface:exifinterface:1.3.6) with AggregatedPackagesTransform
Transforming exifinterface-1.3.6.aar (androidx.exifinterface:exifinterface:1.3.6) with AggregatedPackagesTransform
Transforming layout-7.2.5.jar (com.itextpdf:layout:7.2.5) with AggregatedPackagesTransform
Transforming kotlin-stdlib-2.0.21.jar (org.jetbrains.kotlin:kotlin-stdlib:2.0.21) with AggregatedPackagesTransform
Transforming kernel-7.2.5.jar (com.itextpdf:kernel:7.2.5) with AggregatedPackagesTransform
Transforming io-7.2.5.jar (com.itextpdf:io:7.2.5) with AggregatedPackagesTransform
Transforming core-3.5.3.jar (com.google.zxing:core:3.5.3) with AggregatedPackagesTransform
Transforming poi-ooxml-5.2.5.jar (org.apache.poi:poi-ooxml:5.2.5) with AggregatedPackagesTransform
Transforming poi-5.2.5.jar (org.apache.poi:poi:5.2.5) with AggregatedPackagesTransform
Transforming jakarta.mail-2.0.1.jar (com.sun.mail:jakarta.mail:2.0.1) with AggregatedPackagesTransform
Transforming constraintlayout-core-1.0.4.jar (androidx.constraintlayout:constraintlayout-core:1.0.4) with JetifyTransform
Transforming annotations-23.0.0.jar (org.jetbrains:annotations:23.0.0) with AggregatedPackagesTransform
Transforming error_prone_annotations-2.15.0.jar (com.google.errorprone:error_prone_annotations:2.15.0) with AggregatedPackagesTransform
Transforming hilt-core-2.48.jar (com.google.dagger:hilt-core:2.48) with AggregatedPackagesTransform
Transforming constraintlayout-core-1.0.4.jar (androidx.constraintlayout:constraintlayout-core:1.0.4) with IdentityTransform
Transforming dagger-2.48.jar (com.google.dagger:dagger:2.48) with AggregatedPackagesTransform
Transforming dagger-lint-aar-2.48.aar (com.google.dagger:dagger-lint-aar:2.48) with IdentityTransform
Transforming constraintlayout-core-1.0.4.jar (androidx.constraintlayout:constraintlayout-core:1.0.4) with IdentityTransform
Transforming constraintlayout-core-1.0.4.jar (androidx.constraintlayout:constraintlayout-core:1.0.4) with CopyTransform
Transforming jsr305-3.0.2.jar (com.google.code.findbugs:jsr305:3.0.2) with AggregatedPackagesTransform
Transforming dagger-lint-aar-2.48.aar (com.google.dagger:dagger-lint-aar:2.48) with CopyTransform
Transforming constraintlayout-core-1.0.4.jar (androidx.constraintlayout:constraintlayout-core:1.0.4) with AggregatedPackagesTransform
Transforming firebase-annotations-16.2.0.jar (com.google.firebase:firebase-annotations:16.2.0) with AggregatedPackagesTransform
Transforming dagger-lint-aar-2.48.aar (com.google.dagger:dagger-lint-aar:2.48) with AggregatedPackagesTransform
Transforming javax.inject-1.jar (javax.inject:javax.inject:1) with AggregatedPackagesTransform
Transforming bcpkix-jdk15on-1.70.jar (org.bouncycastle:bcpkix-jdk15on:1.70) with AggregatedPackagesTransform
Transforming bcprov-jdk15on-1.70.jar (org.bouncycastle:bcprov-jdk15on:1.70) with AggregatedPackagesTransform
Transforming commons-7.2.5.jar (com.itextpdf:commons:7.2.5) with AggregatedPackagesTransform
Transforming bcutil-jdk15on-1.70.jar (org.bouncycastle:bcutil-jdk15on:1.70) with AggregatedPackagesTransform
Transforming slf4j-api-1.7.36.jar (org.slf4j:slf4j-api:1.7.36) with AggregatedPackagesTransform
Transforming auto-value-annotations-1.6.3.jar (com.google.auto.value:auto-value-annotations:1.6.3) with IdentityTransform
Transforming listenablefuture-1.0.jar (com.google.guava:listenablefuture:1.0) with AggregatedPackagesTransform
Transforming auto-value-annotations-1.6.3.jar (com.google.auto.value:auto-value-annotations:1.6.3) with CopyTransform
Transforming image-1.0.0-beta1.aar (com.google.android.odml:image:1.0.0-beta1) with IdentityTransform
Transforming auto-value-annotations-1.6.3.jar (com.google.auto.value:auto-value-annotations:1.6.3) with AggregatedPackagesTransform
Transforming image-1.0.0-beta1.aar (com.google.android.odml:image:1.0.0-beta1) with CopyTransform
Transforming commons-collections4-4.4.jar (org.apache.commons:commons-collections4:4.4) with AggregatedPackagesTransform
Transforming image-1.0.0-beta1.aar (com.google.android.odml:image:1.0.0-beta1) with AggregatedPackagesTransform
Transforming commons-math3-3.6.1.jar (org.apache.commons:commons-math3:3.6.1) with AggregatedPackagesTransform
Transforming commons-io-2.15.0.jar (commons-io:commons-io:2.15.0) with AggregatedPackagesTransform
Transforming SparseBitSet-1.3.jar (com.zaxxer:SparseBitSet:1.3) with AggregatedPackagesTransform
Transforming poi-ooxml-lite-5.2.5.jar (org.apache.poi:poi-ooxml-lite:5.2.5) with AggregatedPackagesTransform
Transforming xmlbeans-5.2.0.jar (org.apache.xmlbeans:xmlbeans:5.2.0) with AggregatedPackagesTransform
Transforming log4j-api-2.21.1.jar (org.apache.logging.log4j:log4j-api:2.21.1) with AggregatedPackagesTransform
Transforming commons-compress-1.25.0.jar (org.apache.commons:commons-compress:1.25.0) with AggregatedPackagesTransform
Transforming curvesapi-1.08.jar (com.github.virtuald:curvesapi:1.08) with AggregatedPackagesTransform
Transforming jakarta.activation-2.0.1.jar (com.sun.activation:jakarta.activation:2.0.1) with AggregatedPackagesTransform
Transforming commons-codec-1.16.0.jar (commons-codec:commons-codec:1.16.0) with AggregatedPackagesTransform
Registered task dependencies: app:hiltCompileOnlyDebug
Starting dependency analysis
Transforming android.jar with JetifyTransform
Transforming core-lambda-stubs.jar with JetifyTransform
Transforming R.jar with JetifyTransform
Transforming android.jar with IdentityTransform
Transforming core-lambda-stubs.jar with IdentityTransform
Transforming jetified-viewbinding-8.6.0-api.jar with JetifyTransform
Transforming android.jar with IdentityTransform
Transforming android.jar with CopyTransform
Transforming R.jar with IdentityTransform
Transforming core-lambda-stubs.jar with IdentityTransform
Transforming core-lambda-stubs.jar with CopyTransform
Transforming R.jar with IdentityTransform
Transforming R.jar with CopyTransform
Transforming android.jar with AggregatedPackagesTransform
Transforming core-lambda-stubs.jar with AggregatedPackagesTransform
Transforming jetified-hilt-navigation-compose-1.1.0-api.jar with JetifyTransform
Transforming jetified-hilt-navigation-1.1.0-api.jar with JetifyTransform
Transforming R.jar with AggregatedPackagesTransform
Transforming navigation-common-2.7.6-api.jar with JetifyTransform
Transforming jetified-hilt-navigation-compose-1.1.0-api.jar with IdentityTransform
Transforming jetified-hilt-navigation-1.1.0-api.jar with IdentityTransform
Transforming jetified-viewbinding-8.6.0-api.jar with IdentityTransform
Transforming jetified-hilt-navigation-compose-1.1.0-api.jar with IdentityTransform
Transforming jetified-hilt-navigation-compose-1.1.0-api.jar with CopyTransform
Transforming jetified-hilt-navigation-1.1.0-api.jar with IdentityTransform
Transforming jetified-hilt-navigation-1.1.0-api.jar with CopyTransform
Transforming jetified-viewbinding-8.6.0-api.jar with IdentityTransform
Transforming jetified-viewbinding-8.6.0-api.jar with CopyTransform
Transforming jetified-hilt-navigation-1.1.0-api.jar with AggregatedPackagesTransform
Transforming jetified-hilt-navigation-compose-1.1.0-api.jar with AggregatedPackagesTransform
Transforming jetified-viewbinding-8.6.0-api.jar with AggregatedPackagesTransform
Transforming navigation-runtime-2.7.6-api.jar with JetifyTransform
Transforming navigation-common-2.7.6-api.jar with IdentityTransform
Transforming navigation-common-ktx-2.7.6-api.jar with JetifyTransform
Transforming navigation-common-2.7.6-api.jar with IdentityTransform
Transforming navigation-runtime-2.7.6-api.jar with IdentityTransform
Transforming navigation-common-2.7.6-api.jar with CopyTransform
Transforming navigation-fragment-2.7.6-api.jar with JetifyTransform
Transforming navigation-runtime-2.7.6-api.jar with IdentityTransform
Transforming navigation-common-2.7.6-api.jar with AggregatedPackagesTransform
Transforming navigation-runtime-2.7.6-api.jar with CopyTransform
Transforming navigation-common-ktx-2.7.6-api.jar with IdentityTransform
Transforming navigation-runtime-2.7.6-api.jar with AggregatedPackagesTransform
Transforming navigation-common-ktx-2.7.6-api.jar with IdentityTransform
Transforming navigation-common-ktx-2.7.6-api.jar with CopyTransform
Transforming navigation-common-ktx-2.7.6-api.jar with AggregatedPackagesTransform
Transforming navigation-fragment-2.7.6-api.jar with IdentityTransform
Transforming navigation-runtime-ktx-2.7.6-api.jar with JetifyTransform
Transforming navigation-fragment-2.7.6-api.jar with IdentityTransform
Transforming navigation-fragment-2.7.6-api.jar with CopyTransform
Transforming navigation-fragment-ktx-2.7.6-api.jar with JetifyTransform
Transforming navigation-runtime-ktx-2.7.6-api.jar with IdentityTransform
Transforming navigation-fragment-ktx-2.7.6-api.jar with IdentityTransform
Transforming jetified-navigation-compose-2.7.6-api.jar with JetifyTransform
Transforming navigation-fragment-ktx-2.7.6-api.jar with IdentityTransform
Transforming navigation-fragment-2.7.6-api.jar with AggregatedPackagesTransform
Transforming navigation-fragment-ktx-2.7.6-api.jar with CopyTransform
Transforming navigation-runtime-ktx-2.7.6-api.jar with IdentityTransform
Transforming navigation-runtime-ktx-2.7.6-api.jar with CopyTransform
Transforming navigation-fragment-ktx-2.7.6-api.jar with AggregatedPackagesTransform
Transforming navigation-runtime-ktx-2.7.6-api.jar with AggregatedPackagesTransform
Transforming navigation-ui-ktx-2.7.6-api.jar with JetifyTransform
Transforming jetified-navigation-compose-2.7.6-api.jar with IdentityTransform
Transforming jetified-navigation-compose-2.7.6-api.jar with IdentityTransform
Transforming jetified-navigation-compose-2.7.6-api.jar with CopyTransform
Transforming navigation-ui-2.7.6-api.jar with JetifyTransform
Transforming navigation-ui-ktx-2.7.6-api.jar with IdentityTransform
Transforming jetified-navigation-compose-2.7.6-api.jar with AggregatedPackagesTransform
Transforming material-1.11.0-api.jar with JetifyTransform
Transforming navigation-ui-ktx-2.7.6-api.jar with IdentityTransform
Transforming navigation-ui-ktx-2.7.6-api.jar with CopyTransform
Transforming navigation-ui-2.7.6-api.jar with IdentityTransform
Transforming navigation-ui-ktx-2.7.6-api.jar with AggregatedPackagesTransform
Transforming navigation-ui-2.7.6-api.jar with IdentityTransform
Transforming navigation-ui-2.7.6-api.jar with CopyTransform
Transforming navigation-ui-2.7.6-api.jar with AggregatedPackagesTransform
Transforming jetified-play-services-mlkit-barcode-scanning-18.3.1-api.jar with JetifyTransform
Transforming jetified-barcode-scanning-common-17.0.0-api.jar with JetifyTransform
Transforming material-1.11.0-api.jar with IdentityTransform
Transforming jetified-play-services-mlkit-barcode-scanning-18.3.1-api.jar with IdentityTransform
Transforming material-1.11.0-api.jar with IdentityTransform
Transforming material-1.11.0-api.jar with CopyTransform
Transforming jetified-play-services-mlkit-barcode-scanning-18.3.1-api.jar with IdentityTransform
Transforming jetified-play-services-mlkit-barcode-scanning-18.3.1-api.jar with CopyTransform
Transforming material-1.11.0-api.jar with AggregatedPackagesTransform
Transforming jetified-play-services-mlkit-barcode-scanning-18.3.1-api.jar with AggregatedPackagesTransform
Transforming jetified-barcode-scanning-common-17.0.0-api.jar with IdentityTransform
Transforming jetified-vision-common-17.3.0-api.jar with JetifyTransform
Transforming jetified-barcode-scanning-common-17.0.0-api.jar with IdentityTransform
Transforming jetified-barcode-scanning-common-17.0.0-api.jar with CopyTransform
Transforming jetified-vision-common-17.3.0-api.jar with IdentityTransform
Transforming jetified-barcode-scanning-common-17.0.0-api.jar with AggregatedPackagesTransform
Transforming jetified-vision-common-17.3.0-api.jar with IdentityTransform
Transforming jetified-vision-common-17.3.0-api.jar with CopyTransform
Transforming jetified-common-18.11.0-api.jar with JetifyTransform
Transforming appcompat-1.6.1-api.jar with JetifyTransform
Transforming jetified-vision-common-17.3.0-api.jar with AggregatedPackagesTransform
Transforming jetified-common-18.11.0-api.jar with IdentityTransform
Transforming appcompat-1.6.1-api.jar with IdentityTransform
Transforming jetified-hilt-android-2.48-api.jar with JetifyTransform
Transforming jetified-common-18.11.0-api.jar with IdentityTransform
Transforming jetified-common-18.11.0-api.jar with CopyTransform
Transforming appcompat-1.6.1-api.jar with IdentityTransform
Transforming appcompat-1.6.1-api.jar with CopyTransform
Transforming biometric-1.1.0-api.jar with JetifyTransform
Transforming jetified-common-18.11.0-api.jar with AggregatedPackagesTransform
Transforming appcompat-1.6.1-api.jar with AggregatedPackagesTransform
Transforming jetified-firebase-auth-22.3.1-api.jar with JetifyTransform
Transforming jetified-play-services-auth-21.0.0-api.jar with JetifyTransform
Transforming jetified-viewpager2-1.0.0-api.jar with JetifyTransform
Transforming jetified-play-services-auth-api-phone-18.0.2-api.jar with JetifyTransform
Transforming jetified-firebase-appcheck-interop-17.0.0-api.jar with JetifyTransform
Transforming jetified-play-services-auth-base-18.0.10-api.jar with JetifyTransform
Transforming jetified-play-services-fido-20.0.1-api.jar with JetifyTransform
Transforming jetified-play-services-base-18.5.0-api.jar with JetifyTransform
Transforming jetified-vision-interfaces-16.3.0-api.jar with JetifyTransform
Transforming jetified-firebase-common-ktx-20.4.2-api.jar with JetifyTransform
Transforming jetified-firebase-auth-interop-20.0.0-api.jar with JetifyTransform
Transforming jetified-firebase-common-20.4.2-api.jar with JetifyTransform
Transforming jetified-recaptcha-18.4.0-api.jar with JetifyTransform
Transforming jetified-integrity-1.2.0-api.jar with JetifyTransform
Transforming room-common-2.6.1.jar with JetifyTransform
Transforming room-common-2.6.1.jar with IdentityTransform
Transforming room-common-2.6.1.jar with IdentityTransform
Transforming room-common-2.6.1.jar with CopyTransform
Transforming room-common-2.6.1.jar with AggregatedPackagesTransform
Transforming room-runtime-2.6.1-api.jar with JetifyTransform
Transforming jetified-room-ktx-2.6.1-api.jar with JetifyTransform
Transforming jetified-fragment-ktx-1.6.2-api.jar with JetifyTransform
Transforming jetified-activity-ktx-1.8.2-api.jar with JetifyTransform
Transforming jetified-activity-compose-1.8.2-api.jar with JetifyTransform
Transforming jetified-activity-1.8.2-api.jar with JetifyTransform
Transforming jetified-camera-video-1.3.1-api.jar with JetifyTransform
Transforming jetified-camera-view-1.3.1-api.jar with JetifyTransform
Transforming jetified-camera-lifecycle-1.3.1-api.jar with JetifyTransform
Transforming jetified-camera-camera2-1.3.1-api.jar with JetifyTransform
Transforming jetified-camera-core-1.3.1-api.jar with JetifyTransform
Transforming jetified-appcompat-resources-1.6.1-api.jar with JetifyTransform
Transforming drawerlayout-1.1.1-api.jar with JetifyTransform
Transforming coordinatorlayout-1.1.0-api.jar with JetifyTransform
Transforming dynamicanimation-1.0.0-api.jar with JetifyTransform
Transforming recyclerview-1.1.0-api.jar with JetifyTransform
Transforming transition-1.4.1-api.jar with JetifyTransform
Transforming vectordrawable-animated-1.1.0-api.jar with JetifyTransform
Transforming vectordrawable-1.1.0-api.jar with JetifyTransform
Transforming browser-1.4.0-api.jar with JetifyTransform
Transforming legacy-support-core-utils-1.0.0-api.jar with JetifyTransform
Transforming loader-1.1.0-api.jar with JetifyTransform
Transforming viewpager-1.0.0-api.jar with JetifyTransform
Transforming slidingpanelayout-1.2.0-api.jar with JetifyTransform
Transforming customview-1.1.0-api.jar with JetifyTransform
Transforming core-1.12.0-api.jar with JetifyTransform
Transforming lifecycle-common-java8-2.7.0.jar with JetifyTransform
Transforming lifecycle-common-java8-2.7.0.jar with IdentityTransform
Transforming lifecycle-common-java8-2.7.0.jar with IdentityTransform
Transforming lifecycle-common-java8-2.7.0.jar with CopyTransform
Transforming lifecycle-common-java8-2.7.0.jar with AggregatedPackagesTransform
Transforming lifecycle-livedata-core-2.7.0-api.jar with JetifyTransform
Transforming jetified-lifecycle-livedata-core-ktx-2.7.0-api.jar with JetifyTransform
Transforming lifecycle-livedata-2.7.0-api.jar with JetifyTransform
Transforming lifecycle-common-2.7.0.jar with JetifyTransform
Transforming lifecycle-common-2.7.0.jar with IdentityTransform
Transforming lifecycle-common-2.7.0.jar with IdentityTransform
Transforming lifecycle-common-2.7.0.jar with CopyTransform
Transforming lifecycle-common-2.7.0.jar with AggregatedPackagesTransform
Transforming jetified-lifecycle-runtime-ktx-2.7.0-api.jar with JetifyTransform
Transforming jetified-lifecycle-viewmodel-compose-2.7.0-api.jar with JetifyTransform
Transforming jetified-lifecycle-viewmodel-savedstate-2.7.0-api.jar with JetifyTransform
Transforming lifecycle-viewmodel-2.7.0-api.jar with JetifyTransform
Transforming jetified-coil-compose-2.5.0-api.jar with JetifyTransform
Transforming jetified-coil-compose-base-2.5.0-api.jar with JetifyTransform
Transforming jetified-coil-2.5.0-api.jar with JetifyTransform
Transforming jetified-coil-base-2.5.0-api.jar with JetifyTransform
Transforming lifecycle-runtime-2.7.0-api.jar with JetifyTransform
Transforming jetified-lifecycle-livedata-ktx-2.7.0-api.jar with JetifyTransform
Transforming jetified-lifecycle-runtime-compose-2.7.0-api.jar with JetifyTransform
Transforming jetified-lifecycle-viewmodel-ktx-2.7.0-api.jar with JetifyTransform
Transforming jetified-material3-release-api.jar with JetifyTransform
Transforming jetified-foundation-layout-release-api.jar with JetifyTransform
Transforming jetified-material-icons-core-release-api.jar with JetifyTransform
Transforming jetified-material-icons-extended-release-api.jar with JetifyTransform
Transforming jetified-material-ripple-release-api.jar with JetifyTransform
Transforming jetified-foundation-release-api.jar with JetifyTransform
Transforming jetified-animation-core-release-api.jar with JetifyTransform
Transforming jetified-animation-release-api.jar with JetifyTransform
Transforming jetified-ui-util-release-api.jar with JetifyTransform
Transforming jetified-ui-unit-release-api.jar with JetifyTransform
Transforming jetified-ui-text-release-api.jar with JetifyTransform
Transforming jetified-ui-geometry-release-api.jar with JetifyTransform
Transforming jetified-ui-tooling-data-release-api.jar with JetifyTransform
Transforming jetified-ui-tooling-preview-release-api.jar with JetifyTransform
Transforming jetified-ui-graphics-release-api.jar with JetifyTransform
Transforming jetified-ui-release-api.jar with JetifyTransform
Transforming jetified-ui-tooling-release-api.jar with JetifyTransform
Transforming jetified-runtime-saveable-release-api.jar with JetifyTransform
Transforming jetified-runtime-release-api.jar with JetifyTransform
Transforming jetified-kotlinx-coroutines-android-1.7.3.jar with JetifyTransform
Transforming jetified-kotlinx-coroutines-core-jvm-1.7.3.jar with JetifyTransform
Transforming jetified-kotlinx-coroutines-play-services-1.7.3.jar with JetifyTransform
Transforming jetified-play-services-tasks-18.2.0-api.jar with JetifyTransform
Transforming jetified-play-services-basement-18.4.0-api.jar with JetifyTransform
Transforming fragment-1.6.2-api.jar with JetifyTransform
Transforming jetified-core-ktx-1.12.0-api.jar with JetifyTransform
Transforming jetified-core-splashscreen-1.0.1-api.jar with JetifyTransform
Transforming jetified-googleid-1.1.0-api.jar with JetifyTransform
Transforming jetified-savedstate-ktx-1.2.1-api.jar with JetifyTransform
Transforming jetified-savedstate-1.2.1-api.jar with JetifyTransform
Transforming jetified-annotation-experimental-1.4.0-api.jar with JetifyTransform
Transforming jetified-okhttp-4.12.0.jar with JetifyTransform
Transforming jetified-okio-jvm-3.6.0.jar with JetifyTransform
Transforming jetified-kotlin-stdlib-jdk8-1.9.10.jar with JetifyTransform
Transforming jetified-credentials-1.0.0-alpha04-api.jar with JetifyTransform
Transforming cursoradapter-1.0.0-api.jar with JetifyTransform
Transforming cardview-1.0.0-api.jar with JetifyTransform
Transforming sqlite-framework-2.4.0-api.jar with JetifyTransform
Transforming sqlite-2.4.0-api.jar with JetifyTransform
Transforming jetified-transport-backend-cct-2.3.3-api.jar with JetifyTransform
Transforming jetified-transport-runtime-2.2.6-api.jar with JetifyTransform
Transforming jetified-transport-api-2.2.1-api.jar with JetifyTransform
Transforming jetified-firebase-components-17.1.5-api.jar with JetifyTransform
Transforming jetified-firebase-encoders-json-17.1.0-api.jar with JetifyTransform
Transforming jetified-firebase-encoders-17.0.0.jar with JetifyTransform
Transforming localbroadcastmanager-1.0.0-api.jar with JetifyTransform
Transforming versionedparcelable-1.1.1-api.jar with JetifyTransform
Transforming core-runtime-2.2.0-api.jar with JetifyTransform
Transforming core-common-2.2.0.jar with JetifyTransform
Transforming core-common-2.2.0.jar with IdentityTransform
Transforming core-common-2.2.0.jar with IdentityTransform
Transforming core-common-2.2.0.jar with CopyTransform
Transforming core-common-2.2.0.jar with AggregatedPackagesTransform
Transforming jetified-concurrent-futures-1.1.0.jar with JetifyTransform
Transforming jetified-collection-ktx-1.4.0.jar with JetifyTransform
Transforming jetified-collection-jvm-1.4.0.jar with JetifyTransform
Transforming interpolator-1.0.0-api.jar with JetifyTransform
Transforming documentfile-1.0.0-api.jar with JetifyTransform
Transforming print-1.0.0-api.jar with JetifyTransform
Transforming jetified-annotation-jvm-1.7.0.jar with JetifyTransform
Transforming jetified-kotlin-stdlib-jdk7-1.9.10.jar with JetifyTransform
Transforming jetified-kotlin-stdlib-2.0.21.jar with JetifyTransform
Transforming constraintlayout-2.1.4-api.jar with JetifyTransform
Transforming jetified-MPAndroidChart-3.1.0-api.jar with JetifyTransform
Transforming jetified-layout-7.2.5.jar with JetifyTransform
Transforming jetified-kernel-7.2.5.jar with JetifyTransform
Transforming jetified-io-7.2.5.jar with JetifyTransform
Transforming jetified-core-3.5.3.jar with JetifyTransform
Transforming jetified-poi-ooxml-5.2.5.jar with JetifyTransform
Transforming jetified-poi-5.2.5.jar with JetifyTransform
Transforming jetified-jakarta.mail-2.0.1.jar with JetifyTransform
Transforming jetified-annotations-23.0.0.jar with JetifyTransform
Transforming jetified-listenablefuture-1.0.jar with JetifyTransform
Transforming jetified-resourceinspection-annotation-1.0.1.jar with JetifyTransform
Transforming jetified-error_prone_annotations-2.15.0.jar with JetifyTransform
Transforming jetified-hilt-core-2.48.jar with JetifyTransform
Transforming jetified-dagger-2.48.jar with JetifyTransform
Transforming jetified-firebase-annotations-16.2.0.jar with JetifyTransform
Transforming jetified-javax.inject-1.jar with JetifyTransform
Transforming jetified-dagger-lint-aar-2.48-api.jar with JetifyTransform
Transforming jetified-jsr305-3.0.2.jar with JetifyTransform
Transforming exifinterface-1.3.6-api.jar with JetifyTransform
Transforming jetified-commons-7.2.5.jar with JetifyTransform
Transforming jetified-slf4j-api-1.7.36.jar with JetifyTransform
Transforming jetified-bcpkix-jdk15on-1.70.jar with JetifyTransform
Transforming jetified-bcutil-jdk15on-1.70.jar with JetifyTransform
Transforming jetified-bcprov-jdk15on-1.70.jar with JetifyTransform
Transforming jetified-image-1.0.0-beta1-api.jar with JetifyTransform
Transforming jetified-commons-codec-1.16.0.jar with JetifyTransform
Transforming jetified-commons-collections4-4.4.jar with JetifyTransform
Transforming jetified-commons-math3-3.6.1.jar with JetifyTransform
Transforming jetified-commons-io-2.15.0.jar with JetifyTransform
Transforming jetified-SparseBitSet-1.3.jar with JetifyTransform
Transforming jetified-poi-ooxml-lite-5.2.5.jar with JetifyTransform
Transforming jetified-xmlbeans-5.2.0.jar with JetifyTransform
Transforming jetified-log4j-api-2.21.1.jar with JetifyTransform
Transforming jetified-commons-compress-1.25.0.jar with JetifyTransform
Transforming jetified-curvesapi-1.08.jar with JetifyTransform
Transforming jetified-jakarta.activation-2.0.1.jar with JetifyTransform
Transforming debug with CopyTransform
Transforming debug with CopyTransform
Transforming classes with CopyTransform
Transforming jetified-hilt-android-2.48-api.jar with IdentityTransform
Transforming biometric-1.1.0-api.jar with IdentityTransform
Transforming jetified-firebase-auth-22.3.1-api.jar with IdentityTransform
Transforming jetified-hilt-android-2.48-api.jar with IdentityTransform
Transforming jetified-play-services-auth-21.0.0-api.jar with IdentityTransform
Transforming jetified-hilt-android-2.48-api.jar with CopyTransform
Transforming jetified-firebase-auth-22.3.1-api.jar with IdentityTransform
Transforming biometric-1.1.0-api.jar with IdentityTransform
Transforming jetified-firebase-auth-22.3.1-api.jar with CopyTransform
Transforming biometric-1.1.0-api.jar with CopyTransform
Transforming jetified-play-services-auth-21.0.0-api.jar with IdentityTransform
Transforming jetified-play-services-auth-21.0.0-api.jar with CopyTransform
Transforming jetified-hilt-android-2.48-api.jar with AggregatedPackagesTransform
Transforming jetified-play-services-auth-21.0.0-api.jar with AggregatedPackagesTransform
Transforming jetified-viewpager2-1.0.0-api.jar with IdentityTransform
Transforming jetified-firebase-auth-22.3.1-api.jar with AggregatedPackagesTransform
Transforming jetified-viewpager2-1.0.0-api.jar with IdentityTransform
Transforming biometric-1.1.0-api.jar with AggregatedPackagesTransform
Transforming jetified-viewpager2-1.0.0-api.jar with CopyTransform
Transforming jetified-play-services-auth-api-phone-18.0.2-api.jar with IdentityTransform
Transforming jetified-viewpager2-1.0.0-api.jar with AggregatedPackagesTransform
Transforming jetified-play-services-auth-api-phone-18.0.2-api.jar with IdentityTransform
Transforming jetified-play-services-auth-api-phone-18.0.2-api.jar with CopyTransform
Transforming jetified-firebase-appcheck-interop-17.0.0-api.jar with IdentityTransform
Transforming jetified-play-services-auth-base-18.0.10-api.jar with IdentityTransform
Transforming jetified-play-services-auth-api-phone-18.0.2-api.jar with AggregatedPackagesTransform
Transforming jetified-play-services-auth-base-18.0.10-api.jar with IdentityTransform
Transforming jetified-firebase-appcheck-interop-17.0.0-api.jar with IdentityTransform
Transforming jetified-play-services-auth-base-18.0.10-api.jar with CopyTransform
Transforming jetified-firebase-appcheck-interop-17.0.0-api.jar with CopyTransform
Transforming jetified-play-services-fido-20.0.1-api.jar with IdentityTransform
Transforming jetified-play-services-auth-base-18.0.10-api.jar with AggregatedPackagesTransform
Transforming jetified-firebase-appcheck-interop-17.0.0-api.jar with AggregatedPackagesTransform
Transforming jetified-play-services-fido-20.0.1-api.jar with IdentityTransform
Transforming jetified-play-services-fido-20.0.1-api.jar with CopyTransform
Transforming jetified-play-services-fido-20.0.1-api.jar with AggregatedPackagesTransform
Transforming jetified-play-services-base-18.5.0-api.jar with IdentityTransform
Transforming jetified-vision-interfaces-16.3.0-api.jar with IdentityTransform
Transforming jetified-play-services-base-18.5.0-api.jar with IdentityTransform
Transforming jetified-play-services-base-18.5.0-api.jar with CopyTransform
Transforming jetified-firebase-common-ktx-20.4.2-api.jar with IdentityTransform
Transforming jetified-firebase-auth-interop-20.0.0-api.jar with IdentityTransform
Transforming jetified-play-services-base-18.5.0-api.jar with AggregatedPackagesTransform
Transforming jetified-vision-interfaces-16.3.0-api.jar with IdentityTransform
Transforming jetified-vision-interfaces-16.3.0-api.jar with CopyTransform
Transforming jetified-firebase-common-ktx-20.4.2-api.jar with IdentityTransform
Transforming jetified-firebase-common-ktx-20.4.2-api.jar with CopyTransform
Transforming jetified-firebase-auth-interop-20.0.0-api.jar with IdentityTransform
Transforming jetified-firebase-auth-interop-20.0.0-api.jar with CopyTransform
Transforming jetified-vision-interfaces-16.3.0-api.jar with AggregatedPackagesTransform
Transforming jetified-firebase-common-ktx-20.4.2-api.jar with AggregatedPackagesTransform
Transforming jetified-firebase-auth-interop-20.0.0-api.jar with AggregatedPackagesTransform
Transforming jetified-firebase-common-20.4.2-api.jar with IdentityTransform
Transforming jetified-recaptcha-18.4.0-api.jar with IdentityTransform
Transforming jetified-firebase-common-20.4.2-api.jar with IdentityTransform
Transforming jetified-firebase-common-20.4.2-api.jar with CopyTransform
Transforming jetified-integrity-1.2.0-api.jar with IdentityTransform
Transforming jetified-recaptcha-18.4.0-api.jar with IdentityTransform
Transforming jetified-recaptcha-18.4.0-api.jar with CopyTransform
Transforming room-runtime-2.6.1-api.jar with IdentityTransform
Transforming jetified-firebase-common-20.4.2-api.jar with AggregatedPackagesTransform
Transforming jetified-recaptcha-18.4.0-api.jar with AggregatedPackagesTransform
Transforming room-runtime-2.6.1-api.jar with IdentityTransform
Transforming room-runtime-2.6.1-api.jar with CopyTransform
Transforming jetified-integrity-1.2.0-api.jar with IdentityTransform
Transforming jetified-integrity-1.2.0-api.jar with CopyTransform
Transforming room-runtime-2.6.1-api.jar with AggregatedPackagesTransform
Transforming jetified-integrity-1.2.0-api.jar with AggregatedPackagesTransform
Transforming jetified-room-ktx-2.6.1-api.jar with IdentityTransform
Transforming jetified-room-ktx-2.6.1-api.jar with IdentityTransform
Transforming jetified-room-ktx-2.6.1-api.jar with CopyTransform
Transforming jetified-fragment-ktx-1.6.2-api.jar with IdentityTransform
Transforming jetified-activity-ktx-1.8.2-api.jar with IdentityTransform
Transforming jetified-room-ktx-2.6.1-api.jar with AggregatedPackagesTransform
Transforming jetified-activity-compose-1.8.2-api.jar with IdentityTransform
Transforming jetified-activity-ktx-1.8.2-api.jar with IdentityTransform
Transforming jetified-activity-ktx-1.8.2-api.jar with CopyTransform
Transforming jetified-fragment-ktx-1.6.2-api.jar with IdentityTransform
Transforming jetified-fragment-ktx-1.6.2-api.jar with CopyTransform
Transforming jetified-activity-compose-1.8.2-api.jar with IdentityTransform
Transforming jetified-activity-compose-1.8.2-api.jar with CopyTransform
Transforming jetified-fragment-ktx-1.6.2-api.jar with AggregatedPackagesTransform
Transforming jetified-activity-ktx-1.8.2-api.jar with AggregatedPackagesTransform
Transforming jetified-activity-compose-1.8.2-api.jar with AggregatedPackagesTransform
Transforming jetified-activity-1.8.2-api.jar with IdentityTransform
Transforming jetified-activity-1.8.2-api.jar with IdentityTransform
Transforming jetified-camera-video-1.3.1-api.jar with IdentityTransform
Transforming jetified-activity-1.8.2-api.jar with CopyTransform
Transforming jetified-camera-view-1.3.1-api.jar with IdentityTransform
Transforming jetified-camera-video-1.3.1-api.jar with IdentityTransform
Transforming jetified-camera-video-1.3.1-api.jar with CopyTransform
Transforming jetified-activity-1.8.2-api.jar with AggregatedPackagesTransform
Transforming jetified-camera-lifecycle-1.3.1-api.jar with IdentityTransform
Transforming jetified-camera-view-1.3.1-api.jar with IdentityTransform
Transforming jetified-camera-view-1.3.1-api.jar with CopyTransform
Transforming jetified-camera-video-1.3.1-api.jar with AggregatedPackagesTransform
Transforming jetified-camera-lifecycle-1.3.1-api.jar with IdentityTransform
Transforming jetified-camera-lifecycle-1.3.1-api.jar with CopyTransform
Transforming jetified-camera-view-1.3.1-api.jar with AggregatedPackagesTransform
Transforming jetified-camera-lifecycle-1.3.1-api.jar with AggregatedPackagesTransform
Transforming jetified-camera-camera2-1.3.1-api.jar with IdentityTransform
Transforming jetified-camera-core-1.3.1-api.jar with IdentityTransform
Transforming jetified-camera-camera2-1.3.1-api.jar with IdentityTransform
Transforming jetified-appcompat-resources-1.6.1-api.jar with IdentityTransform
Transforming jetified-camera-camera2-1.3.1-api.jar with CopyTransform
Transforming jetified-camera-core-1.3.1-api.jar with IdentityTransform
Transforming jetified-camera-core-1.3.1-api.jar with CopyTransform
Transforming jetified-appcompat-resources-1.6.1-api.jar with IdentityTransform
Transforming jetified-appcompat-resources-1.6.1-api.jar with CopyTransform
Transforming drawerlayout-1.1.1-api.jar with IdentityTransform
Transforming jetified-camera-camera2-1.3.1-api.jar with AggregatedPackagesTransform
Transforming jetified-appcompat-resources-1.6.1-api.jar with AggregatedPackagesTransform
Transforming jetified-camera-core-1.3.1-api.jar with AggregatedPackagesTransform
Transforming drawerlayout-1.1.1-api.jar with IdentityTransform
Transforming drawerlayout-1.1.1-api.jar with CopyTransform
Transforming drawerlayout-1.1.1-api.jar with AggregatedPackagesTransform
Transforming coordinatorlayout-1.1.0-api.jar with IdentityTransform
Transforming dynamicanimation-1.0.0-api.jar with IdentityTransform
Transforming recyclerview-1.1.0-api.jar with IdentityTransform
Transforming coordinatorlayout-1.1.0-api.jar with IdentityTransform
Transforming coordinatorlayout-1.1.0-api.jar with CopyTransform
Transforming transition-1.4.1-api.jar with IdentityTransform
Transforming recyclerview-1.1.0-api.jar with IdentityTransform
Transforming recyclerview-1.1.0-api.jar with CopyTransform
Transforming coordinatorlayout-1.1.0-api.jar with AggregatedPackagesTransform
Transforming recyclerview-1.1.0-api.jar with AggregatedPackagesTransform
Transforming dynamicanimation-1.0.0-api.jar with IdentityTransform
Transforming dynamicanimation-1.0.0-api.jar with CopyTransform
Transforming dynamicanimation-1.0.0-api.jar with AggregatedPackagesTransform
Transforming vectordrawable-1.1.0-api.jar with IdentityTransform
Transforming vectordrawable-animated-1.1.0-api.jar with IdentityTransform
Transforming browser-1.4.0-api.jar with IdentityTransform
Transforming vectordrawable-1.1.0-api.jar with IdentityTransform
Transforming vectordrawable-1.1.0-api.jar with CopyTransform
Transforming vectordrawable-animated-1.1.0-api.jar with IdentityTransform
Transforming vectordrawable-animated-1.1.0-api.jar with CopyTransform
Transforming browser-1.4.0-api.jar with IdentityTransform
Transforming vectordrawable-1.1.0-api.jar with AggregatedPackagesTransform
Transforming browser-1.4.0-api.jar with CopyTransform
Transforming vectordrawable-animated-1.1.0-api.jar with AggregatedPackagesTransform
Transforming browser-1.4.0-api.jar with AggregatedPackagesTransform
Transforming legacy-support-core-utils-1.0.0-api.jar with IdentityTransform
Transforming loader-1.1.0-api.jar with IdentityTransform
Transforming loader-1.1.0-api.jar with IdentityTransform
Transforming loader-1.1.0-api.jar with CopyTransform
Transforming legacy-support-core-utils-1.0.0-api.jar with IdentityTransform
Transforming legacy-support-core-utils-1.0.0-api.jar with CopyTransform
Transforming loader-1.1.0-api.jar with AggregatedPackagesTransform
Transforming legacy-support-core-utils-1.0.0-api.jar with AggregatedPackagesTransform
Transforming transition-1.4.1-api.jar with IdentityTransform
Transforming transition-1.4.1-api.jar with CopyTransform
Transforming slidingpanelayout-1.2.0-api.jar with IdentityTransform
Transforming transition-1.4.1-api.jar with AggregatedPackagesTransform
Transforming customview-1.1.0-api.jar with IdentityTransform
Transforming viewpager-1.0.0-api.jar with IdentityTransform
Transforming slidingpanelayout-1.2.0-api.jar with IdentityTransform
Transforming slidingpanelayout-1.2.0-api.jar with CopyTransform
Transforming customview-1.1.0-api.jar with IdentityTransform
Transforming customview-1.1.0-api.jar with CopyTransform
Transforming slidingpanelayout-1.2.0-api.jar with AggregatedPackagesTransform
Transforming viewpager-1.0.0-api.jar with IdentityTransform
Transforming viewpager-1.0.0-api.jar with CopyTransform
Transforming customview-1.1.0-api.jar with AggregatedPackagesTransform
Transforming core-1.12.0-api.jar with IdentityTransform
Transforming viewpager-1.0.0-api.jar with AggregatedPackagesTransform
Transforming core-1.12.0-api.jar with IdentityTransform
Transforming core-1.12.0-api.jar with CopyTransform
Transforming lifecycle-livedata-core-2.7.0-api.jar with IdentityTransform
Transforming core-1.12.0-api.jar with AggregatedPackagesTransform
Transforming lifecycle-livedata-core-2.7.0-api.jar with IdentityTransform
Transforming lifecycle-livedata-core-2.7.0-api.jar with CopyTransform
Transforming jetified-lifecycle-livedata-core-ktx-2.7.0-api.jar with IdentityTransform
Transforming lifecycle-livedata-2.7.0-api.jar with IdentityTransform
Transforming lifecycle-livedata-core-2.7.0-api.jar with AggregatedPackagesTransform
Transforming jetified-lifecycle-livedata-core-ktx-2.7.0-api.jar with IdentityTransform
Transforming jetified-lifecycle-livedata-core-ktx-2.7.0-api.jar with CopyTransform
Transforming lifecycle-livedata-2.7.0-api.jar with IdentityTransform
Transforming lifecycle-livedata-2.7.0-api.jar with CopyTransform
Transforming jetified-lifecycle-runtime-ktx-2.7.0-api.jar with IdentityTransform
Transforming jetified-lifecycle-livedata-core-ktx-2.7.0-api.jar with AggregatedPackagesTransform
Transforming lifecycle-livedata-2.7.0-api.jar with AggregatedPackagesTransform
Transforming jetified-lifecycle-runtime-ktx-2.7.0-api.jar with IdentityTransform
Transforming jetified-lifecycle-viewmodel-compose-2.7.0-api.jar with IdentityTransform
Transforming jetified-lifecycle-runtime-ktx-2.7.0-api.jar with CopyTransform
Transforming jetified-lifecycle-runtime-ktx-2.7.0-api.jar with AggregatedPackagesTransform
Transforming jetified-lifecycle-viewmodel-compose-2.7.0-api.jar with IdentityTransform
Transforming jetified-lifecycle-viewmodel-compose-2.7.0-api.jar with CopyTransform
Transforming lifecycle-viewmodel-2.7.0-api.jar with IdentityTransform
Transforming jetified-lifecycle-viewmodel-savedstate-2.7.0-api.jar with IdentityTransform
Transforming jetified-lifecycle-viewmodel-compose-2.7.0-api.jar with AggregatedPackagesTransform
Transforming lifecycle-viewmodel-2.7.0-api.jar with IdentityTransform
Transforming lifecycle-viewmodel-2.7.0-api.jar with CopyTransform
Transforming jetified-lifecycle-viewmodel-savedstate-2.7.0-api.jar with IdentityTransform
Transforming jetified-lifecycle-viewmodel-savedstate-2.7.0-api.jar with CopyTransform
Transforming jetified-coil-compose-2.5.0-api.jar with IdentityTransform
Transforming lifecycle-viewmodel-2.7.0-api.jar with AggregatedPackagesTransform
Transforming jetified-lifecycle-viewmodel-savedstate-2.7.0-api.jar with AggregatedPackagesTransform
Transforming jetified-coil-compose-2.5.0-api.jar with IdentityTransform
Transforming jetified-coil-compose-2.5.0-api.jar with CopyTransform
Transforming jetified-coil-compose-base-2.5.0-api.jar with IdentityTransform
Transforming jetified-coil-compose-2.5.0-api.jar with AggregatedPackagesTransform
Transforming jetified-coil-compose-base-2.5.0-api.jar with IdentityTransform
Transforming jetified-coil-compose-base-2.5.0-api.jar with CopyTransform
Transforming jetified-coil-2.5.0-api.jar with IdentityTransform
Transforming jetified-coil-base-2.5.0-api.jar with IdentityTransform
Transforming jetified-coil-compose-base-2.5.0-api.jar with AggregatedPackagesTransform
Transforming jetified-coil-2.5.0-api.jar with IdentityTransform
Transforming jetified-coil-2.5.0-api.jar with CopyTransform
Transforming jetified-coil-base-2.5.0-api.jar with IdentityTransform
Transforming jetified-coil-base-2.5.0-api.jar with CopyTransform
Transforming lifecycle-runtime-2.7.0-api.jar with IdentityTransform
Transforming jetified-coil-2.5.0-api.jar with AggregatedPackagesTransform
Transforming jetified-coil-base-2.5.0-api.jar with AggregatedPackagesTransform
Transforming jetified-lifecycle-livedata-ktx-2.7.0-api.jar with IdentityTransform
Transforming lifecycle-runtime-2.7.0-api.jar with IdentityTransform
Transforming lifecycle-runtime-2.7.0-api.jar with CopyTransform
Transforming jetified-lifecycle-runtime-compose-2.7.0-api.jar with IdentityTransform
Transforming jetified-lifecycle-livedata-ktx-2.7.0-api.jar with IdentityTransform
Transforming jetified-lifecycle-livedata-ktx-2.7.0-api.jar with CopyTransform
Transforming lifecycle-runtime-2.7.0-api.jar with AggregatedPackagesTransform
Transforming jetified-lifecycle-runtime-compose-2.7.0-api.jar with IdentityTransform
Transforming jetified-lifecycle-viewmodel-ktx-2.7.0-api.jar with IdentityTransform
Transforming jetified-lifecycle-runtime-compose-2.7.0-api.jar with CopyTransform
Transforming jetified-lifecycle-livedata-ktx-2.7.0-api.jar with AggregatedPackagesTransform
Transforming jetified-lifecycle-viewmodel-ktx-2.7.0-api.jar with IdentityTransform
Transforming jetified-lifecycle-runtime-compose-2.7.0-api.jar with AggregatedPackagesTransform
Transforming jetified-lifecycle-viewmodel-ktx-2.7.0-api.jar with CopyTransform
Transforming jetified-material3-release-api.jar with IdentityTransform
Transforming jetified-lifecycle-viewmodel-ktx-2.7.0-api.jar with AggregatedPackagesTransform
Transforming jetified-material3-release-api.jar with IdentityTransform
Transforming jetified-material3-release-api.jar with CopyTransform
Transforming jetified-foundation-layout-release-api.jar with IdentityTransform
Transforming jetified-material3-release-api.jar with AggregatedPackagesTransform
Transforming jetified-material-icons-core-release-api.jar with IdentityTransform
Transforming jetified-material-icons-extended-release-api.jar with IdentityTransform
Transforming jetified-foundation-layout-release-api.jar with IdentityTransform
Transforming jetified-foundation-layout-release-api.jar with CopyTransform
Transforming jetified-material-icons-core-release-api.jar with IdentityTransform
Transforming jetified-material-icons-extended-release-api.jar with IdentityTransform
Transforming jetified-material-icons-core-release-api.jar with CopyTransform
Transforming jetified-material-icons-extended-release-api.jar with CopyTransform
Transforming jetified-foundation-layout-release-api.jar with AggregatedPackagesTransform
Transforming jetified-material-ripple-release-api.jar with IdentityTransform
Transforming jetified-material-icons-core-release-api.jar with AggregatedPackagesTransform
Transforming jetified-material-icons-extended-release-api.jar with AggregatedPackagesTransform
Transforming jetified-material-ripple-release-api.jar with IdentityTransform
Transforming jetified-material-ripple-release-api.jar with CopyTransform
Transforming jetified-material-ripple-release-api.jar with AggregatedPackagesTransform
Transforming jetified-foundation-release-api.jar with IdentityTransform
Transforming jetified-animation-core-release-api.jar with IdentityTransform
Transforming jetified-animation-release-api.jar with IdentityTransform
Transforming jetified-foundation-release-api.jar with IdentityTransform
Transforming jetified-foundation-release-api.jar with CopyTransform
Transforming jetified-animation-core-release-api.jar with IdentityTransform
Transforming jetified-animation-core-release-api.jar with CopyTransform
Transforming jetified-animation-release-api.jar with IdentityTransform
Transforming jetified-foundation-release-api.jar with AggregatedPackagesTransform
Transforming jetified-animation-release-api.jar with CopyTransform
Transforming jetified-ui-util-release-api.jar with IdentityTransform
Transforming jetified-animation-core-release-api.jar with AggregatedPackagesTransform
Transforming jetified-animation-release-api.jar with AggregatedPackagesTransform
Transforming jetified-ui-util-release-api.jar with IdentityTransform
Transforming jetified-ui-util-release-api.jar with CopyTransform
Transforming jetified-ui-unit-release-api.jar with IdentityTransform
Transforming jetified-ui-util-release-api.jar with AggregatedPackagesTransform
Transforming jetified-ui-text-release-api.jar with IdentityTransform
Transforming jetified-ui-unit-release-api.jar with IdentityTransform
Transforming jetified-ui-unit-release-api.jar with CopyTransform
Transforming jetified-ui-text-release-api.jar with IdentityTransform
Transforming jetified-ui-unit-release-api.jar with AggregatedPackagesTransform
Transforming jetified-ui-text-release-api.jar with CopyTransform
Transforming jetified-ui-geometry-release-api.jar with IdentityTransform
Transforming jetified-ui-geometry-release-api.jar with IdentityTransform
Transforming jetified-ui-geometry-release-api.jar with CopyTransform
Transforming jetified-ui-geometry-release-api.jar with AggregatedPackagesTransform
Transforming jetified-ui-tooling-data-release-api.jar with IdentityTransform
Transforming jetified-ui-tooling-data-release-api.jar with IdentityTransform
Transforming jetified-ui-text-release-api.jar with AggregatedPackagesTransform
Transforming jetified-ui-tooling-data-release-api.jar with CopyTransform
Transforming jetified-ui-tooling-data-release-api.jar with AggregatedPackagesTransform
Transforming jetified-ui-tooling-preview-release-api.jar with IdentityTransform
Transforming jetified-ui-graphics-release-api.jar with IdentityTransform
Transforming jetified-ui-tooling-release-api.jar with IdentityTransform
Transforming jetified-ui-tooling-preview-release-api.jar with IdentityTransform
Transforming jetified-ui-tooling-preview-release-api.jar with CopyTransform
Transforming jetified-ui-graphics-release-api.jar with IdentityTransform
Transforming jetified-ui-graphics-release-api.jar with CopyTransform
Transforming jetified-ui-tooling-preview-release-api.jar with AggregatedPackagesTransform
Transforming jetified-ui-graphics-release-api.jar with AggregatedPackagesTransform
Transforming jetified-ui-tooling-release-api.jar with IdentityTransform
Transforming jetified-ui-tooling-release-api.jar with CopyTransform
Transforming jetified-ui-release-api.jar with IdentityTransform
Transforming jetified-ui-tooling-release-api.jar with AggregatedPackagesTransform
Transforming jetified-runtime-saveable-release-api.jar with IdentityTransform
Transforming jetified-runtime-release-api.jar with IdentityTransform
Transforming jetified-ui-release-api.jar with IdentityTransform
Transforming jetified-ui-release-api.jar with CopyTransform
Transforming jetified-runtime-release-api.jar with IdentityTransform
Transforming jetified-runtime-release-api.jar with CopyTransform
Transforming jetified-runtime-saveable-release-api.jar with IdentityTransform
Transforming jetified-runtime-saveable-release-api.jar with CopyTransform
Transforming jetified-ui-release-api.jar with AggregatedPackagesTransform
Transforming jetified-runtime-release-api.jar with AggregatedPackagesTransform
Transforming jetified-kotlinx-coroutines-android-1.7.3.jar with IdentityTransform
Transforming jetified-runtime-saveable-release-api.jar with AggregatedPackagesTransform
Transforming jetified-kotlinx-coroutines-android-1.7.3.jar with IdentityTransform
Transforming jetified-kotlinx-coroutines-android-1.7.3.jar with CopyTransform
Transforming jetified-kotlinx-coroutines-core-jvm-1.7.3.jar with IdentityTransform
Transforming jetified-kotlinx-coroutines-play-services-1.7.3.jar with IdentityTransform
Transforming jetified-kotlinx-coroutines-android-1.7.3.jar with AggregatedPackagesTransform
Transforming jetified-kotlinx-coroutines-core-jvm-1.7.3.jar with IdentityTransform
Transforming jetified-kotlinx-coroutines-core-jvm-1.7.3.jar with CopyTransform
Transforming jetified-play-services-tasks-18.2.0-api.jar with IdentityTransform
Transforming jetified-kotlinx-coroutines-play-services-1.7.3.jar with IdentityTransform
Transforming jetified-kotlinx-coroutines-play-services-1.7.3.jar with CopyTransform
Transforming jetified-kotlinx-coroutines-core-jvm-1.7.3.jar with AggregatedPackagesTransform
Transforming jetified-play-services-tasks-18.2.0-api.jar with IdentityTransform
Transforming jetified-play-services-tasks-18.2.0-api.jar with CopyTransform
Transforming jetified-kotlinx-coroutines-play-services-1.7.3.jar with AggregatedPackagesTransform
Transforming jetified-play-services-basement-18.4.0-api.jar with IdentityTransform
Transforming jetified-play-services-tasks-18.2.0-api.jar with AggregatedPackagesTransform
Transforming fragment-1.6.2-api.jar with IdentityTransform
Transforming jetified-play-services-basement-18.4.0-api.jar with IdentityTransform
Transforming jetified-play-services-basement-18.4.0-api.jar with CopyTransform
Transforming fragment-1.6.2-api.jar with IdentityTransform
Transforming fragment-1.6.2-api.jar with CopyTransform
Transforming jetified-core-ktx-1.12.0-api.jar with IdentityTransform
Transforming jetified-play-services-basement-18.4.0-api.jar with AggregatedPackagesTransform
Transforming fragment-1.6.2-api.jar with AggregatedPackagesTransform
Transforming jetified-core-splashscreen-1.0.1-api.jar with IdentityTransform
Transforming jetified-core-ktx-1.12.0-api.jar with IdentityTransform
Transforming jetified-core-ktx-1.12.0-api.jar with CopyTransform
Transforming jetified-core-splashscreen-1.0.1-api.jar with IdentityTransform
Transforming jetified-core-splashscreen-1.0.1-api.jar with CopyTransform
Transforming jetified-core-ktx-1.12.0-api.jar with AggregatedPackagesTransform
Transforming jetified-core-splashscreen-1.0.1-api.jar with AggregatedPackagesTransform
Transforming jetified-googleid-1.1.0-api.jar with IdentityTransform
Transforming jetified-savedstate-ktx-1.2.1-api.jar with IdentityTransform
Transforming jetified-savedstate-1.2.1-api.jar with IdentityTransform
Transforming jetified-googleid-1.1.0-api.jar with IdentityTransform
Transforming jetified-googleid-1.1.0-api.jar with CopyTransform
Transforming jetified-savedstate-ktx-1.2.1-api.jar with IdentityTransform
Transforming jetified-savedstate-ktx-1.2.1-api.jar with CopyTransform
Transforming jetified-googleid-1.1.0-api.jar with AggregatedPackagesTransform
Transforming jetified-annotation-experimental-1.4.0-api.jar with IdentityTransform
Transforming jetified-savedstate-ktx-1.2.1-api.jar with AggregatedPackagesTransform
Transforming jetified-savedstate-1.2.1-api.jar with IdentityTransform
Transforming jetified-savedstate-1.2.1-api.jar with CopyTransform
Transforming jetified-annotation-experimental-1.4.0-api.jar with IdentityTransform
Transforming jetified-annotation-experimental-1.4.0-api.jar with CopyTransform
Transforming jetified-savedstate-1.2.1-api.jar with AggregatedPackagesTransform
Transforming jetified-okhttp-4.12.0.jar with IdentityTransform
Transforming jetified-okio-jvm-3.6.0.jar with IdentityTransform
Transforming jetified-okio-jvm-3.6.0.jar with IdentityTransform
Transforming jetified-annotation-experimental-1.4.0-api.jar with AggregatedPackagesTransform
Transforming jetified-okio-jvm-3.6.0.jar with CopyTransform
Transforming jetified-okhttp-4.12.0.jar with IdentityTransform
Transforming jetified-okhttp-4.12.0.jar with CopyTransform
Transforming jetified-kotlin-stdlib-jdk8-1.9.10.jar with IdentityTransform
Transforming jetified-okhttp-4.12.0.jar with AggregatedPackagesTransform
Transforming jetified-okio-jvm-3.6.0.jar with AggregatedPackagesTransform
Transforming jetified-credentials-1.0.0-alpha04-api.jar with IdentityTransform
Transforming jetified-kotlin-stdlib-jdk8-1.9.10.jar with IdentityTransform
Transforming jetified-kotlin-stdlib-jdk8-1.9.10.jar with CopyTransform
Transforming jetified-credentials-1.0.0-alpha04-api.jar with IdentityTransform
Transforming jetified-kotlin-stdlib-jdk8-1.9.10.jar with AggregatedPackagesTransform
Transforming jetified-credentials-1.0.0-alpha04-api.jar with CopyTransform
Transforming jetified-credentials-1.0.0-alpha04-api.jar with AggregatedPackagesTransform
Transforming cursoradapter-1.0.0-api.jar with IdentityTransform
Transforming cardview-1.0.0-api.jar with IdentityTransform
Transforming sqlite-framework-2.4.0-api.jar with IdentityTransform
Transforming cardview-1.0.0-api.jar with IdentityTransform
Transforming cardview-1.0.0-api.jar with CopyTransform
Transforming sqlite-2.4.0-api.jar with IdentityTransform
Transforming cardview-1.0.0-api.jar with AggregatedPackagesTransform
Transforming sqlite-framework-2.4.0-api.jar with IdentityTransform
Transforming sqlite-framework-2.4.0-api.jar with CopyTransform
Transforming sqlite-2.4.0-api.jar with IdentityTransform
Transforming sqlite-2.4.0-api.jar with CopyTransform
Transforming cursoradapter-1.0.0-api.jar with IdentityTransform
Transforming cursoradapter-1.0.0-api.jar with CopyTransform
Transforming sqlite-framework-2.4.0-api.jar with AggregatedPackagesTransform
Transforming cursoradapter-1.0.0-api.jar with AggregatedPackagesTransform
Transforming sqlite-2.4.0-api.jar with AggregatedPackagesTransform
Transforming jetified-transport-backend-cct-2.3.3-api.jar with IdentityTransform
Transforming jetified-transport-backend-cct-2.3.3-api.jar with IdentityTransform
Transforming jetified-transport-runtime-2.2.6-api.jar with IdentityTransform
Transforming jetified-transport-backend-cct-2.3.3-api.jar with CopyTransform
Transforming jetified-transport-api-2.2.1-api.jar with IdentityTransform
Transforming jetified-firebase-components-17.1.5-api.jar with IdentityTransform
Transforming jetified-transport-runtime-2.2.6-api.jar with IdentityTransform
Transforming jetified-transport-runtime-2.2.6-api.jar with CopyTransform
Transforming jetified-transport-backend-cct-2.3.3-api.jar with AggregatedPackagesTransform
Transforming jetified-firebase-components-17.1.5-api.jar with IdentityTransform
Transforming jetified-firebase-components-17.1.5-api.jar with CopyTransform
Transforming jetified-transport-api-2.2.1-api.jar with IdentityTransform
Transforming jetified-transport-api-2.2.1-api.jar with CopyTransform
Transforming jetified-firebase-components-17.1.5-api.jar with AggregatedPackagesTransform
Transforming jetified-transport-runtime-2.2.6-api.jar with AggregatedPackagesTransform
Transforming jetified-transport-api-2.2.1-api.jar with AggregatedPackagesTransform
Transforming jetified-firebase-encoders-json-17.1.0-api.jar with IdentityTransform
Transforming jetified-firebase-encoders-17.0.0.jar with IdentityTransform
Transforming versionedparcelable-1.1.1-api.jar with IdentityTransform
Transforming localbroadcastmanager-1.0.0-api.jar with IdentityTransform
Transforming versionedparcelable-1.1.1-api.jar with IdentityTransform
Transforming versionedparcelable-1.1.1-api.jar with CopyTransform
Transforming jetified-firebase-encoders-17.0.0.jar with IdentityTransform
Transforming jetified-firebase-encoders-17.0.0.jar with CopyTransform
Transforming localbroadcastmanager-1.0.0-api.jar with IdentityTransform
Transforming localbroadcastmanager-1.0.0-api.jar with CopyTransform
Transforming versionedparcelable-1.1.1-api.jar with AggregatedPackagesTransform
Transforming jetified-firebase-encoders-json-17.1.0-api.jar with IdentityTransform
Transforming jetified-firebase-encoders-17.0.0.jar with AggregatedPackagesTransform
Transforming localbroadcastmanager-1.0.0-api.jar with AggregatedPackagesTransform
Transforming core-runtime-2.2.0-api.jar with IdentityTransform
Transforming jetified-concurrent-futures-1.1.0.jar with IdentityTransform
Transforming core-runtime-2.2.0-api.jar with IdentityTransform
Transforming core-runtime-2.2.0-api.jar with CopyTransform
Transforming jetified-collection-ktx-1.4.0.jar with IdentityTransform
Transforming jetified-concurrent-futures-1.1.0.jar with IdentityTransform
Transforming jetified-concurrent-futures-1.1.0.jar with CopyTransform
Transforming core-runtime-2.2.0-api.jar with AggregatedPackagesTransform
Transforming jetified-collection-ktx-1.4.0.jar with IdentityTransform
Transforming jetified-collection-ktx-1.4.0.jar with CopyTransform
Transforming jetified-concurrent-futures-1.1.0.jar with AggregatedPackagesTransform
Transforming jetified-collection-ktx-1.4.0.jar with AggregatedPackagesTransform
Transforming jetified-collection-jvm-1.4.0.jar with IdentityTransform
Transforming interpolator-1.0.0-api.jar with IdentityTransform
Transforming documentfile-1.0.0-api.jar with IdentityTransform
Transforming interpolator-1.0.0-api.jar with IdentityTransform
Transforming interpolator-1.0.0-api.jar with CopyTransform
Transforming jetified-collection-jvm-1.4.0.jar with IdentityTransform
Transforming jetified-collection-jvm-1.4.0.jar with CopyTransform
Transforming jetified-firebase-encoders-json-17.1.0-api.jar with CopyTransform
Transforming interpolator-1.0.0-api.jar with AggregatedPackagesTransform
Transforming documentfile-1.0.0-api.jar with IdentityTransform
Transforming jetified-collection-jvm-1.4.0.jar with AggregatedPackagesTransform
Transforming documentfile-1.0.0-api.jar with CopyTransform
Transforming documentfile-1.0.0-api.jar with AggregatedPackagesTransform
Transforming print-1.0.0-api.jar with IdentityTransform
Transforming jetified-annotation-jvm-1.7.0.jar with IdentityTransform
Transforming print-1.0.0-api.jar with IdentityTransform
Transforming print-1.0.0-api.jar with CopyTransform
Transforming jetified-annotation-jvm-1.7.0.jar with IdentityTransform
Transforming jetified-annotation-jvm-1.7.0.jar with CopyTransform
Transforming jetified-kotlin-stdlib-jdk7-1.9.10.jar with IdentityTransform
Transforming print-1.0.0-api.jar with AggregatedPackagesTransform
Transforming jetified-kotlin-stdlib-jdk7-1.9.10.jar with IdentityTransform
Transforming jetified-annotation-jvm-1.7.0.jar with AggregatedPackagesTransform
Transforming jetified-kotlin-stdlib-jdk7-1.9.10.jar with CopyTransform
Transforming jetified-kotlin-stdlib-jdk7-1.9.10.jar with AggregatedPackagesTransform
Transforming constraintlayout-2.1.4-api.jar with IdentityTransform
Transforming jetified-kotlin-stdlib-2.0.21.jar with IdentityTransform
Transforming jetified-kotlin-stdlib-2.0.21.jar with IdentityTransform
Transforming jetified-kotlin-stdlib-2.0.21.jar with CopyTransform
Transforming jetified-MPAndroidChart-3.1.0-api.jar with IdentityTransform
Transforming jetified-kotlin-stdlib-2.0.21.jar with AggregatedPackagesTransform
Transforming jetified-MPAndroidChart-3.1.0-api.jar with IdentityTransform
Transforming jetified-MPAndroidChart-3.1.0-api.jar with CopyTransform
Transforming jetified-MPAndroidChart-3.1.0-api.jar with AggregatedPackagesTransform
Transforming jetified-firebase-encoders-json-17.1.0-api.jar with AggregatedPackagesTransform
Transforming jetified-kernel-7.2.5.jar with IdentityTransform
Transforming jetified-io-7.2.5.jar with IdentityTransform
Transforming jetified-kernel-7.2.5.jar with IdentityTransform
Transforming jetified-io-7.2.5.jar with IdentityTransform
Transforming jetified-io-7.2.5.jar with CopyTransform
Transforming jetified-kernel-7.2.5.jar with CopyTransform
Transforming jetified-kernel-7.2.5.jar with AggregatedPackagesTransform
Transforming jetified-io-7.2.5.jar with AggregatedPackagesTransform
Transforming jetified-poi-ooxml-5.2.5.jar with IdentityTransform
Transforming jetified-core-3.5.3.jar with IdentityTransform
Transforming jetified-poi-ooxml-5.2.5.jar with IdentityTransform
Transforming jetified-poi-ooxml-5.2.5.jar with CopyTransform
Transforming jetified-core-3.5.3.jar with IdentityTransform
Transforming jetified-core-3.5.3.jar with CopyTransform
Transforming jetified-poi-ooxml-5.2.5.jar with AggregatedPackagesTransform
Transforming jetified-core-3.5.3.jar with AggregatedPackagesTransform
Transforming jetified-poi-5.2.5.jar with IdentityTransform
Transforming jetified-poi-5.2.5.jar with IdentityTransform
Transforming jetified-poi-5.2.5.jar with CopyTransform
Transforming jetified-poi-5.2.5.jar with AggregatedPackagesTransform
Transforming constraintlayout-2.1.4-api.jar with IdentityTransform
Transforming constraintlayout-2.1.4-api.jar with CopyTransform
Transforming jetified-annotations-23.0.0.jar with IdentityTransform
Transforming jetified-jakarta.mail-2.0.1.jar with IdentityTransform
Transforming jetified-layout-7.2.5.jar with IdentityTransform
Transforming constraintlayout-2.1.4-api.jar with AggregatedPackagesTransform
Transforming jetified-jakarta.mail-2.0.1.jar with IdentityTransform
Transforming jetified-jakarta.mail-2.0.1.jar with CopyTransform
Transforming jetified-annotations-23.0.0.jar with IdentityTransform
Transforming jetified-annotations-23.0.0.jar with CopyTransform
Transforming jetified-layout-7.2.5.jar with IdentityTransform
Transforming jetified-layout-7.2.5.jar with CopyTransform
Transforming jetified-jakarta.mail-2.0.1.jar with AggregatedPackagesTransform
Transforming jetified-annotations-23.0.0.jar with AggregatedPackagesTransform
Transforming jetified-listenablefuture-1.0.jar with IdentityTransform
Transforming jetified-listenablefuture-1.0.jar with IdentityTransform
Transforming jetified-listenablefuture-1.0.jar with CopyTransform
Transforming jetified-listenablefuture-1.0.jar with AggregatedPackagesTransform
Transforming jetified-resourceinspection-annotation-1.0.1.jar with IdentityTransform
Transforming jetified-error_prone_annotations-2.15.0.jar with IdentityTransform
Transforming jetified-resourceinspection-annotation-1.0.1.jar with IdentityTransform
Transforming jetified-resourceinspection-annotation-1.0.1.jar with CopyTransform
Transforming jetified-error_prone_annotations-2.15.0.jar with IdentityTransform
Transforming jetified-error_prone_annotations-2.15.0.jar with CopyTransform
Transforming jetified-hilt-core-2.48.jar with IdentityTransform
Transforming jetified-resourceinspection-annotation-1.0.1.jar with AggregatedPackagesTransform
Transforming jetified-error_prone_annotations-2.15.0.jar with AggregatedPackagesTransform
Transforming jetified-dagger-2.48.jar with IdentityTransform
Transforming jetified-dagger-2.48.jar with IdentityTransform
Transforming jetified-firebase-annotations-16.2.0.jar with IdentityTransform
Transforming jetified-dagger-2.48.jar with CopyTransform
Transforming jetified-dagger-2.48.jar with AggregatedPackagesTransform
Transforming jetified-firebase-annotations-16.2.0.jar with IdentityTransform
Transforming jetified-firebase-annotations-16.2.0.jar with CopyTransform
Transforming jetified-layout-7.2.5.jar with AggregatedPackagesTransform
Transforming jetified-firebase-annotations-16.2.0.jar with AggregatedPackagesTransform
Transforming jetified-hilt-core-2.48.jar with IdentityTransform
Transforming jetified-hilt-core-2.48.jar with CopyTransform
Transforming jetified-javax.inject-1.jar with IdentityTransform
Transforming jetified-hilt-core-2.48.jar with AggregatedPackagesTransform
Transforming jetified-dagger-lint-aar-2.48-api.jar with IdentityTransform
Transforming jetified-jsr305-3.0.2.jar with IdentityTransform
Transforming jetified-javax.inject-1.jar with IdentityTransform
Transforming jetified-javax.inject-1.jar with CopyTransform
Transforming jetified-jsr305-3.0.2.jar with IdentityTransform
Transforming jetified-jsr305-3.0.2.jar with CopyTransform
Transforming jetified-dagger-lint-aar-2.48-api.jar with IdentityTransform
Transforming jetified-dagger-lint-aar-2.48-api.jar with CopyTransform
Transforming jetified-javax.inject-1.jar with AggregatedPackagesTransform
Transforming jetified-jsr305-3.0.2.jar with AggregatedPackagesTransform
Transforming jetified-dagger-lint-aar-2.48-api.jar with AggregatedPackagesTransform
Transforming exifinterface-1.3.6-api.jar with IdentityTransform
Transforming exifinterface-1.3.6-api.jar with IdentityTransform
Transforming exifinterface-1.3.6-api.jar with CopyTransform
Transforming jetified-commons-7.2.5.jar with IdentityTransform
Transforming jetified-slf4j-api-1.7.36.jar with IdentityTransform
Transforming jetified-commons-7.2.5.jar with IdentityTransform
Transforming jetified-commons-7.2.5.jar with CopyTransform
Transforming exifinterface-1.3.6-api.jar with AggregatedPackagesTransform
Transforming jetified-bcpkix-jdk15on-1.70.jar with IdentityTransform
Transforming jetified-slf4j-api-1.7.36.jar with IdentityTransform
Transforming jetified-slf4j-api-1.7.36.jar with CopyTransform
Transforming jetified-commons-7.2.5.jar with AggregatedPackagesTransform
Transforming jetified-bcpkix-jdk15on-1.70.jar with IdentityTransform
Transforming jetified-bcpkix-jdk15on-1.70.jar with CopyTransform
Transforming jetified-slf4j-api-1.7.36.jar with AggregatedPackagesTransform
Transforming jetified-bcpkix-jdk15on-1.70.jar with AggregatedPackagesTransform
Transforming jetified-bcutil-jdk15on-1.70.jar with IdentityTransform
Transforming jetified-bcprov-jdk15on-1.70.jar with IdentityTransform
Transforming jetified-bcutil-jdk15on-1.70.jar with IdentityTransform
Transforming jetified-bcutil-jdk15on-1.70.jar with CopyTransform
Transforming jetified-bcprov-jdk15on-1.70.jar with IdentityTransform
Transforming jetified-bcprov-jdk15on-1.70.jar with CopyTransform
Transforming jetified-commons-codec-1.16.0.jar with IdentityTransform
Transforming jetified-image-1.0.0-beta1-api.jar with IdentityTransform
Transforming jetified-bcprov-jdk15on-1.70.jar with AggregatedPackagesTransform
Transforming jetified-bcutil-jdk15on-1.70.jar with AggregatedPackagesTransform
Transforming jetified-commons-codec-1.16.0.jar with IdentityTransform
Transforming jetified-commons-codec-1.16.0.jar with CopyTransform
Transforming jetified-image-1.0.0-beta1-api.jar with IdentityTransform
Transforming jetified-image-1.0.0-beta1-api.jar with CopyTransform
Transforming jetified-commons-codec-1.16.0.jar with AggregatedPackagesTransform
Transforming jetified-commons-collections4-4.4.jar with IdentityTransform
Transforming jetified-image-1.0.0-beta1-api.jar with AggregatedPackagesTransform
Transforming jetified-commons-math3-3.6.1.jar with IdentityTransform
Transforming jetified-commons-collections4-4.4.jar with IdentityTransform
Transforming jetified-commons-collections4-4.4.jar with CopyTransform
Transforming jetified-commons-math3-3.6.1.jar with IdentityTransform
Transforming jetified-commons-math3-3.6.1.jar with CopyTransform
Transforming jetified-commons-collections4-4.4.jar with AggregatedPackagesTransform
Transforming jetified-commons-io-2.15.0.jar with IdentityTransform
Transforming jetified-commons-math3-3.6.1.jar with AggregatedPackagesTransform
Transforming jetified-SparseBitSet-1.3.jar with IdentityTransform
Transforming jetified-commons-io-2.15.0.jar with IdentityTransform
Transforming jetified-commons-io-2.15.0.jar with CopyTransform
Transforming jetified-poi-ooxml-lite-5.2.5.jar with IdentityTransform
Transforming jetified-SparseBitSet-1.3.jar with IdentityTransform
Transforming jetified-SparseBitSet-1.3.jar with CopyTransform
Transforming jetified-commons-io-2.15.0.jar with AggregatedPackagesTransform
Transforming jetified-poi-ooxml-lite-5.2.5.jar with IdentityTransform
Transforming jetified-poi-ooxml-lite-5.2.5.jar with CopyTransform
Transforming jetified-SparseBitSet-1.3.jar with AggregatedPackagesTransform
Transforming jetified-poi-ooxml-lite-5.2.5.jar with AggregatedPackagesTransform
Transforming jetified-xmlbeans-5.2.0.jar with IdentityTransform
Transforming jetified-log4j-api-2.21.1.jar with IdentityTransform
Transforming jetified-xmlbeans-5.2.0.jar with IdentityTransform
Transforming jetified-xmlbeans-5.2.0.jar with CopyTransform
Transforming jetified-log4j-api-2.21.1.jar with IdentityTransform
Transforming jetified-log4j-api-2.21.1.jar with CopyTransform
Transforming jetified-commons-compress-1.25.0.jar with IdentityTransform
Transforming jetified-xmlbeans-5.2.0.jar with AggregatedPackagesTransform
Transforming jetified-log4j-api-2.21.1.jar with AggregatedPackagesTransform
Transforming jetified-commons-compress-1.25.0.jar with IdentityTransform
Transforming jetified-commons-compress-1.25.0.jar with CopyTransform
Transforming jetified-commons-compress-1.25.0.jar with AggregatedPackagesTransform
Transforming jetified-jakarta.activation-2.0.1.jar with IdentityTransform
Transforming jetified-curvesapi-1.08.jar with IdentityTransform
Transforming jetified-jakarta.activation-2.0.1.jar with IdentityTransform
Transforming debug with AggregatedPackagesTransform
Transforming jetified-jakarta.activation-2.0.1.jar with CopyTransform
Transforming jetified-curvesapi-1.08.jar with IdentityTransform
Transforming jetified-curvesapi-1.08.jar with CopyTransform
Transforming jetified-jakarta.activation-2.0.1.jar with AggregatedPackagesTransform
Transforming jetified-curvesapi-1.08.jar with AggregatedPackagesTransform
Transforming debug with AggregatedPackagesTransform
Transforming classes with AggregatedPackagesTransform
Caching disabled for task ':app:hiltAggregateDepsDebug' because:
  Build cache is disabled
Skipping task ':app:hiltAggregateDepsDebug' as it is up-to-date.
Resolve mutations for :app:hiltJavaCompileDebug (Thread[Execution worker Thread 2,5,main]) started.
:app:hiltJavaCompileDebug (Thread[Execution worker Thread 2,5,main]) started.

> Task :app:hiltJavaCompileDebug UP-TO-DATE
Transforming viewbinding-8.6.0.aar (androidx.databinding:viewbinding:8.6.0) with JetifyTransform
Transforming viewbinding-8.6.0.aar (androidx.databinding:viewbinding:8.6.0) with AarToClassTransform
Transforming viewbinding-8.6.0.aar (androidx.databinding:viewbinding:8.6.0) with IdentityTransform
Transforming viewbinding-8.6.0.aar (androidx.databinding:viewbinding:8.6.0) with CopyTransform
Transforming hilt-navigation-compose-1.1.0.aar (androidx.hilt:hilt-navigation-compose:1.1.0) with JetifyTransform
Transforming hilt-navigation-compose-1.1.0.aar (androidx.hilt:hilt-navigation-compose:1.1.0) with AarToClassTransform
Transforming hilt-navigation-compose-1.1.0.aar (androidx.hilt:hilt-navigation-compose:1.1.0) with IdentityTransform
Transforming hilt-navigation-compose-1.1.0.aar (androidx.hilt:hilt-navigation-compose:1.1.0) with CopyTransform
Transforming hilt-navigation-1.1.0.aar (androidx.hilt:hilt-navigation:1.1.0) with JetifyTransform
Transforming hilt-navigation-1.1.0.aar (androidx.hilt:hilt-navigation:1.1.0) with AarToClassTransform
Transforming hilt-navigation-1.1.0.aar (androidx.hilt:hilt-navigation:1.1.0) with IdentityTransform
Transforming hilt-navigation-1.1.0.aar (androidx.hilt:hilt-navigation:1.1.0) with CopyTransform
Transforming navigation-common-2.7.6.aar (androidx.navigation:navigation-common:2.7.6) with JetifyTransform
Transforming navigation-common-2.7.6.aar (androidx.navigation:navigation-common:2.7.6) with AarToClassTransform
Transforming navigation-common-2.7.6.aar (androidx.navigation:navigation-common:2.7.6) with IdentityTransform
Transforming navigation-common-2.7.6.aar (androidx.navigation:navigation-common:2.7.6) with CopyTransform
Transforming navigation-runtime-2.7.6.aar (androidx.navigation:navigation-runtime:2.7.6) with JetifyTransform
Transforming navigation-runtime-2.7.6.aar (androidx.navigation:navigation-runtime:2.7.6) with AarToClassTransform
Transforming navigation-runtime-2.7.6.aar (androidx.navigation:navigation-runtime:2.7.6) with IdentityTransform
Transforming navigation-runtime-2.7.6.aar (androidx.navigation:navigation-runtime:2.7.6) with CopyTransform
Transforming navigation-common-ktx-2.7.6.aar (androidx.navigation:navigation-common-ktx:2.7.6) with JetifyTransform
Transforming navigation-common-ktx-2.7.6.aar (androidx.navigation:navigation-common-ktx:2.7.6) with AarToClassTransform
Transforming navigation-common-ktx-2.7.6.aar (androidx.navigation:navigation-common-ktx:2.7.6) with IdentityTransform
Transforming navigation-common-ktx-2.7.6.aar (androidx.navigation:navigation-common-ktx:2.7.6) with CopyTransform
Transforming navigation-fragment-2.7.6.aar (androidx.navigation:navigation-fragment:2.7.6) with JetifyTransform
Transforming navigation-fragment-2.7.6.aar (androidx.navigation:navigation-fragment:2.7.6) with AarToClassTransform
Transforming navigation-fragment-2.7.6.aar (androidx.navigation:navigation-fragment:2.7.6) with IdentityTransform
Transforming navigation-fragment-2.7.6.aar (androidx.navigation:navigation-fragment:2.7.6) with CopyTransform
Transforming navigation-runtime-ktx-2.7.6.aar (androidx.navigation:navigation-runtime-ktx:2.7.6) with JetifyTransform
Transforming navigation-runtime-ktx-2.7.6.aar (androidx.navigation:navigation-runtime-ktx:2.7.6) with AarToClassTransform
Transforming navigation-runtime-ktx-2.7.6.aar (androidx.navigation:navigation-runtime-ktx:2.7.6) with IdentityTransform
Transforming navigation-runtime-ktx-2.7.6.aar (androidx.navigation:navigation-runtime-ktx:2.7.6) with CopyTransform
Transforming navigation-fragment-ktx-2.7.6.aar (androidx.navigation:navigation-fragment-ktx:2.7.6) with JetifyTransform
Transforming navigation-fragment-ktx-2.7.6.aar (androidx.navigation:navigation-fragment-ktx:2.7.6) with AarToClassTransform
Transforming navigation-fragment-ktx-2.7.6.aar (androidx.navigation:navigation-fragment-ktx:2.7.6) with IdentityTransform
Transforming navigation-fragment-ktx-2.7.6.aar (androidx.navigation:navigation-fragment-ktx:2.7.6) with CopyTransform
Transforming navigation-compose-2.7.6.aar (androidx.navigation:navigation-compose:2.7.6) with JetifyTransform
Transforming navigation-compose-2.7.6.aar (androidx.navigation:navigation-compose:2.7.6) with AarToClassTransform
Transforming navigation-compose-2.7.6.aar (androidx.navigation:navigation-compose:2.7.6) with IdentityTransform
Transforming navigation-compose-2.7.6.aar (androidx.navigation:navigation-compose:2.7.6) with CopyTransform
Transforming navigation-ui-ktx-2.7.6.aar (androidx.navigation:navigation-ui-ktx:2.7.6) with JetifyTransform
Transforming navigation-ui-ktx-2.7.6.aar (androidx.navigation:navigation-ui-ktx:2.7.6) with AarToClassTransform
Transforming navigation-ui-ktx-2.7.6.aar (androidx.navigation:navigation-ui-ktx:2.7.6) with IdentityTransform
Transforming navigation-ui-ktx-2.7.6.aar (androidx.navigation:navigation-ui-ktx:2.7.6) with CopyTransform
Transforming navigation-ui-2.7.6.aar (androidx.navigation:navigation-ui:2.7.6) with JetifyTransform
Transforming navigation-ui-2.7.6.aar (androidx.navigation:navigation-ui:2.7.6) with AarToClassTransform
Transforming navigation-ui-2.7.6.aar (androidx.navigation:navigation-ui:2.7.6) with IdentityTransform
Transforming navigation-ui-2.7.6.aar (androidx.navigation:navigation-ui:2.7.6) with CopyTransform
Transforming material-1.11.0.aar (com.google.android.material:material:1.11.0) with JetifyTransform
Transforming material-1.11.0.aar (com.google.android.material:material:1.11.0) with AarToClassTransform
Transforming material-1.11.0.aar (com.google.android.material:material:1.11.0) with IdentityTransform
Transforming material-1.11.0.aar (com.google.android.material:material:1.11.0) with CopyTransform
Transforming constraintlayout-2.1.4.aar (androidx.constraintlayout:constraintlayout:2.1.4) with JetifyTransform
Transforming constraintlayout-2.1.4.aar (androidx.constraintlayout:constraintlayout:2.1.4) with AarToClassTransform
Transforming constraintlayout-2.1.4.aar (androidx.constraintlayout:constraintlayout:2.1.4) with IdentityTransform
Transforming constraintlayout-2.1.4.aar (androidx.constraintlayout:constraintlayout:2.1.4) with CopyTransform
Transforming biometric-1.1.0.aar (androidx.biometric:biometric:1.1.0) with JetifyTransform
Transforming biometric-1.1.0.aar (androidx.biometric:biometric:1.1.0) with AarToClassTransform
Transforming biometric-1.1.0.aar (androidx.biometric:biometric:1.1.0) with IdentityTransform
Transforming biometric-1.1.0.aar (androidx.biometric:biometric:1.1.0) with CopyTransform
Transforming camera-video-1.3.1.aar (androidx.camera:camera-video:1.3.1) with JetifyTransform
Transforming camera-video-1.3.1.aar (androidx.camera:camera-video:1.3.1) with AarToClassTransform
Transforming camera-video-1.3.1.aar (androidx.camera:camera-video:1.3.1) with IdentityTransform
Transforming camera-video-1.3.1.aar (androidx.camera:camera-video:1.3.1) with CopyTransform
Transforming camera-lifecycle-1.3.1.aar (androidx.camera:camera-lifecycle:1.3.1) with JetifyTransform
Transforming camera-lifecycle-1.3.1.aar (androidx.camera:camera-lifecycle:1.3.1) with AarToClassTransform
Transforming camera-lifecycle-1.3.1.aar (androidx.camera:camera-lifecycle:1.3.1) with IdentityTransform
Transforming camera-lifecycle-1.3.1.aar (androidx.camera:camera-lifecycle:1.3.1) with CopyTransform
Transforming camera-camera2-1.3.1.aar (androidx.camera:camera-camera2:1.3.1) with JetifyTransform
Transforming camera-camera2-1.3.1.aar (androidx.camera:camera-camera2:1.3.1) with AarToClassTransform
Transforming camera-camera2-1.3.1.aar (androidx.camera:camera-camera2:1.3.1) with IdentityTransform
Transforming camera-camera2-1.3.1.aar (androidx.camera:camera-camera2:1.3.1) with CopyTransform
Transforming camera-core-1.3.1.aar (androidx.camera:camera-core:1.3.1) with JetifyTransform
Transforming camera-core-1.3.1.aar (androidx.camera:camera-core:1.3.1) with AarToClassTransform
Transforming camera-core-1.3.1.aar (androidx.camera:camera-core:1.3.1) with IdentityTransform
Transforming camera-core-1.3.1.aar (androidx.camera:camera-core:1.3.1) with CopyTransform
Transforming camera-view-1.3.1.aar (androidx.camera:camera-view:1.3.1) with JetifyTransform
Transforming camera-view-1.3.1.aar (androidx.camera:camera-view:1.3.1) with AarToClassTransform
Transforming camera-view-1.3.1.aar (androidx.camera:camera-view:1.3.1) with IdentityTransform
Transforming camera-view-1.3.1.aar (androidx.camera:camera-view:1.3.1) with CopyTransform
Transforming coil-compose-2.5.0.aar (io.coil-kt:coil-compose:2.5.0) with JetifyTransform
Transforming coil-compose-2.5.0.aar (io.coil-kt:coil-compose:2.5.0) with AarToClassTransform
Transforming coil-compose-2.5.0.aar (io.coil-kt:coil-compose:2.5.0) with IdentityTransform
Transforming coil-compose-2.5.0.aar (io.coil-kt:coil-compose:2.5.0) with CopyTransform
Transforming coil-compose-base-2.5.0.aar (io.coil-kt:coil-compose-base:2.5.0) with JetifyTransform
Transforming coil-compose-base-2.5.0.aar (io.coil-kt:coil-compose-base:2.5.0) with AarToClassTransform
Transforming coil-compose-base-2.5.0.aar (io.coil-kt:coil-compose-base:2.5.0) with IdentityTransform
Transforming coil-compose-base-2.5.0.aar (io.coil-kt:coil-compose-base:2.5.0) with CopyTransform
Transforming coil-2.5.0.aar (io.coil-kt:coil:2.5.0) with JetifyTransform
Transforming coil-2.5.0.aar (io.coil-kt:coil:2.5.0) with AarToClassTransform
Transforming coil-2.5.0.aar (io.coil-kt:coil:2.5.0) with IdentityTransform
Transforming coil-2.5.0.aar (io.coil-kt:coil:2.5.0) with CopyTransform
Transforming coil-base-2.5.0.aar (io.coil-kt:coil-base:2.5.0) with JetifyTransform
Transforming coil-base-2.5.0.aar (io.coil-kt:coil-base:2.5.0) with AarToClassTransform
Transforming coil-base-2.5.0.aar (io.coil-kt:coil-base:2.5.0) with IdentityTransform
Transforming coil-base-2.5.0.aar (io.coil-kt:coil-base:2.5.0) with CopyTransform
Transforming appcompat-resources-1.6.1.aar (androidx.appcompat:appcompat-resources:1.6.1) with JetifyTransform
Transforming appcompat-resources-1.6.1.aar (androidx.appcompat:appcompat-resources:1.6.1) with AarToClassTransform
Transforming appcompat-resources-1.6.1.aar (androidx.appcompat:appcompat-resources:1.6.1) with IdentityTransform
Transforming appcompat-resources-1.6.1.aar (androidx.appcompat:appcompat-resources:1.6.1) with CopyTransform
Transforming play-services-mlkit-barcode-scanning-18.3.1.aar (com.google.android.gms:play-services-mlkit-barcode-scanning:18.3.1) with JetifyTransform
Transforming play-services-mlkit-barcode-scanning-18.3.1.aar (com.google.android.gms:play-services-mlkit-barcode-scanning:18.3.1) with AarToClassTransform
Transforming play-services-mlkit-barcode-scanning-18.3.1.aar (com.google.android.gms:play-services-mlkit-barcode-scanning:18.3.1) with IdentityTransform
Transforming play-services-mlkit-barcode-scanning-18.3.1.aar (com.google.android.gms:play-services-mlkit-barcode-scanning:18.3.1) with CopyTransform
Transforming barcode-scanning-common-17.0.0.aar (com.google.mlkit:barcode-scanning-common:17.0.0) with JetifyTransform
Transforming barcode-scanning-common-17.0.0.aar (com.google.mlkit:barcode-scanning-common:17.0.0) with AarToClassTransform
Transforming barcode-scanning-common-17.0.0.aar (com.google.mlkit:barcode-scanning-common:17.0.0) with IdentityTransform
Transforming barcode-scanning-common-17.0.0.aar (com.google.mlkit:barcode-scanning-common:17.0.0) with CopyTransform
Transforming vision-common-17.3.0.aar (com.google.mlkit:vision-common:17.3.0) with JetifyTransform
Transforming vision-common-17.3.0.aar (com.google.mlkit:vision-common:17.3.0) with AarToClassTransform
Transforming vision-common-17.3.0.aar (com.google.mlkit:vision-common:17.3.0) with IdentityTransform
Transforming vision-common-17.3.0.aar (com.google.mlkit:vision-common:17.3.0) with CopyTransform
Transforming common-18.11.0.aar (com.google.mlkit:common:18.11.0) with JetifyTransform
Transforming common-18.11.0.aar (com.google.mlkit:common:18.11.0) with AarToClassTransform
Transforming common-18.11.0.aar (com.google.mlkit:common:18.11.0) with IdentityTransform
Transforming common-18.11.0.aar (com.google.mlkit:common:18.11.0) with CopyTransform
Transforming appcompat-1.6.1.aar (androidx.appcompat:appcompat:1.6.1) with JetifyTransform
Transforming appcompat-1.6.1.aar (androidx.appcompat:appcompat:1.6.1) with AarToClassTransform
Transforming appcompat-1.6.1.aar (androidx.appcompat:appcompat:1.6.1) with IdentityTransform
Transforming appcompat-1.6.1.aar (androidx.appcompat:appcompat:1.6.1) with CopyTransform
Transforming appcompat-1.6.1.aar (androidx.appcompat:appcompat:1.6.1) with JetifyTransform
Transforming appcompat-1.6.1.aar (androidx.appcompat:appcompat:1.6.1) with AarToClassTransform
Transforming appcompat-1.6.1.aar (androidx.appcompat:appcompat:1.6.1) with IdentityTransform
Transforming appcompat-1.6.1.aar (androidx.appcompat:appcompat:1.6.1) with CopyTransform
Transforming hilt-android-2.48.aar (com.google.dagger:hilt-android:2.48) with JetifyTransform
Transforming hilt-android-2.48.aar (com.google.dagger:hilt-android:2.48) with AarToClassTransform
Transforming hilt-android-2.48.aar (com.google.dagger:hilt-android:2.48) with IdentityTransform
Transforming hilt-android-2.48.aar (com.google.dagger:hilt-android:2.48) with CopyTransform
Transforming material3-release.aar (androidx.compose.material3:material3-android:1.2.0) with JetifyTransform
Transforming material3-release.aar (androidx.compose.material3:material3-android:1.2.0) with AarToClassTransform
Transforming material3-release.aar (androidx.compose.material3:material3-android:1.2.0) with IdentityTransform
Transforming material3-release.aar (androidx.compose.material3:material3-android:1.2.0) with CopyTransform
Transforming material-release.aar (androidx.compose.material:material-android:1.6.1) with JetifyTransform
Transforming material-release.aar (androidx.compose.material:material-android:1.6.1) with AarToClassTransform
Transforming material-release.aar (androidx.compose.material:material-android:1.6.1) with IdentityTransform
Transforming material-release.aar (androidx.compose.material:material-android:1.6.1) with CopyTransform
Transforming material-icons-core-release.aar (androidx.compose.material:material-icons-core-android:1.6.1) with JetifyTransform
Transforming material-icons-core-release.aar (androidx.compose.material:material-icons-core-android:1.6.1) with AarToClassTransform
Transforming material-icons-core-release.aar (androidx.compose.material:material-icons-core-android:1.6.1) with IdentityTransform
Transforming material-icons-core-release.aar (androidx.compose.material:material-icons-core-android:1.6.1) with CopyTransform
Transforming material-icons-extended-release.aar (androidx.compose.material:material-icons-extended-android:1.6.1) with JetifyTransform
Transforming material-icons-extended-release.aar (androidx.compose.material:material-icons-extended-android:1.6.1) with AarToClassTransform
Transforming material-icons-extended-release.aar (androidx.compose.material:material-icons-extended-android:1.6.1) with IdentityTransform
Transforming material-icons-extended-release.aar (androidx.compose.material:material-icons-extended-android:1.6.1) with CopyTransform
Transforming material-ripple-release.aar (androidx.compose.material:material-ripple-android:1.6.1) with JetifyTransform
Transforming material-ripple-release.aar (androidx.compose.material:material-ripple-android:1.6.1) with AarToClassTransform
Transforming material-ripple-release.aar (androidx.compose.material:material-ripple-android:1.6.1) with IdentityTransform
Transforming material-ripple-release.aar (androidx.compose.material:material-ripple-android:1.6.1) with CopyTransform
Transforming animation-core-release.aar (androidx.compose.animation:animation-core-android:1.6.1) with JetifyTransform
Transforming animation-core-release.aar (androidx.compose.animation:animation-core-android:1.6.1) with AarToClassTransform
Transforming animation-core-release.aar (androidx.compose.animation:animation-core-android:1.6.1) with IdentityTransform
Transforming animation-core-release.aar (androidx.compose.animation:animation-core-android:1.6.1) with CopyTransform
Transforming animation-release.aar (androidx.compose.animation:animation-android:1.6.1) with JetifyTransform
Transforming animation-release.aar (androidx.compose.animation:animation-android:1.6.1) with AarToClassTransform
Transforming animation-release.aar (androidx.compose.animation:animation-android:1.6.1) with IdentityTransform
Transforming animation-release.aar (androidx.compose.animation:animation-android:1.6.1) with CopyTransform
Transforming foundation-layout-release.aar (androidx.compose.foundation:foundation-layout-android:1.6.1) with JetifyTransform
Transforming foundation-layout-release.aar (androidx.compose.foundation:foundation-layout-android:1.6.1) with AarToClassTransform
Transforming foundation-layout-release.aar (androidx.compose.foundation:foundation-layout-android:1.6.1) with IdentityTransform
Transforming foundation-layout-release.aar (androidx.compose.foundation:foundation-layout-android:1.6.1) with CopyTransform
Transforming foundation-release.aar (androidx.compose.foundation:foundation-android:1.6.1) with JetifyTransform
Transforming foundation-release.aar (androidx.compose.foundation:foundation-android:1.6.1) with AarToClassTransform
Transforming foundation-release.aar (androidx.compose.foundation:foundation-android:1.6.1) with IdentityTransform
Transforming foundation-release.aar (androidx.compose.foundation:foundation-android:1.6.1) with CopyTransform
Transforming ui-tooling-data-release.aar (androidx.compose.ui:ui-tooling-data-android:1.6.1) with JetifyTransform
Transforming ui-tooling-data-release.aar (androidx.compose.ui:ui-tooling-data-android:1.6.1) with AarToClassTransform
Transforming ui-tooling-data-release.aar (androidx.compose.ui:ui-tooling-data-android:1.6.1) with IdentityTransform
Transforming ui-tooling-data-release.aar (androidx.compose.ui:ui-tooling-data-android:1.6.1) with CopyTransform
Transforming ui-unit-release.aar (androidx.compose.ui:ui-unit-android:1.6.1) with JetifyTransform
Transforming ui-unit-release.aar (androidx.compose.ui:ui-unit-android:1.6.1) with AarToClassTransform
Transforming ui-unit-release.aar (androidx.compose.ui:ui-unit-android:1.6.1) with IdentityTransform
Transforming ui-unit-release.aar (androidx.compose.ui:ui-unit-android:1.6.1) with CopyTransform
Transforming ui-geometry-release.aar (androidx.compose.ui:ui-geometry-android:1.6.1) with JetifyTransform
Transforming ui-geometry-release.aar (androidx.compose.ui:ui-geometry-android:1.6.1) with AarToClassTransform
Transforming ui-geometry-release.aar (androidx.compose.ui:ui-geometry-android:1.6.1) with IdentityTransform
Transforming ui-geometry-release.aar (androidx.compose.ui:ui-geometry-android:1.6.1) with CopyTransform
Transforming ui-util-release.aar (androidx.compose.ui:ui-util-android:1.6.1) with JetifyTransform
Transforming ui-util-release.aar (androidx.compose.ui:ui-util-android:1.6.1) with AarToClassTransform
Transforming ui-util-release.aar (androidx.compose.ui:ui-util-android:1.6.1) with IdentityTransform
Transforming ui-util-release.aar (androidx.compose.ui:ui-util-android:1.6.1) with CopyTransform
Transforming ui-text-release.aar (androidx.compose.ui:ui-text-android:1.6.1) with JetifyTransform
Transforming ui-text-release.aar (androidx.compose.ui:ui-text-android:1.6.1) with AarToClassTransform
Transforming ui-text-release.aar (androidx.compose.ui:ui-text-android:1.6.1) with IdentityTransform
Transforming ui-text-release.aar (androidx.compose.ui:ui-text-android:1.6.1) with CopyTransform
Transforming ui-tooling-preview-release.aar (androidx.compose.ui:ui-tooling-preview-android:1.6.1) with JetifyTransform
Transforming ui-tooling-preview-release.aar (androidx.compose.ui:ui-tooling-preview-android:1.6.1) with AarToClassTransform
Transforming ui-tooling-preview-release.aar (androidx.compose.ui:ui-tooling-preview-android:1.6.1) with IdentityTransform
Transforming ui-tooling-preview-release.aar (androidx.compose.ui:ui-tooling-preview-android:1.6.1) with CopyTransform
Transforming ui-graphics-release.aar (androidx.compose.ui:ui-graphics-android:1.6.1) with JetifyTransform
Transforming ui-graphics-release.aar (androidx.compose.ui:ui-graphics-android:1.6.1) with AarToClassTransform
Transforming ui-graphics-release.aar (androidx.compose.ui:ui-graphics-android:1.6.1) with IdentityTransform
Transforming ui-graphics-release.aar (androidx.compose.ui:ui-graphics-android:1.6.1) with CopyTransform
Transforming ui-tooling-release.aar (androidx.compose.ui:ui-tooling-android:1.6.1) with JetifyTransform
Transforming ui-tooling-release.aar (androidx.compose.ui:ui-tooling-android:1.6.1) with AarToClassTransform
Transforming ui-tooling-release.aar (androidx.compose.ui:ui-tooling-android:1.6.1) with IdentityTransform
Transforming ui-tooling-release.aar (androidx.compose.ui:ui-tooling-android:1.6.1) with CopyTransform
Transforming play-services-auth-21.0.0.aar (com.google.android.gms:play-services-auth:21.0.0) with JetifyTransform
Transforming play-services-auth-21.0.0.aar (com.google.android.gms:play-services-auth:21.0.0) with AarToClassTransform
Transforming play-services-auth-21.0.0.aar (com.google.android.gms:play-services-auth:21.0.0) with IdentityTransform
Transforming play-services-auth-21.0.0.aar (com.google.android.gms:play-services-auth:21.0.0) with CopyTransform
Transforming viewpager2-1.0.0.aar (androidx.viewpager2:viewpager2:1.0.0) with JetifyTransform
Transforming viewpager2-1.0.0.aar (androidx.viewpager2:viewpager2:1.0.0) with AarToClassTransform
Transforming viewpager2-1.0.0.aar (androidx.viewpager2:viewpager2:1.0.0) with IdentityTransform
Transforming viewpager2-1.0.0.aar (androidx.viewpager2:viewpager2:1.0.0) with CopyTransform
Transforming firebase-auth-22.3.1.aar (com.google.firebase:firebase-auth:22.3.1) with JetifyTransform
Transforming firebase-auth-22.3.1.aar (com.google.firebase:firebase-auth:22.3.1) with AarToClassTransform
Transforming firebase-auth-22.3.1.aar (com.google.firebase:firebase-auth:22.3.1) with IdentityTransform
Transforming firebase-auth-22.3.1.aar (com.google.firebase:firebase-auth:22.3.1) with CopyTransform
Transforming play-services-auth-api-phone-18.0.2.aar (com.google.android.gms:play-services-auth-api-phone:18.0.2) with JetifyTransform
Transforming play-services-auth-api-phone-18.0.2.aar (com.google.android.gms:play-services-auth-api-phone:18.0.2) with AarToClassTransform
Transforming play-services-auth-api-phone-18.0.2.aar (com.google.android.gms:play-services-auth-api-phone:18.0.2) with IdentityTransform
Transforming play-services-auth-api-phone-18.0.2.aar (com.google.android.gms:play-services-auth-api-phone:18.0.2) with CopyTransform
Transforming play-services-auth-base-18.0.10.aar (com.google.android.gms:play-services-auth-base:18.0.10) with JetifyTransform
Transforming play-services-auth-base-18.0.10.aar (com.google.android.gms:play-services-auth-base:18.0.10) with AarToClassTransform
Transforming play-services-auth-base-18.0.10.aar (com.google.android.gms:play-services-auth-base:18.0.10) with IdentityTransform
Transforming play-services-auth-base-18.0.10.aar (com.google.android.gms:play-services-auth-base:18.0.10) with CopyTransform
Transforming play-services-fido-20.0.1.aar (com.google.android.gms:play-services-fido:20.0.1) with JetifyTransform
Transforming play-services-fido-20.0.1.aar (com.google.android.gms:play-services-fido:20.0.1) with AarToClassTransform
Transforming play-services-fido-20.0.1.aar (com.google.android.gms:play-services-fido:20.0.1) with IdentityTransform
Transforming play-services-fido-20.0.1.aar (com.google.android.gms:play-services-fido:20.0.1) with CopyTransform
Transforming firebase-appcheck-interop-17.0.0.aar (com.google.firebase:firebase-appcheck-interop:17.0.0) with JetifyTransform
Transforming firebase-appcheck-interop-17.0.0.aar (com.google.firebase:firebase-appcheck-interop:17.0.0) with AarToClassTransform
Transforming firebase-appcheck-interop-17.0.0.aar (com.google.firebase:firebase-appcheck-interop:17.0.0) with IdentityTransform
Transforming firebase-appcheck-interop-17.0.0.aar (com.google.firebase:firebase-appcheck-interop:17.0.0) with CopyTransform
Transforming play-services-base-18.5.0.aar (com.google.android.gms:play-services-base:18.5.0) with JetifyTransform
Transforming play-services-base-18.5.0.aar (com.google.android.gms:play-services-base:18.5.0) with AarToClassTransform
Transforming play-services-base-18.5.0.aar (com.google.android.gms:play-services-base:18.5.0) with IdentityTransform
Transforming play-services-base-18.5.0.aar (com.google.android.gms:play-services-base:18.5.0) with CopyTransform
Transforming vision-interfaces-16.3.0.aar (com.google.mlkit:vision-interfaces:16.3.0) with JetifyTransform
Transforming vision-interfaces-16.3.0.aar (com.google.mlkit:vision-interfaces:16.3.0) with AarToClassTransform
Transforming vision-interfaces-16.3.0.aar (com.google.mlkit:vision-interfaces:16.3.0) with IdentityTransform
Transforming vision-interfaces-16.3.0.aar (com.google.mlkit:vision-interfaces:16.3.0) with CopyTransform
Transforming recaptcha-18.4.0.aar (com.google.android.recaptcha:recaptcha:18.4.0) with JetifyTransform
Transforming recaptcha-18.4.0.aar (com.google.android.recaptcha:recaptcha:18.4.0) with AarToClassTransform
Transforming recaptcha-18.4.0.aar (com.google.android.recaptcha:recaptcha:18.4.0) with IdentityTransform
Transforming recaptcha-18.4.0.aar (com.google.android.recaptcha:recaptcha:18.4.0) with CopyTransform
Transforming integrity-1.2.0.aar (com.google.android.play:integrity:1.2.0) with JetifyTransform
Transforming integrity-1.2.0.aar (com.google.android.play:integrity:1.2.0) with AarToClassTransform
Transforming integrity-1.2.0.aar (com.google.android.play:integrity:1.2.0) with IdentityTransform
Transforming integrity-1.2.0.aar (com.google.android.play:integrity:1.2.0) with CopyTransform
Transforming firebase-auth-interop-20.0.0.aar (com.google.firebase:firebase-auth-interop:20.0.0) with JetifyTransform
Transforming firebase-auth-interop-20.0.0.aar (com.google.firebase:firebase-auth-interop:20.0.0) with AarToClassTransform
Transforming firebase-auth-interop-20.0.0.aar (com.google.firebase:firebase-auth-interop:20.0.0) with IdentityTransform
Transforming firebase-auth-interop-20.0.0.aar (com.google.firebase:firebase-auth-interop:20.0.0) with CopyTransform
Transforming firebase-common-ktx-20.4.2.aar (com.google.firebase:firebase-common-ktx:20.4.2) with JetifyTransform
Transforming firebase-common-ktx-20.4.2.aar (com.google.firebase:firebase-common-ktx:20.4.2) with AarToClassTransform
Transforming firebase-common-ktx-20.4.2.aar (com.google.firebase:firebase-common-ktx:20.4.2) with IdentityTransform
Transforming firebase-common-ktx-20.4.2.aar (com.google.firebase:firebase-common-ktx:20.4.2) with CopyTransform
Transforming firebase-common-20.4.2.aar (com.google.firebase:firebase-common:20.4.2) with JetifyTransform
Transforming firebase-common-20.4.2.aar (com.google.firebase:firebase-common:20.4.2) with AarToClassTransform
Transforming firebase-common-20.4.2.aar (com.google.firebase:firebase-common:20.4.2) with IdentityTransform
Transforming firebase-common-20.4.2.aar (com.google.firebase:firebase-common:20.4.2) with CopyTransform
Transforming room-common-2.6.1.jar (androidx.room:room-common:2.6.1) with JetifyTransform
Transforming room-common-2.6.1.jar (androidx.room:room-common:2.6.1) with IdentityTransform
Transforming room-common-2.6.1.jar (androidx.room:room-common:2.6.1) with IdentityTransform
Transforming room-common-2.6.1.jar (androidx.room:room-common:2.6.1) with CopyTransform
Transforming room-runtime-2.6.1.aar (androidx.room:room-runtime:2.6.1) with JetifyTransform
Transforming room-runtime-2.6.1.aar (androidx.room:room-runtime:2.6.1) with AarToClassTransform
Transforming room-runtime-2.6.1.aar (androidx.room:room-runtime:2.6.1) with IdentityTransform
Transforming room-runtime-2.6.1.aar (androidx.room:room-runtime:2.6.1) with CopyTransform
Transforming room-ktx-2.6.1.aar (androidx.room:room-ktx:2.6.1) with JetifyTransform
Transforming room-ktx-2.6.1.aar (androidx.room:room-ktx:2.6.1) with AarToClassTransform
Transforming room-ktx-2.6.1.aar (androidx.room:room-ktx:2.6.1) with IdentityTransform
Transforming room-ktx-2.6.1.aar (androidx.room:room-ktx:2.6.1) with CopyTransform
Transforming runtime-saveable-release.aar (androidx.compose.runtime:runtime-saveable-android:1.6.1) with JetifyTransform
Transforming runtime-saveable-release.aar (androidx.compose.runtime:runtime-saveable-android:1.6.1) with AarToClassTransform
Transforming runtime-saveable-release.aar (androidx.compose.runtime:runtime-saveable-android:1.6.1) with IdentityTransform
Transforming runtime-saveable-release.aar (androidx.compose.runtime:runtime-saveable-android:1.6.1) with CopyTransform
Transforming runtime-release.aar (androidx.compose.runtime:runtime-android:1.6.1) with JetifyTransform
Transforming runtime-release.aar (androidx.compose.runtime:runtime-android:1.6.1) with AarToClassTransform
Transforming runtime-release.aar (androidx.compose.runtime:runtime-android:1.6.1) with IdentityTransform
Transforming runtime-release.aar (androidx.compose.runtime:runtime-android:1.6.1) with CopyTransform
Transforming accompanist-drawablepainter-0.32.0.aar (com.google.accompanist:accompanist-drawablepainter:0.32.0) with JetifyTransform
Transforming accompanist-drawablepainter-0.32.0.aar (com.google.accompanist:accompanist-drawablepainter:0.32.0) with AarToClassTransform
Transforming accompanist-drawablepainter-0.32.0.aar (com.google.accompanist:accompanist-drawablepainter:0.32.0) with IdentityTransform
Transforming accompanist-drawablepainter-0.32.0.aar (com.google.accompanist:accompanist-drawablepainter:0.32.0) with CopyTransform
Transforming slidingpanelayout-1.2.0.aar (androidx.slidingpanelayout:slidingpanelayout:1.2.0) with JetifyTransform
Transforming slidingpanelayout-1.2.0.aar (androidx.slidingpanelayout:slidingpanelayout:1.2.0) with AarToClassTransform
Transforming slidingpanelayout-1.2.0.aar (androidx.slidingpanelayout:slidingpanelayout:1.2.0) with IdentityTransform
Transforming slidingpanelayout-1.2.0.aar (androidx.slidingpanelayout:slidingpanelayout:1.2.0) with CopyTransform
Transforming window-1.0.0.aar (androidx.window:window:1.0.0) with JetifyTransform
Transforming window-1.0.0.aar (androidx.window:window:1.0.0) with AarToClassTransform
Transforming window-1.0.0.aar (androidx.window:window:1.0.0) with IdentityTransform
Transforming window-1.0.0.aar (androidx.window:window:1.0.0) with CopyTransform
Transforming kotlinx-coroutines-android-1.7.3.jar (org.jetbrains.kotlinx:kotlinx-coroutines-android:1.7.3) with JetifyTransform
Transforming kotlinx-coroutines-android-1.7.3.jar (org.jetbrains.kotlinx:kotlinx-coroutines-android:1.7.3) with IdentityTransform
Transforming kotlinx-coroutines-android-1.7.3.jar (org.jetbrains.kotlinx:kotlinx-coroutines-android:1.7.3) with IdentityTransform
Transforming kotlinx-coroutines-android-1.7.3.jar (org.jetbrains.kotlinx:kotlinx-coroutines-android:1.7.3) with CopyTransform
Transforming dynamicanimation-1.0.0.aar (androidx.dynamicanimation:dynamicanimation:1.0.0) with JetifyTransform
Transforming dynamicanimation-1.0.0.aar (androidx.dynamicanimation:dynamicanimation:1.0.0) with AarToClassTransform
Transforming dynamicanimation-1.0.0.aar (androidx.dynamicanimation:dynamicanimation:1.0.0) with IdentityTransform
Transforming dynamicanimation-1.0.0.aar (androidx.dynamicanimation:dynamicanimation:1.0.0) with CopyTransform
Transforming legacy-support-core-utils-1.0.0.aar (androidx.legacy:legacy-support-core-utils:1.0.0) with JetifyTransform
Transforming legacy-support-core-utils-1.0.0.aar (androidx.legacy:legacy-support-core-utils:1.0.0) with AarToClassTransform
Transforming legacy-support-core-utils-1.0.0.aar (androidx.legacy:legacy-support-core-utils:1.0.0) with IdentityTransform
Transforming legacy-support-core-utils-1.0.0.aar (androidx.legacy:legacy-support-core-utils:1.0.0) with CopyTransform
Transforming loader-1.1.0.aar (androidx.loader:loader:1.1.0) with JetifyTransform
Transforming loader-1.1.0.aar (androidx.loader:loader:1.1.0) with AarToClassTransform
Transforming loader-1.1.0.aar (androidx.loader:loader:1.1.0) with IdentityTransform
Transforming loader-1.1.0.aar (androidx.loader:loader:1.1.0) with CopyTransform
Transforming loader-1.1.0.aar (androidx.loader:loader:1.1.0) with JetifyTransform
Transforming loader-1.1.0.aar (androidx.loader:loader:1.1.0) with AarToClassTransform
Transforming loader-1.1.0.aar (androidx.loader:loader:1.1.0) with IdentityTransform
Transforming loader-1.1.0.aar (androidx.loader:loader:1.1.0) with CopyTransform
Transforming emoji2-views-helper-1.3.0.aar (androidx.emoji2:emoji2-views-helper:1.3.0) with JetifyTransform
Transforming emoji2-views-helper-1.3.0.aar (androidx.emoji2:emoji2-views-helper:1.3.0) with AarToClassTransform
Transforming emoji2-views-helper-1.3.0.aar (androidx.emoji2:emoji2-views-helper:1.3.0) with IdentityTransform
Transforming emoji2-views-helper-1.3.0.aar (androidx.emoji2:emoji2-views-helper:1.3.0) with CopyTransform
Transforming emoji2-1.3.0.aar (androidx.emoji2:emoji2:1.3.0) with JetifyTransform
Transforming emoji2-1.3.0.aar (androidx.emoji2:emoji2:1.3.0) with AarToClassTransform
Transforming emoji2-1.3.0.aar (androidx.emoji2:emoji2:1.3.0) with IdentityTransform
Transforming emoji2-1.3.0.aar (androidx.emoji2:emoji2:1.3.0) with CopyTransform
Transforming lifecycle-process-2.7.0.aar (androidx.lifecycle:lifecycle-process:2.7.0) with JetifyTransform
Transforming lifecycle-process-2.7.0.aar (androidx.lifecycle:lifecycle-process:2.7.0) with AarToClassTransform
Transforming lifecycle-process-2.7.0.aar (androidx.lifecycle:lifecycle-process:2.7.0) with IdentityTransform
Transforming lifecycle-process-2.7.0.aar (androidx.lifecycle:lifecycle-process:2.7.0) with CopyTransform
Transforming lifecycle-common-java8-2.7.0.jar (androidx.lifecycle:lifecycle-common-java8:2.7.0) with JetifyTransform
Transforming lifecycle-common-java8-2.7.0.jar (androidx.lifecycle:lifecycle-common-java8:2.7.0) with IdentityTransform
Transforming lifecycle-common-java8-2.7.0.jar (androidx.lifecycle:lifecycle-common-java8:2.7.0) with IdentityTransform
Transforming lifecycle-common-java8-2.7.0.jar (androidx.lifecycle:lifecycle-common-java8:2.7.0) with CopyTransform
Transforming lifecycle-livedata-core-2.7.0.aar (androidx.lifecycle:lifecycle-livedata-core:2.7.0) with JetifyTransform
Transforming lifecycle-livedata-core-2.7.0.aar (androidx.lifecycle:lifecycle-livedata-core:2.7.0) with AarToClassTransform
Transforming lifecycle-livedata-core-2.7.0.aar (androidx.lifecycle:lifecycle-livedata-core:2.7.0) with IdentityTransform
Transforming lifecycle-livedata-core-2.7.0.aar (androidx.lifecycle:lifecycle-livedata-core:2.7.0) with CopyTransform
Transforming lifecycle-livedata-core-2.7.0.aar (androidx.lifecycle:lifecycle-livedata-core:2.7.0) with JetifyTransform
Transforming lifecycle-livedata-core-2.7.0.aar (androidx.lifecycle:lifecycle-livedata-core:2.7.0) with AarToClassTransform
Transforming lifecycle-livedata-core-2.7.0.aar (androidx.lifecycle:lifecycle-livedata-core:2.7.0) with IdentityTransform
Transforming lifecycle-livedata-core-2.7.0.aar (androidx.lifecycle:lifecycle-livedata-core:2.7.0) with CopyTransform
Transforming lifecycle-livedata-core-ktx-2.7.0.aar (androidx.lifecycle:lifecycle-livedata-core-ktx:2.7.0) with JetifyTransform
Transforming lifecycle-livedata-core-ktx-2.7.0.aar (androidx.lifecycle:lifecycle-livedata-core-ktx:2.7.0) with AarToClassTransform
Transforming lifecycle-livedata-core-ktx-2.7.0.aar (androidx.lifecycle:lifecycle-livedata-core-ktx:2.7.0) with IdentityTransform
Transforming lifecycle-livedata-core-ktx-2.7.0.aar (androidx.lifecycle:lifecycle-livedata-core-ktx:2.7.0) with CopyTransform
Transforming lifecycle-livedata-2.7.0.aar (androidx.lifecycle:lifecycle-livedata:2.7.0) with JetifyTransform
Transforming lifecycle-livedata-2.7.0.aar (androidx.lifecycle:lifecycle-livedata:2.7.0) with AarToClassTransform
Transforming lifecycle-livedata-2.7.0.aar (androidx.lifecycle:lifecycle-livedata:2.7.0) with IdentityTransform
Transforming lifecycle-livedata-2.7.0.aar (androidx.lifecycle:lifecycle-livedata:2.7.0) with CopyTransform
Transforming googleid-1.1.0.aar (com.google.android.libraries.identity.googleid:googleid:1.1.0) with JetifyTransform
Transforming googleid-1.1.0.aar (com.google.android.libraries.identity.googleid:googleid:1.1.0) with AarToClassTransform
Transforming googleid-1.1.0.aar (com.google.android.libraries.identity.googleid:googleid:1.1.0) with IdentityTransform
Transforming googleid-1.1.0.aar (com.google.android.libraries.identity.googleid:googleid:1.1.0) with CopyTransform
Transforming credentials-1.0.0-alpha04.aar (androidx.credentials:credentials:1.0.0-alpha04) with JetifyTransform
Transforming credentials-1.0.0-alpha04.aar (androidx.credentials:credentials:1.0.0-alpha04) with AarToClassTransform
Transforming credentials-1.0.0-alpha04.aar (androidx.credentials:credentials:1.0.0-alpha04) with IdentityTransform
Transforming credentials-1.0.0-alpha04.aar (androidx.credentials:credentials:1.0.0-alpha04) with CopyTransform
Transforming kotlinx-coroutines-core-jvm-1.7.3.jar (org.jetbrains.kotlinx:kotlinx-coroutines-core-jvm:1.7.3) with JetifyTransform
Transforming kotlinx-coroutines-core-jvm-1.7.3.jar (org.jetbrains.kotlinx:kotlinx-coroutines-core-jvm:1.7.3) with IdentityTransform
Transforming kotlinx-coroutines-core-jvm-1.7.3.jar (org.jetbrains.kotlinx:kotlinx-coroutines-core-jvm:1.7.3) with IdentityTransform
Transforming kotlinx-coroutines-core-jvm-1.7.3.jar (org.jetbrains.kotlinx:kotlinx-coroutines-core-jvm:1.7.3) with CopyTransform
Transforming kotlinx-coroutines-play-services-1.7.3.jar (org.jetbrains.kotlinx:kotlinx-coroutines-play-services:1.7.3) with JetifyTransform
Transforming kotlinx-coroutines-play-services-1.7.3.jar (org.jetbrains.kotlinx:kotlinx-coroutines-play-services:1.7.3) with IdentityTransform
Transforming kotlinx-coroutines-play-services-1.7.3.jar (org.jetbrains.kotlinx:kotlinx-coroutines-play-services:1.7.3) with IdentityTransform
Transforming kotlinx-coroutines-play-services-1.7.3.jar (org.jetbrains.kotlinx:kotlinx-coroutines-play-services:1.7.3) with CopyTransform
Transforming play-services-tasks-18.2.0.aar (com.google.android.gms:play-services-tasks:18.2.0) with JetifyTransform
Transforming play-services-tasks-18.2.0.aar (com.google.android.gms:play-services-tasks:18.2.0) with AarToClassTransform
Transforming play-services-tasks-18.2.0.aar (com.google.android.gms:play-services-tasks:18.2.0) with IdentityTransform
Transforming play-services-tasks-18.2.0.aar (com.google.android.gms:play-services-tasks:18.2.0) with CopyTransform
Transforming play-services-tasks-18.2.0.aar (com.google.android.gms:play-services-tasks:18.2.0) with JetifyTransform
Transforming play-services-tasks-18.2.0.aar (com.google.android.gms:play-services-tasks:18.2.0) with AarToClassTransform
Transforming play-services-tasks-18.2.0.aar (com.google.android.gms:play-services-tasks:18.2.0) with IdentityTransform
Transforming play-services-tasks-18.2.0.aar (com.google.android.gms:play-services-tasks:18.2.0) with CopyTransform
Transforming play-services-basement-18.4.0.aar (com.google.android.gms:play-services-basement:18.4.0) with JetifyTransform
Transforming play-services-basement-18.4.0.aar (com.google.android.gms:play-services-basement:18.4.0) with AarToClassTransform
Transforming play-services-basement-18.4.0.aar (com.google.android.gms:play-services-basement:18.4.0) with IdentityTransform
Transforming play-services-basement-18.4.0.aar (com.google.android.gms:play-services-basement:18.4.0) with CopyTransform
Transforming fragment-1.6.2.aar (androidx.fragment:fragment:1.6.2) with JetifyTransform
Transforming fragment-1.6.2.aar (androidx.fragment:fragment:1.6.2) with AarToClassTransform
Transforming fragment-1.6.2.aar (androidx.fragment:fragment:1.6.2) with IdentityTransform
Transforming fragment-1.6.2.aar (androidx.fragment:fragment:1.6.2) with CopyTransform
Transforming fragment-1.6.2.aar (androidx.fragment:fragment:1.6.2) with JetifyTransform
Transforming fragment-1.6.2.aar (androidx.fragment:fragment:1.6.2) with AarToClassTransform
Transforming fragment-1.6.2.aar (androidx.fragment:fragment:1.6.2) with IdentityTransform
Transforming fragment-1.6.2.aar (androidx.fragment:fragment:1.6.2) with CopyTransform
Transforming fragment-ktx-1.6.2.aar (androidx.fragment:fragment-ktx:1.6.2) with JetifyTransform
Transforming fragment-ktx-1.6.2.aar (androidx.fragment:fragment-ktx:1.6.2) with AarToClassTransform
Transforming fragment-ktx-1.6.2.aar (androidx.fragment:fragment-ktx:1.6.2) with IdentityTransform
Transforming fragment-ktx-1.6.2.aar (androidx.fragment:fragment-ktx:1.6.2) with CopyTransform
Transforming savedstate-ktx-1.2.1.aar (androidx.savedstate:savedstate-ktx:1.2.1) with JetifyTransform
Transforming savedstate-ktx-1.2.1.aar (androidx.savedstate:savedstate-ktx:1.2.1) with AarToClassTransform
Transforming savedstate-ktx-1.2.1.aar (androidx.savedstate:savedstate-ktx:1.2.1) with IdentityTransform
Transforming savedstate-ktx-1.2.1.aar (androidx.savedstate:savedstate-ktx:1.2.1) with CopyTransform
Transforming savedstate-1.2.1.aar (androidx.savedstate:savedstate:1.2.1) with JetifyTransform
Transforming savedstate-1.2.1.aar (androidx.savedstate:savedstate:1.2.1) with AarToClassTransform
Transforming savedstate-1.2.1.aar (androidx.savedstate:savedstate:1.2.1) with IdentityTransform
Transforming savedstate-1.2.1.aar (androidx.savedstate:savedstate:1.2.1) with CopyTransform
Transforming lifecycle-common-2.7.0.jar (androidx.lifecycle:lifecycle-common:2.7.0) with JetifyTransform
Transforming lifecycle-common-2.7.0.jar (androidx.lifecycle:lifecycle-common:2.7.0) with IdentityTransform
Transforming lifecycle-common-2.7.0.jar (androidx.lifecycle:lifecycle-common:2.7.0) with IdentityTransform
Transforming lifecycle-common-2.7.0.jar (androidx.lifecycle:lifecycle-common:2.7.0) with CopyTransform
Transforming lifecycle-runtime-ktx-2.7.0.aar (androidx.lifecycle:lifecycle-runtime-ktx:2.7.0) with JetifyTransform
Transforming lifecycle-runtime-ktx-2.7.0.aar (androidx.lifecycle:lifecycle-runtime-ktx:2.7.0) with AarToClassTransform
Transforming lifecycle-runtime-ktx-2.7.0.aar (androidx.lifecycle:lifecycle-runtime-ktx:2.7.0) with IdentityTransform
Transforming lifecycle-runtime-ktx-2.7.0.aar (androidx.lifecycle:lifecycle-runtime-ktx:2.7.0) with CopyTransform
Transforming lifecycle-viewmodel-savedstate-2.7.0.aar (androidx.lifecycle:lifecycle-viewmodel-savedstate:2.7.0) with JetifyTransform
Transforming lifecycle-viewmodel-savedstate-2.7.0.aar (androidx.lifecycle:lifecycle-viewmodel-savedstate:2.7.0) with AarToClassTransform
Transforming lifecycle-viewmodel-savedstate-2.7.0.aar (androidx.lifecycle:lifecycle-viewmodel-savedstate:2.7.0) with IdentityTransform
Transforming lifecycle-viewmodel-savedstate-2.7.0.aar (androidx.lifecycle:lifecycle-viewmodel-savedstate:2.7.0) with CopyTransform
Transforming lifecycle-viewmodel-compose-2.7.0.aar (androidx.lifecycle:lifecycle-viewmodel-compose:2.7.0) with JetifyTransform
Transforming lifecycle-viewmodel-compose-2.7.0.aar (androidx.lifecycle:lifecycle-viewmodel-compose:2.7.0) with AarToClassTransform
Transforming lifecycle-viewmodel-compose-2.7.0.aar (androidx.lifecycle:lifecycle-viewmodel-compose:2.7.0) with IdentityTransform
Transforming lifecycle-viewmodel-compose-2.7.0.aar (androidx.lifecycle:lifecycle-viewmodel-compose:2.7.0) with CopyTransform
Transforming lifecycle-viewmodel-2.7.0.aar (androidx.lifecycle:lifecycle-viewmodel:2.7.0) with JetifyTransform
Transforming lifecycle-viewmodel-2.7.0.aar (androidx.lifecycle:lifecycle-viewmodel:2.7.0) with AarToClassTransform
Transforming lifecycle-viewmodel-2.7.0.aar (androidx.lifecycle:lifecycle-viewmodel:2.7.0) with IdentityTransform
Transforming lifecycle-viewmodel-2.7.0.aar (androidx.lifecycle:lifecycle-viewmodel:2.7.0) with CopyTransform
Transforming lifecycle-viewmodel-2.7.0.aar (androidx.lifecycle:lifecycle-viewmodel:2.7.0) with JetifyTransform
Transforming lifecycle-viewmodel-2.7.0.aar (androidx.lifecycle:lifecycle-viewmodel:2.7.0) with AarToClassTransform
Transforming lifecycle-viewmodel-2.7.0.aar (androidx.lifecycle:lifecycle-viewmodel:2.7.0) with IdentityTransform
Transforming lifecycle-viewmodel-2.7.0.aar (androidx.lifecycle:lifecycle-viewmodel:2.7.0) with CopyTransform
Transforming lifecycle-runtime-2.7.0.aar (androidx.lifecycle:lifecycle-runtime:2.7.0) with JetifyTransform
Transforming lifecycle-runtime-2.7.0.aar (androidx.lifecycle:lifecycle-runtime:2.7.0) with AarToClassTransform
Transforming lifecycle-runtime-2.7.0.aar (androidx.lifecycle:lifecycle-runtime:2.7.0) with IdentityTransform
Transforming lifecycle-runtime-2.7.0.aar (androidx.lifecycle:lifecycle-runtime:2.7.0) with CopyTransform
Transforming lifecycle-livedata-ktx-2.7.0.aar (androidx.lifecycle:lifecycle-livedata-ktx:2.7.0) with JetifyTransform
Transforming lifecycle-livedata-ktx-2.7.0.aar (androidx.lifecycle:lifecycle-livedata-ktx:2.7.0) with AarToClassTransform
Transforming lifecycle-livedata-ktx-2.7.0.aar (androidx.lifecycle:lifecycle-livedata-ktx:2.7.0) with IdentityTransform
Transforming lifecycle-livedata-ktx-2.7.0.aar (androidx.lifecycle:lifecycle-livedata-ktx:2.7.0) with CopyTransform
Transforming lifecycle-viewmodel-ktx-2.7.0.aar (androidx.lifecycle:lifecycle-viewmodel-ktx:2.7.0) with JetifyTransform
Transforming lifecycle-viewmodel-ktx-2.7.0.aar (androidx.lifecycle:lifecycle-viewmodel-ktx:2.7.0) with AarToClassTransform
Transforming lifecycle-viewmodel-ktx-2.7.0.aar (androidx.lifecycle:lifecycle-viewmodel-ktx:2.7.0) with IdentityTransform
Transforming lifecycle-viewmodel-ktx-2.7.0.aar (androidx.lifecycle:lifecycle-viewmodel-ktx:2.7.0) with CopyTransform
Transforming lifecycle-runtime-compose-2.7.0.aar (androidx.lifecycle:lifecycle-runtime-compose:2.7.0) with JetifyTransform
Transforming lifecycle-runtime-compose-2.7.0.aar (androidx.lifecycle:lifecycle-runtime-compose:2.7.0) with AarToClassTransform
Transforming lifecycle-runtime-compose-2.7.0.aar (androidx.lifecycle:lifecycle-runtime-compose:2.7.0) with IdentityTransform
Transforming lifecycle-runtime-compose-2.7.0.aar (androidx.lifecycle:lifecycle-runtime-compose:2.7.0) with CopyTransform
Transforming ui-release.aar (androidx.compose.ui:ui-android:1.6.1) with JetifyTransform
Transforming ui-release.aar (androidx.compose.ui:ui-android:1.6.1) with AarToClassTransform
Transforming ui-release.aar (androidx.compose.ui:ui-android:1.6.1) with IdentityTransform
Transforming ui-release.aar (androidx.compose.ui:ui-android:1.6.1) with CopyTransform
Transforming activity-ktx-1.8.2.aar (androidx.activity:activity-ktx:1.8.2) with JetifyTransform
Transforming activity-ktx-1.8.2.aar (androidx.activity:activity-ktx:1.8.2) with AarToClassTransform
Transforming activity-ktx-1.8.2.aar (androidx.activity:activity-ktx:1.8.2) with IdentityTransform
Transforming activity-ktx-1.8.2.aar (androidx.activity:activity-ktx:1.8.2) with CopyTransform
Transforming activity-compose-1.8.2.aar (androidx.activity:activity-compose:1.8.2) with JetifyTransform
Transforming activity-compose-1.8.2.aar (androidx.activity:activity-compose:1.8.2) with AarToClassTransform
Transforming activity-compose-1.8.2.aar (androidx.activity:activity-compose:1.8.2) with IdentityTransform
Transforming activity-compose-1.8.2.aar (androidx.activity:activity-compose:1.8.2) with CopyTransform
Transforming activity-1.8.2.aar (androidx.activity:activity:1.8.2) with JetifyTransform
Transforming activity-1.8.2.aar (androidx.activity:activity:1.8.2) with AarToClassTransform
Transforming activity-1.8.2.aar (androidx.activity:activity:1.8.2) with IdentityTransform
Transforming activity-1.8.2.aar (androidx.activity:activity:1.8.2) with CopyTransform
Transforming drawerlayout-1.1.1.aar (androidx.drawerlayout:drawerlayout:1.1.1) with JetifyTransform
Transforming drawerlayout-1.1.1.aar (androidx.drawerlayout:drawerlayout:1.1.1) with AarToClassTransform
Transforming drawerlayout-1.1.1.aar (androidx.drawerlayout:drawerlayout:1.1.1) with IdentityTransform
Transforming drawerlayout-1.1.1.aar (androidx.drawerlayout:drawerlayout:1.1.1) with CopyTransform
Transforming coordinatorlayout-1.1.0.aar (androidx.coordinatorlayout:coordinatorlayout:1.1.0) with JetifyTransform
Transforming coordinatorlayout-1.1.0.aar (androidx.coordinatorlayout:coordinatorlayout:1.1.0) with AarToClassTransform
Transforming coordinatorlayout-1.1.0.aar (androidx.coordinatorlayout:coordinatorlayout:1.1.0) with IdentityTransform
Transforming coordinatorlayout-1.1.0.aar (androidx.coordinatorlayout:coordinatorlayout:1.1.0) with CopyTransform
Transforming vectordrawable-animated-1.1.0.aar (androidx.vectordrawable:vectordrawable-animated:1.1.0) with JetifyTransform
Transforming vectordrawable-animated-1.1.0.aar (androidx.vectordrawable:vectordrawable-animated:1.1.0) with AarToClassTransform
Transforming vectordrawable-animated-1.1.0.aar (androidx.vectordrawable:vectordrawable-animated:1.1.0) with IdentityTransform
Transforming vectordrawable-animated-1.1.0.aar (androidx.vectordrawable:vectordrawable-animated:1.1.0) with CopyTransform
Transforming vectordrawable-1.1.0.aar (androidx.vectordrawable:vectordrawable:1.1.0) with JetifyTransform
Transforming vectordrawable-1.1.0.aar (androidx.vectordrawable:vectordrawable:1.1.0) with AarToClassTransform
Transforming vectordrawable-1.1.0.aar (androidx.vectordrawable:vectordrawable:1.1.0) with IdentityTransform
Transforming vectordrawable-1.1.0.aar (androidx.vectordrawable:vectordrawable:1.1.0) with CopyTransform
Transforming vectordrawable-1.1.0.aar (androidx.vectordrawable:vectordrawable:1.1.0) with JetifyTransform
Transforming vectordrawable-1.1.0.aar (androidx.vectordrawable:vectordrawable:1.1.0) with AarToClassTransform
Transforming vectordrawable-1.1.0.aar (androidx.vectordrawable:vectordrawable:1.1.0) with IdentityTransform
Transforming vectordrawable-1.1.0.aar (androidx.vectordrawable:vectordrawable:1.1.0) with CopyTransform
Transforming recyclerview-1.1.0.aar (androidx.recyclerview:recyclerview:1.1.0) with JetifyTransform
Transforming recyclerview-1.1.0.aar (androidx.recyclerview:recyclerview:1.1.0) with AarToClassTransform
Transforming recyclerview-1.1.0.aar (androidx.recyclerview:recyclerview:1.1.0) with IdentityTransform
Transforming recyclerview-1.1.0.aar (androidx.recyclerview:recyclerview:1.1.0) with CopyTransform
Transforming recyclerview-1.1.0.aar (androidx.recyclerview:recyclerview:1.1.0) with JetifyTransform
Transforming recyclerview-1.1.0.aar (androidx.recyclerview:recyclerview:1.1.0) with AarToClassTransform
Transforming recyclerview-1.1.0.aar (androidx.recyclerview:recyclerview:1.1.0) with IdentityTransform
Transforming recyclerview-1.1.0.aar (androidx.recyclerview:recyclerview:1.1.0) with CopyTransform
Transforming viewpager-1.0.0.aar (androidx.viewpager:viewpager:1.0.0) with JetifyTransform
Transforming viewpager-1.0.0.aar (androidx.viewpager:viewpager:1.0.0) with AarToClassTransform
Transforming viewpager-1.0.0.aar (androidx.viewpager:viewpager:1.0.0) with IdentityTransform
Transforming viewpager-1.0.0.aar (androidx.viewpager:viewpager:1.0.0) with CopyTransform
Transforming customview-1.1.0.aar (androidx.customview:customview:1.1.0) with JetifyTransform
Transforming customview-1.1.0.aar (androidx.customview:customview:1.1.0) with AarToClassTransform
Transforming customview-1.1.0.aar (androidx.customview:customview:1.1.0) with IdentityTransform
Transforming customview-1.1.0.aar (androidx.customview:customview:1.1.0) with CopyTransform
Transforming customview-1.1.0.aar (androidx.customview:customview:1.1.0) with JetifyTransform
Transforming customview-1.1.0.aar (androidx.customview:customview:1.1.0) with AarToClassTransform
Transforming customview-1.1.0.aar (androidx.customview:customview:1.1.0) with IdentityTransform
Transforming customview-1.1.0.aar (androidx.customview:customview:1.1.0) with CopyTransform
Transforming browser-1.4.0.aar (androidx.browser:browser:1.4.0) with JetifyTransform
Transforming browser-1.4.0.aar (androidx.browser:browser:1.4.0) with AarToClassTransform
Transforming browser-1.4.0.aar (androidx.browser:browser:1.4.0) with IdentityTransform
Transforming browser-1.4.0.aar (androidx.browser:browser:1.4.0) with CopyTransform
Transforming autofill-1.0.0.aar (androidx.autofill:autofill:1.0.0) with JetifyTransform
Transforming autofill-1.0.0.aar (androidx.autofill:autofill:1.0.0) with AarToClassTransform
Transforming autofill-1.0.0.aar (androidx.autofill:autofill:1.0.0) with IdentityTransform
Transforming autofill-1.0.0.aar (androidx.autofill:autofill:1.0.0) with CopyTransform
Transforming transition-1.4.1.aar (androidx.transition:transition:1.4.1) with JetifyTransform
Transforming transition-1.4.1.aar (androidx.transition:transition:1.4.1) with AarToClassTransform
Transforming transition-1.4.1.aar (androidx.transition:transition:1.4.1) with IdentityTransform
Transforming transition-1.4.1.aar (androidx.transition:transition:1.4.1) with CopyTransform
Transforming core-1.12.0.aar (androidx.core:core:1.12.0) with JetifyTransform
Transforming core-1.12.0.aar (androidx.core:core:1.12.0) with AarToClassTransform
Transforming core-1.12.0.aar (androidx.core:core:1.12.0) with IdentityTransform
Transforming core-1.12.0.aar (androidx.core:core:1.12.0) with CopyTransform
Transforming core-1.12.0.aar (androidx.core:core:1.12.0) with JetifyTransform
Transforming core-1.12.0.aar (androidx.core:core:1.12.0) with AarToClassTransform
Transforming core-1.12.0.aar (androidx.core:core:1.12.0) with IdentityTransform
Transforming core-1.12.0.aar (androidx.core:core:1.12.0) with CopyTransform
Transforming customview-poolingcontainer-1.0.0.aar (androidx.customview:customview-poolingcontainer:1.0.0) with JetifyTransform
Transforming customview-poolingcontainer-1.0.0.aar (androidx.customview:customview-poolingcontainer:1.0.0) with AarToClassTransform
Transforming customview-poolingcontainer-1.0.0.aar (androidx.customview:customview-poolingcontainer:1.0.0) with IdentityTransform
Transforming customview-poolingcontainer-1.0.0.aar (androidx.customview:customview-poolingcontainer:1.0.0) with CopyTransform
Transforming core-ktx-1.12.0.aar (androidx.core:core-ktx:1.12.0) with JetifyTransform
Transforming core-ktx-1.12.0.aar (androidx.core:core-ktx:1.12.0) with AarToClassTransform
Transforming core-ktx-1.12.0.aar (androidx.core:core-ktx:1.12.0) with IdentityTransform
Transforming core-ktx-1.12.0.aar (androidx.core:core-ktx:1.12.0) with CopyTransform
Transforming core-splashscreen-1.0.1.aar (androidx.core:core-splashscreen:1.0.1) with JetifyTransform
Transforming core-splashscreen-1.0.1.aar (androidx.core:core-splashscreen:1.0.1) with AarToClassTransform
Transforming core-splashscreen-1.0.1.aar (androidx.core:core-splashscreen:1.0.1) with IdentityTransform
Transforming core-splashscreen-1.0.1.aar (androidx.core:core-splashscreen:1.0.1) with CopyTransform
Transforming sqlite-framework-2.4.0.aar (androidx.sqlite:sqlite-framework:2.4.0) with JetifyTransform
Transforming sqlite-framework-2.4.0.aar (androidx.sqlite:sqlite-framework:2.4.0) with AarToClassTransform
Transforming sqlite-framework-2.4.0.aar (androidx.sqlite:sqlite-framework:2.4.0) with IdentityTransform
Transforming sqlite-framework-2.4.0.aar (androidx.sqlite:sqlite-framework:2.4.0) with CopyTransform
Transforming sqlite-2.4.0.aar (androidx.sqlite:sqlite:2.4.0) with JetifyTransform
Transforming sqlite-2.4.0.aar (androidx.sqlite:sqlite:2.4.0) with AarToClassTransform
Transforming sqlite-2.4.0.aar (androidx.sqlite:sqlite:2.4.0) with IdentityTransform
Transforming sqlite-2.4.0.aar (androidx.sqlite:sqlite:2.4.0) with CopyTransform
Transforming okhttp-4.12.0.jar (com.squareup.okhttp3:okhttp:4.12.0) with JetifyTransform
Transforming okhttp-4.12.0.jar (com.squareup.okhttp3:okhttp:4.12.0) with IdentityTransform
Transforming okhttp-4.12.0.jar (com.squareup.okhttp3:okhttp:4.12.0) with IdentityTransform
Transforming okhttp-4.12.0.jar (com.squareup.okhttp3:okhttp:4.12.0) with CopyTransform
Transforming okio-jvm-3.6.0.jar (com.squareup.okio:okio-jvm:3.6.0) with JetifyTransform
Transforming okio-jvm-3.6.0.jar (com.squareup.okio:okio-jvm:3.6.0) with IdentityTransform
Transforming okio-jvm-3.6.0.jar (com.squareup.okio:okio-jvm:3.6.0) with IdentityTransform
Transforming okio-jvm-3.6.0.jar (com.squareup.okio:okio-jvm:3.6.0) with CopyTransform
Transforming kotlin-stdlib-jdk8-1.9.10.jar (org.jetbrains.kotlin:kotlin-stdlib-jdk8:1.9.10) with JetifyTransform
Transforming kotlin-stdlib-jdk8-1.9.10.jar (org.jetbrains.kotlin:kotlin-stdlib-jdk8:1.9.10) with IdentityTransform
Transforming kotlin-stdlib-jdk8-1.9.10.jar (org.jetbrains.kotlin:kotlin-stdlib-jdk8:1.9.10) with IdentityTransform
Transforming kotlin-stdlib-jdk8-1.9.10.jar (org.jetbrains.kotlin:kotlin-stdlib-jdk8:1.9.10) with CopyTransform
Transforming kotlin-stdlib-jdk7-1.9.10.jar (org.jetbrains.kotlin:kotlin-stdlib-jdk7:1.9.10) with JetifyTransform
Transforming kotlin-stdlib-jdk7-1.9.10.jar (org.jetbrains.kotlin:kotlin-stdlib-jdk7:1.9.10) with IdentityTransform
Transforming kotlin-stdlib-jdk7-1.9.10.jar (org.jetbrains.kotlin:kotlin-stdlib-jdk7:1.9.10) with IdentityTransform
Transforming kotlin-stdlib-jdk7-1.9.10.jar (org.jetbrains.kotlin:kotlin-stdlib-jdk7:1.9.10) with CopyTransform
Transforming annotation-experimental-1.4.0.aar (androidx.annotation:annotation-experimental:1.4.0) with JetifyTransform
Transforming annotation-experimental-1.4.0.aar (androidx.annotation:annotation-experimental:1.4.0) with AarToClassTransform
Transforming annotation-experimental-1.4.0.aar (androidx.annotation:annotation-experimental:1.4.0) with IdentityTransform
Transforming annotation-experimental-1.4.0.aar (androidx.annotation:annotation-experimental:1.4.0) with CopyTransform
Transforming versionedparcelable-1.1.1.aar (androidx.versionedparcelable:versionedparcelable:1.1.1) with JetifyTransform
Transforming versionedparcelable-1.1.1.aar (androidx.versionedparcelable:versionedparcelable:1.1.1) with AarToClassTransform
Transforming versionedparcelable-1.1.1.aar (androidx.versionedparcelable:versionedparcelable:1.1.1) with IdentityTransform
Transforming versionedparcelable-1.1.1.aar (androidx.versionedparcelable:versionedparcelable:1.1.1) with CopyTransform
Transforming collection-ktx-1.4.0.jar (androidx.collection:collection-ktx:1.4.0) with JetifyTransform
Transforming collection-ktx-1.4.0.jar (androidx.collection:collection-ktx:1.4.0) with IdentityTransform
Transforming collection-ktx-1.4.0.jar (androidx.collection:collection-ktx:1.4.0) with IdentityTransform
Transforming collection-ktx-1.4.0.jar (androidx.collection:collection-ktx:1.4.0) with CopyTransform
Transforming collection-jvm-1.4.0.jar (androidx.collection:collection-jvm:1.4.0) with JetifyTransform
Transforming collection-jvm-1.4.0.jar (androidx.collection:collection-jvm:1.4.0) with IdentityTransform
Transforming collection-jvm-1.4.0.jar (androidx.collection:collection-jvm:1.4.0) with IdentityTransform
Transforming collection-jvm-1.4.0.jar (androidx.collection:collection-jvm:1.4.0) with CopyTransform
Transforming MPAndroidChart-3.1.0.aar (com.github.PhilJay:MPAndroidChart:3.1.0) with JetifyTransform
Transforming MPAndroidChart-3.1.0.aar (com.github.PhilJay:MPAndroidChart:3.1.0) with AarToClassTransform
Transforming MPAndroidChart-3.1.0.aar (com.github.PhilJay:MPAndroidChart:3.1.0) with IdentityTransform
Transforming MPAndroidChart-3.1.0.aar (com.github.PhilJay:MPAndroidChart:3.1.0) with CopyTransform
Transforming cursoradapter-1.0.0.aar (androidx.cursoradapter:cursoradapter:1.0.0) with JetifyTransform
Transforming cursoradapter-1.0.0.aar (androidx.cursoradapter:cursoradapter:1.0.0) with AarToClassTransform
Transforming cursoradapter-1.0.0.aar (androidx.cursoradapter:cursoradapter:1.0.0) with IdentityTransform
Transforming cursoradapter-1.0.0.aar (androidx.cursoradapter:cursoradapter:1.0.0) with CopyTransform
Transforming resourceinspection-annotation-1.0.1.jar (androidx.resourceinspection:resourceinspection-annotation:1.0.1) with JetifyTransform
Transforming resourceinspection-annotation-1.0.1.jar (androidx.resourceinspection:resourceinspection-annotation:1.0.1) with IdentityTransform
Transforming resourceinspection-annotation-1.0.1.jar (androidx.resourceinspection:resourceinspection-annotation:1.0.1) with IdentityTransform
Transforming resourceinspection-annotation-1.0.1.jar (androidx.resourceinspection:resourceinspection-annotation:1.0.1) with CopyTransform
Transforming cardview-1.0.0.aar (androidx.cardview:cardview:1.0.0) with JetifyTransform
Transforming cardview-1.0.0.aar (androidx.cardview:cardview:1.0.0) with AarToClassTransform
Transforming cardview-1.0.0.aar (androidx.cardview:cardview:1.0.0) with IdentityTransform
Transforming cardview-1.0.0.aar (androidx.cardview:cardview:1.0.0) with CopyTransform
Transforming profileinstaller-1.3.1.aar (androidx.profileinstaller:profileinstaller:1.3.1) with JetifyTransform
Transforming profileinstaller-1.3.1.aar (androidx.profileinstaller:profileinstaller:1.3.1) with AarToClassTransform
Transforming profileinstaller-1.3.1.aar (androidx.profileinstaller:profileinstaller:1.3.1) with IdentityTransform
Transforming profileinstaller-1.3.1.aar (androidx.profileinstaller:profileinstaller:1.3.1) with CopyTransform
Transforming startup-runtime-1.1.1.aar (androidx.startup:startup-runtime:1.1.1) with JetifyTransform
Transforming startup-runtime-1.1.1.aar (androidx.startup:startup-runtime:1.1.1) with AarToClassTransform
Transforming startup-runtime-1.1.1.aar (androidx.startup:startup-runtime:1.1.1) with IdentityTransform
Transforming startup-runtime-1.1.1.aar (androidx.startup:startup-runtime:1.1.1) with CopyTransform
Transforming tracing-1.0.0.aar (androidx.tracing:tracing:1.0.0) with JetifyTransform
Transforming tracing-1.0.0.aar (androidx.tracing:tracing:1.0.0) with AarToClassTransform
Transforming tracing-1.0.0.aar (androidx.tracing:tracing:1.0.0) with IdentityTransform
Transforming tracing-1.0.0.aar (androidx.tracing:tracing:1.0.0) with CopyTransform
Transforming core-runtime-2.2.0.aar (androidx.arch.core:core-runtime:2.2.0) with JetifyTransform
Transforming core-runtime-2.2.0.aar (androidx.arch.core:core-runtime:2.2.0) with AarToClassTransform
Transforming core-runtime-2.2.0.aar (androidx.arch.core:core-runtime:2.2.0) with IdentityTransform
Transforming core-runtime-2.2.0.aar (androidx.arch.core:core-runtime:2.2.0) with CopyTransform
Transforming transport-backend-cct-2.3.3.aar (com.google.android.datatransport:transport-backend-cct:2.3.3) with JetifyTransform
Transforming transport-backend-cct-2.3.3.aar (com.google.android.datatransport:transport-backend-cct:2.3.3) with AarToClassTransform
Transforming transport-backend-cct-2.3.3.aar (com.google.android.datatransport:transport-backend-cct:2.3.3) with IdentityTransform
Transforming transport-backend-cct-2.3.3.aar (com.google.android.datatransport:transport-backend-cct:2.3.3) with CopyTransform
Transforming transport-runtime-2.2.6.aar (com.google.android.datatransport:transport-runtime:2.2.6) with JetifyTransform
Transforming transport-runtime-2.2.6.aar (com.google.android.datatransport:transport-runtime:2.2.6) with AarToClassTransform
Transforming transport-runtime-2.2.6.aar (com.google.android.datatransport:transport-runtime:2.2.6) with IdentityTransform
Transforming transport-runtime-2.2.6.aar (com.google.android.datatransport:transport-runtime:2.2.6) with CopyTransform
Transforming transport-api-2.2.1.aar (com.google.android.datatransport:transport-api:2.2.1) with JetifyTransform
Transforming transport-api-2.2.1.aar (com.google.android.datatransport:transport-api:2.2.1) with AarToClassTransform
Transforming transport-api-2.2.1.aar (com.google.android.datatransport:transport-api:2.2.1) with IdentityTransform
Transforming transport-api-2.2.1.aar (com.google.android.datatransport:transport-api:2.2.1) with CopyTransform
Transforming firebase-encoders-json-17.1.0.aar (com.google.firebase:firebase-encoders-json:17.1.0) with JetifyTransform
Transforming firebase-encoders-json-17.1.0.aar (com.google.firebase:firebase-encoders-json:17.1.0) with AarToClassTransform
Transforming firebase-encoders-json-17.1.0.aar (com.google.firebase:firebase-encoders-json:17.1.0) with IdentityTransform
Transforming firebase-encoders-json-17.1.0.aar (com.google.firebase:firebase-encoders-json:17.1.0) with CopyTransform
Transforming firebase-encoders-17.0.0.jar (com.google.firebase:firebase-encoders:17.0.0) with JetifyTransform
Transforming firebase-encoders-17.0.0.jar (com.google.firebase:firebase-encoders:17.0.0) with IdentityTransform
Transforming firebase-encoders-17.0.0.jar (com.google.firebase:firebase-encoders:17.0.0) with IdentityTransform
Transforming firebase-encoders-17.0.0.jar (com.google.firebase:firebase-encoders:17.0.0) with CopyTransform
Transforming interpolator-1.0.0.aar (androidx.interpolator:interpolator:1.0.0) with JetifyTransform
Transforming interpolator-1.0.0.aar (androidx.interpolator:interpolator:1.0.0) with AarToClassTransform
Transforming interpolator-1.0.0.aar (androidx.interpolator:interpolator:1.0.0) with IdentityTransform
Transforming interpolator-1.0.0.aar (androidx.interpolator:interpolator:1.0.0) with CopyTransform
Transforming interpolator-1.0.0.aar (androidx.interpolator:interpolator:1.0.0) with JetifyTransform
Transforming interpolator-1.0.0.aar (androidx.interpolator:interpolator:1.0.0) with AarToClassTransform
Transforming interpolator-1.0.0.aar (androidx.interpolator:interpolator:1.0.0) with IdentityTransform
Transforming interpolator-1.0.0.aar (androidx.interpolator:interpolator:1.0.0) with CopyTransform
Transforming core-common-2.2.0.jar (androidx.arch.core:core-common:2.2.0) with JetifyTransform
Transforming core-common-2.2.0.jar (androidx.arch.core:core-common:2.2.0) with IdentityTransform
Transforming core-common-2.2.0.jar (androidx.arch.core:core-common:2.2.0) with IdentityTransform
Transforming core-common-2.2.0.jar (androidx.arch.core:core-common:2.2.0) with CopyTransform
Transforming firebase-components-17.1.5.aar (com.google.firebase:firebase-components:17.1.5) with JetifyTransform
Transforming firebase-components-17.1.5.aar (com.google.firebase:firebase-components:17.1.5) with AarToClassTransform
Transforming firebase-components-17.1.5.aar (com.google.firebase:firebase-components:17.1.5) with IdentityTransform
Transforming firebase-components-17.1.5.aar (com.google.firebase:firebase-components:17.1.5) with CopyTransform
Transforming firebase-components-17.1.5.aar (com.google.firebase:firebase-components:17.1.5) with JetifyTransform
Transforming firebase-components-17.1.5.aar (com.google.firebase:firebase-components:17.1.5) with AarToClassTransform
Transforming firebase-components-17.1.5.aar (com.google.firebase:firebase-components:17.1.5) with IdentityTransform
Transforming firebase-components-17.1.5.aar (com.google.firebase:firebase-components:17.1.5) with CopyTransform
Transforming localbroadcastmanager-1.0.0.aar (androidx.localbroadcastmanager:localbroadcastmanager:1.0.0) with JetifyTransform
Transforming localbroadcastmanager-1.0.0.aar (androidx.localbroadcastmanager:localbroadcastmanager:1.0.0) with AarToClassTransform
Transforming localbroadcastmanager-1.0.0.aar (androidx.localbroadcastmanager:localbroadcastmanager:1.0.0) with IdentityTransform
Transforming localbroadcastmanager-1.0.0.aar (androidx.localbroadcastmanager:localbroadcastmanager:1.0.0) with CopyTransform
Transforming documentfile-1.0.0.aar (androidx.documentfile:documentfile:1.0.0) with JetifyTransform
Transforming documentfile-1.0.0.aar (androidx.documentfile:documentfile:1.0.0) with AarToClassTransform
Transforming documentfile-1.0.0.aar (androidx.documentfile:documentfile:1.0.0) with IdentityTransform
Transforming documentfile-1.0.0.aar (androidx.documentfile:documentfile:1.0.0) with CopyTransform
Transforming print-1.0.0.aar (androidx.print:print:1.0.0) with JetifyTransform
Transforming print-1.0.0.aar (androidx.print:print:1.0.0) with AarToClassTransform
Transforming print-1.0.0.aar (androidx.print:print:1.0.0) with IdentityTransform
Transforming print-1.0.0.aar (androidx.print:print:1.0.0) with CopyTransform
Transforming exifinterface-1.3.6.aar (androidx.exifinterface:exifinterface:1.3.6) with JetifyTransform
Transforming exifinterface-1.3.6.aar (androidx.exifinterface:exifinterface:1.3.6) with AarToClassTransform
Transforming exifinterface-1.3.6.aar (androidx.exifinterface:exifinterface:1.3.6) with IdentityTransform
Transforming exifinterface-1.3.6.aar (androidx.exifinterface:exifinterface:1.3.6) with CopyTransform
Transforming exifinterface-1.3.6.aar (androidx.exifinterface:exifinterface:1.3.6) with JetifyTransform
Transforming exifinterface-1.3.6.aar (androidx.exifinterface:exifinterface:1.3.6) with AarToClassTransform
Transforming exifinterface-1.3.6.aar (androidx.exifinterface:exifinterface:1.3.6) with IdentityTransform
Transforming exifinterface-1.3.6.aar (androidx.exifinterface:exifinterface:1.3.6) with CopyTransform
Transforming concurrent-futures-1.1.0.jar (androidx.concurrent:concurrent-futures:1.1.0) with JetifyTransform
Transforming concurrent-futures-1.1.0.jar (androidx.concurrent:concurrent-futures:1.1.0) with IdentityTransform
Transforming concurrent-futures-1.1.0.jar (androidx.concurrent:concurrent-futures:1.1.0) with IdentityTransform
Transforming concurrent-futures-1.1.0.jar (androidx.concurrent:concurrent-futures:1.1.0) with CopyTransform
Transforming annotation-jvm-1.7.0.jar (androidx.annotation:annotation-jvm:1.7.0) with JetifyTransform
Transforming annotation-jvm-1.7.0.jar (androidx.annotation:annotation-jvm:1.7.0) with IdentityTransform
Transforming annotation-jvm-1.7.0.jar (androidx.annotation:annotation-jvm:1.7.0) with IdentityTransform
Transforming annotation-jvm-1.7.0.jar (androidx.annotation:annotation-jvm:1.7.0) with CopyTransform
Transforming kotlin-stdlib-2.0.21.jar (org.jetbrains.kotlin:kotlin-stdlib:2.0.21) with JetifyTransform
Transforming kotlin-stdlib-2.0.21.jar (org.jetbrains.kotlin:kotlin-stdlib:2.0.21) with IdentityTransform
Transforming kotlin-stdlib-2.0.21.jar (org.jetbrains.kotlin:kotlin-stdlib:2.0.21) with IdentityTransform
Transforming kotlin-stdlib-2.0.21.jar (org.jetbrains.kotlin:kotlin-stdlib:2.0.21) with CopyTransform
Transforming layout-7.2.5.jar (com.itextpdf:layout:7.2.5) with JetifyTransform
Transforming layout-7.2.5.jar (com.itextpdf:layout:7.2.5) with IdentityTransform
Transforming layout-7.2.5.jar (com.itextpdf:layout:7.2.5) with IdentityTransform
Transforming layout-7.2.5.jar (com.itextpdf:layout:7.2.5) with CopyTransform
Transforming kernel-7.2.5.jar (com.itextpdf:kernel:7.2.5) with JetifyTransform
Transforming kernel-7.2.5.jar (com.itextpdf:kernel:7.2.5) with IdentityTransform
Transforming kernel-7.2.5.jar (com.itextpdf:kernel:7.2.5) with IdentityTransform
Transforming kernel-7.2.5.jar (com.itextpdf:kernel:7.2.5) with CopyTransform
Transforming io-7.2.5.jar (com.itextpdf:io:7.2.5) with JetifyTransform
Transforming io-7.2.5.jar (com.itextpdf:io:7.2.5) with IdentityTransform
Transforming io-7.2.5.jar (com.itextpdf:io:7.2.5) with IdentityTransform
Transforming io-7.2.5.jar (com.itextpdf:io:7.2.5) with CopyTransform
Transforming core-3.5.3.jar (com.google.zxing:core:3.5.3) with JetifyTransform
Transforming core-3.5.3.jar (com.google.zxing:core:3.5.3) with IdentityTransform
Transforming core-3.5.3.jar (com.google.zxing:core:3.5.3) with IdentityTransform
Transforming core-3.5.3.jar (com.google.zxing:core:3.5.3) with CopyTransform
Transforming poi-ooxml-5.2.5.jar (org.apache.poi:poi-ooxml:5.2.5) with JetifyTransform
Transforming poi-ooxml-5.2.5.jar (org.apache.poi:poi-ooxml:5.2.5) with IdentityTransform
Transforming poi-ooxml-5.2.5.jar (org.apache.poi:poi-ooxml:5.2.5) with IdentityTransform
Transforming poi-ooxml-5.2.5.jar (org.apache.poi:poi-ooxml:5.2.5) with CopyTransform
Transforming poi-5.2.5.jar (org.apache.poi:poi:5.2.5) with JetifyTransform
Transforming poi-5.2.5.jar (org.apache.poi:poi:5.2.5) with IdentityTransform
Transforming poi-5.2.5.jar (org.apache.poi:poi:5.2.5) with IdentityTransform
Transforming poi-5.2.5.jar (org.apache.poi:poi:5.2.5) with CopyTransform
Transforming jakarta.mail-2.0.1.jar (com.sun.mail:jakarta.mail:2.0.1) with JetifyTransform
Transforming jakarta.mail-2.0.1.jar (com.sun.mail:jakarta.mail:2.0.1) with IdentityTransform
Transforming jakarta.mail-2.0.1.jar (com.sun.mail:jakarta.mail:2.0.1) with IdentityTransform
Transforming jakarta.mail-2.0.1.jar (com.sun.mail:jakarta.mail:2.0.1) with CopyTransform
Transforming annotations-23.0.0.jar (org.jetbrains:annotations:23.0.0) with JetifyTransform
Transforming annotations-23.0.0.jar (org.jetbrains:annotations:23.0.0) with IdentityTransform
Transforming annotations-23.0.0.jar (org.jetbrains:annotations:23.0.0) with IdentityTransform
Transforming annotations-23.0.0.jar (org.jetbrains:annotations:23.0.0) with CopyTransform
Transforming error_prone_annotations-2.15.0.jar (com.google.errorprone:error_prone_annotations:2.15.0) with JetifyTransform
Transforming error_prone_annotations-2.15.0.jar (com.google.errorprone:error_prone_annotations:2.15.0) with IdentityTransform
Transforming error_prone_annotations-2.15.0.jar (com.google.errorprone:error_prone_annotations:2.15.0) with IdentityTransform
Transforming error_prone_annotations-2.15.0.jar (com.google.errorprone:error_prone_annotations:2.15.0) with CopyTransform
Transforming constraintlayout-core-1.0.4.jar (androidx.constraintlayout:constraintlayout-core:1.0.4) with JetifyTransform
Transforming constraintlayout-core-1.0.4.jar (androidx.constraintlayout:constraintlayout-core:1.0.4) with IdentityTransform
Transforming constraintlayout-core-1.0.4.jar (androidx.constraintlayout:constraintlayout-core:1.0.4) with IdentityTransform
Transforming constraintlayout-core-1.0.4.jar (androidx.constraintlayout:constraintlayout-core:1.0.4) with CopyTransform
Transforming hilt-core-2.48.jar (com.google.dagger:hilt-core:2.48) with JetifyTransform
Transforming hilt-core-2.48.jar (com.google.dagger:hilt-core:2.48) with IdentityTransform
Transforming hilt-core-2.48.jar (com.google.dagger:hilt-core:2.48) with IdentityTransform
Transforming hilt-core-2.48.jar (com.google.dagger:hilt-core:2.48) with CopyTransform
Transforming dagger-2.48.jar (com.google.dagger:dagger:2.48) with JetifyTransform
Transforming dagger-2.48.jar (com.google.dagger:dagger:2.48) with IdentityTransform
Transforming dagger-2.48.jar (com.google.dagger:dagger:2.48) with IdentityTransform
Transforming dagger-2.48.jar (com.google.dagger:dagger:2.48) with CopyTransform
Transforming dagger-lint-aar-2.48.aar (com.google.dagger:dagger-lint-aar:2.48) with JetifyTransform
Transforming dagger-lint-aar-2.48.aar (com.google.dagger:dagger-lint-aar:2.48) with AarToClassTransform
Transforming dagger-lint-aar-2.48.aar (com.google.dagger:dagger-lint-aar:2.48) with IdentityTransform
Transforming dagger-lint-aar-2.48.aar (com.google.dagger:dagger-lint-aar:2.48) with CopyTransform
Transforming jsr305-3.0.2.jar (com.google.code.findbugs:jsr305:3.0.2) with JetifyTransform
Transforming jsr305-3.0.2.jar (com.google.code.findbugs:jsr305:3.0.2) with IdentityTransform
Transforming jsr305-3.0.2.jar (com.google.code.findbugs:jsr305:3.0.2) with IdentityTransform
Transforming jsr305-3.0.2.jar (com.google.code.findbugs:jsr305:3.0.2) with CopyTransform
Transforming firebase-annotations-16.2.0.jar (com.google.firebase:firebase-annotations:16.2.0) with JetifyTransform
Transforming firebase-annotations-16.2.0.jar (com.google.firebase:firebase-annotations:16.2.0) with IdentityTransform
Transforming firebase-annotations-16.2.0.jar (com.google.firebase:firebase-annotations:16.2.0) with IdentityTransform
Transforming firebase-annotations-16.2.0.jar (com.google.firebase:firebase-annotations:16.2.0) with CopyTransform
Transforming javax.inject-1.jar (javax.inject:javax.inject:1) with JetifyTransform
Transforming javax.inject-1.jar (javax.inject:javax.inject:1) with IdentityTransform
Transforming javax.inject-1.jar (javax.inject:javax.inject:1) with IdentityTransform
Transforming javax.inject-1.jar (javax.inject:javax.inject:1) with CopyTransform
Transforming bcpkix-jdk15on-1.70.jar (org.bouncycastle:bcpkix-jdk15on:1.70) with JetifyTransform
Transforming bcpkix-jdk15on-1.70.jar (org.bouncycastle:bcpkix-jdk15on:1.70) with IdentityTransform
Transforming bcpkix-jdk15on-1.70.jar (org.bouncycastle:bcpkix-jdk15on:1.70) with IdentityTransform
Transforming bcpkix-jdk15on-1.70.jar (org.bouncycastle:bcpkix-jdk15on:1.70) with CopyTransform
Transforming bcutil-jdk15on-1.70.jar (org.bouncycastle:bcutil-jdk15on:1.70) with JetifyTransform
Transforming bcutil-jdk15on-1.70.jar (org.bouncycastle:bcutil-jdk15on:1.70) with IdentityTransform
Transforming bcutil-jdk15on-1.70.jar (org.bouncycastle:bcutil-jdk15on:1.70) with IdentityTransform
Transforming bcutil-jdk15on-1.70.jar (org.bouncycastle:bcutil-jdk15on:1.70) with CopyTransform
Transforming bcprov-jdk15on-1.70.jar (org.bouncycastle:bcprov-jdk15on:1.70) with JetifyTransform
Transforming bcprov-jdk15on-1.70.jar (org.bouncycastle:bcprov-jdk15on:1.70) with IdentityTransform
Transforming bcprov-jdk15on-1.70.jar (org.bouncycastle:bcprov-jdk15on:1.70) with IdentityTransform
Transforming bcprov-jdk15on-1.70.jar (org.bouncycastle:bcprov-jdk15on:1.70) with CopyTransform
Transforming commons-7.2.5.jar (com.itextpdf:commons:7.2.5) with JetifyTransform
Transforming commons-7.2.5.jar (com.itextpdf:commons:7.2.5) with IdentityTransform
Transforming commons-7.2.5.jar (com.itextpdf:commons:7.2.5) with IdentityTransform
Transforming commons-7.2.5.jar (com.itextpdf:commons:7.2.5) with CopyTransform
Transforming slf4j-api-1.7.36.jar (org.slf4j:slf4j-api:1.7.36) with JetifyTransform
Transforming slf4j-api-1.7.36.jar (org.slf4j:slf4j-api:1.7.36) with IdentityTransform
Transforming slf4j-api-1.7.36.jar (org.slf4j:slf4j-api:1.7.36) with IdentityTransform
Transforming slf4j-api-1.7.36.jar (org.slf4j:slf4j-api:1.7.36) with CopyTransform
Transforming auto-value-annotations-1.6.3.jar (com.google.auto.value:auto-value-annotations:1.6.3) with JetifyTransform
Transforming auto-value-annotations-1.6.3.jar (com.google.auto.value:auto-value-annotations:1.6.3) with IdentityTransform
Transforming auto-value-annotations-1.6.3.jar (com.google.auto.value:auto-value-annotations:1.6.3) with IdentityTransform
Transforming auto-value-annotations-1.6.3.jar (com.google.auto.value:auto-value-annotations:1.6.3) with CopyTransform
Transforming listenablefuture-1.0.jar (com.google.guava:listenablefuture:1.0) with JetifyTransform
Transforming listenablefuture-1.0.jar (com.google.guava:listenablefuture:1.0) with IdentityTransform
Transforming listenablefuture-1.0.jar (com.google.guava:listenablefuture:1.0) with IdentityTransform
Transforming listenablefuture-1.0.jar (com.google.guava:listenablefuture:1.0) with CopyTransform
Transforming image-1.0.0-beta1.aar (com.google.android.odml:image:1.0.0-beta1) with JetifyTransform
Transforming image-1.0.0-beta1.aar (com.google.android.odml:image:1.0.0-beta1) with AarToClassTransform
Transforming image-1.0.0-beta1.aar (com.google.android.odml:image:1.0.0-beta1) with IdentityTransform
Transforming image-1.0.0-beta1.aar (com.google.android.odml:image:1.0.0-beta1) with CopyTransform
Transforming commons-codec-1.16.0.jar (commons-codec:commons-codec:1.16.0) with JetifyTransform
Transforming commons-codec-1.16.0.jar (commons-codec:commons-codec:1.16.0) with IdentityTransform
Transforming commons-codec-1.16.0.jar (commons-codec:commons-codec:1.16.0) with IdentityTransform
Transforming commons-codec-1.16.0.jar (commons-codec:commons-codec:1.16.0) with CopyTransform
Transforming commons-collections4-4.4.jar (org.apache.commons:commons-collections4:4.4) with JetifyTransform
Transforming commons-collections4-4.4.jar (org.apache.commons:commons-collections4:4.4) with IdentityTransform
Transforming commons-collections4-4.4.jar (org.apache.commons:commons-collections4:4.4) with IdentityTransform
Transforming commons-collections4-4.4.jar (org.apache.commons:commons-collections4:4.4) with CopyTransform
Transforming commons-math3-3.6.1.jar (org.apache.commons:commons-math3:3.6.1) with JetifyTransform
Transforming commons-math3-3.6.1.jar (org.apache.commons:commons-math3:3.6.1) with IdentityTransform
Transforming commons-math3-3.6.1.jar (org.apache.commons:commons-math3:3.6.1) with IdentityTransform
Transforming commons-math3-3.6.1.jar (org.apache.commons:commons-math3:3.6.1) with CopyTransform
Transforming commons-io-2.15.0.jar (commons-io:commons-io:2.15.0) with JetifyTransform
Transforming commons-io-2.15.0.jar (commons-io:commons-io:2.15.0) with IdentityTransform
Transforming commons-io-2.15.0.jar (commons-io:commons-io:2.15.0) with IdentityTransform
Transforming commons-io-2.15.0.jar (commons-io:commons-io:2.15.0) with CopyTransform
Transforming SparseBitSet-1.3.jar (com.zaxxer:SparseBitSet:1.3) with JetifyTransform
Transforming SparseBitSet-1.3.jar (com.zaxxer:SparseBitSet:1.3) with IdentityTransform
Transforming SparseBitSet-1.3.jar (com.zaxxer:SparseBitSet:1.3) with IdentityTransform
Transforming SparseBitSet-1.3.jar (com.zaxxer:SparseBitSet:1.3) with CopyTransform
Transforming poi-ooxml-lite-5.2.5.jar (org.apache.poi:poi-ooxml-lite:5.2.5) with JetifyTransform
Transforming poi-ooxml-lite-5.2.5.jar (org.apache.poi:poi-ooxml-lite:5.2.5) with IdentityTransform
Transforming poi-ooxml-lite-5.2.5.jar (org.apache.poi:poi-ooxml-lite:5.2.5) with IdentityTransform
Transforming poi-ooxml-lite-5.2.5.jar (org.apache.poi:poi-ooxml-lite:5.2.5) with CopyTransform
Transforming xmlbeans-5.2.0.jar (org.apache.xmlbeans:xmlbeans:5.2.0) with JetifyTransform
Transforming xmlbeans-5.2.0.jar (org.apache.xmlbeans:xmlbeans:5.2.0) with IdentityTransform
Transforming xmlbeans-5.2.0.jar (org.apache.xmlbeans:xmlbeans:5.2.0) with IdentityTransform
Transforming xmlbeans-5.2.0.jar (org.apache.xmlbeans:xmlbeans:5.2.0) with CopyTransform
Transforming log4j-api-2.21.1.jar (org.apache.logging.log4j:log4j-api:2.21.1) with JetifyTransform
Transforming log4j-api-2.21.1.jar (org.apache.logging.log4j:log4j-api:2.21.1) with IdentityTransform
Transforming log4j-api-2.21.1.jar (org.apache.logging.log4j:log4j-api:2.21.1) with IdentityTransform
Transforming log4j-api-2.21.1.jar (org.apache.logging.log4j:log4j-api:2.21.1) with CopyTransform
Transforming commons-compress-1.25.0.jar (org.apache.commons:commons-compress:1.25.0) with JetifyTransform
Transforming commons-compress-1.25.0.jar (org.apache.commons:commons-compress:1.25.0) with IdentityTransform
Transforming commons-compress-1.25.0.jar (org.apache.commons:commons-compress:1.25.0) with IdentityTransform
Transforming commons-compress-1.25.0.jar (org.apache.commons:commons-compress:1.25.0) with CopyTransform
Transforming curvesapi-1.08.jar (com.github.virtuald:curvesapi:1.08) with JetifyTransform
Transforming curvesapi-1.08.jar (com.github.virtuald:curvesapi:1.08) with IdentityTransform
Transforming curvesapi-1.08.jar (com.github.virtuald:curvesapi:1.08) with IdentityTransform
Transforming curvesapi-1.08.jar (com.github.virtuald:curvesapi:1.08) with CopyTransform
Transforming jakarta.activation-2.0.1.jar (com.sun.activation:jakarta.activation:2.0.1) with JetifyTransform
Transforming jakarta.activation-2.0.1.jar (com.sun.activation:jakarta.activation:2.0.1) with IdentityTransform
Transforming jakarta.activation-2.0.1.jar (com.sun.activation:jakarta.activation:2.0.1) with IdentityTransform
Transforming jakarta.activation-2.0.1.jar (com.sun.activation:jakarta.activation:2.0.1) with CopyTransform
Transforming android.jar with JetifyTransform
Transforming android.jar with IdentityTransform
Transforming android.jar with IdentityTransform
Transforming android.jar with CopyTransform
Transforming core-lambda-stubs.jar with JetifyTransform
Transforming core-lambda-stubs.jar with IdentityTransform
Transforming core-lambda-stubs.jar with IdentityTransform
Transforming core-lambda-stubs.jar with CopyTransform
Transforming R.jar with JetifyTransform
Transforming R.jar with IdentityTransform
Transforming R.jar with IdentityTransform
Transforming R.jar with CopyTransform
Transforming jetified-viewbinding-8.6.0-api.jar with JetifyTransform
Transforming jetified-viewbinding-8.6.0-api.jar with IdentityTransform
Transforming jetified-viewbinding-8.6.0-api.jar with IdentityTransform
Transforming jetified-viewbinding-8.6.0-api.jar with CopyTransform
Transforming jetified-hilt-navigation-compose-1.1.0-api.jar with JetifyTransform
Transforming jetified-hilt-navigation-compose-1.1.0-api.jar with IdentityTransform
Transforming jetified-hilt-navigation-compose-1.1.0-api.jar with IdentityTransform
Transforming jetified-hilt-navigation-compose-1.1.0-api.jar with CopyTransform
Transforming jetified-hilt-navigation-1.1.0-api.jar with JetifyTransform
Transforming jetified-hilt-navigation-1.1.0-api.jar with IdentityTransform
Transforming jetified-hilt-navigation-1.1.0-api.jar with IdentityTransform
Transforming jetified-hilt-navigation-1.1.0-api.jar with CopyTransform
Transforming navigation-common-2.7.6-api.jar with JetifyTransform
Transforming navigation-common-2.7.6-api.jar with IdentityTransform
Transforming navigation-common-2.7.6-api.jar with IdentityTransform
Transforming navigation-common-2.7.6-api.jar with CopyTransform
Transforming navigation-runtime-2.7.6-api.jar with JetifyTransform
Transforming navigation-runtime-2.7.6-api.jar with IdentityTransform
Transforming navigation-runtime-2.7.6-api.jar with IdentityTransform
Transforming navigation-runtime-2.7.6-api.jar with CopyTransform
Transforming navigation-common-ktx-2.7.6-api.jar with JetifyTransform
Transforming navigation-common-ktx-2.7.6-api.jar with IdentityTransform
Transforming navigation-common-ktx-2.7.6-api.jar with IdentityTransform
Transforming navigation-common-ktx-2.7.6-api.jar with CopyTransform
Transforming navigation-fragment-2.7.6-api.jar with JetifyTransform
Transforming navigation-fragment-2.7.6-api.jar with IdentityTransform
Transforming navigation-fragment-2.7.6-api.jar with IdentityTransform
Transforming navigation-fragment-2.7.6-api.jar with CopyTransform
Transforming navigation-runtime-ktx-2.7.6-api.jar with JetifyTransform
Transforming navigation-runtime-ktx-2.7.6-api.jar with IdentityTransform
Transforming navigation-runtime-ktx-2.7.6-api.jar with IdentityTransform
Transforming navigation-runtime-ktx-2.7.6-api.jar with CopyTransform
Transforming navigation-fragment-ktx-2.7.6-api.jar with JetifyTransform
Transforming navigation-fragment-ktx-2.7.6-api.jar with IdentityTransform
Transforming navigation-fragment-ktx-2.7.6-api.jar with IdentityTransform
Transforming navigation-fragment-ktx-2.7.6-api.jar with CopyTransform
Transforming jetified-navigation-compose-2.7.6-api.jar with JetifyTransform
Transforming jetified-navigation-compose-2.7.6-api.jar with IdentityTransform
Transforming jetified-navigation-compose-2.7.6-api.jar with IdentityTransform
Transforming jetified-navigation-compose-2.7.6-api.jar with CopyTransform
Transforming navigation-ui-ktx-2.7.6-api.jar with JetifyTransform
Transforming navigation-ui-ktx-2.7.6-api.jar with IdentityTransform
Transforming navigation-ui-ktx-2.7.6-api.jar with IdentityTransform
Transforming navigation-ui-ktx-2.7.6-api.jar with CopyTransform
Transforming navigation-ui-2.7.6-api.jar with JetifyTransform
Transforming navigation-ui-2.7.6-api.jar with IdentityTransform
Transforming navigation-ui-2.7.6-api.jar with IdentityTransform
Transforming navigation-ui-2.7.6-api.jar with CopyTransform
Transforming material-1.11.0-api.jar with JetifyTransform
Transforming material-1.11.0-api.jar with IdentityTransform
Transforming material-1.11.0-api.jar with IdentityTransform
Transforming material-1.11.0-api.jar with CopyTransform
Transforming jetified-play-services-mlkit-barcode-scanning-18.3.1-api.jar with JetifyTransform
Transforming jetified-play-services-mlkit-barcode-scanning-18.3.1-api.jar with IdentityTransform
Transforming jetified-play-services-mlkit-barcode-scanning-18.3.1-api.jar with IdentityTransform
Transforming jetified-play-services-mlkit-barcode-scanning-18.3.1-api.jar with CopyTransform
Transforming jetified-barcode-scanning-common-17.0.0-api.jar with JetifyTransform
Transforming jetified-barcode-scanning-common-17.0.0-api.jar with IdentityTransform
Transforming jetified-barcode-scanning-common-17.0.0-api.jar with IdentityTransform
Transforming jetified-barcode-scanning-common-17.0.0-api.jar with CopyTransform
Transforming jetified-vision-common-17.3.0-api.jar with JetifyTransform
Transforming jetified-vision-common-17.3.0-api.jar with IdentityTransform
Transforming jetified-vision-common-17.3.0-api.jar with IdentityTransform
Transforming jetified-vision-common-17.3.0-api.jar with CopyTransform
Transforming jetified-common-18.11.0-api.jar with JetifyTransform
Transforming jetified-common-18.11.0-api.jar with IdentityTransform
Transforming jetified-common-18.11.0-api.jar with IdentityTransform
Transforming jetified-common-18.11.0-api.jar with CopyTransform
Transforming appcompat-1.6.1-api.jar with JetifyTransform
Transforming appcompat-1.6.1-api.jar with IdentityTransform
Transforming appcompat-1.6.1-api.jar with IdentityTransform
Transforming appcompat-1.6.1-api.jar with CopyTransform
Transforming jetified-hilt-android-2.48-api.jar with JetifyTransform
Transforming jetified-hilt-android-2.48-api.jar with IdentityTransform
Transforming jetified-hilt-android-2.48-api.jar with IdentityTransform
Transforming jetified-hilt-android-2.48-api.jar with CopyTransform
Transforming biometric-1.1.0-api.jar with JetifyTransform
Transforming biometric-1.1.0-api.jar with IdentityTransform
Transforming biometric-1.1.0-api.jar with IdentityTransform
Transforming biometric-1.1.0-api.jar with CopyTransform
Transforming jetified-firebase-auth-22.3.1-api.jar with JetifyTransform
Transforming jetified-firebase-auth-22.3.1-api.jar with IdentityTransform
Transforming jetified-firebase-auth-22.3.1-api.jar with IdentityTransform
Transforming jetified-firebase-auth-22.3.1-api.jar with CopyTransform
Transforming jetified-play-services-auth-21.0.0-api.jar with JetifyTransform
Transforming jetified-play-services-auth-21.0.0-api.jar with IdentityTransform
Transforming jetified-play-services-auth-21.0.0-api.jar with IdentityTransform
Transforming jetified-play-services-auth-21.0.0-api.jar with CopyTransform
Transforming jetified-viewpager2-1.0.0-api.jar with JetifyTransform
Transforming jetified-viewpager2-1.0.0-api.jar with IdentityTransform
Transforming jetified-viewpager2-1.0.0-api.jar with IdentityTransform
Transforming jetified-viewpager2-1.0.0-api.jar with CopyTransform
Transforming jetified-play-services-auth-api-phone-18.0.2-api.jar with JetifyTransform
Transforming jetified-play-services-auth-api-phone-18.0.2-api.jar with IdentityTransform
Transforming jetified-play-services-auth-api-phone-18.0.2-api.jar with IdentityTransform
Transforming jetified-play-services-auth-api-phone-18.0.2-api.jar with CopyTransform
Transforming jetified-firebase-appcheck-interop-17.0.0-api.jar with JetifyTransform
Transforming jetified-firebase-appcheck-interop-17.0.0-api.jar with IdentityTransform
Transforming jetified-firebase-appcheck-interop-17.0.0-api.jar with IdentityTransform
Transforming jetified-firebase-appcheck-interop-17.0.0-api.jar with CopyTransform
Transforming jetified-play-services-auth-base-18.0.10-api.jar with JetifyTransform
Transforming jetified-play-services-auth-base-18.0.10-api.jar with IdentityTransform
Transforming jetified-play-services-auth-base-18.0.10-api.jar with IdentityTransform
Transforming jetified-play-services-auth-base-18.0.10-api.jar with CopyTransform
Transforming jetified-play-services-fido-20.0.1-api.jar with JetifyTransform
Transforming jetified-play-services-fido-20.0.1-api.jar with IdentityTransform
Transforming jetified-play-services-fido-20.0.1-api.jar with IdentityTransform
Transforming jetified-play-services-fido-20.0.1-api.jar with CopyTransform
Transforming jetified-play-services-base-18.5.0-api.jar with JetifyTransform
Transforming jetified-play-services-base-18.5.0-api.jar with IdentityTransform
Transforming jetified-play-services-base-18.5.0-api.jar with IdentityTransform
Transforming jetified-play-services-base-18.5.0-api.jar with CopyTransform
Transforming jetified-vision-interfaces-16.3.0-api.jar with JetifyTransform
Transforming jetified-vision-interfaces-16.3.0-api.jar with IdentityTransform
Transforming jetified-vision-interfaces-16.3.0-api.jar with IdentityTransform
Transforming jetified-vision-interfaces-16.3.0-api.jar with CopyTransform
Transforming jetified-firebase-common-ktx-20.4.2-api.jar with JetifyTransform
Transforming jetified-firebase-common-ktx-20.4.2-api.jar with IdentityTransform
Transforming jetified-firebase-common-ktx-20.4.2-api.jar with IdentityTransform
Transforming jetified-firebase-common-ktx-20.4.2-api.jar with CopyTransform
Transforming jetified-firebase-auth-interop-20.0.0-api.jar with JetifyTransform
Transforming jetified-firebase-auth-interop-20.0.0-api.jar with IdentityTransform
Transforming jetified-firebase-auth-interop-20.0.0-api.jar with IdentityTransform
Transforming jetified-firebase-auth-interop-20.0.0-api.jar with CopyTransform
Transforming jetified-firebase-common-20.4.2-api.jar with JetifyTransform
Transforming jetified-firebase-common-20.4.2-api.jar with IdentityTransform
Transforming jetified-firebase-common-20.4.2-api.jar with IdentityTransform
Transforming jetified-firebase-common-20.4.2-api.jar with CopyTransform
Transforming jetified-recaptcha-18.4.0-api.jar with JetifyTransform
Transforming jetified-recaptcha-18.4.0-api.jar with IdentityTransform
Transforming jetified-recaptcha-18.4.0-api.jar with IdentityTransform
Transforming jetified-recaptcha-18.4.0-api.jar with CopyTransform
Transforming jetified-integrity-1.2.0-api.jar with JetifyTransform
Transforming jetified-integrity-1.2.0-api.jar with IdentityTransform
Transforming jetified-integrity-1.2.0-api.jar with IdentityTransform
Transforming jetified-integrity-1.2.0-api.jar with CopyTransform
Transforming room-common-2.6.1.jar with JetifyTransform
Transforming room-common-2.6.1.jar with IdentityTransform
Transforming room-common-2.6.1.jar with IdentityTransform
Transforming room-common-2.6.1.jar with CopyTransform
Transforming room-runtime-2.6.1-api.jar with JetifyTransform
Transforming room-runtime-2.6.1-api.jar with IdentityTransform
Transforming room-runtime-2.6.1-api.jar with IdentityTransform
Transforming room-runtime-2.6.1-api.jar with CopyTransform
Transforming jetified-room-ktx-2.6.1-api.jar with JetifyTransform
Transforming jetified-room-ktx-2.6.1-api.jar with IdentityTransform
Transforming jetified-room-ktx-2.6.1-api.jar with IdentityTransform
Transforming jetified-room-ktx-2.6.1-api.jar with CopyTransform
Transforming jetified-fragment-ktx-1.6.2-api.jar with JetifyTransform
Transforming jetified-fragment-ktx-1.6.2-api.jar with IdentityTransform
Transforming jetified-fragment-ktx-1.6.2-api.jar with IdentityTransform
Transforming jetified-fragment-ktx-1.6.2-api.jar with CopyTransform
Transforming jetified-activity-ktx-1.8.2-api.jar with JetifyTransform
Transforming jetified-activity-ktx-1.8.2-api.jar with IdentityTransform
Transforming jetified-activity-ktx-1.8.2-api.jar with IdentityTransform
Transforming jetified-activity-ktx-1.8.2-api.jar with CopyTransform
Transforming jetified-activity-compose-1.8.2-api.jar with JetifyTransform
Transforming jetified-activity-compose-1.8.2-api.jar with IdentityTransform
Transforming jetified-activity-compose-1.8.2-api.jar with IdentityTransform
Transforming jetified-activity-compose-1.8.2-api.jar with CopyTransform
Transforming jetified-activity-1.8.2-api.jar with JetifyTransform
Transforming jetified-activity-1.8.2-api.jar with IdentityTransform
Transforming jetified-activity-1.8.2-api.jar with IdentityTransform
Transforming jetified-activity-1.8.2-api.jar with CopyTransform
Transforming jetified-camera-video-1.3.1-api.jar with JetifyTransform
Transforming jetified-camera-video-1.3.1-api.jar with IdentityTransform
Transforming jetified-camera-video-1.3.1-api.jar with IdentityTransform
Transforming jetified-camera-video-1.3.1-api.jar with CopyTransform
Transforming jetified-camera-view-1.3.1-api.jar with JetifyTransform
Transforming jetified-camera-view-1.3.1-api.jar with IdentityTransform
Transforming jetified-camera-view-1.3.1-api.jar with IdentityTransform
Transforming jetified-camera-view-1.3.1-api.jar with CopyTransform
Transforming jetified-camera-lifecycle-1.3.1-api.jar with JetifyTransform
Transforming jetified-camera-lifecycle-1.3.1-api.jar with IdentityTransform
Transforming jetified-camera-lifecycle-1.3.1-api.jar with IdentityTransform
Transforming jetified-camera-lifecycle-1.3.1-api.jar with CopyTransform
Transforming jetified-camera-camera2-1.3.1-api.jar with JetifyTransform
Transforming jetified-camera-camera2-1.3.1-api.jar with IdentityTransform
Transforming jetified-camera-camera2-1.3.1-api.jar with IdentityTransform
Transforming jetified-camera-camera2-1.3.1-api.jar with CopyTransform
Transforming jetified-camera-core-1.3.1-api.jar with JetifyTransform
Transforming jetified-camera-core-1.3.1-api.jar with IdentityTransform
Transforming jetified-camera-core-1.3.1-api.jar with IdentityTransform
Transforming jetified-camera-core-1.3.1-api.jar with CopyTransform
Transforming jetified-appcompat-resources-1.6.1-api.jar with JetifyTransform
Transforming jetified-appcompat-resources-1.6.1-api.jar with IdentityTransform
Transforming jetified-appcompat-resources-1.6.1-api.jar with IdentityTransform
Transforming jetified-appcompat-resources-1.6.1-api.jar with CopyTransform
Transforming drawerlayout-1.1.1-api.jar with JetifyTransform
Transforming drawerlayout-1.1.1-api.jar with IdentityTransform
Transforming drawerlayout-1.1.1-api.jar with IdentityTransform
Transforming drawerlayout-1.1.1-api.jar with CopyTransform
Transforming coordinatorlayout-1.1.0-api.jar with JetifyTransform
Transforming coordinatorlayout-1.1.0-api.jar with IdentityTransform
Transforming coordinatorlayout-1.1.0-api.jar with IdentityTransform
Transforming coordinatorlayout-1.1.0-api.jar with CopyTransform
Transforming dynamicanimation-1.0.0-api.jar with JetifyTransform
Transforming dynamicanimation-1.0.0-api.jar with IdentityTransform
Transforming dynamicanimation-1.0.0-api.jar with IdentityTransform
Transforming dynamicanimation-1.0.0-api.jar with CopyTransform
Transforming recyclerview-1.1.0-api.jar with JetifyTransform
Transforming recyclerview-1.1.0-api.jar with IdentityTransform
Transforming recyclerview-1.1.0-api.jar with IdentityTransform
Transforming recyclerview-1.1.0-api.jar with CopyTransform
Transforming transition-1.4.1-api.jar with JetifyTransform
Transforming transition-1.4.1-api.jar with IdentityTransform
Transforming transition-1.4.1-api.jar with IdentityTransform
Transforming transition-1.4.1-api.jar with CopyTransform
Transforming vectordrawable-animated-1.1.0-api.jar with JetifyTransform
Transforming vectordrawable-animated-1.1.0-api.jar with IdentityTransform
Transforming vectordrawable-animated-1.1.0-api.jar with IdentityTransform
Transforming vectordrawable-animated-1.1.0-api.jar with CopyTransform
Transforming vectordrawable-1.1.0-api.jar with JetifyTransform
Transforming vectordrawable-1.1.0-api.jar with IdentityTransform
Transforming vectordrawable-1.1.0-api.jar with IdentityTransform
Transforming vectordrawable-1.1.0-api.jar with CopyTransform
Transforming browser-1.4.0-api.jar with JetifyTransform
Transforming browser-1.4.0-api.jar with IdentityTransform
Transforming browser-1.4.0-api.jar with IdentityTransform
Transforming browser-1.4.0-api.jar with CopyTransform
Transforming legacy-support-core-utils-1.0.0-api.jar with JetifyTransform
Transforming legacy-support-core-utils-1.0.0-api.jar with IdentityTransform
Transforming legacy-support-core-utils-1.0.0-api.jar with IdentityTransform
Transforming legacy-support-core-utils-1.0.0-api.jar with CopyTransform
Transforming loader-1.1.0-api.jar with JetifyTransform
Transforming loader-1.1.0-api.jar with IdentityTransform
Transforming loader-1.1.0-api.jar with IdentityTransform
Transforming loader-1.1.0-api.jar with CopyTransform
Transforming viewpager-1.0.0-api.jar with JetifyTransform
Transforming viewpager-1.0.0-api.jar with IdentityTransform
Transforming viewpager-1.0.0-api.jar with IdentityTransform
Transforming viewpager-1.0.0-api.jar with CopyTransform
Transforming slidingpanelayout-1.2.0-api.jar with JetifyTransform
Transforming slidingpanelayout-1.2.0-api.jar with IdentityTransform
Transforming slidingpanelayout-1.2.0-api.jar with IdentityTransform
Transforming slidingpanelayout-1.2.0-api.jar with CopyTransform
Transforming customview-1.1.0-api.jar with JetifyTransform
Transforming customview-1.1.0-api.jar with IdentityTransform
Transforming customview-1.1.0-api.jar with IdentityTransform
Transforming customview-1.1.0-api.jar with CopyTransform
Transforming core-1.12.0-api.jar with JetifyTransform
Transforming core-1.12.0-api.jar with IdentityTransform
Transforming core-1.12.0-api.jar with IdentityTransform
Transforming core-1.12.0-api.jar with CopyTransform
Transforming lifecycle-common-java8-2.7.0.jar with JetifyTransform
Transforming lifecycle-common-java8-2.7.0.jar with IdentityTransform
Transforming lifecycle-common-java8-2.7.0.jar with IdentityTransform
Transforming lifecycle-common-java8-2.7.0.jar with CopyTransform
Transforming lifecycle-livedata-core-2.7.0-api.jar with JetifyTransform
Transforming lifecycle-livedata-core-2.7.0-api.jar with IdentityTransform
Transforming lifecycle-livedata-core-2.7.0-api.jar with IdentityTransform
Transforming lifecycle-livedata-core-2.7.0-api.jar with CopyTransform
Transforming jetified-lifecycle-livedata-core-ktx-2.7.0-api.jar with JetifyTransform
Transforming jetified-lifecycle-livedata-core-ktx-2.7.0-api.jar with IdentityTransform
Transforming jetified-lifecycle-livedata-core-ktx-2.7.0-api.jar with IdentityTransform
Transforming jetified-lifecycle-livedata-core-ktx-2.7.0-api.jar with CopyTransform
Transforming lifecycle-livedata-2.7.0-api.jar with JetifyTransform
Transforming lifecycle-livedata-2.7.0-api.jar with IdentityTransform
Transforming lifecycle-livedata-2.7.0-api.jar with IdentityTransform
Transforming lifecycle-livedata-2.7.0-api.jar with CopyTransform
Transforming lifecycle-common-2.7.0.jar with JetifyTransform
Transforming lifecycle-common-2.7.0.jar with IdentityTransform
Transforming lifecycle-common-2.7.0.jar with IdentityTransform
Transforming lifecycle-common-2.7.0.jar with CopyTransform
Transforming jetified-lifecycle-runtime-ktx-2.7.0-api.jar with JetifyTransform
Transforming jetified-lifecycle-runtime-ktx-2.7.0-api.jar with IdentityTransform
Transforming jetified-lifecycle-runtime-ktx-2.7.0-api.jar with IdentityTransform
Transforming jetified-lifecycle-runtime-ktx-2.7.0-api.jar with CopyTransform
Transforming jetified-lifecycle-viewmodel-compose-2.7.0-api.jar with JetifyTransform
Transforming jetified-lifecycle-viewmodel-compose-2.7.0-api.jar with IdentityTransform
Transforming jetified-lifecycle-viewmodel-compose-2.7.0-api.jar with IdentityTransform
Transforming jetified-lifecycle-viewmodel-compose-2.7.0-api.jar with CopyTransform
Transforming jetified-lifecycle-viewmodel-savedstate-2.7.0-api.jar with JetifyTransform
Transforming jetified-lifecycle-viewmodel-savedstate-2.7.0-api.jar with IdentityTransform
Transforming jetified-lifecycle-viewmodel-savedstate-2.7.0-api.jar with IdentityTransform
Transforming jetified-lifecycle-viewmodel-savedstate-2.7.0-api.jar with CopyTransform
Transforming lifecycle-viewmodel-2.7.0-api.jar with JetifyTransform
Transforming lifecycle-viewmodel-2.7.0-api.jar with IdentityTransform
Transforming lifecycle-viewmodel-2.7.0-api.jar with IdentityTransform
Transforming lifecycle-viewmodel-2.7.0-api.jar with CopyTransform
Transforming jetified-coil-compose-2.5.0-api.jar with JetifyTransform
Transforming jetified-coil-compose-2.5.0-api.jar with IdentityTransform
Transforming jetified-coil-compose-2.5.0-api.jar with IdentityTransform
Transforming jetified-coil-compose-2.5.0-api.jar with CopyTransform
Transforming jetified-coil-compose-base-2.5.0-api.jar with JetifyTransform
Transforming jetified-coil-compose-base-2.5.0-api.jar with IdentityTransform
Transforming jetified-coil-compose-base-2.5.0-api.jar with IdentityTransform
Transforming jetified-coil-compose-base-2.5.0-api.jar with CopyTransform
Transforming jetified-coil-2.5.0-api.jar with JetifyTransform
Transforming jetified-coil-2.5.0-api.jar with IdentityTransform
Transforming jetified-coil-2.5.0-api.jar with IdentityTransform
Transforming jetified-coil-2.5.0-api.jar with CopyTransform
Transforming jetified-coil-base-2.5.0-api.jar with JetifyTransform
Transforming jetified-coil-base-2.5.0-api.jar with IdentityTransform
Transforming jetified-coil-base-2.5.0-api.jar with IdentityTransform
Transforming jetified-coil-base-2.5.0-api.jar with CopyTransform
Transforming lifecycle-runtime-2.7.0-api.jar with JetifyTransform
Transforming lifecycle-runtime-2.7.0-api.jar with IdentityTransform
Transforming lifecycle-runtime-2.7.0-api.jar with IdentityTransform
Transforming lifecycle-runtime-2.7.0-api.jar with CopyTransform
Transforming jetified-lifecycle-livedata-ktx-2.7.0-api.jar with JetifyTransform
Transforming jetified-lifecycle-livedata-ktx-2.7.0-api.jar with IdentityTransform
Transforming jetified-lifecycle-livedata-ktx-2.7.0-api.jar with IdentityTransform
Transforming jetified-lifecycle-livedata-ktx-2.7.0-api.jar with CopyTransform
Transforming jetified-lifecycle-runtime-compose-2.7.0-api.jar with JetifyTransform
Transforming jetified-lifecycle-runtime-compose-2.7.0-api.jar with IdentityTransform
Transforming jetified-lifecycle-runtime-compose-2.7.0-api.jar with IdentityTransform
Transforming jetified-lifecycle-runtime-compose-2.7.0-api.jar with CopyTransform
Transforming jetified-lifecycle-viewmodel-ktx-2.7.0-api.jar with JetifyTransform
Transforming jetified-lifecycle-viewmodel-ktx-2.7.0-api.jar with IdentityTransform
Transforming jetified-lifecycle-viewmodel-ktx-2.7.0-api.jar with IdentityTransform
Transforming jetified-lifecycle-viewmodel-ktx-2.7.0-api.jar with CopyTransform
Transforming jetified-material3-release-api.jar with JetifyTransform
Transforming jetified-material3-release-api.jar with IdentityTransform
Transforming jetified-material3-release-api.jar with IdentityTransform
Transforming jetified-material3-release-api.jar with CopyTransform
Transforming jetified-foundation-layout-release-api.jar with JetifyTransform
Transforming jetified-foundation-layout-release-api.jar with IdentityTransform
Transforming jetified-foundation-layout-release-api.jar with IdentityTransform
Transforming jetified-foundation-layout-release-api.jar with CopyTransform
Transforming jetified-material-icons-core-release-api.jar with JetifyTransform
Transforming jetified-material-icons-core-release-api.jar with IdentityTransform
Transforming jetified-material-icons-core-release-api.jar with IdentityTransform
Transforming jetified-material-icons-core-release-api.jar with CopyTransform
Transforming jetified-material-icons-extended-release-api.jar with JetifyTransform
Transforming jetified-material-icons-extended-release-api.jar with IdentityTransform
Transforming jetified-material-icons-extended-release-api.jar with IdentityTransform
Transforming jetified-material-icons-extended-release-api.jar with CopyTransform
Transforming jetified-material-ripple-release-api.jar with JetifyTransform
Transforming jetified-material-ripple-release-api.jar with IdentityTransform
Transforming jetified-material-ripple-release-api.jar with IdentityTransform
Transforming jetified-material-ripple-release-api.jar with CopyTransform
Transforming jetified-foundation-release-api.jar with JetifyTransform
Transforming jetified-foundation-release-api.jar with IdentityTransform
Transforming jetified-foundation-release-api.jar with IdentityTransform
Transforming jetified-foundation-release-api.jar with CopyTransform
Transforming jetified-animation-core-release-api.jar with JetifyTransform
Transforming jetified-animation-core-release-api.jar with IdentityTransform
Transforming jetified-animation-core-release-api.jar with IdentityTransform
Transforming jetified-animation-core-release-api.jar with CopyTransform
Transforming jetified-animation-release-api.jar with JetifyTransform
Transforming jetified-animation-release-api.jar with IdentityTransform
Transforming jetified-animation-release-api.jar with IdentityTransform
Transforming jetified-animation-release-api.jar with CopyTransform
Transforming jetified-ui-util-release-api.jar with JetifyTransform
Transforming jetified-ui-util-release-api.jar with IdentityTransform
Transforming jetified-ui-util-release-api.jar with IdentityTransform
Transforming jetified-ui-util-release-api.jar with CopyTransform
Transforming jetified-ui-unit-release-api.jar with JetifyTransform
Transforming jetified-ui-unit-release-api.jar with IdentityTransform
Transforming jetified-ui-unit-release-api.jar with IdentityTransform
Transforming jetified-ui-unit-release-api.jar with CopyTransform
Transforming jetified-ui-text-release-api.jar with JetifyTransform
Transforming jetified-ui-text-release-api.jar with IdentityTransform
Transforming jetified-ui-text-release-api.jar with IdentityTransform
Transforming jetified-ui-text-release-api.jar with CopyTransform
Transforming jetified-ui-geometry-release-api.jar with JetifyTransform
Transforming jetified-ui-geometry-release-api.jar with IdentityTransform
Transforming jetified-ui-geometry-release-api.jar with IdentityTransform
Transforming jetified-ui-geometry-release-api.jar with CopyTransform
Transforming jetified-ui-tooling-data-release-api.jar with JetifyTransform
Transforming jetified-ui-tooling-data-release-api.jar with IdentityTransform
Transforming jetified-ui-tooling-data-release-api.jar with IdentityTransform
Transforming jetified-ui-tooling-data-release-api.jar with CopyTransform
Transforming jetified-ui-tooling-preview-release-api.jar with JetifyTransform
Transforming jetified-ui-tooling-preview-release-api.jar with IdentityTransform
Transforming jetified-ui-tooling-preview-release-api.jar with IdentityTransform
Transforming jetified-ui-tooling-preview-release-api.jar with CopyTransform
Transforming jetified-ui-graphics-release-api.jar with JetifyTransform
Transforming jetified-ui-graphics-release-api.jar with IdentityTransform
Transforming jetified-ui-graphics-release-api.jar with IdentityTransform
Transforming jetified-ui-graphics-release-api.jar with CopyTransform
Transforming jetified-ui-release-api.jar with JetifyTransform
Transforming jetified-ui-release-api.jar with IdentityTransform
Transforming jetified-ui-release-api.jar with IdentityTransform
Transforming jetified-ui-release-api.jar with CopyTransform
Transforming jetified-ui-tooling-release-api.jar with JetifyTransform
Transforming jetified-ui-tooling-release-api.jar with IdentityTransform
Transforming jetified-ui-tooling-release-api.jar with IdentityTransform
Transforming jetified-ui-tooling-release-api.jar with CopyTransform
Transforming jetified-runtime-saveable-release-api.jar with JetifyTransform
Transforming jetified-runtime-saveable-release-api.jar with IdentityTransform
Transforming jetified-runtime-saveable-release-api.jar with IdentityTransform
Transforming jetified-runtime-saveable-release-api.jar with CopyTransform
Transforming jetified-runtime-release-api.jar with JetifyTransform
Transforming jetified-runtime-release-api.jar with IdentityTransform
Transforming jetified-runtime-release-api.jar with IdentityTransform
Transforming jetified-runtime-release-api.jar with CopyTransform
Transforming jetified-kotlinx-coroutines-android-1.7.3.jar with JetifyTransform
Transforming jetified-kotlinx-coroutines-android-1.7.3.jar with IdentityTransform
Transforming jetified-kotlinx-coroutines-android-1.7.3.jar with IdentityTransform
Transforming jetified-kotlinx-coroutines-android-1.7.3.jar with CopyTransform
Transforming jetified-kotlinx-coroutines-core-jvm-1.7.3.jar with JetifyTransform
Transforming jetified-kotlinx-coroutines-core-jvm-1.7.3.jar with IdentityTransform
Transforming jetified-kotlinx-coroutines-core-jvm-1.7.3.jar with IdentityTransform
Transforming jetified-kotlinx-coroutines-core-jvm-1.7.3.jar with CopyTransform
Transforming jetified-kotlinx-coroutines-play-services-1.7.3.jar with JetifyTransform
Transforming jetified-kotlinx-coroutines-play-services-1.7.3.jar with IdentityTransform
Transforming jetified-kotlinx-coroutines-play-services-1.7.3.jar with IdentityTransform
Transforming jetified-kotlinx-coroutines-play-services-1.7.3.jar with CopyTransform
Transforming jetified-play-services-tasks-18.2.0-api.jar with JetifyTransform
Transforming jetified-play-services-tasks-18.2.0-api.jar with IdentityTransform
Transforming jetified-play-services-tasks-18.2.0-api.jar with IdentityTransform
Transforming jetified-play-services-tasks-18.2.0-api.jar with CopyTransform
Transforming jetified-play-services-basement-18.4.0-api.jar with JetifyTransform
Transforming jetified-play-services-basement-18.4.0-api.jar with IdentityTransform
Transforming jetified-play-services-basement-18.4.0-api.jar with IdentityTransform
Transforming jetified-play-services-basement-18.4.0-api.jar with CopyTransform
Transforming fragment-1.6.2-api.jar with JetifyTransform
Transforming fragment-1.6.2-api.jar with IdentityTransform
Transforming fragment-1.6.2-api.jar with IdentityTransform
Transforming fragment-1.6.2-api.jar with CopyTransform
Transforming jetified-core-ktx-1.12.0-api.jar with JetifyTransform
Transforming jetified-core-ktx-1.12.0-api.jar with IdentityTransform
Transforming jetified-core-ktx-1.12.0-api.jar with IdentityTransform
Transforming jetified-core-ktx-1.12.0-api.jar with CopyTransform
Transforming jetified-core-splashscreen-1.0.1-api.jar with JetifyTransform
Transforming jetified-core-splashscreen-1.0.1-api.jar with IdentityTransform
Transforming jetified-core-splashscreen-1.0.1-api.jar with IdentityTransform
Transforming jetified-core-splashscreen-1.0.1-api.jar with CopyTransform
Transforming jetified-googleid-1.1.0-api.jar with JetifyTransform
Transforming jetified-googleid-1.1.0-api.jar with IdentityTransform
Transforming jetified-googleid-1.1.0-api.jar with IdentityTransform
Transforming jetified-googleid-1.1.0-api.jar with CopyTransform
Transforming jetified-savedstate-ktx-1.2.1-api.jar with JetifyTransform
Transforming jetified-savedstate-ktx-1.2.1-api.jar with IdentityTransform
Transforming jetified-savedstate-ktx-1.2.1-api.jar with IdentityTransform
Transforming jetified-savedstate-ktx-1.2.1-api.jar with CopyTransform
Transforming jetified-savedstate-1.2.1-api.jar with JetifyTransform
Transforming jetified-savedstate-1.2.1-api.jar with IdentityTransform
Transforming jetified-savedstate-1.2.1-api.jar with IdentityTransform
Transforming jetified-savedstate-1.2.1-api.jar with CopyTransform
Transforming jetified-annotation-experimental-1.4.0-api.jar with JetifyTransform
Transforming jetified-annotation-experimental-1.4.0-api.jar with IdentityTransform
Transforming jetified-annotation-experimental-1.4.0-api.jar with IdentityTransform
Transforming jetified-annotation-experimental-1.4.0-api.jar with CopyTransform
Transforming jetified-okhttp-4.12.0.jar with JetifyTransform
Transforming jetified-okhttp-4.12.0.jar with IdentityTransform
Transforming jetified-okhttp-4.12.0.jar with IdentityTransform
Transforming jetified-okhttp-4.12.0.jar with CopyTransform
Transforming jetified-okio-jvm-3.6.0.jar with JetifyTransform
Transforming jetified-okio-jvm-3.6.0.jar with IdentityTransform
Transforming jetified-okio-jvm-3.6.0.jar with IdentityTransform
Transforming jetified-okio-jvm-3.6.0.jar with CopyTransform
Transforming jetified-kotlin-stdlib-jdk8-1.9.10.jar with JetifyTransform
Transforming jetified-kotlin-stdlib-jdk8-1.9.10.jar with IdentityTransform
Transforming jetified-kotlin-stdlib-jdk8-1.9.10.jar with IdentityTransform
Transforming jetified-kotlin-stdlib-jdk8-1.9.10.jar with CopyTransform
Transforming jetified-credentials-1.0.0-alpha04-api.jar with JetifyTransform
Transforming jetified-credentials-1.0.0-alpha04-api.jar with IdentityTransform
Transforming jetified-credentials-1.0.0-alpha04-api.jar with IdentityTransform
Transforming jetified-credentials-1.0.0-alpha04-api.jar with CopyTransform
Transforming cursoradapter-1.0.0-api.jar with JetifyTransform
Transforming cursoradapter-1.0.0-api.jar with IdentityTransform
Transforming cursoradapter-1.0.0-api.jar with IdentityTransform
Transforming cursoradapter-1.0.0-api.jar with CopyTransform
Transforming cardview-1.0.0-api.jar with JetifyTransform
Transforming cardview-1.0.0-api.jar with IdentityTransform
Transforming cardview-1.0.0-api.jar with IdentityTransform
Transforming cardview-1.0.0-api.jar with CopyTransform
Transforming sqlite-framework-2.4.0-api.jar with JetifyTransform
Transforming sqlite-framework-2.4.0-api.jar with IdentityTransform
Transforming sqlite-framework-2.4.0-api.jar with IdentityTransform
Transforming sqlite-framework-2.4.0-api.jar with CopyTransform
Transforming sqlite-2.4.0-api.jar with JetifyTransform
Transforming sqlite-2.4.0-api.jar with IdentityTransform
Transforming sqlite-2.4.0-api.jar with IdentityTransform
Transforming sqlite-2.4.0-api.jar with CopyTransform
Transforming jetified-transport-backend-cct-2.3.3-api.jar with JetifyTransform
Transforming jetified-transport-backend-cct-2.3.3-api.jar with IdentityTransform
Transforming jetified-transport-backend-cct-2.3.3-api.jar with IdentityTransform
Transforming jetified-transport-backend-cct-2.3.3-api.jar with CopyTransform
Transforming jetified-transport-runtime-2.2.6-api.jar with JetifyTransform
Transforming jetified-transport-runtime-2.2.6-api.jar with IdentityTransform
Transforming jetified-transport-runtime-2.2.6-api.jar with IdentityTransform
Transforming jetified-transport-runtime-2.2.6-api.jar with CopyTransform
Transforming jetified-transport-api-2.2.1-api.jar with JetifyTransform
Transforming jetified-transport-api-2.2.1-api.jar with IdentityTransform
Transforming jetified-transport-api-2.2.1-api.jar with IdentityTransform
Transforming jetified-transport-api-2.2.1-api.jar with CopyTransform
Transforming jetified-firebase-components-17.1.5-api.jar with JetifyTransform
Transforming jetified-firebase-components-17.1.5-api.jar with IdentityTransform
Transforming jetified-firebase-components-17.1.5-api.jar with IdentityTransform
Transforming jetified-firebase-components-17.1.5-api.jar with CopyTransform
Transforming jetified-firebase-encoders-json-17.1.0-api.jar with JetifyTransform
Transforming jetified-firebase-encoders-json-17.1.0-api.jar with IdentityTransform
Transforming jetified-firebase-encoders-json-17.1.0-api.jar with IdentityTransform
Transforming jetified-firebase-encoders-json-17.1.0-api.jar with CopyTransform
Transforming jetified-firebase-encoders-17.0.0.jar with JetifyTransform
Transforming jetified-firebase-encoders-17.0.0.jar with IdentityTransform
Transforming jetified-firebase-encoders-17.0.0.jar with IdentityTransform
Transforming jetified-firebase-encoders-17.0.0.jar with CopyTransform
Transforming localbroadcastmanager-1.0.0-api.jar with JetifyTransform
Transforming localbroadcastmanager-1.0.0-api.jar with IdentityTransform
Transforming localbroadcastmanager-1.0.0-api.jar with IdentityTransform
Transforming localbroadcastmanager-1.0.0-api.jar with CopyTransform
Transforming versionedparcelable-1.1.1-api.jar with JetifyTransform
Transforming versionedparcelable-1.1.1-api.jar with IdentityTransform
Transforming versionedparcelable-1.1.1-api.jar with IdentityTransform
Transforming versionedparcelable-1.1.1-api.jar with CopyTransform
Transforming core-runtime-2.2.0-api.jar with JetifyTransform
Transforming core-runtime-2.2.0-api.jar with IdentityTransform
Transforming core-runtime-2.2.0-api.jar with IdentityTransform
Transforming core-runtime-2.2.0-api.jar with CopyTransform
Transforming core-common-2.2.0.jar with JetifyTransform
Transforming core-common-2.2.0.jar with IdentityTransform
Transforming core-common-2.2.0.jar with IdentityTransform
Transforming core-common-2.2.0.jar with CopyTransform
Transforming jetified-concurrent-futures-1.1.0.jar with JetifyTransform
Transforming jetified-concurrent-futures-1.1.0.jar with IdentityTransform
Transforming jetified-concurrent-futures-1.1.0.jar with IdentityTransform
Transforming jetified-concurrent-futures-1.1.0.jar with CopyTransform
Transforming jetified-collection-ktx-1.4.0.jar with JetifyTransform
Transforming jetified-collection-ktx-1.4.0.jar with IdentityTransform
Transforming jetified-collection-ktx-1.4.0.jar with IdentityTransform
Transforming jetified-collection-ktx-1.4.0.jar with CopyTransform
Transforming jetified-collection-jvm-1.4.0.jar with JetifyTransform
Transforming jetified-collection-jvm-1.4.0.jar with IdentityTransform
Transforming jetified-collection-jvm-1.4.0.jar with IdentityTransform
Transforming jetified-collection-jvm-1.4.0.jar with CopyTransform
Transforming interpolator-1.0.0-api.jar with JetifyTransform
Transforming interpolator-1.0.0-api.jar with IdentityTransform
Transforming interpolator-1.0.0-api.jar with IdentityTransform
Transforming interpolator-1.0.0-api.jar with CopyTransform
Transforming documentfile-1.0.0-api.jar with JetifyTransform
Transforming documentfile-1.0.0-api.jar with IdentityTransform
Transforming documentfile-1.0.0-api.jar with IdentityTransform
Transforming documentfile-1.0.0-api.jar with CopyTransform
Transforming print-1.0.0-api.jar with JetifyTransform
Transforming print-1.0.0-api.jar with IdentityTransform
Transforming print-1.0.0-api.jar with IdentityTransform
Transforming print-1.0.0-api.jar with CopyTransform
Transforming jetified-annotation-jvm-1.7.0.jar with JetifyTransform
Transforming jetified-annotation-jvm-1.7.0.jar with IdentityTransform
Transforming jetified-annotation-jvm-1.7.0.jar with IdentityTransform
Transforming jetified-annotation-jvm-1.7.0.jar with CopyTransform
Transforming jetified-kotlin-stdlib-jdk7-1.9.10.jar with JetifyTransform
Transforming jetified-kotlin-stdlib-jdk7-1.9.10.jar with IdentityTransform
Transforming jetified-kotlin-stdlib-jdk7-1.9.10.jar with IdentityTransform
Transforming jetified-kotlin-stdlib-jdk7-1.9.10.jar with CopyTransform
Transforming jetified-kotlin-stdlib-2.0.21.jar with JetifyTransform
Transforming jetified-kotlin-stdlib-2.0.21.jar with IdentityTransform
Transforming jetified-kotlin-stdlib-2.0.21.jar with IdentityTransform
Transforming jetified-kotlin-stdlib-2.0.21.jar with CopyTransform
Transforming constraintlayout-2.1.4-api.jar with JetifyTransform
Transforming constraintlayout-2.1.4-api.jar with IdentityTransform
Transforming constraintlayout-2.1.4-api.jar with IdentityTransform
Transforming constraintlayout-2.1.4-api.jar with CopyTransform
Transforming jetified-MPAndroidChart-3.1.0-api.jar with JetifyTransform
Transforming jetified-MPAndroidChart-3.1.0-api.jar with IdentityTransform
Transforming jetified-MPAndroidChart-3.1.0-api.jar with IdentityTransform
Transforming jetified-MPAndroidChart-3.1.0-api.jar with CopyTransform
Transforming jetified-layout-7.2.5.jar with JetifyTransform
Transforming jetified-layout-7.2.5.jar with IdentityTransform
Transforming jetified-layout-7.2.5.jar with IdentityTransform
Transforming jetified-layout-7.2.5.jar with CopyTransform
Transforming jetified-kernel-7.2.5.jar with JetifyTransform
Transforming jetified-kernel-7.2.5.jar with IdentityTransform
Transforming jetified-kernel-7.2.5.jar with IdentityTransform
Transforming jetified-kernel-7.2.5.jar with CopyTransform
Transforming jetified-io-7.2.5.jar with JetifyTransform
Transforming jetified-io-7.2.5.jar with IdentityTransform
Transforming jetified-io-7.2.5.jar with IdentityTransform
Transforming jetified-io-7.2.5.jar with CopyTransform
Transforming jetified-core-3.5.3.jar with JetifyTransform
Transforming jetified-core-3.5.3.jar with IdentityTransform
Transforming jetified-core-3.5.3.jar with IdentityTransform
Transforming jetified-core-3.5.3.jar with CopyTransform
Transforming jetified-poi-ooxml-5.2.5.jar with JetifyTransform
Transforming jetified-poi-ooxml-5.2.5.jar with IdentityTransform
Transforming jetified-poi-ooxml-5.2.5.jar with IdentityTransform
Transforming jetified-poi-ooxml-5.2.5.jar with CopyTransform
Transforming jetified-poi-5.2.5.jar with JetifyTransform
Transforming jetified-poi-5.2.5.jar with IdentityTransform
Transforming jetified-poi-5.2.5.jar with IdentityTransform
Transforming jetified-poi-5.2.5.jar with CopyTransform
Transforming jetified-jakarta.mail-2.0.1.jar with JetifyTransform
Transforming jetified-jakarta.mail-2.0.1.jar with IdentityTransform
Transforming jetified-jakarta.mail-2.0.1.jar with IdentityTransform
Transforming jetified-jakarta.mail-2.0.1.jar with CopyTransform
Transforming jetified-annotations-23.0.0.jar with JetifyTransform
Transforming jetified-annotations-23.0.0.jar with IdentityTransform
Transforming jetified-annotations-23.0.0.jar with IdentityTransform
Transforming jetified-annotations-23.0.0.jar with CopyTransform
Transforming jetified-listenablefuture-1.0.jar with JetifyTransform
Transforming jetified-listenablefuture-1.0.jar with IdentityTransform
Transforming jetified-listenablefuture-1.0.jar with IdentityTransform
Transforming jetified-listenablefuture-1.0.jar with CopyTransform
Transforming jetified-resourceinspection-annotation-1.0.1.jar with JetifyTransform
Transforming jetified-resourceinspection-annotation-1.0.1.jar with IdentityTransform
Transforming jetified-resourceinspection-annotation-1.0.1.jar with IdentityTransform
Transforming jetified-resourceinspection-annotation-1.0.1.jar with CopyTransform
Transforming jetified-error_prone_annotations-2.15.0.jar with JetifyTransform
Transforming jetified-error_prone_annotations-2.15.0.jar with IdentityTransform
Transforming jetified-error_prone_annotations-2.15.0.jar with IdentityTransform
Transforming jetified-error_prone_annotations-2.15.0.jar with CopyTransform
Transforming jetified-hilt-core-2.48.jar with JetifyTransform
Transforming jetified-hilt-core-2.48.jar with IdentityTransform
Transforming jetified-hilt-core-2.48.jar with IdentityTransform
Transforming jetified-hilt-core-2.48.jar with CopyTransform
Transforming jetified-dagger-2.48.jar with JetifyTransform
Transforming jetified-dagger-2.48.jar with IdentityTransform
Transforming jetified-dagger-2.48.jar with IdentityTransform
Transforming jetified-dagger-2.48.jar with CopyTransform
Transforming jetified-firebase-annotations-16.2.0.jar with JetifyTransform
Transforming jetified-firebase-annotations-16.2.0.jar with IdentityTransform
Transforming jetified-firebase-annotations-16.2.0.jar with IdentityTransform
Transforming jetified-firebase-annotations-16.2.0.jar with CopyTransform
Transforming jetified-javax.inject-1.jar with JetifyTransform
Transforming jetified-javax.inject-1.jar with IdentityTransform
Transforming jetified-javax.inject-1.jar with IdentityTransform
Transforming jetified-javax.inject-1.jar with CopyTransform
Transforming jetified-dagger-lint-aar-2.48-api.jar with JetifyTransform
Transforming jetified-dagger-lint-aar-2.48-api.jar with IdentityTransform
Transforming jetified-dagger-lint-aar-2.48-api.jar with IdentityTransform
Transforming jetified-dagger-lint-aar-2.48-api.jar with CopyTransform
Transforming jetified-jsr305-3.0.2.jar with JetifyTransform
Transforming jetified-jsr305-3.0.2.jar with IdentityTransform
Transforming jetified-jsr305-3.0.2.jar with IdentityTransform
Transforming jetified-jsr305-3.0.2.jar with CopyTransform
Transforming exifinterface-1.3.6-api.jar with JetifyTransform
Transforming exifinterface-1.3.6-api.jar with IdentityTransform
Transforming exifinterface-1.3.6-api.jar with IdentityTransform
Transforming exifinterface-1.3.6-api.jar with CopyTransform
Transforming jetified-commons-7.2.5.jar with JetifyTransform
Transforming jetified-commons-7.2.5.jar with IdentityTransform
Transforming jetified-commons-7.2.5.jar with IdentityTransform
Transforming jetified-commons-7.2.5.jar with CopyTransform
Transforming jetified-slf4j-api-1.7.36.jar with JetifyTransform
Transforming jetified-slf4j-api-1.7.36.jar with IdentityTransform
Transforming jetified-slf4j-api-1.7.36.jar with IdentityTransform
Transforming jetified-slf4j-api-1.7.36.jar with CopyTransform
Transforming jetified-bcpkix-jdk15on-1.70.jar with JetifyTransform
Transforming jetified-bcpkix-jdk15on-1.70.jar with IdentityTransform
Transforming jetified-bcpkix-jdk15on-1.70.jar with IdentityTransform
Transforming jetified-bcpkix-jdk15on-1.70.jar with CopyTransform
Transforming jetified-bcutil-jdk15on-1.70.jar with JetifyTransform
Transforming jetified-bcutil-jdk15on-1.70.jar with IdentityTransform
Transforming jetified-bcutil-jdk15on-1.70.jar with IdentityTransform
Transforming jetified-bcutil-jdk15on-1.70.jar with CopyTransform
Transforming jetified-bcprov-jdk15on-1.70.jar with JetifyTransform
Transforming jetified-bcprov-jdk15on-1.70.jar with IdentityTransform
Transforming jetified-bcprov-jdk15on-1.70.jar with IdentityTransform
Transforming jetified-bcprov-jdk15on-1.70.jar with CopyTransform
Transforming jetified-image-1.0.0-beta1-api.jar with JetifyTransform
Transforming jetified-image-1.0.0-beta1-api.jar with IdentityTransform
Transforming jetified-image-1.0.0-beta1-api.jar with IdentityTransform
Transforming jetified-image-1.0.0-beta1-api.jar with CopyTransform
Transforming jetified-commons-codec-1.16.0.jar with JetifyTransform
Transforming jetified-commons-codec-1.16.0.jar with IdentityTransform
Transforming jetified-commons-codec-1.16.0.jar with IdentityTransform
Transforming jetified-commons-codec-1.16.0.jar with CopyTransform
Transforming jetified-commons-collections4-4.4.jar with JetifyTransform
Transforming jetified-commons-collections4-4.4.jar with IdentityTransform
Transforming jetified-commons-collections4-4.4.jar with IdentityTransform
Transforming jetified-commons-collections4-4.4.jar with CopyTransform
Transforming jetified-commons-math3-3.6.1.jar with JetifyTransform
Transforming jetified-commons-math3-3.6.1.jar with IdentityTransform
Transforming jetified-commons-math3-3.6.1.jar with IdentityTransform
Transforming jetified-commons-math3-3.6.1.jar with CopyTransform
Transforming jetified-commons-io-2.15.0.jar with JetifyTransform
Transforming jetified-commons-io-2.15.0.jar with IdentityTransform
Transforming jetified-commons-io-2.15.0.jar with IdentityTransform
Transforming jetified-commons-io-2.15.0.jar with CopyTransform
Transforming jetified-SparseBitSet-1.3.jar with JetifyTransform
Transforming jetified-SparseBitSet-1.3.jar with IdentityTransform
Transforming jetified-SparseBitSet-1.3.jar with IdentityTransform
Transforming jetified-SparseBitSet-1.3.jar with CopyTransform
Transforming jetified-poi-ooxml-lite-5.2.5.jar with JetifyTransform
Transforming jetified-poi-ooxml-lite-5.2.5.jar with IdentityTransform
Transforming jetified-poi-ooxml-lite-5.2.5.jar with IdentityTransform
Transforming jetified-poi-ooxml-lite-5.2.5.jar with CopyTransform
Transforming jetified-xmlbeans-5.2.0.jar with JetifyTransform
Transforming jetified-xmlbeans-5.2.0.jar with IdentityTransform
Transforming jetified-xmlbeans-5.2.0.jar with IdentityTransform
Transforming jetified-xmlbeans-5.2.0.jar with CopyTransform
Transforming jetified-log4j-api-2.21.1.jar with JetifyTransform
Transforming jetified-log4j-api-2.21.1.jar with IdentityTransform
Transforming jetified-log4j-api-2.21.1.jar with IdentityTransform
Transforming jetified-log4j-api-2.21.1.jar with CopyTransform
Transforming jetified-commons-compress-1.25.0.jar with JetifyTransform
Transforming jetified-commons-compress-1.25.0.jar with IdentityTransform
Transforming jetified-commons-compress-1.25.0.jar with IdentityTransform
Transforming jetified-commons-compress-1.25.0.jar with CopyTransform
Transforming jetified-curvesapi-1.08.jar with JetifyTransform
Transforming jetified-curvesapi-1.08.jar with IdentityTransform
Transforming jetified-curvesapi-1.08.jar with IdentityTransform
Transforming jetified-curvesapi-1.08.jar with CopyTransform
Transforming jetified-jakarta.activation-2.0.1.jar with JetifyTransform
Transforming jetified-jakarta.activation-2.0.1.jar with IdentityTransform
Transforming jetified-jakarta.activation-2.0.1.jar with IdentityTransform
Transforming jetified-jakarta.activation-2.0.1.jar with CopyTransform
Transforming debug with CopyTransform
Transforming debug with CopyTransform
Transforming classes with CopyTransform
Transforming core-for-system-modules.jar with JdkImageTransform
Transforming core-for-system-modules.jar with JdkImageTransform
Transforming core-for-system-modules.jar with JdkImageTransform
Transforming core-for-system-modules.jar with JdkImageTransform
Transforming android.jar with JetifyTransform
Transforming android.jar with IdentityTransform
Transforming android.jar with IdentityTransform
Transforming android.jar with CopyTransform
Transforming core-lambda-stubs.jar with JetifyTransform
Transforming core-lambda-stubs.jar with IdentityTransform
Transforming core-lambda-stubs.jar with IdentityTransform
Transforming core-lambda-stubs.jar with CopyTransform
Transforming R.jar with JetifyTransform
Transforming R.jar with IdentityTransform
Transforming R.jar with IdentityTransform
Transforming R.jar with CopyTransform
Transforming jetified-viewbinding-8.6.0-api.jar with JetifyTransform
Transforming jetified-viewbinding-8.6.0-api.jar with IdentityTransform
Transforming jetified-viewbinding-8.6.0-api.jar with IdentityTransform
Transforming jetified-viewbinding-8.6.0-api.jar with CopyTransform
Transforming jetified-hilt-navigation-compose-1.1.0-api.jar with JetifyTransform
Transforming jetified-hilt-navigation-compose-1.1.0-api.jar with IdentityTransform
Transforming jetified-hilt-navigation-compose-1.1.0-api.jar with IdentityTransform
Transforming jetified-hilt-navigation-compose-1.1.0-api.jar with CopyTransform
Transforming jetified-hilt-navigation-1.1.0-api.jar with JetifyTransform
Transforming jetified-hilt-navigation-1.1.0-api.jar with IdentityTransform
Transforming jetified-hilt-navigation-1.1.0-api.jar with IdentityTransform
Transforming jetified-hilt-navigation-1.1.0-api.jar with CopyTransform
Transforming navigation-common-2.7.6-api.jar with JetifyTransform
Transforming navigation-common-2.7.6-api.jar with IdentityTransform
Transforming navigation-common-2.7.6-api.jar with IdentityTransform
Transforming navigation-common-2.7.6-api.jar with CopyTransform
Transforming navigation-runtime-2.7.6-api.jar with JetifyTransform
Transforming navigation-runtime-2.7.6-api.jar with IdentityTransform
Transforming navigation-runtime-2.7.6-api.jar with IdentityTransform
Transforming navigation-runtime-2.7.6-api.jar with CopyTransform
Transforming navigation-common-ktx-2.7.6-api.jar with JetifyTransform
Transforming navigation-common-ktx-2.7.6-api.jar with IdentityTransform
Transforming navigation-common-ktx-2.7.6-api.jar with IdentityTransform
Transforming navigation-common-ktx-2.7.6-api.jar with CopyTransform
Transforming navigation-fragment-2.7.6-api.jar with JetifyTransform
Transforming navigation-fragment-2.7.6-api.jar with IdentityTransform
Transforming navigation-fragment-2.7.6-api.jar with IdentityTransform
Transforming navigation-fragment-2.7.6-api.jar with CopyTransform
Transforming navigation-runtime-ktx-2.7.6-api.jar with JetifyTransform
Transforming navigation-runtime-ktx-2.7.6-api.jar with IdentityTransform
Transforming navigation-runtime-ktx-2.7.6-api.jar with IdentityTransform
Transforming navigation-runtime-ktx-2.7.6-api.jar with CopyTransform
Transforming navigation-fragment-ktx-2.7.6-api.jar with JetifyTransform
Transforming navigation-fragment-ktx-2.7.6-api.jar with IdentityTransform
Transforming navigation-fragment-ktx-2.7.6-api.jar with IdentityTransform
Transforming navigation-fragment-ktx-2.7.6-api.jar with CopyTransform
Transforming jetified-navigation-compose-2.7.6-api.jar with JetifyTransform
Transforming jetified-navigation-compose-2.7.6-api.jar with IdentityTransform
Transforming jetified-navigation-compose-2.7.6-api.jar with IdentityTransform
Transforming jetified-navigation-compose-2.7.6-api.jar with CopyTransform
Transforming navigation-ui-ktx-2.7.6-api.jar with JetifyTransform
Transforming navigation-ui-ktx-2.7.6-api.jar with IdentityTransform
Transforming navigation-ui-ktx-2.7.6-api.jar with IdentityTransform
Transforming navigation-ui-ktx-2.7.6-api.jar with CopyTransform
Transforming navigation-ui-2.7.6-api.jar with JetifyTransform
Transforming navigation-ui-2.7.6-api.jar with IdentityTransform
Transforming navigation-ui-2.7.6-api.jar with IdentityTransform
Transforming navigation-ui-2.7.6-api.jar with CopyTransform
Transforming material-1.11.0-api.jar with JetifyTransform
Transforming material-1.11.0-api.jar with IdentityTransform
Transforming material-1.11.0-api.jar with IdentityTransform
Transforming material-1.11.0-api.jar with CopyTransform
Transforming jetified-play-services-mlkit-barcode-scanning-18.3.1-api.jar with JetifyTransform
Transforming jetified-play-services-mlkit-barcode-scanning-18.3.1-api.jar with IdentityTransform
Transforming jetified-play-services-mlkit-barcode-scanning-18.3.1-api.jar with IdentityTransform
Transforming jetified-play-services-mlkit-barcode-scanning-18.3.1-api.jar with CopyTransform
Transforming jetified-barcode-scanning-common-17.0.0-api.jar with JetifyTransform
Transforming jetified-barcode-scanning-common-17.0.0-api.jar with IdentityTransform
Transforming jetified-barcode-scanning-common-17.0.0-api.jar with IdentityTransform
Transforming jetified-barcode-scanning-common-17.0.0-api.jar with CopyTransform
Transforming jetified-vision-common-17.3.0-api.jar with JetifyTransform
Transforming jetified-vision-common-17.3.0-api.jar with IdentityTransform
Transforming jetified-vision-common-17.3.0-api.jar with IdentityTransform
Transforming jetified-vision-common-17.3.0-api.jar with CopyTransform
Transforming jetified-common-18.11.0-api.jar with JetifyTransform
Transforming jetified-common-18.11.0-api.jar with IdentityTransform
Transforming jetified-common-18.11.0-api.jar with IdentityTransform
Transforming jetified-common-18.11.0-api.jar with CopyTransform
Transforming appcompat-1.6.1-api.jar with JetifyTransform
Transforming appcompat-1.6.1-api.jar with IdentityTransform
Transforming appcompat-1.6.1-api.jar with IdentityTransform
Transforming appcompat-1.6.1-api.jar with CopyTransform
Transforming jetified-hilt-android-2.48-api.jar with JetifyTransform
Transforming jetified-hilt-android-2.48-api.jar with IdentityTransform
Transforming jetified-hilt-android-2.48-api.jar with IdentityTransform
Transforming jetified-hilt-android-2.48-api.jar with CopyTransform
Transforming biometric-1.1.0-api.jar with JetifyTransform
Transforming biometric-1.1.0-api.jar with IdentityTransform
Transforming biometric-1.1.0-api.jar with IdentityTransform
Transforming biometric-1.1.0-api.jar with CopyTransform
Transforming jetified-firebase-auth-22.3.1-api.jar with JetifyTransform
Transforming jetified-firebase-auth-22.3.1-api.jar with IdentityTransform
Transforming jetified-firebase-auth-22.3.1-api.jar with IdentityTransform
Transforming jetified-firebase-auth-22.3.1-api.jar with CopyTransform
Transforming jetified-play-services-auth-21.0.0-api.jar with JetifyTransform
Transforming jetified-play-services-auth-21.0.0-api.jar with IdentityTransform
Transforming jetified-play-services-auth-21.0.0-api.jar with IdentityTransform
Transforming jetified-play-services-auth-21.0.0-api.jar with CopyTransform
Transforming jetified-viewpager2-1.0.0-api.jar with JetifyTransform
Transforming jetified-viewpager2-1.0.0-api.jar with IdentityTransform
Transforming jetified-viewpager2-1.0.0-api.jar with IdentityTransform
Transforming jetified-viewpager2-1.0.0-api.jar with CopyTransform
Transforming jetified-play-services-auth-api-phone-18.0.2-api.jar with JetifyTransform
Transforming jetified-play-services-auth-api-phone-18.0.2-api.jar with IdentityTransform
Transforming jetified-play-services-auth-api-phone-18.0.2-api.jar with IdentityTransform
Transforming jetified-play-services-auth-api-phone-18.0.2-api.jar with CopyTransform
Transforming jetified-firebase-appcheck-interop-17.0.0-api.jar with JetifyTransform
Transforming jetified-firebase-appcheck-interop-17.0.0-api.jar with IdentityTransform
Transforming jetified-firebase-appcheck-interop-17.0.0-api.jar with IdentityTransform
Transforming jetified-firebase-appcheck-interop-17.0.0-api.jar with CopyTransform
Transforming jetified-play-services-auth-base-18.0.10-api.jar with JetifyTransform
Transforming jetified-play-services-auth-base-18.0.10-api.jar with IdentityTransform
Transforming jetified-play-services-auth-base-18.0.10-api.jar with IdentityTransform
Transforming jetified-play-services-auth-base-18.0.10-api.jar with CopyTransform
Transforming jetified-play-services-fido-20.0.1-api.jar with JetifyTransform
Transforming jetified-play-services-fido-20.0.1-api.jar with IdentityTransform
Transforming jetified-play-services-fido-20.0.1-api.jar with IdentityTransform
Transforming jetified-play-services-fido-20.0.1-api.jar with CopyTransform
Transforming jetified-play-services-base-18.5.0-api.jar with JetifyTransform
Transforming jetified-play-services-base-18.5.0-api.jar with IdentityTransform
Transforming jetified-play-services-base-18.5.0-api.jar with IdentityTransform
Transforming jetified-play-services-base-18.5.0-api.jar with CopyTransform
Transforming jetified-vision-interfaces-16.3.0-api.jar with JetifyTransform
Transforming jetified-vision-interfaces-16.3.0-api.jar with IdentityTransform
Transforming jetified-vision-interfaces-16.3.0-api.jar with IdentityTransform
Transforming jetified-vision-interfaces-16.3.0-api.jar with CopyTransform
Transforming jetified-firebase-common-ktx-20.4.2-api.jar with JetifyTransform
Transforming jetified-firebase-common-ktx-20.4.2-api.jar with IdentityTransform
Transforming jetified-firebase-common-ktx-20.4.2-api.jar with IdentityTransform
Transforming jetified-firebase-common-ktx-20.4.2-api.jar with CopyTransform
Transforming jetified-firebase-auth-interop-20.0.0-api.jar with JetifyTransform
Transforming jetified-firebase-auth-interop-20.0.0-api.jar with IdentityTransform
Transforming jetified-firebase-auth-interop-20.0.0-api.jar with IdentityTransform
Transforming jetified-firebase-auth-interop-20.0.0-api.jar with CopyTransform
Transforming jetified-firebase-common-20.4.2-api.jar with JetifyTransform
Transforming jetified-firebase-common-20.4.2-api.jar with IdentityTransform
Transforming jetified-firebase-common-20.4.2-api.jar with IdentityTransform
Transforming jetified-firebase-common-20.4.2-api.jar with CopyTransform
Transforming jetified-recaptcha-18.4.0-api.jar with JetifyTransform
Transforming jetified-recaptcha-18.4.0-api.jar with IdentityTransform
Transforming jetified-recaptcha-18.4.0-api.jar with IdentityTransform
Transforming jetified-recaptcha-18.4.0-api.jar with CopyTransform
Transforming jetified-integrity-1.2.0-api.jar with JetifyTransform
Transforming jetified-integrity-1.2.0-api.jar with IdentityTransform
Transforming jetified-integrity-1.2.0-api.jar with IdentityTransform
Transforming jetified-integrity-1.2.0-api.jar with CopyTransform
Transforming room-common-2.6.1.jar with JetifyTransform
Transforming room-common-2.6.1.jar with IdentityTransform
Transforming room-common-2.6.1.jar with IdentityTransform
Transforming room-common-2.6.1.jar with CopyTransform
Transforming room-runtime-2.6.1-api.jar with JetifyTransform
Transforming room-runtime-2.6.1-api.jar with IdentityTransform
Transforming room-runtime-2.6.1-api.jar with IdentityTransform
Transforming room-runtime-2.6.1-api.jar with CopyTransform
Transforming jetified-room-ktx-2.6.1-api.jar with JetifyTransform
Transforming jetified-room-ktx-2.6.1-api.jar with IdentityTransform
Transforming jetified-room-ktx-2.6.1-api.jar with IdentityTransform
Transforming jetified-room-ktx-2.6.1-api.jar with CopyTransform
Transforming jetified-fragment-ktx-1.6.2-api.jar with JetifyTransform
Transforming jetified-fragment-ktx-1.6.2-api.jar with IdentityTransform
Transforming jetified-fragment-ktx-1.6.2-api.jar with IdentityTransform
Transforming jetified-fragment-ktx-1.6.2-api.jar with CopyTransform
Transforming jetified-activity-ktx-1.8.2-api.jar with JetifyTransform
Transforming jetified-activity-ktx-1.8.2-api.jar with IdentityTransform
Transforming jetified-activity-ktx-1.8.2-api.jar with IdentityTransform
Transforming jetified-activity-ktx-1.8.2-api.jar with CopyTransform
Transforming jetified-activity-compose-1.8.2-api.jar with JetifyTransform
Transforming jetified-activity-compose-1.8.2-api.jar with IdentityTransform
Transforming jetified-activity-compose-1.8.2-api.jar with IdentityTransform
Transforming jetified-activity-compose-1.8.2-api.jar with CopyTransform
Transforming jetified-activity-1.8.2-api.jar with JetifyTransform
Transforming jetified-activity-1.8.2-api.jar with IdentityTransform
Transforming jetified-activity-1.8.2-api.jar with IdentityTransform
Transforming jetified-activity-1.8.2-api.jar with CopyTransform
Transforming jetified-camera-video-1.3.1-api.jar with JetifyTransform
Transforming jetified-camera-video-1.3.1-api.jar with IdentityTransform
Transforming jetified-camera-video-1.3.1-api.jar with IdentityTransform
Transforming jetified-camera-video-1.3.1-api.jar with CopyTransform
Transforming jetified-camera-view-1.3.1-api.jar with JetifyTransform
Transforming jetified-camera-view-1.3.1-api.jar with IdentityTransform
Transforming jetified-camera-view-1.3.1-api.jar with IdentityTransform
Transforming jetified-camera-view-1.3.1-api.jar with CopyTransform
Transforming jetified-camera-lifecycle-1.3.1-api.jar with JetifyTransform
Transforming jetified-camera-lifecycle-1.3.1-api.jar with IdentityTransform
Transforming jetified-camera-lifecycle-1.3.1-api.jar with IdentityTransform
Transforming jetified-camera-lifecycle-1.3.1-api.jar with CopyTransform
Transforming jetified-camera-camera2-1.3.1-api.jar with JetifyTransform
Transforming jetified-camera-camera2-1.3.1-api.jar with IdentityTransform
Transforming jetified-camera-camera2-1.3.1-api.jar with IdentityTransform
Transforming jetified-camera-camera2-1.3.1-api.jar with CopyTransform
Transforming jetified-camera-core-1.3.1-api.jar with JetifyTransform
Transforming jetified-camera-core-1.3.1-api.jar with IdentityTransform
Transforming jetified-camera-core-1.3.1-api.jar with IdentityTransform
Transforming jetified-camera-core-1.3.1-api.jar with CopyTransform
Transforming jetified-appcompat-resources-1.6.1-api.jar with JetifyTransform
Transforming jetified-appcompat-resources-1.6.1-api.jar with IdentityTransform
Transforming jetified-appcompat-resources-1.6.1-api.jar with IdentityTransform
Transforming jetified-appcompat-resources-1.6.1-api.jar with CopyTransform
Transforming drawerlayout-1.1.1-api.jar with JetifyTransform
Transforming drawerlayout-1.1.1-api.jar with IdentityTransform
Transforming drawerlayout-1.1.1-api.jar with IdentityTransform
Transforming drawerlayout-1.1.1-api.jar with CopyTransform
Transforming coordinatorlayout-1.1.0-api.jar with JetifyTransform
Transforming coordinatorlayout-1.1.0-api.jar with IdentityTransform
Transforming coordinatorlayout-1.1.0-api.jar with IdentityTransform
Transforming coordinatorlayout-1.1.0-api.jar with CopyTransform
Transforming dynamicanimation-1.0.0-api.jar with JetifyTransform
Transforming dynamicanimation-1.0.0-api.jar with IdentityTransform
Transforming dynamicanimation-1.0.0-api.jar with IdentityTransform
Transforming dynamicanimation-1.0.0-api.jar with CopyTransform
Transforming recyclerview-1.1.0-api.jar with JetifyTransform
Transforming recyclerview-1.1.0-api.jar with IdentityTransform
Transforming recyclerview-1.1.0-api.jar with IdentityTransform
Transforming recyclerview-1.1.0-api.jar with CopyTransform
Transforming transition-1.4.1-api.jar with JetifyTransform
Transforming transition-1.4.1-api.jar with IdentityTransform
Transforming transition-1.4.1-api.jar with IdentityTransform
Transforming transition-1.4.1-api.jar with CopyTransform
Transforming vectordrawable-animated-1.1.0-api.jar with JetifyTransform
Transforming vectordrawable-animated-1.1.0-api.jar with IdentityTransform
Transforming vectordrawable-animated-1.1.0-api.jar with IdentityTransform
Transforming vectordrawable-animated-1.1.0-api.jar with CopyTransform
Transforming vectordrawable-1.1.0-api.jar with JetifyTransform
Transforming vectordrawable-1.1.0-api.jar with IdentityTransform
Transforming vectordrawable-1.1.0-api.jar with IdentityTransform
Transforming vectordrawable-1.1.0-api.jar with CopyTransform
Transforming browser-1.4.0-api.jar with JetifyTransform
Transforming browser-1.4.0-api.jar with IdentityTransform
Transforming browser-1.4.0-api.jar with IdentityTransform
Transforming browser-1.4.0-api.jar with CopyTransform
Transforming legacy-support-core-utils-1.0.0-api.jar with JetifyTransform
Transforming legacy-support-core-utils-1.0.0-api.jar with IdentityTransform
Transforming legacy-support-core-utils-1.0.0-api.jar with IdentityTransform
Transforming legacy-support-core-utils-1.0.0-api.jar with CopyTransform
Transforming loader-1.1.0-api.jar with JetifyTransform
Transforming loader-1.1.0-api.jar with IdentityTransform
Transforming loader-1.1.0-api.jar with IdentityTransform
Transforming loader-1.1.0-api.jar with CopyTransform
Transforming viewpager-1.0.0-api.jar with JetifyTransform
Transforming viewpager-1.0.0-api.jar with IdentityTransform
Transforming viewpager-1.0.0-api.jar with IdentityTransform
Transforming viewpager-1.0.0-api.jar with CopyTransform
Transforming slidingpanelayout-1.2.0-api.jar with JetifyTransform
Transforming slidingpanelayout-1.2.0-api.jar with IdentityTransform
Transforming slidingpanelayout-1.2.0-api.jar with IdentityTransform
Transforming slidingpanelayout-1.2.0-api.jar with CopyTransform
Transforming customview-1.1.0-api.jar with JetifyTransform
Transforming customview-1.1.0-api.jar with IdentityTransform
Transforming customview-1.1.0-api.jar with IdentityTransform
Transforming customview-1.1.0-api.jar with CopyTransform
Transforming core-1.12.0-api.jar with JetifyTransform
Transforming core-1.12.0-api.jar with IdentityTransform
Transforming core-1.12.0-api.jar with IdentityTransform
Transforming core-1.12.0-api.jar with CopyTransform
Transforming lifecycle-common-java8-2.7.0.jar with JetifyTransform
Transforming lifecycle-common-java8-2.7.0.jar with IdentityTransform
Transforming lifecycle-common-java8-2.7.0.jar with IdentityTransform
Transforming lifecycle-common-java8-2.7.0.jar with CopyTransform
Transforming lifecycle-livedata-core-2.7.0-api.jar with JetifyTransform
Transforming lifecycle-livedata-core-2.7.0-api.jar with IdentityTransform
Transforming lifecycle-livedata-core-2.7.0-api.jar with IdentityTransform
Transforming lifecycle-livedata-core-2.7.0-api.jar with CopyTransform
Transforming jetified-lifecycle-livedata-core-ktx-2.7.0-api.jar with JetifyTransform
Transforming jetified-lifecycle-livedata-core-ktx-2.7.0-api.jar with IdentityTransform
Transforming jetified-lifecycle-livedata-core-ktx-2.7.0-api.jar with IdentityTransform
Transforming jetified-lifecycle-livedata-core-ktx-2.7.0-api.jar with CopyTransform
Transforming lifecycle-livedata-2.7.0-api.jar with JetifyTransform
Transforming lifecycle-livedata-2.7.0-api.jar with IdentityTransform
Transforming lifecycle-livedata-2.7.0-api.jar with IdentityTransform
Transforming lifecycle-livedata-2.7.0-api.jar with CopyTransform
Transforming lifecycle-common-2.7.0.jar with JetifyTransform
Transforming lifecycle-common-2.7.0.jar with IdentityTransform
Transforming lifecycle-common-2.7.0.jar with IdentityTransform
Transforming lifecycle-common-2.7.0.jar with CopyTransform
Transforming jetified-lifecycle-runtime-ktx-2.7.0-api.jar with JetifyTransform
Transforming jetified-lifecycle-runtime-ktx-2.7.0-api.jar with IdentityTransform
Transforming jetified-lifecycle-runtime-ktx-2.7.0-api.jar with IdentityTransform
Transforming jetified-lifecycle-runtime-ktx-2.7.0-api.jar with CopyTransform
Transforming jetified-lifecycle-viewmodel-compose-2.7.0-api.jar with JetifyTransform
Transforming jetified-lifecycle-viewmodel-compose-2.7.0-api.jar with IdentityTransform
Transforming jetified-lifecycle-viewmodel-compose-2.7.0-api.jar with IdentityTransform
Transforming jetified-lifecycle-viewmodel-compose-2.7.0-api.jar with CopyTransform
Transforming jetified-lifecycle-viewmodel-savedstate-2.7.0-api.jar with JetifyTransform
Transforming jetified-lifecycle-viewmodel-savedstate-2.7.0-api.jar with IdentityTransform
Transforming jetified-lifecycle-viewmodel-savedstate-2.7.0-api.jar with IdentityTransform
Transforming jetified-lifecycle-viewmodel-savedstate-2.7.0-api.jar with CopyTransform
Transforming lifecycle-viewmodel-2.7.0-api.jar with JetifyTransform
Transforming lifecycle-viewmodel-2.7.0-api.jar with IdentityTransform
Transforming lifecycle-viewmodel-2.7.0-api.jar with IdentityTransform
Transforming lifecycle-viewmodel-2.7.0-api.jar with CopyTransform
Transforming jetified-coil-compose-2.5.0-api.jar with JetifyTransform
Transforming jetified-coil-compose-2.5.0-api.jar with IdentityTransform
Transforming jetified-coil-compose-2.5.0-api.jar with IdentityTransform
Transforming jetified-coil-compose-2.5.0-api.jar with CopyTransform
Transforming jetified-coil-compose-base-2.5.0-api.jar with JetifyTransform
Transforming jetified-coil-compose-base-2.5.0-api.jar with IdentityTransform
Transforming jetified-coil-compose-base-2.5.0-api.jar with IdentityTransform
Transforming jetified-coil-compose-base-2.5.0-api.jar with CopyTransform
Transforming jetified-coil-2.5.0-api.jar with JetifyTransform
Transforming jetified-coil-2.5.0-api.jar with IdentityTransform
Transforming jetified-coil-2.5.0-api.jar with IdentityTransform
Transforming jetified-coil-2.5.0-api.jar with CopyTransform
Transforming jetified-coil-base-2.5.0-api.jar with JetifyTransform
Transforming jetified-coil-base-2.5.0-api.jar with IdentityTransform
Transforming jetified-coil-base-2.5.0-api.jar with IdentityTransform
Transforming jetified-coil-base-2.5.0-api.jar with CopyTransform
Transforming lifecycle-runtime-2.7.0-api.jar with JetifyTransform
Transforming lifecycle-runtime-2.7.0-api.jar with IdentityTransform
Transforming lifecycle-runtime-2.7.0-api.jar with IdentityTransform
Transforming lifecycle-runtime-2.7.0-api.jar with CopyTransform
Transforming jetified-lifecycle-livedata-ktx-2.7.0-api.jar with JetifyTransform
Transforming jetified-lifecycle-livedata-ktx-2.7.0-api.jar with IdentityTransform
Transforming jetified-lifecycle-livedata-ktx-2.7.0-api.jar with IdentityTransform
Transforming jetified-lifecycle-livedata-ktx-2.7.0-api.jar with CopyTransform
Transforming jetified-lifecycle-runtime-compose-2.7.0-api.jar with JetifyTransform
Transforming jetified-lifecycle-runtime-compose-2.7.0-api.jar with IdentityTransform
Transforming jetified-lifecycle-runtime-compose-2.7.0-api.jar with IdentityTransform
Transforming jetified-lifecycle-runtime-compose-2.7.0-api.jar with CopyTransform
Transforming jetified-lifecycle-viewmodel-ktx-2.7.0-api.jar with JetifyTransform
Transforming jetified-lifecycle-viewmodel-ktx-2.7.0-api.jar with IdentityTransform
Transforming jetified-lifecycle-viewmodel-ktx-2.7.0-api.jar with IdentityTransform
Transforming jetified-lifecycle-viewmodel-ktx-2.7.0-api.jar with CopyTransform
Transforming jetified-material3-release-api.jar with JetifyTransform
Transforming jetified-material3-release-api.jar with IdentityTransform
Transforming jetified-material3-release-api.jar with IdentityTransform
Transforming jetified-material3-release-api.jar with CopyTransform
Transforming jetified-foundation-layout-release-api.jar with JetifyTransform
Transforming jetified-foundation-layout-release-api.jar with IdentityTransform
Transforming jetified-foundation-layout-release-api.jar with IdentityTransform
Transforming jetified-foundation-layout-release-api.jar with CopyTransform
Transforming jetified-material-icons-core-release-api.jar with JetifyTransform
Transforming jetified-material-icons-core-release-api.jar with IdentityTransform
Transforming jetified-material-icons-core-release-api.jar with IdentityTransform
Transforming jetified-material-icons-core-release-api.jar with CopyTransform
Transforming jetified-material-icons-extended-release-api.jar with JetifyTransform
Transforming jetified-material-icons-extended-release-api.jar with IdentityTransform
Transforming jetified-material-icons-extended-release-api.jar with IdentityTransform
Transforming jetified-material-icons-extended-release-api.jar with CopyTransform
Transforming jetified-material-ripple-release-api.jar with JetifyTransform
Transforming jetified-material-ripple-release-api.jar with IdentityTransform
Transforming jetified-material-ripple-release-api.jar with IdentityTransform
Transforming jetified-material-ripple-release-api.jar with CopyTransform
Transforming jetified-foundation-release-api.jar with JetifyTransform
Transforming jetified-foundation-release-api.jar with IdentityTransform
Transforming jetified-foundation-release-api.jar with IdentityTransform
Transforming jetified-foundation-release-api.jar with CopyTransform
Transforming jetified-animation-core-release-api.jar with JetifyTransform
Transforming jetified-animation-core-release-api.jar with IdentityTransform
Transforming jetified-animation-core-release-api.jar with IdentityTransform
Transforming jetified-animation-core-release-api.jar with CopyTransform
Transforming jetified-animation-release-api.jar with JetifyTransform
Transforming jetified-animation-release-api.jar with IdentityTransform
Transforming jetified-animation-release-api.jar with IdentityTransform
Transforming jetified-animation-release-api.jar with CopyTransform
Transforming jetified-ui-util-release-api.jar with JetifyTransform
Transforming jetified-ui-util-release-api.jar with IdentityTransform
Transforming jetified-ui-util-release-api.jar with IdentityTransform
Transforming jetified-ui-util-release-api.jar with CopyTransform
Transforming jetified-ui-unit-release-api.jar with JetifyTransform
Transforming jetified-ui-unit-release-api.jar with IdentityTransform
Transforming jetified-ui-unit-release-api.jar with IdentityTransform
Transforming jetified-ui-unit-release-api.jar with CopyTransform
Transforming jetified-ui-text-release-api.jar with JetifyTransform
Transforming jetified-ui-text-release-api.jar with IdentityTransform
Transforming jetified-ui-text-release-api.jar with IdentityTransform
Transforming jetified-ui-text-release-api.jar with CopyTransform
Transforming jetified-ui-geometry-release-api.jar with JetifyTransform
Transforming jetified-ui-geometry-release-api.jar with IdentityTransform
Transforming jetified-ui-geometry-release-api.jar with IdentityTransform
Transforming jetified-ui-geometry-release-api.jar with CopyTransform
Transforming jetified-ui-tooling-data-release-api.jar with JetifyTransform
Transforming jetified-ui-tooling-data-release-api.jar with IdentityTransform
Transforming jetified-ui-tooling-data-release-api.jar with IdentityTransform
Transforming jetified-ui-tooling-data-release-api.jar with CopyTransform
Transforming jetified-ui-tooling-preview-release-api.jar with JetifyTransform
Transforming jetified-ui-tooling-preview-release-api.jar with IdentityTransform
Transforming jetified-ui-tooling-preview-release-api.jar with IdentityTransform
Transforming jetified-ui-tooling-preview-release-api.jar with CopyTransform
Transforming jetified-ui-graphics-release-api.jar with JetifyTransform
Transforming jetified-ui-graphics-release-api.jar with IdentityTransform
Transforming jetified-ui-graphics-release-api.jar with IdentityTransform
Transforming jetified-ui-graphics-release-api.jar with CopyTransform
Transforming jetified-ui-release-api.jar with JetifyTransform
Transforming jetified-ui-release-api.jar with IdentityTransform
Transforming jetified-ui-release-api.jar with IdentityTransform
Transforming jetified-ui-release-api.jar with CopyTransform
Transforming jetified-ui-tooling-release-api.jar with JetifyTransform
Transforming jetified-ui-tooling-release-api.jar with IdentityTransform
Transforming jetified-ui-tooling-release-api.jar with IdentityTransform
Transforming jetified-ui-tooling-release-api.jar with CopyTransform
Transforming jetified-runtime-saveable-release-api.jar with JetifyTransform
Transforming jetified-runtime-saveable-release-api.jar with IdentityTransform
Transforming jetified-runtime-saveable-release-api.jar with IdentityTransform
Transforming jetified-runtime-saveable-release-api.jar with CopyTransform
Transforming jetified-runtime-release-api.jar with JetifyTransform
Transforming jetified-runtime-release-api.jar with IdentityTransform
Transforming jetified-runtime-release-api.jar with IdentityTransform
Transforming jetified-runtime-release-api.jar with CopyTransform
Transforming jetified-kotlinx-coroutines-android-1.7.3.jar with JetifyTransform
Transforming jetified-kotlinx-coroutines-android-1.7.3.jar with IdentityTransform
Transforming jetified-kotlinx-coroutines-android-1.7.3.jar with IdentityTransform
Transforming jetified-kotlinx-coroutines-android-1.7.3.jar with CopyTransform
Transforming jetified-kotlinx-coroutines-core-jvm-1.7.3.jar with JetifyTransform
Transforming jetified-kotlinx-coroutines-core-jvm-1.7.3.jar with IdentityTransform
Transforming jetified-kotlinx-coroutines-core-jvm-1.7.3.jar with IdentityTransform
Transforming jetified-kotlinx-coroutines-core-jvm-1.7.3.jar with CopyTransform
Transforming jetified-kotlinx-coroutines-play-services-1.7.3.jar with JetifyTransform
Transforming jetified-kotlinx-coroutines-play-services-1.7.3.jar with IdentityTransform
Transforming jetified-kotlinx-coroutines-play-services-1.7.3.jar with IdentityTransform
Transforming jetified-kotlinx-coroutines-play-services-1.7.3.jar with CopyTransform
Transforming jetified-play-services-tasks-18.2.0-api.jar with JetifyTransform
Transforming jetified-play-services-tasks-18.2.0-api.jar with IdentityTransform
Transforming jetified-play-services-tasks-18.2.0-api.jar with IdentityTransform
Transforming jetified-play-services-tasks-18.2.0-api.jar with CopyTransform
Transforming jetified-play-services-basement-18.4.0-api.jar with JetifyTransform
Transforming jetified-play-services-basement-18.4.0-api.jar with IdentityTransform
Transforming jetified-play-services-basement-18.4.0-api.jar with IdentityTransform
Transforming jetified-play-services-basement-18.4.0-api.jar with CopyTransform
Transforming fragment-1.6.2-api.jar with JetifyTransform
Transforming fragment-1.6.2-api.jar with IdentityTransform
Transforming fragment-1.6.2-api.jar with IdentityTransform
Transforming fragment-1.6.2-api.jar with CopyTransform
Transforming jetified-core-ktx-1.12.0-api.jar with JetifyTransform
Transforming jetified-core-ktx-1.12.0-api.jar with IdentityTransform
Transforming jetified-core-ktx-1.12.0-api.jar with IdentityTransform
Transforming jetified-core-ktx-1.12.0-api.jar with CopyTransform
Transforming jetified-core-splashscreen-1.0.1-api.jar with JetifyTransform
Transforming jetified-core-splashscreen-1.0.1-api.jar with IdentityTransform
Transforming jetified-core-splashscreen-1.0.1-api.jar with IdentityTransform
Transforming jetified-core-splashscreen-1.0.1-api.jar with CopyTransform
Transforming jetified-googleid-1.1.0-api.jar with JetifyTransform
Transforming jetified-googleid-1.1.0-api.jar with IdentityTransform
Transforming jetified-googleid-1.1.0-api.jar with IdentityTransform
Transforming jetified-googleid-1.1.0-api.jar with CopyTransform
Transforming jetified-savedstate-ktx-1.2.1-api.jar with JetifyTransform
Transforming jetified-savedstate-ktx-1.2.1-api.jar with IdentityTransform
Transforming jetified-savedstate-ktx-1.2.1-api.jar with IdentityTransform
Transforming jetified-savedstate-ktx-1.2.1-api.jar with CopyTransform
Transforming jetified-savedstate-1.2.1-api.jar with JetifyTransform
Transforming jetified-savedstate-1.2.1-api.jar with IdentityTransform
Transforming jetified-savedstate-1.2.1-api.jar with IdentityTransform
Transforming jetified-savedstate-1.2.1-api.jar with CopyTransform
Transforming jetified-annotation-experimental-1.4.0-api.jar with JetifyTransform
Transforming jetified-annotation-experimental-1.4.0-api.jar with IdentityTransform
Transforming jetified-annotation-experimental-1.4.0-api.jar with IdentityTransform
Transforming jetified-annotation-experimental-1.4.0-api.jar with CopyTransform
Transforming jetified-okhttp-4.12.0.jar with JetifyTransform
Transforming jetified-okhttp-4.12.0.jar with IdentityTransform
Transforming jetified-okhttp-4.12.0.jar with IdentityTransform
Transforming jetified-okhttp-4.12.0.jar with CopyTransform
Transforming jetified-okio-jvm-3.6.0.jar with JetifyTransform
Transforming jetified-okio-jvm-3.6.0.jar with IdentityTransform
Transforming jetified-okio-jvm-3.6.0.jar with IdentityTransform
Transforming jetified-okio-jvm-3.6.0.jar with CopyTransform
Transforming jetified-kotlin-stdlib-jdk8-1.9.10.jar with JetifyTransform
Transforming jetified-kotlin-stdlib-jdk8-1.9.10.jar with IdentityTransform
Transforming jetified-kotlin-stdlib-jdk8-1.9.10.jar with IdentityTransform
Transforming jetified-kotlin-stdlib-jdk8-1.9.10.jar with CopyTransform
Transforming jetified-credentials-1.0.0-alpha04-api.jar with JetifyTransform
Transforming jetified-credentials-1.0.0-alpha04-api.jar with IdentityTransform
Transforming jetified-credentials-1.0.0-alpha04-api.jar with IdentityTransform
Transforming jetified-credentials-1.0.0-alpha04-api.jar with CopyTransform
Transforming cursoradapter-1.0.0-api.jar with JetifyTransform
Transforming cursoradapter-1.0.0-api.jar with IdentityTransform
Transforming cursoradapter-1.0.0-api.jar with IdentityTransform
Transforming cursoradapter-1.0.0-api.jar with CopyTransform
Transforming cardview-1.0.0-api.jar with JetifyTransform
Transforming cardview-1.0.0-api.jar with IdentityTransform
Transforming cardview-1.0.0-api.jar with IdentityTransform
Transforming cardview-1.0.0-api.jar with CopyTransform
Transforming sqlite-framework-2.4.0-api.jar with JetifyTransform
Transforming sqlite-framework-2.4.0-api.jar with IdentityTransform
Transforming sqlite-framework-2.4.0-api.jar with IdentityTransform
Transforming sqlite-framework-2.4.0-api.jar with CopyTransform
Transforming sqlite-2.4.0-api.jar with JetifyTransform
Transforming sqlite-2.4.0-api.jar with IdentityTransform
Transforming sqlite-2.4.0-api.jar with IdentityTransform
Transforming sqlite-2.4.0-api.jar with CopyTransform
Transforming jetified-transport-backend-cct-2.3.3-api.jar with JetifyTransform
Transforming jetified-transport-backend-cct-2.3.3-api.jar with IdentityTransform
Transforming jetified-transport-backend-cct-2.3.3-api.jar with IdentityTransform
Transforming jetified-transport-backend-cct-2.3.3-api.jar with CopyTransform
Transforming jetified-transport-runtime-2.2.6-api.jar with JetifyTransform
Transforming jetified-transport-runtime-2.2.6-api.jar with IdentityTransform
Transforming jetified-transport-runtime-2.2.6-api.jar with IdentityTransform
Transforming jetified-transport-runtime-2.2.6-api.jar with CopyTransform
Transforming jetified-transport-api-2.2.1-api.jar with JetifyTransform
Transforming jetified-transport-api-2.2.1-api.jar with IdentityTransform
Transforming jetified-transport-api-2.2.1-api.jar with IdentityTransform
Transforming jetified-transport-api-2.2.1-api.jar with CopyTransform
Transforming jetified-firebase-components-17.1.5-api.jar with JetifyTransform
Transforming jetified-firebase-components-17.1.5-api.jar with IdentityTransform
Transforming jetified-firebase-components-17.1.5-api.jar with IdentityTransform
Transforming jetified-firebase-components-17.1.5-api.jar with CopyTransform
Transforming jetified-firebase-encoders-json-17.1.0-api.jar with JetifyTransform
Transforming jetified-firebase-encoders-json-17.1.0-api.jar with IdentityTransform
Transforming jetified-firebase-encoders-json-17.1.0-api.jar with IdentityTransform
Transforming jetified-firebase-encoders-json-17.1.0-api.jar with CopyTransform
Transforming jetified-firebase-encoders-17.0.0.jar with JetifyTransform
Transforming jetified-firebase-encoders-17.0.0.jar with IdentityTransform
Transforming jetified-firebase-encoders-17.0.0.jar with IdentityTransform
Transforming jetified-firebase-encoders-17.0.0.jar with CopyTransform
Transforming localbroadcastmanager-1.0.0-api.jar with JetifyTransform
Transforming localbroadcastmanager-1.0.0-api.jar with IdentityTransform
Transforming localbroadcastmanager-1.0.0-api.jar with IdentityTransform
Transforming localbroadcastmanager-1.0.0-api.jar with CopyTransform
Transforming versionedparcelable-1.1.1-api.jar with JetifyTransform
Transforming versionedparcelable-1.1.1-api.jar with IdentityTransform
Transforming versionedparcelable-1.1.1-api.jar with IdentityTransform
Transforming versionedparcelable-1.1.1-api.jar with CopyTransform
Transforming core-runtime-2.2.0-api.jar with JetifyTransform
Transforming core-runtime-2.2.0-api.jar with IdentityTransform
Transforming core-runtime-2.2.0-api.jar with IdentityTransform
Transforming core-runtime-2.2.0-api.jar with CopyTransform
Transforming core-common-2.2.0.jar with JetifyTransform
Transforming core-common-2.2.0.jar with IdentityTransform
Transforming core-common-2.2.0.jar with IdentityTransform
Transforming core-common-2.2.0.jar with CopyTransform
Transforming jetified-concurrent-futures-1.1.0.jar with JetifyTransform
Transforming jetified-concurrent-futures-1.1.0.jar with IdentityTransform
Transforming jetified-concurrent-futures-1.1.0.jar with IdentityTransform
Transforming jetified-concurrent-futures-1.1.0.jar with CopyTransform
Transforming jetified-collection-ktx-1.4.0.jar with JetifyTransform
Transforming jetified-collection-ktx-1.4.0.jar with IdentityTransform
Transforming jetified-collection-ktx-1.4.0.jar with IdentityTransform
Transforming jetified-collection-ktx-1.4.0.jar with CopyTransform
Transforming jetified-collection-jvm-1.4.0.jar with JetifyTransform
Transforming jetified-collection-jvm-1.4.0.jar with IdentityTransform
Transforming jetified-collection-jvm-1.4.0.jar with IdentityTransform
Transforming jetified-collection-jvm-1.4.0.jar with CopyTransform
Transforming interpolator-1.0.0-api.jar with JetifyTransform
Transforming interpolator-1.0.0-api.jar with IdentityTransform
Transforming interpolator-1.0.0-api.jar with IdentityTransform
Transforming interpolator-1.0.0-api.jar with CopyTransform
Transforming documentfile-1.0.0-api.jar with JetifyTransform
Transforming documentfile-1.0.0-api.jar with IdentityTransform
Transforming documentfile-1.0.0-api.jar with IdentityTransform
Transforming documentfile-1.0.0-api.jar with CopyTransform
Transforming print-1.0.0-api.jar with JetifyTransform
Transforming print-1.0.0-api.jar with IdentityTransform
Transforming print-1.0.0-api.jar with IdentityTransform
Transforming print-1.0.0-api.jar with CopyTransform
Transforming jetified-annotation-jvm-1.7.0.jar with JetifyTransform
Transforming jetified-annotation-jvm-1.7.0.jar with IdentityTransform
Transforming jetified-annotation-jvm-1.7.0.jar with IdentityTransform
Transforming jetified-annotation-jvm-1.7.0.jar with CopyTransform
Transforming jetified-kotlin-stdlib-jdk7-1.9.10.jar with JetifyTransform
Transforming jetified-kotlin-stdlib-jdk7-1.9.10.jar with IdentityTransform
Transforming jetified-kotlin-stdlib-jdk7-1.9.10.jar with IdentityTransform
Transforming jetified-kotlin-stdlib-jdk7-1.9.10.jar with CopyTransform
Transforming jetified-kotlin-stdlib-2.0.21.jar with JetifyTransform
Transforming jetified-kotlin-stdlib-2.0.21.jar with IdentityTransform
Transforming jetified-kotlin-stdlib-2.0.21.jar with IdentityTransform
Transforming jetified-kotlin-stdlib-2.0.21.jar with CopyTransform
Transforming constraintlayout-2.1.4-api.jar with JetifyTransform
Transforming constraintlayout-2.1.4-api.jar with IdentityTransform
Transforming constraintlayout-2.1.4-api.jar with IdentityTransform
Transforming constraintlayout-2.1.4-api.jar with CopyTransform
Transforming jetified-MPAndroidChart-3.1.0-api.jar with JetifyTransform
Transforming jetified-MPAndroidChart-3.1.0-api.jar with IdentityTransform
Transforming jetified-MPAndroidChart-3.1.0-api.jar with IdentityTransform
Transforming jetified-MPAndroidChart-3.1.0-api.jar with CopyTransform
Transforming jetified-layout-7.2.5.jar with JetifyTransform
Transforming jetified-layout-7.2.5.jar with IdentityTransform
Transforming jetified-layout-7.2.5.jar with IdentityTransform
Transforming jetified-layout-7.2.5.jar with CopyTransform
Transforming jetified-kernel-7.2.5.jar with JetifyTransform
Transforming jetified-kernel-7.2.5.jar with IdentityTransform
Transforming jetified-kernel-7.2.5.jar with IdentityTransform
Transforming jetified-kernel-7.2.5.jar with CopyTransform
Transforming jetified-io-7.2.5.jar with JetifyTransform
Transforming jetified-io-7.2.5.jar with IdentityTransform
Transforming jetified-io-7.2.5.jar with IdentityTransform
Transforming jetified-io-7.2.5.jar with CopyTransform
Transforming jetified-core-3.5.3.jar with JetifyTransform
Transforming jetified-core-3.5.3.jar with IdentityTransform
Transforming jetified-core-3.5.3.jar with IdentityTransform
Transforming jetified-core-3.5.3.jar with CopyTransform
Transforming jetified-poi-ooxml-5.2.5.jar with JetifyTransform
Transforming jetified-poi-ooxml-5.2.5.jar with IdentityTransform
Transforming jetified-poi-ooxml-5.2.5.jar with IdentityTransform
Transforming jetified-poi-ooxml-5.2.5.jar with CopyTransform
Transforming jetified-poi-5.2.5.jar with JetifyTransform
Transforming jetified-poi-5.2.5.jar with IdentityTransform
Transforming jetified-poi-5.2.5.jar with IdentityTransform
Transforming jetified-poi-5.2.5.jar with CopyTransform
Transforming jetified-jakarta.mail-2.0.1.jar with JetifyTransform
Transforming jetified-jakarta.mail-2.0.1.jar with IdentityTransform
Transforming jetified-jakarta.mail-2.0.1.jar with IdentityTransform
Transforming jetified-jakarta.mail-2.0.1.jar with CopyTransform
Transforming jetified-annotations-23.0.0.jar with JetifyTransform
Transforming jetified-annotations-23.0.0.jar with IdentityTransform
Transforming jetified-annotations-23.0.0.jar with IdentityTransform
Transforming jetified-annotations-23.0.0.jar with CopyTransform
Transforming jetified-listenablefuture-1.0.jar with JetifyTransform
Transforming jetified-listenablefuture-1.0.jar with IdentityTransform
Transforming jetified-listenablefuture-1.0.jar with IdentityTransform
Transforming jetified-listenablefuture-1.0.jar with CopyTransform
Transforming jetified-resourceinspection-annotation-1.0.1.jar with JetifyTransform
Transforming jetified-resourceinspection-annotation-1.0.1.jar with IdentityTransform
Transforming jetified-resourceinspection-annotation-1.0.1.jar with IdentityTransform
Transforming jetified-resourceinspection-annotation-1.0.1.jar with CopyTransform
Transforming jetified-error_prone_annotations-2.15.0.jar with JetifyTransform
Transforming jetified-error_prone_annotations-2.15.0.jar with IdentityTransform
Transforming jetified-error_prone_annotations-2.15.0.jar with IdentityTransform
Transforming jetified-error_prone_annotations-2.15.0.jar with CopyTransform
Transforming jetified-hilt-core-2.48.jar with JetifyTransform
Transforming jetified-hilt-core-2.48.jar with IdentityTransform
Transforming jetified-hilt-core-2.48.jar with IdentityTransform
Transforming jetified-hilt-core-2.48.jar with CopyTransform
Transforming jetified-dagger-2.48.jar with JetifyTransform
Transforming jetified-dagger-2.48.jar with IdentityTransform
Transforming jetified-dagger-2.48.jar with IdentityTransform
Transforming jetified-dagger-2.48.jar with CopyTransform
Transforming jetified-firebase-annotations-16.2.0.jar with JetifyTransform
Transforming jetified-firebase-annotations-16.2.0.jar with IdentityTransform
Transforming jetified-firebase-annotations-16.2.0.jar with IdentityTransform
Transforming jetified-firebase-annotations-16.2.0.jar with CopyTransform
Transforming jetified-javax.inject-1.jar with JetifyTransform
Transforming jetified-javax.inject-1.jar with IdentityTransform
Transforming jetified-javax.inject-1.jar with IdentityTransform
Transforming jetified-javax.inject-1.jar with CopyTransform
Transforming jetified-dagger-lint-aar-2.48-api.jar with JetifyTransform
Transforming jetified-dagger-lint-aar-2.48-api.jar with IdentityTransform
Transforming jetified-dagger-lint-aar-2.48-api.jar with IdentityTransform
Transforming jetified-dagger-lint-aar-2.48-api.jar with CopyTransform
Transforming jetified-jsr305-3.0.2.jar with JetifyTransform
Transforming jetified-jsr305-3.0.2.jar with IdentityTransform
Transforming jetified-jsr305-3.0.2.jar with IdentityTransform
Transforming jetified-jsr305-3.0.2.jar with CopyTransform
Transforming exifinterface-1.3.6-api.jar with JetifyTransform
Transforming exifinterface-1.3.6-api.jar with IdentityTransform
Transforming exifinterface-1.3.6-api.jar with IdentityTransform
Transforming exifinterface-1.3.6-api.jar with CopyTransform
Transforming jetified-commons-7.2.5.jar with JetifyTransform
Transforming jetified-commons-7.2.5.jar with IdentityTransform
Transforming jetified-commons-7.2.5.jar with IdentityTransform
Transforming jetified-commons-7.2.5.jar with CopyTransform
Transforming jetified-slf4j-api-1.7.36.jar with JetifyTransform
Transforming jetified-slf4j-api-1.7.36.jar with IdentityTransform
Transforming jetified-slf4j-api-1.7.36.jar with IdentityTransform
Transforming jetified-slf4j-api-1.7.36.jar with CopyTransform
Transforming jetified-bcpkix-jdk15on-1.70.jar with JetifyTransform
Transforming jetified-bcpkix-jdk15on-1.70.jar with IdentityTransform
Transforming jetified-bcpkix-jdk15on-1.70.jar with IdentityTransform
Transforming jetified-bcpkix-jdk15on-1.70.jar with CopyTransform
Transforming jetified-bcutil-jdk15on-1.70.jar with JetifyTransform
Transforming jetified-bcutil-jdk15on-1.70.jar with IdentityTransform
Transforming jetified-bcutil-jdk15on-1.70.jar with IdentityTransform
Transforming jetified-bcutil-jdk15on-1.70.jar with CopyTransform
Transforming jetified-bcprov-jdk15on-1.70.jar with JetifyTransform
Transforming jetified-bcprov-jdk15on-1.70.jar with IdentityTransform
Transforming jetified-bcprov-jdk15on-1.70.jar with IdentityTransform
Transforming jetified-bcprov-jdk15on-1.70.jar with CopyTransform
Transforming jetified-image-1.0.0-beta1-api.jar with JetifyTransform
Transforming jetified-image-1.0.0-beta1-api.jar with IdentityTransform
Transforming jetified-image-1.0.0-beta1-api.jar with IdentityTransform
Transforming jetified-image-1.0.0-beta1-api.jar with CopyTransform
Transforming jetified-commons-codec-1.16.0.jar with JetifyTransform
Transforming jetified-commons-codec-1.16.0.jar with IdentityTransform
Transforming jetified-commons-codec-1.16.0.jar with IdentityTransform
Transforming jetified-commons-codec-1.16.0.jar with CopyTransform
Transforming jetified-commons-collections4-4.4.jar with JetifyTransform
Transforming jetified-commons-collections4-4.4.jar with IdentityTransform
Transforming jetified-commons-collections4-4.4.jar with IdentityTransform
Transforming jetified-commons-collections4-4.4.jar with CopyTransform
Transforming jetified-commons-math3-3.6.1.jar with JetifyTransform
Transforming jetified-commons-math3-3.6.1.jar with IdentityTransform
Transforming jetified-commons-math3-3.6.1.jar with IdentityTransform
Transforming jetified-commons-math3-3.6.1.jar with CopyTransform
Transforming jetified-commons-io-2.15.0.jar with JetifyTransform
Transforming jetified-commons-io-2.15.0.jar with IdentityTransform
Transforming jetified-commons-io-2.15.0.jar with IdentityTransform
Transforming jetified-commons-io-2.15.0.jar with CopyTransform
Transforming jetified-SparseBitSet-1.3.jar with JetifyTransform
Transforming jetified-SparseBitSet-1.3.jar with IdentityTransform
Transforming jetified-SparseBitSet-1.3.jar with IdentityTransform
Transforming jetified-SparseBitSet-1.3.jar with CopyTransform
Transforming jetified-poi-ooxml-lite-5.2.5.jar with JetifyTransform
Transforming jetified-poi-ooxml-lite-5.2.5.jar with IdentityTransform
Transforming jetified-poi-ooxml-lite-5.2.5.jar with IdentityTransform
Transforming jetified-poi-ooxml-lite-5.2.5.jar with CopyTransform
Transforming jetified-xmlbeans-5.2.0.jar with JetifyTransform
Transforming jetified-xmlbeans-5.2.0.jar with IdentityTransform
Transforming jetified-xmlbeans-5.2.0.jar with IdentityTransform
Transforming jetified-xmlbeans-5.2.0.jar with CopyTransform
Transforming jetified-log4j-api-2.21.1.jar with JetifyTransform
Transforming jetified-log4j-api-2.21.1.jar with IdentityTransform
Transforming jetified-log4j-api-2.21.1.jar with IdentityTransform
Transforming jetified-log4j-api-2.21.1.jar with CopyTransform
Transforming jetified-commons-compress-1.25.0.jar with JetifyTransform
Transforming jetified-commons-compress-1.25.0.jar with IdentityTransform
Transforming jetified-commons-compress-1.25.0.jar with IdentityTransform
Transforming jetified-commons-compress-1.25.0.jar with CopyTransform
Transforming jetified-curvesapi-1.08.jar with JetifyTransform
Transforming jetified-curvesapi-1.08.jar with IdentityTransform
Transforming jetified-curvesapi-1.08.jar with IdentityTransform
Transforming jetified-curvesapi-1.08.jar with CopyTransform
Transforming jetified-jakarta.activation-2.0.1.jar with JetifyTransform
Transforming jetified-jakarta.activation-2.0.1.jar with IdentityTransform
Transforming jetified-jakarta.activation-2.0.1.jar with IdentityTransform
Transforming jetified-jakarta.activation-2.0.1.jar with CopyTransform
Transforming debug with CopyTransform
Transforming debug with CopyTransform
Transforming classes with CopyTransform
Transforming core-for-system-modules.jar with JdkImageTransform
Transforming core-for-system-modules.jar with JdkImageTransform
Caching disabled for task ':app:hiltJavaCompileDebug' because:
  Build cache is disabled
Skipping task ':app:hiltJavaCompileDebug' as it is up-to-date.
No compile result for :app:hiltJavaCompileDebug
Resolve mutations for :app:transformDebugClassesWithAsm (Thread[Execution worker,5,main]) started.
:app:transformDebugClassesWithAsm (Thread[Execution worker,5,main]) started.

> Task :app:transformDebugClassesWithAsm UP-TO-DATE
Transforming viewbinding-8.6.0.aar (androidx.databinding:viewbinding:8.6.0) with JetifyTransform
Transforming viewbinding-8.6.0.aar (androidx.databinding:viewbinding:8.6.0) with AarToClassTransform
Transforming hilt-navigation-compose-1.1.0.aar (androidx.hilt:hilt-navigation-compose:1.1.0) with JetifyTransform
Transforming hilt-navigation-compose-1.1.0.aar (androidx.hilt:hilt-navigation-compose:1.1.0) with AarToClassTransform
Transforming hilt-navigation-1.1.0.aar (androidx.hilt:hilt-navigation:1.1.0) with JetifyTransform
Transforming hilt-navigation-1.1.0.aar (androidx.hilt:hilt-navigation:1.1.0) with AarToClassTransform
Transforming navigation-common-2.7.6.aar (androidx.navigation:navigation-common:2.7.6) with JetifyTransform
Transforming navigation-common-2.7.6.aar (androidx.navigation:navigation-common:2.7.6) with AarToClassTransform
Transforming navigation-runtime-2.7.6.aar (androidx.navigation:navigation-runtime:2.7.6) with JetifyTransform
Transforming navigation-runtime-2.7.6.aar (androidx.navigation:navigation-runtime:2.7.6) with AarToClassTransform
Transforming navigation-common-ktx-2.7.6.aar (androidx.navigation:navigation-common-ktx:2.7.6) with JetifyTransform
Transforming navigation-common-ktx-2.7.6.aar (androidx.navigation:navigation-common-ktx:2.7.6) with AarToClassTransform
Transforming navigation-fragment-2.7.6.aar (androidx.navigation:navigation-fragment:2.7.6) with JetifyTransform
Transforming navigation-fragment-2.7.6.aar (androidx.navigation:navigation-fragment:2.7.6) with AarToClassTransform
Transforming navigation-runtime-ktx-2.7.6.aar (androidx.navigation:navigation-runtime-ktx:2.7.6) with JetifyTransform
Transforming navigation-runtime-ktx-2.7.6.aar (androidx.navigation:navigation-runtime-ktx:2.7.6) with AarToClassTransform
Transforming navigation-fragment-ktx-2.7.6.aar (androidx.navigation:navigation-fragment-ktx:2.7.6) with JetifyTransform
Transforming navigation-fragment-ktx-2.7.6.aar (androidx.navigation:navigation-fragment-ktx:2.7.6) with AarToClassTransform
Transforming navigation-compose-2.7.6.aar (androidx.navigation:navigation-compose:2.7.6) with JetifyTransform
Transforming navigation-compose-2.7.6.aar (androidx.navigation:navigation-compose:2.7.6) with AarToClassTransform
Transforming navigation-ui-ktx-2.7.6.aar (androidx.navigation:navigation-ui-ktx:2.7.6) with JetifyTransform
Transforming navigation-ui-ktx-2.7.6.aar (androidx.navigation:navigation-ui-ktx:2.7.6) with AarToClassTransform
Transforming navigation-ui-2.7.6.aar (androidx.navigation:navigation-ui:2.7.6) with JetifyTransform
Transforming navigation-ui-2.7.6.aar (androidx.navigation:navigation-ui:2.7.6) with AarToClassTransform
Transforming material-1.11.0.aar (com.google.android.material:material:1.11.0) with JetifyTransform
Transforming material-1.11.0.aar (com.google.android.material:material:1.11.0) with AarToClassTransform
Transforming constraintlayout-2.1.4.aar (androidx.constraintlayout:constraintlayout:2.1.4) with JetifyTransform
Transforming constraintlayout-2.1.4.aar (androidx.constraintlayout:constraintlayout:2.1.4) with AarToClassTransform
Transforming biometric-1.1.0.aar (androidx.biometric:biometric:1.1.0) with JetifyTransform
Transforming biometric-1.1.0.aar (androidx.biometric:biometric:1.1.0) with AarToClassTransform
Transforming camera-video-1.3.1.aar (androidx.camera:camera-video:1.3.1) with JetifyTransform
Transforming camera-video-1.3.1.aar (androidx.camera:camera-video:1.3.1) with AarToClassTransform
Transforming camera-lifecycle-1.3.1.aar (androidx.camera:camera-lifecycle:1.3.1) with JetifyTransform
Transforming camera-lifecycle-1.3.1.aar (androidx.camera:camera-lifecycle:1.3.1) with AarToClassTransform
Transforming camera-camera2-1.3.1.aar (androidx.camera:camera-camera2:1.3.1) with JetifyTransform
Transforming camera-camera2-1.3.1.aar (androidx.camera:camera-camera2:1.3.1) with AarToClassTransform
Transforming camera-core-1.3.1.aar (androidx.camera:camera-core:1.3.1) with JetifyTransform
Transforming camera-core-1.3.1.aar (androidx.camera:camera-core:1.3.1) with AarToClassTransform
Transforming camera-view-1.3.1.aar (androidx.camera:camera-view:1.3.1) with JetifyTransform
Transforming camera-view-1.3.1.aar (androidx.camera:camera-view:1.3.1) with AarToClassTransform
Transforming coil-compose-2.5.0.aar (io.coil-kt:coil-compose:2.5.0) with JetifyTransform
Transforming coil-compose-2.5.0.aar (io.coil-kt:coil-compose:2.5.0) with AarToClassTransform
Transforming coil-compose-base-2.5.0.aar (io.coil-kt:coil-compose-base:2.5.0) with JetifyTransform
Transforming coil-compose-base-2.5.0.aar (io.coil-kt:coil-compose-base:2.5.0) with AarToClassTransform
Transforming coil-2.5.0.aar (io.coil-kt:coil:2.5.0) with JetifyTransform
Transforming coil-2.5.0.aar (io.coil-kt:coil:2.5.0) with AarToClassTransform
Transforming coil-base-2.5.0.aar (io.coil-kt:coil-base:2.5.0) with JetifyTransform
Transforming coil-base-2.5.0.aar (io.coil-kt:coil-base:2.5.0) with AarToClassTransform
Transforming appcompat-resources-1.6.1.aar (androidx.appcompat:appcompat-resources:1.6.1) with JetifyTransform
Transforming appcompat-resources-1.6.1.aar (androidx.appcompat:appcompat-resources:1.6.1) with AarToClassTransform
Transforming play-services-mlkit-barcode-scanning-18.3.1.aar (com.google.android.gms:play-services-mlkit-barcode-scanning:18.3.1) with JetifyTransform
Transforming play-services-mlkit-barcode-scanning-18.3.1.aar (com.google.android.gms:play-services-mlkit-barcode-scanning:18.3.1) with AarToClassTransform
Transforming barcode-scanning-common-17.0.0.aar (com.google.mlkit:barcode-scanning-common:17.0.0) with JetifyTransform
Transforming barcode-scanning-common-17.0.0.aar (com.google.mlkit:barcode-scanning-common:17.0.0) with AarToClassTransform
Transforming vision-common-17.3.0.aar (com.google.mlkit:vision-common:17.3.0) with JetifyTransform
Transforming vision-common-17.3.0.aar (com.google.mlkit:vision-common:17.3.0) with AarToClassTransform
Transforming common-18.11.0.aar (com.google.mlkit:common:18.11.0) with JetifyTransform
Transforming common-18.11.0.aar (com.google.mlkit:common:18.11.0) with AarToClassTransform
Transforming appcompat-1.6.1.aar (androidx.appcompat:appcompat:1.6.1) with JetifyTransform
Transforming appcompat-1.6.1.aar (androidx.appcompat:appcompat:1.6.1) with AarToClassTransform
Transforming appcompat-1.6.1.aar (androidx.appcompat:appcompat:1.6.1) with JetifyTransform
Transforming appcompat-1.6.1.aar (androidx.appcompat:appcompat:1.6.1) with AarToClassTransform
Transforming hilt-android-2.48.aar (com.google.dagger:hilt-android:2.48) with JetifyTransform
Transforming hilt-android-2.48.aar (com.google.dagger:hilt-android:2.48) with AarToClassTransform
Transforming material3-release.aar (androidx.compose.material3:material3-android:1.2.0) with JetifyTransform
Transforming material3-release.aar (androidx.compose.material3:material3-android:1.2.0) with AarToClassTransform
Transforming material-release.aar (androidx.compose.material:material-android:1.6.1) with JetifyTransform
Transforming material-release.aar (androidx.compose.material:material-android:1.6.1) with AarToClassTransform
Transforming material-icons-core-release.aar (androidx.compose.material:material-icons-core-android:1.6.1) with JetifyTransform
Transforming material-icons-core-release.aar (androidx.compose.material:material-icons-core-android:1.6.1) with AarToClassTransform
Transforming material-icons-extended-release.aar (androidx.compose.material:material-icons-extended-android:1.6.1) with JetifyTransform
Transforming material-icons-extended-release.aar (androidx.compose.material:material-icons-extended-android:1.6.1) with AarToClassTransform
Transforming material-ripple-release.aar (androidx.compose.material:material-ripple-android:1.6.1) with JetifyTransform
Transforming material-ripple-release.aar (androidx.compose.material:material-ripple-android:1.6.1) with AarToClassTransform
Transforming animation-core-release.aar (androidx.compose.animation:animation-core-android:1.6.1) with JetifyTransform
Transforming animation-core-release.aar (androidx.compose.animation:animation-core-android:1.6.1) with AarToClassTransform
Transforming animation-release.aar (androidx.compose.animation:animation-android:1.6.1) with JetifyTransform
Transforming animation-release.aar (androidx.compose.animation:animation-android:1.6.1) with AarToClassTransform
Transforming foundation-layout-release.aar (androidx.compose.foundation:foundation-layout-android:1.6.1) with JetifyTransform
Transforming foundation-layout-release.aar (androidx.compose.foundation:foundation-layout-android:1.6.1) with AarToClassTransform
Transforming foundation-release.aar (androidx.compose.foundation:foundation-android:1.6.1) with JetifyTransform
Transforming foundation-release.aar (androidx.compose.foundation:foundation-android:1.6.1) with AarToClassTransform
Transforming ui-tooling-data-release.aar (androidx.compose.ui:ui-tooling-data-android:1.6.1) with JetifyTransform
Transforming ui-tooling-data-release.aar (androidx.compose.ui:ui-tooling-data-android:1.6.1) with AarToClassTransform
Transforming ui-unit-release.aar (androidx.compose.ui:ui-unit-android:1.6.1) with JetifyTransform
Transforming ui-unit-release.aar (androidx.compose.ui:ui-unit-android:1.6.1) with AarToClassTransform
Transforming ui-geometry-release.aar (androidx.compose.ui:ui-geometry-android:1.6.1) with JetifyTransform
Transforming ui-geometry-release.aar (androidx.compose.ui:ui-geometry-android:1.6.1) with AarToClassTransform
Transforming ui-util-release.aar (androidx.compose.ui:ui-util-android:1.6.1) with JetifyTransform
Transforming ui-util-release.aar (androidx.compose.ui:ui-util-android:1.6.1) with AarToClassTransform
Transforming ui-text-release.aar (androidx.compose.ui:ui-text-android:1.6.1) with JetifyTransform
Transforming ui-text-release.aar (androidx.compose.ui:ui-text-android:1.6.1) with AarToClassTransform
Transforming ui-tooling-preview-release.aar (androidx.compose.ui:ui-tooling-preview-android:1.6.1) with JetifyTransform
Transforming ui-tooling-preview-release.aar (androidx.compose.ui:ui-tooling-preview-android:1.6.1) with AarToClassTransform
Transforming ui-graphics-release.aar (androidx.compose.ui:ui-graphics-android:1.6.1) with JetifyTransform
Transforming ui-graphics-release.aar (androidx.compose.ui:ui-graphics-android:1.6.1) with AarToClassTransform
Transforming ui-tooling-release.aar (androidx.compose.ui:ui-tooling-android:1.6.1) with JetifyTransform
Transforming ui-tooling-release.aar (androidx.compose.ui:ui-tooling-android:1.6.1) with AarToClassTransform
Transforming play-services-auth-21.0.0.aar (com.google.android.gms:play-services-auth:21.0.0) with JetifyTransform
Transforming play-services-auth-21.0.0.aar (com.google.android.gms:play-services-auth:21.0.0) with AarToClassTransform
Transforming viewpager2-1.0.0.aar (androidx.viewpager2:viewpager2:1.0.0) with JetifyTransform
Transforming viewpager2-1.0.0.aar (androidx.viewpager2:viewpager2:1.0.0) with AarToClassTransform
Transforming firebase-auth-22.3.1.aar (com.google.firebase:firebase-auth:22.3.1) with JetifyTransform
Transforming firebase-auth-22.3.1.aar (com.google.firebase:firebase-auth:22.3.1) with AarToClassTransform
Transforming play-services-auth-api-phone-18.0.2.aar (com.google.android.gms:play-services-auth-api-phone:18.0.2) with JetifyTransform
Transforming play-services-auth-api-phone-18.0.2.aar (com.google.android.gms:play-services-auth-api-phone:18.0.2) with AarToClassTransform
Transforming play-services-auth-base-18.0.10.aar (com.google.android.gms:play-services-auth-base:18.0.10) with JetifyTransform
Transforming play-services-auth-base-18.0.10.aar (com.google.android.gms:play-services-auth-base:18.0.10) with AarToClassTransform
Transforming play-services-fido-20.0.1.aar (com.google.android.gms:play-services-fido:20.0.1) with JetifyTransform
Transforming play-services-fido-20.0.1.aar (com.google.android.gms:play-services-fido:20.0.1) with AarToClassTransform
Transforming firebase-appcheck-interop-17.0.0.aar (com.google.firebase:firebase-appcheck-interop:17.0.0) with JetifyTransform
Transforming firebase-appcheck-interop-17.0.0.aar (com.google.firebase:firebase-appcheck-interop:17.0.0) with AarToClassTransform
Transforming play-services-base-18.5.0.aar (com.google.android.gms:play-services-base:18.5.0) with JetifyTransform
Transforming play-services-base-18.5.0.aar (com.google.android.gms:play-services-base:18.5.0) with AarToClassTransform
Transforming vision-interfaces-16.3.0.aar (com.google.mlkit:vision-interfaces:16.3.0) with JetifyTransform
Transforming vision-interfaces-16.3.0.aar (com.google.mlkit:vision-interfaces:16.3.0) with AarToClassTransform
Transforming recaptcha-18.4.0.aar (com.google.android.recaptcha:recaptcha:18.4.0) with JetifyTransform
Transforming recaptcha-18.4.0.aar (com.google.android.recaptcha:recaptcha:18.4.0) with AarToClassTransform
Transforming integrity-1.2.0.aar (com.google.android.play:integrity:1.2.0) with JetifyTransform
Transforming integrity-1.2.0.aar (com.google.android.play:integrity:1.2.0) with AarToClassTransform
Transforming firebase-auth-interop-20.0.0.aar (com.google.firebase:firebase-auth-interop:20.0.0) with JetifyTransform
Transforming firebase-auth-interop-20.0.0.aar (com.google.firebase:firebase-auth-interop:20.0.0) with AarToClassTransform
Transforming firebase-common-ktx-20.4.2.aar (com.google.firebase:firebase-common-ktx:20.4.2) with JetifyTransform
Transforming firebase-common-ktx-20.4.2.aar (com.google.firebase:firebase-common-ktx:20.4.2) with AarToClassTransform
Transforming firebase-common-20.4.2.aar (com.google.firebase:firebase-common:20.4.2) with JetifyTransform
Transforming firebase-common-20.4.2.aar (com.google.firebase:firebase-common:20.4.2) with AarToClassTransform
Transforming room-common-2.6.1.jar (androidx.room:room-common:2.6.1) with JetifyTransform
Transforming room-common-2.6.1.jar (androidx.room:room-common:2.6.1) with IdentityTransform
Transforming room-runtime-2.6.1.aar (androidx.room:room-runtime:2.6.1) with JetifyTransform
Transforming room-runtime-2.6.1.aar (androidx.room:room-runtime:2.6.1) with AarToClassTransform
Transforming room-ktx-2.6.1.aar (androidx.room:room-ktx:2.6.1) with JetifyTransform
Transforming room-ktx-2.6.1.aar (androidx.room:room-ktx:2.6.1) with AarToClassTransform
Transforming runtime-saveable-release.aar (androidx.compose.runtime:runtime-saveable-android:1.6.1) with JetifyTransform
Transforming runtime-saveable-release.aar (androidx.compose.runtime:runtime-saveable-android:1.6.1) with AarToClassTransform
Transforming runtime-release.aar (androidx.compose.runtime:runtime-android:1.6.1) with JetifyTransform
Transforming runtime-release.aar (androidx.compose.runtime:runtime-android:1.6.1) with AarToClassTransform
Transforming accompanist-drawablepainter-0.32.0.aar (com.google.accompanist:accompanist-drawablepainter:0.32.0) with JetifyTransform
Transforming accompanist-drawablepainter-0.32.0.aar (com.google.accompanist:accompanist-drawablepainter:0.32.0) with AarToClassTransform
Transforming slidingpanelayout-1.2.0.aar (androidx.slidingpanelayout:slidingpanelayout:1.2.0) with JetifyTransform
Transforming slidingpanelayout-1.2.0.aar (androidx.slidingpanelayout:slidingpanelayout:1.2.0) with AarToClassTransform
Transforming window-1.0.0.aar (androidx.window:window:1.0.0) with JetifyTransform
Transforming window-1.0.0.aar (androidx.window:window:1.0.0) with AarToClassTransform
Transforming kotlinx-coroutines-android-1.7.3.jar (org.jetbrains.kotlinx:kotlinx-coroutines-android:1.7.3) with JetifyTransform
Transforming kotlinx-coroutines-android-1.7.3.jar (org.jetbrains.kotlinx:kotlinx-coroutines-android:1.7.3) with IdentityTransform
Transforming dynamicanimation-1.0.0.aar (androidx.dynamicanimation:dynamicanimation:1.0.0) with JetifyTransform
Transforming dynamicanimation-1.0.0.aar (androidx.dynamicanimation:dynamicanimation:1.0.0) with AarToClassTransform
Transforming legacy-support-core-utils-1.0.0.aar (androidx.legacy:legacy-support-core-utils:1.0.0) with JetifyTransform
Transforming legacy-support-core-utils-1.0.0.aar (androidx.legacy:legacy-support-core-utils:1.0.0) with AarToClassTransform
Transforming loader-1.1.0.aar (androidx.loader:loader:1.1.0) with JetifyTransform
Transforming loader-1.1.0.aar (androidx.loader:loader:1.1.0) with AarToClassTransform
Transforming loader-1.1.0.aar (androidx.loader:loader:1.1.0) with JetifyTransform
Transforming loader-1.1.0.aar (androidx.loader:loader:1.1.0) with AarToClassTransform
Transforming emoji2-views-helper-1.3.0.aar (androidx.emoji2:emoji2-views-helper:1.3.0) with JetifyTransform
Transforming emoji2-views-helper-1.3.0.aar (androidx.emoji2:emoji2-views-helper:1.3.0) with AarToClassTransform
Transforming emoji2-1.3.0.aar (androidx.emoji2:emoji2:1.3.0) with JetifyTransform
Transforming emoji2-1.3.0.aar (androidx.emoji2:emoji2:1.3.0) with AarToClassTransform
Transforming lifecycle-process-2.7.0.aar (androidx.lifecycle:lifecycle-process:2.7.0) with JetifyTransform
Transforming lifecycle-process-2.7.0.aar (androidx.lifecycle:lifecycle-process:2.7.0) with AarToClassTransform
Transforming lifecycle-common-java8-2.7.0.jar (androidx.lifecycle:lifecycle-common-java8:2.7.0) with JetifyTransform
Transforming lifecycle-common-java8-2.7.0.jar (androidx.lifecycle:lifecycle-common-java8:2.7.0) with IdentityTransform
Transforming lifecycle-livedata-core-2.7.0.aar (androidx.lifecycle:lifecycle-livedata-core:2.7.0) with JetifyTransform
Transforming lifecycle-livedata-core-2.7.0.aar (androidx.lifecycle:lifecycle-livedata-core:2.7.0) with AarToClassTransform
Transforming lifecycle-livedata-core-2.7.0.aar (androidx.lifecycle:lifecycle-livedata-core:2.7.0) with JetifyTransform
Transforming lifecycle-livedata-core-2.7.0.aar (androidx.lifecycle:lifecycle-livedata-core:2.7.0) with AarToClassTransform
Transforming lifecycle-livedata-core-ktx-2.7.0.aar (androidx.lifecycle:lifecycle-livedata-core-ktx:2.7.0) with JetifyTransform
Transforming lifecycle-livedata-core-ktx-2.7.0.aar (androidx.lifecycle:lifecycle-livedata-core-ktx:2.7.0) with AarToClassTransform
Transforming lifecycle-livedata-2.7.0.aar (androidx.lifecycle:lifecycle-livedata:2.7.0) with JetifyTransform
Transforming lifecycle-livedata-2.7.0.aar (androidx.lifecycle:lifecycle-livedata:2.7.0) with AarToClassTransform
Transforming googleid-1.1.0.aar (com.google.android.libraries.identity.googleid:googleid:1.1.0) with JetifyTransform
Transforming googleid-1.1.0.aar (com.google.android.libraries.identity.googleid:googleid:1.1.0) with AarToClassTransform
Transforming credentials-1.0.0-alpha04.aar (androidx.credentials:credentials:1.0.0-alpha04) with JetifyTransform
Transforming credentials-1.0.0-alpha04.aar (androidx.credentials:credentials:1.0.0-alpha04) with AarToClassTransform
Transforming kotlinx-coroutines-core-jvm-1.7.3.jar (org.jetbrains.kotlinx:kotlinx-coroutines-core-jvm:1.7.3) with JetifyTransform
Transforming kotlinx-coroutines-core-jvm-1.7.3.jar (org.jetbrains.kotlinx:kotlinx-coroutines-core-jvm:1.7.3) with IdentityTransform
Transforming kotlinx-coroutines-play-services-1.7.3.jar (org.jetbrains.kotlinx:kotlinx-coroutines-play-services:1.7.3) with JetifyTransform
Transforming kotlinx-coroutines-play-services-1.7.3.jar (org.jetbrains.kotlinx:kotlinx-coroutines-play-services:1.7.3) with IdentityTransform
Transforming play-services-tasks-18.2.0.aar (com.google.android.gms:play-services-tasks:18.2.0) with JetifyTransform
Transforming play-services-tasks-18.2.0.aar (com.google.android.gms:play-services-tasks:18.2.0) with AarToClassTransform
Transforming play-services-tasks-18.2.0.aar (com.google.android.gms:play-services-tasks:18.2.0) with JetifyTransform
Transforming play-services-tasks-18.2.0.aar (com.google.android.gms:play-services-tasks:18.2.0) with AarToClassTransform
Transforming play-services-basement-18.4.0.aar (com.google.android.gms:play-services-basement:18.4.0) with JetifyTransform
Transforming play-services-basement-18.4.0.aar (com.google.android.gms:play-services-basement:18.4.0) with AarToClassTransform
Transforming fragment-1.6.2.aar (androidx.fragment:fragment:1.6.2) with JetifyTransform
Transforming fragment-1.6.2.aar (androidx.fragment:fragment:1.6.2) with AarToClassTransform
Transforming fragment-1.6.2.aar (androidx.fragment:fragment:1.6.2) with JetifyTransform
Transforming fragment-1.6.2.aar (androidx.fragment:fragment:1.6.2) with AarToClassTransform
Transforming fragment-ktx-1.6.2.aar (androidx.fragment:fragment-ktx:1.6.2) with JetifyTransform
Transforming fragment-ktx-1.6.2.aar (androidx.fragment:fragment-ktx:1.6.2) with AarToClassTransform
Transforming savedstate-ktx-1.2.1.aar (androidx.savedstate:savedstate-ktx:1.2.1) with JetifyTransform
Transforming savedstate-ktx-1.2.1.aar (androidx.savedstate:savedstate-ktx:1.2.1) with AarToClassTransform
Transforming savedstate-1.2.1.aar (androidx.savedstate:savedstate:1.2.1) with JetifyTransform
Transforming savedstate-1.2.1.aar (androidx.savedstate:savedstate:1.2.1) with AarToClassTransform
Transforming lifecycle-common-2.7.0.jar (androidx.lifecycle:lifecycle-common:2.7.0) with JetifyTransform
Transforming lifecycle-common-2.7.0.jar (androidx.lifecycle:lifecycle-common:2.7.0) with IdentityTransform
Transforming lifecycle-runtime-ktx-2.7.0.aar (androidx.lifecycle:lifecycle-runtime-ktx:2.7.0) with JetifyTransform
Transforming lifecycle-runtime-ktx-2.7.0.aar (androidx.lifecycle:lifecycle-runtime-ktx:2.7.0) with AarToClassTransform
Transforming lifecycle-viewmodel-savedstate-2.7.0.aar (androidx.lifecycle:lifecycle-viewmodel-savedstate:2.7.0) with JetifyTransform
Transforming lifecycle-viewmodel-savedstate-2.7.0.aar (androidx.lifecycle:lifecycle-viewmodel-savedstate:2.7.0) with AarToClassTransform
Transforming lifecycle-viewmodel-compose-2.7.0.aar (androidx.lifecycle:lifecycle-viewmodel-compose:2.7.0) with JetifyTransform
Transforming lifecycle-viewmodel-compose-2.7.0.aar (androidx.lifecycle:lifecycle-viewmodel-compose:2.7.0) with AarToClassTransform
Transforming lifecycle-viewmodel-2.7.0.aar (androidx.lifecycle:lifecycle-viewmodel:2.7.0) with JetifyTransform
Transforming lifecycle-viewmodel-2.7.0.aar (androidx.lifecycle:lifecycle-viewmodel:2.7.0) with AarToClassTransform
Transforming lifecycle-viewmodel-2.7.0.aar (androidx.lifecycle:lifecycle-viewmodel:2.7.0) with JetifyTransform
Transforming lifecycle-viewmodel-2.7.0.aar (androidx.lifecycle:lifecycle-viewmodel:2.7.0) with AarToClassTransform
Transforming lifecycle-runtime-2.7.0.aar (androidx.lifecycle:lifecycle-runtime:2.7.0) with JetifyTransform
Transforming lifecycle-runtime-2.7.0.aar (androidx.lifecycle:lifecycle-runtime:2.7.0) with AarToClassTransform
Transforming lifecycle-livedata-ktx-2.7.0.aar (androidx.lifecycle:lifecycle-livedata-ktx:2.7.0) with JetifyTransform
Transforming lifecycle-livedata-ktx-2.7.0.aar (androidx.lifecycle:lifecycle-livedata-ktx:2.7.0) with AarToClassTransform
Transforming lifecycle-viewmodel-ktx-2.7.0.aar (androidx.lifecycle:lifecycle-viewmodel-ktx:2.7.0) with JetifyTransform
Transforming lifecycle-viewmodel-ktx-2.7.0.aar (androidx.lifecycle:lifecycle-viewmodel-ktx:2.7.0) with AarToClassTransform
Transforming lifecycle-runtime-compose-2.7.0.aar (androidx.lifecycle:lifecycle-runtime-compose:2.7.0) with JetifyTransform
Transforming lifecycle-runtime-compose-2.7.0.aar (androidx.lifecycle:lifecycle-runtime-compose:2.7.0) with AarToClassTransform
Transforming ui-release.aar (androidx.compose.ui:ui-android:1.6.1) with JetifyTransform
Transforming ui-release.aar (androidx.compose.ui:ui-android:1.6.1) with AarToClassTransform
Transforming activity-ktx-1.8.2.aar (androidx.activity:activity-ktx:1.8.2) with JetifyTransform
Transforming activity-ktx-1.8.2.aar (androidx.activity:activity-ktx:1.8.2) with AarToClassTransform
Transforming activity-compose-1.8.2.aar (androidx.activity:activity-compose:1.8.2) with JetifyTransform
Transforming activity-compose-1.8.2.aar (androidx.activity:activity-compose:1.8.2) with AarToClassTransform
Transforming activity-1.8.2.aar (androidx.activity:activity:1.8.2) with JetifyTransform
Transforming activity-1.8.2.aar (androidx.activity:activity:1.8.2) with AarToClassTransform
Transforming drawerlayout-1.1.1.aar (androidx.drawerlayout:drawerlayout:1.1.1) with JetifyTransform
Transforming drawerlayout-1.1.1.aar (androidx.drawerlayout:drawerlayout:1.1.1) with AarToClassTransform
Transforming coordinatorlayout-1.1.0.aar (androidx.coordinatorlayout:coordinatorlayout:1.1.0) with JetifyTransform
Transforming coordinatorlayout-1.1.0.aar (androidx.coordinatorlayout:coordinatorlayout:1.1.0) with AarToClassTransform
Transforming vectordrawable-animated-1.1.0.aar (androidx.vectordrawable:vectordrawable-animated:1.1.0) with JetifyTransform
Transforming vectordrawable-animated-1.1.0.aar (androidx.vectordrawable:vectordrawable-animated:1.1.0) with AarToClassTransform
Transforming vectordrawable-1.1.0.aar (androidx.vectordrawable:vectordrawable:1.1.0) with JetifyTransform
Transforming vectordrawable-1.1.0.aar (androidx.vectordrawable:vectordrawable:1.1.0) with AarToClassTransform
Transforming vectordrawable-1.1.0.aar (androidx.vectordrawable:vectordrawable:1.1.0) with JetifyTransform
Transforming vectordrawable-1.1.0.aar (androidx.vectordrawable:vectordrawable:1.1.0) with AarToClassTransform
Transforming recyclerview-1.1.0.aar (androidx.recyclerview:recyclerview:1.1.0) with JetifyTransform
Transforming recyclerview-1.1.0.aar (androidx.recyclerview:recyclerview:1.1.0) with AarToClassTransform
Transforming recyclerview-1.1.0.aar (androidx.recyclerview:recyclerview:1.1.0) with JetifyTransform
Transforming recyclerview-1.1.0.aar (androidx.recyclerview:recyclerview:1.1.0) with AarToClassTransform
Transforming viewpager-1.0.0.aar (androidx.viewpager:viewpager:1.0.0) with JetifyTransform
Transforming viewpager-1.0.0.aar (androidx.viewpager:viewpager:1.0.0) with AarToClassTransform
Transforming customview-1.1.0.aar (androidx.customview:customview:1.1.0) with JetifyTransform
Transforming customview-1.1.0.aar (androidx.customview:customview:1.1.0) with AarToClassTransform
Transforming customview-1.1.0.aar (androidx.customview:customview:1.1.0) with JetifyTransform
Transforming customview-1.1.0.aar (androidx.customview:customview:1.1.0) with AarToClassTransform
Transforming browser-1.4.0.aar (androidx.browser:browser:1.4.0) with JetifyTransform
Transforming browser-1.4.0.aar (androidx.browser:browser:1.4.0) with AarToClassTransform
Transforming autofill-1.0.0.aar (androidx.autofill:autofill:1.0.0) with JetifyTransform
Transforming autofill-1.0.0.aar (androidx.autofill:autofill:1.0.0) with AarToClassTransform
Transforming transition-1.4.1.aar (androidx.transition:transition:1.4.1) with JetifyTransform
Transforming transition-1.4.1.aar (androidx.transition:transition:1.4.1) with AarToClassTransform
Transforming core-1.12.0.aar (androidx.core:core:1.12.0) with JetifyTransform
Transforming core-1.12.0.aar (androidx.core:core:1.12.0) with AarToClassTransform
Transforming core-1.12.0.aar (androidx.core:core:1.12.0) with JetifyTransform
Transforming core-1.12.0.aar (androidx.core:core:1.12.0) with AarToClassTransform
Transforming customview-poolingcontainer-1.0.0.aar (androidx.customview:customview-poolingcontainer:1.0.0) with JetifyTransform
Transforming customview-poolingcontainer-1.0.0.aar (androidx.customview:customview-poolingcontainer:1.0.0) with AarToClassTransform
Transforming core-ktx-1.12.0.aar (androidx.core:core-ktx:1.12.0) with JetifyTransform
Transforming core-ktx-1.12.0.aar (androidx.core:core-ktx:1.12.0) with AarToClassTransform
Transforming core-splashscreen-1.0.1.aar (androidx.core:core-splashscreen:1.0.1) with JetifyTransform
Transforming core-splashscreen-1.0.1.aar (androidx.core:core-splashscreen:1.0.1) with AarToClassTransform
Transforming sqlite-framework-2.4.0.aar (androidx.sqlite:sqlite-framework:2.4.0) with JetifyTransform
Transforming sqlite-framework-2.4.0.aar (androidx.sqlite:sqlite-framework:2.4.0) with AarToClassTransform
Transforming sqlite-2.4.0.aar (androidx.sqlite:sqlite:2.4.0) with JetifyTransform
Transforming sqlite-2.4.0.aar (androidx.sqlite:sqlite:2.4.0) with AarToClassTransform
Transforming okhttp-4.12.0.jar (com.squareup.okhttp3:okhttp:4.12.0) with JetifyTransform
Transforming okhttp-4.12.0.jar (com.squareup.okhttp3:okhttp:4.12.0) with IdentityTransform
Transforming okio-jvm-3.6.0.jar (com.squareup.okio:okio-jvm:3.6.0) with JetifyTransform
Transforming okio-jvm-3.6.0.jar (com.squareup.okio:okio-jvm:3.6.0) with IdentityTransform
Transforming kotlin-stdlib-jdk8-1.9.10.jar (org.jetbrains.kotlin:kotlin-stdlib-jdk8:1.9.10) with JetifyTransform
Transforming kotlin-stdlib-jdk8-1.9.10.jar (org.jetbrains.kotlin:kotlin-stdlib-jdk8:1.9.10) with IdentityTransform
Transforming kotlin-stdlib-jdk7-1.9.10.jar (org.jetbrains.kotlin:kotlin-stdlib-jdk7:1.9.10) with JetifyTransform
Transforming kotlin-stdlib-jdk7-1.9.10.jar (org.jetbrains.kotlin:kotlin-stdlib-jdk7:1.9.10) with IdentityTransform
Transforming annotation-experimental-1.4.0.aar (androidx.annotation:annotation-experimental:1.4.0) with JetifyTransform
Transforming annotation-experimental-1.4.0.aar (androidx.annotation:annotation-experimental:1.4.0) with AarToClassTransform
Transforming versionedparcelable-1.1.1.aar (androidx.versionedparcelable:versionedparcelable:1.1.1) with JetifyTransform
Transforming versionedparcelable-1.1.1.aar (androidx.versionedparcelable:versionedparcelable:1.1.1) with AarToClassTransform
Transforming collection-ktx-1.4.0.jar (androidx.collection:collection-ktx:1.4.0) with JetifyTransform
Transforming collection-ktx-1.4.0.jar (androidx.collection:collection-ktx:1.4.0) with IdentityTransform
Transforming collection-jvm-1.4.0.jar (androidx.collection:collection-jvm:1.4.0) with JetifyTransform
Transforming collection-jvm-1.4.0.jar (androidx.collection:collection-jvm:1.4.0) with IdentityTransform
Transforming MPAndroidChart-3.1.0.aar (com.github.PhilJay:MPAndroidChart:3.1.0) with JetifyTransform
Transforming MPAndroidChart-3.1.0.aar (com.github.PhilJay:MPAndroidChart:3.1.0) with AarToClassTransform
Transforming cursoradapter-1.0.0.aar (androidx.cursoradapter:cursoradapter:1.0.0) with JetifyTransform
Transforming cursoradapter-1.0.0.aar (androidx.cursoradapter:cursoradapter:1.0.0) with AarToClassTransform
Transforming resourceinspection-annotation-1.0.1.jar (androidx.resourceinspection:resourceinspection-annotation:1.0.1) with JetifyTransform
Transforming resourceinspection-annotation-1.0.1.jar (androidx.resourceinspection:resourceinspection-annotation:1.0.1) with IdentityTransform
Transforming cardview-1.0.0.aar (androidx.cardview:cardview:1.0.0) with JetifyTransform
Transforming cardview-1.0.0.aar (androidx.cardview:cardview:1.0.0) with AarToClassTransform
Transforming profileinstaller-1.3.1.aar (androidx.profileinstaller:profileinstaller:1.3.1) with JetifyTransform
Transforming profileinstaller-1.3.1.aar (androidx.profileinstaller:profileinstaller:1.3.1) with AarToClassTransform
Transforming startup-runtime-1.1.1.aar (androidx.startup:startup-runtime:1.1.1) with JetifyTransform
Transforming startup-runtime-1.1.1.aar (androidx.startup:startup-runtime:1.1.1) with AarToClassTransform
Transforming tracing-1.0.0.aar (androidx.tracing:tracing:1.0.0) with JetifyTransform
Transforming tracing-1.0.0.aar (androidx.tracing:tracing:1.0.0) with AarToClassTransform
Transforming core-runtime-2.2.0.aar (androidx.arch.core:core-runtime:2.2.0) with JetifyTransform
Transforming core-runtime-2.2.0.aar (androidx.arch.core:core-runtime:2.2.0) with AarToClassTransform
Transforming transport-backend-cct-2.3.3.aar (com.google.android.datatransport:transport-backend-cct:2.3.3) with JetifyTransform
Transforming transport-backend-cct-2.3.3.aar (com.google.android.datatransport:transport-backend-cct:2.3.3) with AarToClassTransform
Transforming transport-runtime-2.2.6.aar (com.google.android.datatransport:transport-runtime:2.2.6) with JetifyTransform
Transforming transport-runtime-2.2.6.aar (com.google.android.datatransport:transport-runtime:2.2.6) with AarToClassTransform
Transforming transport-api-2.2.1.aar (com.google.android.datatransport:transport-api:2.2.1) with JetifyTransform
Transforming transport-api-2.2.1.aar (com.google.android.datatransport:transport-api:2.2.1) with AarToClassTransform
Transforming firebase-encoders-json-17.1.0.aar (com.google.firebase:firebase-encoders-json:17.1.0) with JetifyTransform
Transforming firebase-encoders-json-17.1.0.aar (com.google.firebase:firebase-encoders-json:17.1.0) with AarToClassTransform
Transforming firebase-encoders-17.0.0.jar (com.google.firebase:firebase-encoders:17.0.0) with JetifyTransform
Transforming firebase-encoders-17.0.0.jar (com.google.firebase:firebase-encoders:17.0.0) with IdentityTransform
Transforming interpolator-1.0.0.aar (androidx.interpolator:interpolator:1.0.0) with JetifyTransform
Transforming interpolator-1.0.0.aar (androidx.interpolator:interpolator:1.0.0) with AarToClassTransform
Transforming interpolator-1.0.0.aar (androidx.interpolator:interpolator:1.0.0) with JetifyTransform
Transforming interpolator-1.0.0.aar (androidx.interpolator:interpolator:1.0.0) with AarToClassTransform
Transforming core-common-2.2.0.jar (androidx.arch.core:core-common:2.2.0) with JetifyTransform
Transforming core-common-2.2.0.jar (androidx.arch.core:core-common:2.2.0) with IdentityTransform
Transforming firebase-components-17.1.5.aar (com.google.firebase:firebase-components:17.1.5) with JetifyTransform
Transforming firebase-components-17.1.5.aar (com.google.firebase:firebase-components:17.1.5) with AarToClassTransform
Transforming firebase-components-17.1.5.aar (com.google.firebase:firebase-components:17.1.5) with JetifyTransform
Transforming firebase-components-17.1.5.aar (com.google.firebase:firebase-components:17.1.5) with AarToClassTransform
Transforming localbroadcastmanager-1.0.0.aar (androidx.localbroadcastmanager:localbroadcastmanager:1.0.0) with JetifyTransform
Transforming localbroadcastmanager-1.0.0.aar (androidx.localbroadcastmanager:localbroadcastmanager:1.0.0) with AarToClassTransform
Transforming documentfile-1.0.0.aar (androidx.documentfile:documentfile:1.0.0) with JetifyTransform
Transforming documentfile-1.0.0.aar (androidx.documentfile:documentfile:1.0.0) with AarToClassTransform
Transforming print-1.0.0.aar (androidx.print:print:1.0.0) with JetifyTransform
Transforming print-1.0.0.aar (androidx.print:print:1.0.0) with AarToClassTransform
Transforming exifinterface-1.3.6.aar (androidx.exifinterface:exifinterface:1.3.6) with JetifyTransform
Transforming exifinterface-1.3.6.aar (androidx.exifinterface:exifinterface:1.3.6) with AarToClassTransform
Transforming exifinterface-1.3.6.aar (androidx.exifinterface:exifinterface:1.3.6) with JetifyTransform
Transforming exifinterface-1.3.6.aar (androidx.exifinterface:exifinterface:1.3.6) with AarToClassTransform
Transforming concurrent-futures-1.1.0.jar (androidx.concurrent:concurrent-futures:1.1.0) with JetifyTransform
Transforming concurrent-futures-1.1.0.jar (androidx.concurrent:concurrent-futures:1.1.0) with IdentityTransform
Transforming annotation-jvm-1.7.0.jar (androidx.annotation:annotation-jvm:1.7.0) with JetifyTransform
Transforming annotation-jvm-1.7.0.jar (androidx.annotation:annotation-jvm:1.7.0) with IdentityTransform
Transforming kotlin-stdlib-2.0.21.jar (org.jetbrains.kotlin:kotlin-stdlib:2.0.21) with JetifyTransform
Transforming kotlin-stdlib-2.0.21.jar (org.jetbrains.kotlin:kotlin-stdlib:2.0.21) with IdentityTransform
Transforming layout-7.2.5.jar (com.itextpdf:layout:7.2.5) with JetifyTransform
Transforming layout-7.2.5.jar (com.itextpdf:layout:7.2.5) with IdentityTransform
Transforming kernel-7.2.5.jar (com.itextpdf:kernel:7.2.5) with JetifyTransform
Transforming kernel-7.2.5.jar (com.itextpdf:kernel:7.2.5) with IdentityTransform
Transforming io-7.2.5.jar (com.itextpdf:io:7.2.5) with JetifyTransform
Transforming io-7.2.5.jar (com.itextpdf:io:7.2.5) with IdentityTransform
Transforming core-3.5.3.jar (com.google.zxing:core:3.5.3) with JetifyTransform
Transforming core-3.5.3.jar (com.google.zxing:core:3.5.3) with IdentityTransform
Transforming poi-ooxml-5.2.5.jar (org.apache.poi:poi-ooxml:5.2.5) with JetifyTransform
Transforming poi-ooxml-5.2.5.jar (org.apache.poi:poi-ooxml:5.2.5) with IdentityTransform
Transforming poi-5.2.5.jar (org.apache.poi:poi:5.2.5) with JetifyTransform
Transforming poi-5.2.5.jar (org.apache.poi:poi:5.2.5) with IdentityTransform
Transforming jakarta.mail-2.0.1.jar (com.sun.mail:jakarta.mail:2.0.1) with JetifyTransform
Transforming jakarta.mail-2.0.1.jar (com.sun.mail:jakarta.mail:2.0.1) with IdentityTransform
Transforming annotations-23.0.0.jar (org.jetbrains:annotations:23.0.0) with JetifyTransform
Transforming annotations-23.0.0.jar (org.jetbrains:annotations:23.0.0) with IdentityTransform
Transforming error_prone_annotations-2.15.0.jar (com.google.errorprone:error_prone_annotations:2.15.0) with JetifyTransform
Transforming error_prone_annotations-2.15.0.jar (com.google.errorprone:error_prone_annotations:2.15.0) with IdentityTransform
Transforming constraintlayout-core-1.0.4.jar (androidx.constraintlayout:constraintlayout-core:1.0.4) with JetifyTransform
Transforming constraintlayout-core-1.0.4.jar (androidx.constraintlayout:constraintlayout-core:1.0.4) with IdentityTransform
Transforming hilt-core-2.48.jar (com.google.dagger:hilt-core:2.48) with JetifyTransform
Transforming hilt-core-2.48.jar (com.google.dagger:hilt-core:2.48) with IdentityTransform
Transforming dagger-2.48.jar (com.google.dagger:dagger:2.48) with JetifyTransform
Transforming dagger-2.48.jar (com.google.dagger:dagger:2.48) with IdentityTransform
Transforming dagger-lint-aar-2.48.aar (com.google.dagger:dagger-lint-aar:2.48) with JetifyTransform
Transforming dagger-lint-aar-2.48.aar (com.google.dagger:dagger-lint-aar:2.48) with AarToClassTransform
Transforming jsr305-3.0.2.jar (com.google.code.findbugs:jsr305:3.0.2) with JetifyTransform
Transforming jsr305-3.0.2.jar (com.google.code.findbugs:jsr305:3.0.2) with IdentityTransform
Transforming firebase-annotations-16.2.0.jar (com.google.firebase:firebase-annotations:16.2.0) with JetifyTransform
Transforming firebase-annotations-16.2.0.jar (com.google.firebase:firebase-annotations:16.2.0) with IdentityTransform
Transforming javax.inject-1.jar (javax.inject:javax.inject:1) with JetifyTransform
Transforming javax.inject-1.jar (javax.inject:javax.inject:1) with IdentityTransform
Transforming bcpkix-jdk15on-1.70.jar (org.bouncycastle:bcpkix-jdk15on:1.70) with JetifyTransform
Transforming bcpkix-jdk15on-1.70.jar (org.bouncycastle:bcpkix-jdk15on:1.70) with IdentityTransform
Transforming bcutil-jdk15on-1.70.jar (org.bouncycastle:bcutil-jdk15on:1.70) with JetifyTransform
Transforming bcutil-jdk15on-1.70.jar (org.bouncycastle:bcutil-jdk15on:1.70) with IdentityTransform
Transforming bcprov-jdk15on-1.70.jar (org.bouncycastle:bcprov-jdk15on:1.70) with JetifyTransform
Transforming bcprov-jdk15on-1.70.jar (org.bouncycastle:bcprov-jdk15on:1.70) with IdentityTransform
Transforming commons-7.2.5.jar (com.itextpdf:commons:7.2.5) with JetifyTransform
Transforming commons-7.2.5.jar (com.itextpdf:commons:7.2.5) with IdentityTransform
Transforming slf4j-api-1.7.36.jar (org.slf4j:slf4j-api:1.7.36) with JetifyTransform
Transforming slf4j-api-1.7.36.jar (org.slf4j:slf4j-api:1.7.36) with IdentityTransform
Transforming auto-value-annotations-1.6.3.jar (com.google.auto.value:auto-value-annotations:1.6.3) with JetifyTransform
Transforming auto-value-annotations-1.6.3.jar (com.google.auto.value:auto-value-annotations:1.6.3) with IdentityTransform
Transforming listenablefuture-1.0.jar (com.google.guava:listenablefuture:1.0) with JetifyTransform
Transforming listenablefuture-1.0.jar (com.google.guava:listenablefuture:1.0) with IdentityTransform
Transforming image-1.0.0-beta1.aar (com.google.android.odml:image:1.0.0-beta1) with JetifyTransform
Transforming image-1.0.0-beta1.aar (com.google.android.odml:image:1.0.0-beta1) with AarToClassTransform
Transforming commons-codec-1.16.0.jar (commons-codec:commons-codec:1.16.0) with JetifyTransform
Transforming commons-codec-1.16.0.jar (commons-codec:commons-codec:1.16.0) with IdentityTransform
Transforming commons-collections4-4.4.jar (org.apache.commons:commons-collections4:4.4) with JetifyTransform
Transforming commons-collections4-4.4.jar (org.apache.commons:commons-collections4:4.4) with IdentityTransform
Transforming commons-math3-3.6.1.jar (org.apache.commons:commons-math3:3.6.1) with JetifyTransform
Transforming commons-math3-3.6.1.jar (org.apache.commons:commons-math3:3.6.1) with IdentityTransform
Transforming commons-io-2.15.0.jar (commons-io:commons-io:2.15.0) with JetifyTransform
Transforming commons-io-2.15.0.jar (commons-io:commons-io:2.15.0) with IdentityTransform
Transforming SparseBitSet-1.3.jar (com.zaxxer:SparseBitSet:1.3) with JetifyTransform
Transforming SparseBitSet-1.3.jar (com.zaxxer:SparseBitSet:1.3) with IdentityTransform
Transforming poi-ooxml-lite-5.2.5.jar (org.apache.poi:poi-ooxml-lite:5.2.5) with JetifyTransform
Transforming poi-ooxml-lite-5.2.5.jar (org.apache.poi:poi-ooxml-lite:5.2.5) with IdentityTransform
Transforming xmlbeans-5.2.0.jar (org.apache.xmlbeans:xmlbeans:5.2.0) with JetifyTransform
Transforming xmlbeans-5.2.0.jar (org.apache.xmlbeans:xmlbeans:5.2.0) with IdentityTransform
Transforming log4j-api-2.21.1.jar (org.apache.logging.log4j:log4j-api:2.21.1) with JetifyTransform
Transforming log4j-api-2.21.1.jar (org.apache.logging.log4j:log4j-api:2.21.1) with IdentityTransform
Transforming commons-compress-1.25.0.jar (org.apache.commons:commons-compress:1.25.0) with JetifyTransform
Transforming commons-compress-1.25.0.jar (org.apache.commons:commons-compress:1.25.0) with IdentityTransform
Transforming curvesapi-1.08.jar (com.github.virtuald:curvesapi:1.08) with JetifyTransform
Transforming curvesapi-1.08.jar (com.github.virtuald:curvesapi:1.08) with IdentityTransform
Transforming jakarta.activation-2.0.1.jar (com.sun.activation:jakarta.activation:2.0.1) with JetifyTransform
Transforming jakarta.activation-2.0.1.jar (com.sun.activation:jakarta.activation:2.0.1) with IdentityTransform
Caching disabled for task ':app:transformDebugClassesWithAsm' because:
  Build cache is disabled
Skipping task ':app:transformDebugClassesWithAsm' as it is up-to-date.
Resolve mutations for :app:bundleDebugClassesToRuntimeJar (Thread[Execution worker Thread 2,5,main]) started.
:app:bundleDebugClassesToRuntimeJar (Thread[Execution worker Thread 2,5,main]) started.

> Task :app:bundleDebugClassesToRuntimeJar UP-TO-DATE
Caching disabled for task ':app:bundleDebugClassesToRuntimeJar' because:
  Build cache is disabled
  Caching has been disabled for the task
Skipping task ':app:bundleDebugClassesToRuntimeJar' as it is up-to-date.
work action resolve classes.jar (project :app) (Thread[Execution worker Thread 2,5,main]) started.
Resolve mutations for :app:preDebugUnitTestBuild (Thread[Execution worker Thread 2,5,main]) started.
IdentityTransform (Thread[Execution worker,5,main]) started.
:app:preDebugUnitTestBuild (Thread[Execution worker Thread 2,5,main]) started.

> Task :app:preDebugUnitTestBuild UP-TO-DATE
Skipping task ':app:preDebugUnitTestBuild' as it has no actions.
Resolve mutations for :app:processDebugJavaRes (Thread[Execution worker Thread 2,5,main]) started.
:app:processDebugJavaRes (Thread[Execution worker Thread 2,5,main]) started.

> Task :app:processDebugJavaRes UP-TO-DATE
file or directory 'D:\KushwahaHardware\app\src\main\resources', not found
file or directory 'D:\KushwahaHardware\app\src\debug\resources', not found
file or directory 'D:\KushwahaHardware\app\src\main\resources', not found
file or directory 'D:\KushwahaHardware\app\src\debug\resources', not found
Caching disabled for task ':app:processDebugJavaRes' because:
  Build cache is disabled
  Caching has been disabled for the task
Skipping task ':app:processDebugJavaRes' as it is up-to-date.
work action resolve out (project :app) (Thread[Execution worker Thread 2,5,main]) started.
Resolve mutations for :app:bundleDebugClassesToCompileJar (Thread[Execution worker Thread 2,5,main]) started.
:app:bundleDebugClassesToCompileJar (Thread[Execution worker Thread 2,5,main]) started.

> Task :app:bundleDebugClassesToCompileJar UP-TO-DATE
Caching disabled for task ':app:bundleDebugClassesToCompileJar' because:
  Build cache is disabled
  Caching has been disabled for the task
Skipping task ':app:bundleDebugClassesToCompileJar' as it is up-to-date.
work action resolve classes.jar (project :app) (Thread[Execution worker Thread 2,5,main]) started.
Resolve mutations for :app:kaptGenerateStubsDebugUnitTestKotlin (Thread[Execution worker Thread 2,5,main]) started.
:app:kaptGenerateStubsDebugUnitTestKotlin (Thread[Execution worker Thread 2,5,main]) started.

> Transform classes.jar (project :app) with IdentityTransform
Transforming classes.jar (project :app) with IdentityTransform
CopyTransform (Thread[included builds,5,main]) started.

> Transform classes.jar (project :app) with CopyTransform
Transforming classes.jar (project :app) with CopyTransform
AggregatedPackagesTransform (Thread[included builds,5,main]) started.

> Transform classes.jar (project :app) with AggregatedPackagesTransform
Transforming classes.jar (project :app) with AggregatedPackagesTransform

> Task :app:kaptGenerateStubsDebugUnitTestKotlin UP-TO-DATE
Registered task dependencies: app:debugUnitTestCompileClasspath
Skipping misunderstood TO dep string: androidx.compose.ui:ui-tooling
Skipping misunderstood TO dep string: project :app
Skipping misunderstood TO dep string: androidx.compose.ui:ui
Skipping misunderstood TO dep string: androidx.compose.ui:ui-graphics
Skipping misunderstood TO dep string: androidx.compose.ui:ui-tooling-preview
Skipping misunderstood TO dep string: androidx.compose.material3:material3
Skipping misunderstood TO dep string: com.google.firebase:firebase-auth
Starting dependency analysis
Transforming kotlinx-coroutines-test-jvm-1.7.3.jar (org.jetbrains.kotlinx:kotlinx-coroutines-test-jvm:1.7.3) with JetifyTransform
Transforming mockk-jvm-1.13.9.jar (io.mockk:mockk-jvm:1.13.9) with JetifyTransform
Transforming mockk-dsl-jvm-1.13.9.jar (io.mockk:mockk-dsl-jvm:1.13.9) with JetifyTransform
Transforming mockk-agent-jvm-1.13.9.jar (io.mockk:mockk-agent-jvm:1.13.9) with JetifyTransform
Transforming mockk-jvm-1.13.9.jar (io.mockk:mockk-jvm:1.13.9) with IdentityTransform
Transforming kotlinx-coroutines-test-jvm-1.7.3.jar (org.jetbrains.kotlinx:kotlinx-coroutines-test-jvm:1.7.3) with IdentityTransform
Transforming mockk-dsl-jvm-1.13.9.jar (io.mockk:mockk-dsl-jvm:1.13.9) with IdentityTransform
Transforming mockk-agent-jvm-1.13.9.jar (io.mockk:mockk-agent-jvm:1.13.9) with IdentityTransform
Transforming mockk-agent-api-jvm-1.13.9.jar (io.mockk:mockk-agent-api-jvm:1.13.9) with JetifyTransform
Transforming mockk-core-jvm-1.13.9.jar (io.mockk:mockk-core-jvm:1.13.9) with JetifyTransform
Transforming junit-4.13.2.jar (junit:junit:4.13.2) with JetifyTransform
Transforming hamcrest-core-1.3.jar (org.hamcrest:hamcrest-core:1.3) with JetifyTransform
Transforming mockk-core-jvm-1.13.9.jar (io.mockk:mockk-core-jvm:1.13.9) with IdentityTransform
Transforming junit-4.13.2.jar (junit:junit:4.13.2) with IdentityTransform
Transforming mockk-agent-api-jvm-1.13.9.jar (io.mockk:mockk-agent-api-jvm:1.13.9) with IdentityTransform
Transforming objenesis-3.3.jar (org.objenesis:objenesis:3.3) with JetifyTransform
Transforming byte-buddy-1.14.6.jar (net.bytebuddy:byte-buddy:1.14.6) with JetifyTransform
Transforming hamcrest-core-1.3.jar (org.hamcrest:hamcrest-core:1.3) with IdentityTransform
Transforming byte-buddy-agent-1.14.6.jar (net.bytebuddy:byte-buddy-agent:1.14.6) with JetifyTransform
Transforming byte-buddy-1.14.6.jar (net.bytebuddy:byte-buddy:1.14.6) with IdentityTransform
Transforming objenesis-3.3.jar (org.objenesis:objenesis:3.3) with IdentityTransform
Transforming byte-buddy-agent-1.14.6.jar (net.bytebuddy:byte-buddy-agent:1.14.6) with IdentityTransform
Transforming R.jar with BuildToolsApiClasspathEntrySnapshotTransform
Transforming classes.jar with BuildToolsApiClasspathEntrySnapshotTransform
Transforming jetified-viewbinding-8.6.0-api.jar with BuildToolsApiClasspathEntrySnapshotTransform
Transforming jetified-hilt-navigation-compose-1.1.0-api.jar with BuildToolsApiClasspathEntrySnapshotTransform
Transforming jetified-hilt-navigation-1.1.0-api.jar with BuildToolsApiClasspathEntrySnapshotTransform
Transforming navigation-common-2.7.6-api.jar with BuildToolsApiClasspathEntrySnapshotTransform
Transforming navigation-runtime-2.7.6-api.jar with BuildToolsApiClasspathEntrySnapshotTransform
Transforming navigation-common-ktx-2.7.6-api.jar with BuildToolsApiClasspathEntrySnapshotTransform
Transforming navigation-fragment-2.7.6-api.jar with BuildToolsApiClasspathEntrySnapshotTransform
Transforming navigation-runtime-ktx-2.7.6-api.jar with BuildToolsApiClasspathEntrySnapshotTransform
Transforming navigation-fragment-ktx-2.7.6-api.jar with BuildToolsApiClasspathEntrySnapshotTransform
Transforming jetified-navigation-compose-2.7.6-api.jar with BuildToolsApiClasspathEntrySnapshotTransform
Transforming navigation-ui-ktx-2.7.6-api.jar with BuildToolsApiClasspathEntrySnapshotTransform
Transforming navigation-ui-2.7.6-api.jar with BuildToolsApiClasspathEntrySnapshotTransform
Transforming material-1.11.0-api.jar with BuildToolsApiClasspathEntrySnapshotTransform
Transforming jetified-play-services-mlkit-barcode-scanning-18.3.1-api.jar with BuildToolsApiClasspathEntrySnapshotTransform
Transforming jetified-barcode-scanning-common-17.0.0-api.jar with BuildToolsApiClasspathEntrySnapshotTransform
Transforming jetified-vision-common-17.3.0-api.jar with BuildToolsApiClasspathEntrySnapshotTransform
Transforming jetified-common-18.11.0-api.jar with BuildToolsApiClasspathEntrySnapshotTransform
Transforming appcompat-1.6.1-api.jar with BuildToolsApiClasspathEntrySnapshotTransform
Transforming jetified-hilt-android-2.48-api.jar with BuildToolsApiClasspathEntrySnapshotTransform
Transforming biometric-1.1.0-api.jar with BuildToolsApiClasspathEntrySnapshotTransform
Transforming jetified-firebase-auth-22.3.1-api.jar with BuildToolsApiClasspathEntrySnapshotTransform
Transforming jetified-play-services-auth-21.0.0-api.jar with BuildToolsApiClasspathEntrySnapshotTransform
Transforming jetified-viewpager2-1.0.0-api.jar with BuildToolsApiClasspathEntrySnapshotTransform
Transforming jetified-play-services-auth-api-phone-18.0.2-api.jar with BuildToolsApiClasspathEntrySnapshotTransform
Transforming jetified-firebase-appcheck-interop-17.0.0-api.jar with BuildToolsApiClasspathEntrySnapshotTransform
Transforming jetified-play-services-auth-base-18.0.10-api.jar with BuildToolsApiClasspathEntrySnapshotTransform
Transforming jetified-play-services-fido-20.0.1-api.jar with BuildToolsApiClasspathEntrySnapshotTransform
Transforming jetified-play-services-base-18.5.0-api.jar with BuildToolsApiClasspathEntrySnapshotTransform
Transforming jetified-vision-interfaces-16.3.0-api.jar with BuildToolsApiClasspathEntrySnapshotTransform
Transforming jetified-firebase-common-ktx-20.4.2-api.jar with BuildToolsApiClasspathEntrySnapshotTransform
Transforming jetified-firebase-auth-interop-20.0.0-api.jar with BuildToolsApiClasspathEntrySnapshotTransform
Transforming jetified-firebase-common-20.4.2-api.jar with BuildToolsApiClasspathEntrySnapshotTransform
Transforming jetified-recaptcha-18.4.0-api.jar with BuildToolsApiClasspathEntrySnapshotTransform
Transforming jetified-integrity-1.2.0-api.jar with BuildToolsApiClasspathEntrySnapshotTransform
Transforming room-common-2.6.1.jar with BuildToolsApiClasspathEntrySnapshotTransform
Transforming room-runtime-2.6.1-api.jar with BuildToolsApiClasspathEntrySnapshotTransform
Transforming jetified-room-ktx-2.6.1-api.jar with BuildToolsApiClasspathEntrySnapshotTransform
Transforming jetified-fragment-ktx-1.6.2-api.jar with BuildToolsApiClasspathEntrySnapshotTransform
Transforming jetified-activity-ktx-1.8.2-api.jar with BuildToolsApiClasspathEntrySnapshotTransform
Transforming jetified-activity-compose-1.8.2-api.jar with BuildToolsApiClasspathEntrySnapshotTransform
Transforming jetified-activity-1.8.2-api.jar with BuildToolsApiClasspathEntrySnapshotTransform
Transforming jetified-camera-video-1.3.1-api.jar with BuildToolsApiClasspathEntrySnapshotTransform
Transforming jetified-camera-view-1.3.1-api.jar with BuildToolsApiClasspathEntrySnapshotTransform
Transforming jetified-camera-lifecycle-1.3.1-api.jar with BuildToolsApiClasspathEntrySnapshotTransform
Transforming jetified-camera-camera2-1.3.1-api.jar with BuildToolsApiClasspathEntrySnapshotTransform
Transforming jetified-camera-core-1.3.1-api.jar with BuildToolsApiClasspathEntrySnapshotTransform
Transforming jetified-appcompat-resources-1.6.1-api.jar with BuildToolsApiClasspathEntrySnapshotTransform
Transforming drawerlayout-1.1.1-api.jar with BuildToolsApiClasspathEntrySnapshotTransform
Transforming coordinatorlayout-1.1.0-api.jar with BuildToolsApiClasspathEntrySnapshotTransform
Transforming dynamicanimation-1.0.0-api.jar with BuildToolsApiClasspathEntrySnapshotTransform
Transforming recyclerview-1.1.0-api.jar with BuildToolsApiClasspathEntrySnapshotTransform
Transforming transition-1.4.1-api.jar with BuildToolsApiClasspathEntrySnapshotTransform
Transforming vectordrawable-animated-1.1.0-api.jar with BuildToolsApiClasspathEntrySnapshotTransform
Transforming vectordrawable-1.1.0-api.jar with BuildToolsApiClasspathEntrySnapshotTransform
Transforming browser-1.4.0-api.jar with BuildToolsApiClasspathEntrySnapshotTransform
Transforming legacy-support-core-utils-1.0.0-api.jar with BuildToolsApiClasspathEntrySnapshotTransform
Transforming loader-1.1.0-api.jar with BuildToolsApiClasspathEntrySnapshotTransform
Transforming viewpager-1.0.0-api.jar with BuildToolsApiClasspathEntrySnapshotTransform
Transforming slidingpanelayout-1.2.0-api.jar with BuildToolsApiClasspathEntrySnapshotTransform
Transforming customview-1.1.0-api.jar with BuildToolsApiClasspathEntrySnapshotTransform
Transforming core-1.12.0-api.jar with BuildToolsApiClasspathEntrySnapshotTransform
Transforming lifecycle-common-java8-2.7.0.jar with BuildToolsApiClasspathEntrySnapshotTransform
Transforming lifecycle-livedata-core-2.7.0-api.jar with BuildToolsApiClasspathEntrySnapshotTransform
Transforming jetified-lifecycle-livedata-core-ktx-2.7.0-api.jar with BuildToolsApiClasspathEntrySnapshotTransform
Transforming lifecycle-livedata-2.7.0-api.jar with BuildToolsApiClasspathEntrySnapshotTransform
Transforming lifecycle-common-2.7.0.jar with BuildToolsApiClasspathEntrySnapshotTransform
Transforming jetified-lifecycle-runtime-ktx-2.7.0-api.jar with BuildToolsApiClasspathEntrySnapshotTransform
Transforming jetified-lifecycle-viewmodel-compose-2.7.0-api.jar with BuildToolsApiClasspathEntrySnapshotTransform
Transforming jetified-lifecycle-viewmodel-savedstate-2.7.0-api.jar with BuildToolsApiClasspathEntrySnapshotTransform
Transforming lifecycle-viewmodel-2.7.0-api.jar with BuildToolsApiClasspathEntrySnapshotTransform
Transforming jetified-coil-compose-2.5.0-api.jar with BuildToolsApiClasspathEntrySnapshotTransform
Transforming jetified-coil-compose-base-2.5.0-api.jar with BuildToolsApiClasspathEntrySnapshotTransform
Transforming jetified-coil-2.5.0-api.jar with BuildToolsApiClasspathEntrySnapshotTransform
Transforming jetified-coil-base-2.5.0-api.jar with BuildToolsApiClasspathEntrySnapshotTransform
Transforming lifecycle-runtime-2.7.0-api.jar with BuildToolsApiClasspathEntrySnapshotTransform
Transforming jetified-lifecycle-livedata-ktx-2.7.0-api.jar with BuildToolsApiClasspathEntrySnapshotTransform
Transforming jetified-lifecycle-runtime-compose-2.7.0-api.jar with BuildToolsApiClasspathEntrySnapshotTransform
Transforming jetified-lifecycle-viewmodel-ktx-2.7.0-api.jar with BuildToolsApiClasspathEntrySnapshotTransform
Transforming jetified-material3-release-api.jar with BuildToolsApiClasspathEntrySnapshotTransform
Transforming jetified-foundation-layout-release-api.jar with BuildToolsApiClasspathEntrySnapshotTransform
Transforming jetified-material-icons-core-release-api.jar with BuildToolsApiClasspathEntrySnapshotTransform
Transforming jetified-material-icons-extended-release-api.jar with BuildToolsApiClasspathEntrySnapshotTransform
Transforming jetified-material-ripple-release-api.jar with BuildToolsApiClasspathEntrySnapshotTransform
Transforming jetified-foundation-release-api.jar with BuildToolsApiClasspathEntrySnapshotTransform
Transforming jetified-animation-core-release-api.jar with BuildToolsApiClasspathEntrySnapshotTransform
Transforming jetified-animation-release-api.jar with BuildToolsApiClasspathEntrySnapshotTransform
Transforming jetified-ui-util-release-api.jar with BuildToolsApiClasspathEntrySnapshotTransform
Transforming jetified-ui-unit-release-api.jar with BuildToolsApiClasspathEntrySnapshotTransform
Transforming jetified-ui-text-release-api.jar with BuildToolsApiClasspathEntrySnapshotTransform
Transforming jetified-ui-geometry-release-api.jar with BuildToolsApiClasspathEntrySnapshotTransform
Transforming jetified-ui-tooling-data-release-api.jar with BuildToolsApiClasspathEntrySnapshotTransform
Transforming jetified-ui-tooling-preview-release-api.jar with BuildToolsApiClasspathEntrySnapshotTransform
Transforming jetified-ui-graphics-release-api.jar with BuildToolsApiClasspathEntrySnapshotTransform
Transforming jetified-ui-release-api.jar with BuildToolsApiClasspathEntrySnapshotTransform
Transforming jetified-ui-tooling-release-api.jar with BuildToolsApiClasspathEntrySnapshotTransform
Transforming jetified-runtime-saveable-release-api.jar with BuildToolsApiClasspathEntrySnapshotTransform
Transforming jetified-runtime-release-api.jar with BuildToolsApiClasspathEntrySnapshotTransform
Transforming jetified-kotlinx-coroutines-android-1.7.3.jar with BuildToolsApiClasspathEntrySnapshotTransform
Transforming jetified-kotlinx-coroutines-test-jvm-1.7.3.jar with BuildToolsApiClasspathEntrySnapshotTransform
Transforming jetified-kotlinx-coroutines-core-jvm-1.7.3.jar with BuildToolsApiClasspathEntrySnapshotTransform
Transforming jetified-kotlinx-coroutines-play-services-1.7.3.jar with BuildToolsApiClasspathEntrySnapshotTransform
Transforming jetified-play-services-tasks-18.2.0-api.jar with BuildToolsApiClasspathEntrySnapshotTransform
Transforming jetified-play-services-basement-18.4.0-api.jar with BuildToolsApiClasspathEntrySnapshotTransform
Transforming fragment-1.6.2-api.jar with BuildToolsApiClasspathEntrySnapshotTransform
Transforming jetified-core-ktx-1.12.0-api.jar with BuildToolsApiClasspathEntrySnapshotTransform
Transforming jetified-core-splashscreen-1.0.1-api.jar with BuildToolsApiClasspathEntrySnapshotTransform
Transforming jetified-googleid-1.1.0-api.jar with BuildToolsApiClasspathEntrySnapshotTransform
Transforming jetified-savedstate-ktx-1.2.1-api.jar with BuildToolsApiClasspathEntrySnapshotTransform
Transforming jetified-savedstate-1.2.1-api.jar with BuildToolsApiClasspathEntrySnapshotTransform
Transforming jetified-annotation-experimental-1.4.0-api.jar with BuildToolsApiClasspathEntrySnapshotTransform
Transforming jetified-mockk-jvm-1.13.9.jar with BuildToolsApiClasspathEntrySnapshotTransform
Transforming jetified-okhttp-4.12.0.jar with BuildToolsApiClasspathEntrySnapshotTransform
Transforming jetified-mockk-dsl-jvm-1.13.9.jar with BuildToolsApiClasspathEntrySnapshotTransform
Transforming jetified-mockk-agent-jvm-1.13.9.jar with BuildToolsApiClasspathEntrySnapshotTransform
Transforming jetified-mockk-agent-api-jvm-1.13.9.jar with BuildToolsApiClasspathEntrySnapshotTransform
Transforming jetified-mockk-core-jvm-1.13.9.jar with BuildToolsApiClasspathEntrySnapshotTransform
Transforming jetified-okio-jvm-3.6.0.jar with BuildToolsApiClasspathEntrySnapshotTransform
Transforming jetified-kotlin-stdlib-jdk8-1.9.10.jar with BuildToolsApiClasspathEntrySnapshotTransform
Transforming jetified-credentials-1.0.0-alpha04-api.jar with BuildToolsApiClasspathEntrySnapshotTransform
Transforming cursoradapter-1.0.0-api.jar with BuildToolsApiClasspathEntrySnapshotTransform
Transforming cardview-1.0.0-api.jar with BuildToolsApiClasspathEntrySnapshotTransform
Transforming sqlite-framework-2.4.0-api.jar with BuildToolsApiClasspathEntrySnapshotTransform
Transforming sqlite-2.4.0-api.jar with BuildToolsApiClasspathEntrySnapshotTransform
Transforming jetified-transport-backend-cct-2.3.3-api.jar with BuildToolsApiClasspathEntrySnapshotTransform
Transforming jetified-transport-runtime-2.2.6-api.jar with BuildToolsApiClasspathEntrySnapshotTransform
Transforming jetified-transport-api-2.2.1-api.jar with BuildToolsApiClasspathEntrySnapshotTransform
Transforming jetified-firebase-components-17.1.5-api.jar with BuildToolsApiClasspathEntrySnapshotTransform
Transforming jetified-firebase-encoders-json-17.1.0-api.jar with BuildToolsApiClasspathEntrySnapshotTransform
Transforming jetified-firebase-encoders-17.0.0.jar with BuildToolsApiClasspathEntrySnapshotTransform
Transforming localbroadcastmanager-1.0.0-api.jar with BuildToolsApiClasspathEntrySnapshotTransform
Transforming versionedparcelable-1.1.1-api.jar with BuildToolsApiClasspathEntrySnapshotTransform
Transforming core-runtime-2.2.0-api.jar with BuildToolsApiClasspathEntrySnapshotTransform
Transforming core-common-2.2.0.jar with BuildToolsApiClasspathEntrySnapshotTransform
Transforming jetified-concurrent-futures-1.1.0.jar with BuildToolsApiClasspathEntrySnapshotTransform
Transforming jetified-collection-ktx-1.4.0.jar with BuildToolsApiClasspathEntrySnapshotTransform
Transforming jetified-collection-jvm-1.4.0.jar with BuildToolsApiClasspathEntrySnapshotTransform
Transforming interpolator-1.0.0-api.jar with BuildToolsApiClasspathEntrySnapshotTransform
Transforming documentfile-1.0.0-api.jar with BuildToolsApiClasspathEntrySnapshotTransform
Transforming print-1.0.0-api.jar with BuildToolsApiClasspathEntrySnapshotTransform
Transforming jetified-annotation-jvm-1.7.0.jar with BuildToolsApiClasspathEntrySnapshotTransform
Transforming jetified-kotlin-stdlib-jdk7-1.9.10.jar with BuildToolsApiClasspathEntrySnapshotTransform
Transforming jetified-kotlin-stdlib-2.0.21.jar with BuildToolsApiClasspathEntrySnapshotTransform
Transforming constraintlayout-2.1.4-api.jar with BuildToolsApiClasspathEntrySnapshotTransform
Transforming jetified-MPAndroidChart-3.1.0-api.jar with BuildToolsApiClasspathEntrySnapshotTransform
Transforming jetified-layout-7.2.5.jar with BuildToolsApiClasspathEntrySnapshotTransform
Transforming jetified-kernel-7.2.5.jar with BuildToolsApiClasspathEntrySnapshotTransform
Transforming jetified-io-7.2.5.jar with BuildToolsApiClasspathEntrySnapshotTransform
Transforming jetified-core-3.5.3.jar with BuildToolsApiClasspathEntrySnapshotTransform
Transforming jetified-poi-ooxml-5.2.5.jar with BuildToolsApiClasspathEntrySnapshotTransform
Transforming jetified-poi-5.2.5.jar with BuildToolsApiClasspathEntrySnapshotTransform
Transforming jetified-jakarta.mail-2.0.1.jar with BuildToolsApiClasspathEntrySnapshotTransform
Transforming jetified-junit-4.13.2.jar with BuildToolsApiClasspathEntrySnapshotTransform
Transforming jetified-hamcrest-core-1.3.jar with BuildToolsApiClasspathEntrySnapshotTransform
Transforming jetified-annotations-23.0.0.jar with BuildToolsApiClasspathEntrySnapshotTransform
Transforming jetified-listenablefuture-1.0.jar with BuildToolsApiClasspathEntrySnapshotTransform
Transforming jetified-objenesis-3.3.jar with BuildToolsApiClasspathEntrySnapshotTransform
Transforming jetified-byte-buddy-1.14.6.jar with BuildToolsApiClasspathEntrySnapshotTransform
Transforming jetified-byte-buddy-agent-1.14.6.jar with BuildToolsApiClasspathEntrySnapshotTransform
Transforming jetified-resourceinspection-annotation-1.0.1.jar with BuildToolsApiClasspathEntrySnapshotTransform
Transforming jetified-error_prone_annotations-2.15.0.jar with BuildToolsApiClasspathEntrySnapshotTransform
Transforming jetified-hilt-core-2.48.jar with BuildToolsApiClasspathEntrySnapshotTransform
Transforming jetified-dagger-2.48.jar with BuildToolsApiClasspathEntrySnapshotTransform
Transforming jetified-firebase-annotations-16.2.0.jar with BuildToolsApiClasspathEntrySnapshotTransform
Transforming jetified-javax.inject-1.jar with BuildToolsApiClasspathEntrySnapshotTransform
Transforming jetified-dagger-lint-aar-2.48-api.jar with BuildToolsApiClasspathEntrySnapshotTransform
Transforming jetified-jsr305-3.0.2.jar with BuildToolsApiClasspathEntrySnapshotTransform
Transforming exifinterface-1.3.6-api.jar with BuildToolsApiClasspathEntrySnapshotTransform
Transforming jetified-commons-7.2.5.jar with BuildToolsApiClasspathEntrySnapshotTransform
Transforming jetified-slf4j-api-1.7.36.jar with BuildToolsApiClasspathEntrySnapshotTransform
Transforming jetified-bcpkix-jdk15on-1.70.jar with BuildToolsApiClasspathEntrySnapshotTransform
Transforming jetified-bcutil-jdk15on-1.70.jar with BuildToolsApiClasspathEntrySnapshotTransform
Transforming jetified-bcprov-jdk15on-1.70.jar with BuildToolsApiClasspathEntrySnapshotTransform
Transforming jetified-image-1.0.0-beta1-api.jar with BuildToolsApiClasspathEntrySnapshotTransform
Transforming jetified-commons-codec-1.16.0.jar with BuildToolsApiClasspathEntrySnapshotTransform
Transforming jetified-commons-collections4-4.4.jar with BuildToolsApiClasspathEntrySnapshotTransform
Transforming jetified-commons-math3-3.6.1.jar with BuildToolsApiClasspathEntrySnapshotTransform
Transforming jetified-commons-io-2.15.0.jar with BuildToolsApiClasspathEntrySnapshotTransform
Transforming jetified-SparseBitSet-1.3.jar with BuildToolsApiClasspathEntrySnapshotTransform
Transforming jetified-poi-ooxml-lite-5.2.5.jar with BuildToolsApiClasspathEntrySnapshotTransform
Transforming jetified-xmlbeans-5.2.0.jar with BuildToolsApiClasspathEntrySnapshotTransform
Transforming jetified-log4j-api-2.21.1.jar with BuildToolsApiClasspathEntrySnapshotTransform
Transforming jetified-commons-compress-1.25.0.jar with BuildToolsApiClasspathEntrySnapshotTransform
Transforming jetified-curvesapi-1.08.jar with BuildToolsApiClasspathEntrySnapshotTransform
Transforming jetified-jakarta.activation-2.0.1.jar with BuildToolsApiClasspathEntrySnapshotTransform
Transforming android.jar with BuildToolsApiClasspathEntrySnapshotTransform
Transforming core-lambda-stubs.jar with BuildToolsApiClasspathEntrySnapshotTransform
Registered task dependencies: app:kotlinCompilerPluginClasspathDebugUnitTest
Starting dependency analysis
Caching disabled for task ':app:kaptGenerateStubsDebugUnitTestKotlin' because:
  Build cache is disabled
Skipping task ':app:kaptGenerateStubsDebugUnitTestKotlin' as it is up-to-date.
Resolve mutations for :app:kaptDebugUnitTestKotlin (Thread[Execution worker Thread 2,5,main]) started.
:app:kaptDebugUnitTestKotlin (Thread[Execution worker Thread 2,5,main]) started.

> Task :app:kaptDebugUnitTestKotlin UP-TO-DATE
Transforming R.jar with StructureTransformAction
Transforming classes.jar with StructureTransformAction
Transforming jetified-viewbinding-8.6.0-api.jar with StructureTransformAction
Transforming jetified-hilt-navigation-compose-1.1.0-api.jar with StructureTransformAction
Transforming jetified-hilt-navigation-1.1.0-api.jar with StructureTransformAction
Transforming navigation-common-2.7.6-api.jar with StructureTransformAction
Transforming navigation-runtime-2.7.6-api.jar with StructureTransformAction
Transforming navigation-common-ktx-2.7.6-api.jar with StructureTransformAction
Transforming navigation-fragment-2.7.6-api.jar with StructureTransformAction
Transforming navigation-runtime-ktx-2.7.6-api.jar with StructureTransformAction
Transforming navigation-fragment-ktx-2.7.6-api.jar with StructureTransformAction
Transforming jetified-navigation-compose-2.7.6-api.jar with StructureTransformAction
Transforming navigation-ui-ktx-2.7.6-api.jar with StructureTransformAction
Transforming navigation-ui-2.7.6-api.jar with StructureTransformAction
Transforming material-1.11.0-api.jar with StructureTransformAction
Transforming jetified-play-services-mlkit-barcode-scanning-18.3.1-api.jar with StructureTransformAction
Transforming jetified-barcode-scanning-common-17.0.0-api.jar with StructureTransformAction
Transforming jetified-vision-common-17.3.0-api.jar with StructureTransformAction
Transforming jetified-common-18.11.0-api.jar with StructureTransformAction
Transforming appcompat-1.6.1-api.jar with StructureTransformAction
Transforming jetified-hilt-android-2.48-api.jar with StructureTransformAction
Transforming biometric-1.1.0-api.jar with StructureTransformAction
Transforming jetified-firebase-auth-22.3.1-api.jar with StructureTransformAction
Transforming jetified-play-services-auth-21.0.0-api.jar with StructureTransformAction
Transforming jetified-viewpager2-1.0.0-api.jar with StructureTransformAction
Transforming jetified-play-services-auth-api-phone-18.0.2-api.jar with StructureTransformAction
Transforming jetified-firebase-appcheck-interop-17.0.0-api.jar with StructureTransformAction
Transforming jetified-play-services-auth-base-18.0.10-api.jar with StructureTransformAction
Transforming jetified-play-services-fido-20.0.1-api.jar with StructureTransformAction
Transforming jetified-play-services-base-18.5.0-api.jar with StructureTransformAction
Transforming jetified-vision-interfaces-16.3.0-api.jar with StructureTransformAction
Transforming jetified-firebase-common-ktx-20.4.2-api.jar with StructureTransformAction
Transforming jetified-firebase-auth-interop-20.0.0-api.jar with StructureTransformAction
Transforming jetified-firebase-common-20.4.2-api.jar with StructureTransformAction
Transforming jetified-recaptcha-18.4.0-api.jar with StructureTransformAction
Transforming jetified-integrity-1.2.0-api.jar with StructureTransformAction
Transforming room-common-2.6.1.jar with StructureTransformAction
Transforming room-runtime-2.6.1-api.jar with StructureTransformAction
Transforming jetified-room-ktx-2.6.1-api.jar with StructureTransformAction
Transforming jetified-fragment-ktx-1.6.2-api.jar with StructureTransformAction
Transforming jetified-activity-ktx-1.8.2-api.jar with StructureTransformAction
Transforming jetified-activity-compose-1.8.2-api.jar with StructureTransformAction
Transforming jetified-activity-1.8.2-api.jar with StructureTransformAction
Transforming jetified-camera-video-1.3.1-api.jar with StructureTransformAction
Transforming jetified-camera-view-1.3.1-api.jar with StructureTransformAction
Transforming jetified-camera-lifecycle-1.3.1-api.jar with StructureTransformAction
Transforming jetified-camera-camera2-1.3.1-api.jar with StructureTransformAction
Transforming jetified-camera-core-1.3.1-api.jar with StructureTransformAction
Transforming jetified-appcompat-resources-1.6.1-api.jar with StructureTransformAction
Transforming drawerlayout-1.1.1-api.jar with StructureTransformAction
Transforming coordinatorlayout-1.1.0-api.jar with StructureTransformAction
Transforming dynamicanimation-1.0.0-api.jar with StructureTransformAction
Transforming recyclerview-1.1.0-api.jar with StructureTransformAction
Transforming transition-1.4.1-api.jar with StructureTransformAction
Transforming vectordrawable-animated-1.1.0-api.jar with StructureTransformAction
Transforming vectordrawable-1.1.0-api.jar with StructureTransformAction
Transforming browser-1.4.0-api.jar with StructureTransformAction
Transforming legacy-support-core-utils-1.0.0-api.jar with StructureTransformAction
Transforming loader-1.1.0-api.jar with StructureTransformAction
Transforming viewpager-1.0.0-api.jar with StructureTransformAction
Transforming slidingpanelayout-1.2.0-api.jar with StructureTransformAction
Transforming customview-1.1.0-api.jar with StructureTransformAction
Transforming core-1.12.0-api.jar with StructureTransformAction
Transforming lifecycle-common-java8-2.7.0.jar with StructureTransformAction
Transforming lifecycle-livedata-core-2.7.0-api.jar with StructureTransformAction
Transforming jetified-lifecycle-livedata-core-ktx-2.7.0-api.jar with StructureTransformAction
Transforming lifecycle-livedata-2.7.0-api.jar with StructureTransformAction
Transforming lifecycle-common-2.7.0.jar with StructureTransformAction
Transforming jetified-lifecycle-runtime-ktx-2.7.0-api.jar with StructureTransformAction
Transforming jetified-lifecycle-viewmodel-compose-2.7.0-api.jar with StructureTransformAction
Transforming jetified-lifecycle-viewmodel-savedstate-2.7.0-api.jar with StructureTransformAction
Transforming lifecycle-viewmodel-2.7.0-api.jar with StructureTransformAction
Transforming jetified-coil-compose-2.5.0-api.jar with StructureTransformAction
Transforming jetified-coil-compose-base-2.5.0-api.jar with StructureTransformAction
Transforming jetified-coil-2.5.0-api.jar with StructureTransformAction
Transforming jetified-coil-base-2.5.0-api.jar with StructureTransformAction
Transforming lifecycle-runtime-2.7.0-api.jar with StructureTransformAction
Transforming jetified-lifecycle-livedata-ktx-2.7.0-api.jar with StructureTransformAction
Transforming jetified-lifecycle-runtime-compose-2.7.0-api.jar with StructureTransformAction
Transforming jetified-lifecycle-viewmodel-ktx-2.7.0-api.jar with StructureTransformAction
Transforming jetified-material3-release-api.jar with StructureTransformAction
Transforming jetified-foundation-layout-release-api.jar with StructureTransformAction
Transforming jetified-material-icons-core-release-api.jar with StructureTransformAction
Transforming jetified-material-icons-extended-release-api.jar with StructureTransformAction
Transforming jetified-material-ripple-release-api.jar with StructureTransformAction
Transforming jetified-foundation-release-api.jar with StructureTransformAction
Transforming jetified-animation-core-release-api.jar with StructureTransformAction
Transforming jetified-animation-release-api.jar with StructureTransformAction
Transforming jetified-ui-util-release-api.jar with StructureTransformAction
Transforming jetified-ui-unit-release-api.jar with StructureTransformAction
Transforming jetified-ui-text-release-api.jar with StructureTransformAction
Transforming jetified-ui-geometry-release-api.jar with StructureTransformAction
Transforming jetified-ui-tooling-data-release-api.jar with StructureTransformAction
Transforming jetified-ui-tooling-preview-release-api.jar with StructureTransformAction
Transforming jetified-ui-graphics-release-api.jar with StructureTransformAction
Transforming jetified-ui-release-api.jar with StructureTransformAction
Transforming jetified-ui-tooling-release-api.jar with StructureTransformAction
Transforming jetified-runtime-saveable-release-api.jar with StructureTransformAction
Transforming jetified-runtime-release-api.jar with StructureTransformAction
Transforming jetified-kotlinx-coroutines-android-1.7.3.jar with StructureTransformAction
Transforming jetified-kotlinx-coroutines-test-jvm-1.7.3.jar with StructureTransformAction
Transforming jetified-kotlinx-coroutines-core-jvm-1.7.3.jar with StructureTransformAction
Transforming jetified-kotlinx-coroutines-play-services-1.7.3.jar with StructureTransformAction
Transforming jetified-play-services-tasks-18.2.0-api.jar with StructureTransformAction
Transforming jetified-play-services-basement-18.4.0-api.jar with StructureTransformAction
Transforming fragment-1.6.2-api.jar with StructureTransformAction
Transforming jetified-core-ktx-1.12.0-api.jar with StructureTransformAction
Transforming jetified-core-splashscreen-1.0.1-api.jar with StructureTransformAction
Transforming jetified-googleid-1.1.0-api.jar with StructureTransformAction
Transforming jetified-savedstate-ktx-1.2.1-api.jar with StructureTransformAction
Transforming jetified-savedstate-1.2.1-api.jar with StructureTransformAction
Transforming jetified-annotation-experimental-1.4.0-api.jar with StructureTransformAction
Transforming jetified-mockk-jvm-1.13.9.jar with StructureTransformAction
Transforming jetified-okhttp-4.12.0.jar with StructureTransformAction
Transforming jetified-mockk-dsl-jvm-1.13.9.jar with StructureTransformAction
Transforming jetified-mockk-agent-jvm-1.13.9.jar with StructureTransformAction
Transforming jetified-mockk-agent-api-jvm-1.13.9.jar with StructureTransformAction
Transforming jetified-mockk-core-jvm-1.13.9.jar with StructureTransformAction
Transforming jetified-okio-jvm-3.6.0.jar with StructureTransformAction
Transforming jetified-kotlin-stdlib-jdk8-1.9.10.jar with StructureTransformAction
Transforming jetified-credentials-1.0.0-alpha04-api.jar with StructureTransformAction
Transforming cursoradapter-1.0.0-api.jar with StructureTransformAction
Transforming cardview-1.0.0-api.jar with StructureTransformAction
Transforming sqlite-framework-2.4.0-api.jar with StructureTransformAction
Transforming sqlite-2.4.0-api.jar with StructureTransformAction
Transforming jetified-transport-backend-cct-2.3.3-api.jar with StructureTransformAction
Transforming jetified-transport-runtime-2.2.6-api.jar with StructureTransformAction
Transforming jetified-transport-api-2.2.1-api.jar with StructureTransformAction
Transforming jetified-firebase-components-17.1.5-api.jar with StructureTransformAction
Transforming jetified-firebase-encoders-json-17.1.0-api.jar with StructureTransformAction
Transforming jetified-firebase-encoders-17.0.0.jar with StructureTransformAction
Transforming localbroadcastmanager-1.0.0-api.jar with StructureTransformAction
Transforming versionedparcelable-1.1.1-api.jar with StructureTransformAction
Transforming core-runtime-2.2.0-api.jar with StructureTransformAction
Transforming core-common-2.2.0.jar with StructureTransformAction
Transforming jetified-concurrent-futures-1.1.0.jar with StructureTransformAction
Transforming jetified-collection-ktx-1.4.0.jar with StructureTransformAction
Transforming jetified-collection-jvm-1.4.0.jar with StructureTransformAction
Transforming interpolator-1.0.0-api.jar with StructureTransformAction
Transforming documentfile-1.0.0-api.jar with StructureTransformAction
Transforming print-1.0.0-api.jar with StructureTransformAction
Transforming jetified-annotation-jvm-1.7.0.jar with StructureTransformAction
Transforming jetified-kotlin-stdlib-jdk7-1.9.10.jar with StructureTransformAction
Transforming jetified-kotlin-stdlib-2.0.21.jar with StructureTransformAction
Transforming constraintlayout-2.1.4-api.jar with StructureTransformAction
Transforming jetified-MPAndroidChart-3.1.0-api.jar with StructureTransformAction
Transforming jetified-layout-7.2.5.jar with StructureTransformAction
Transforming jetified-kernel-7.2.5.jar with StructureTransformAction
Transforming jetified-io-7.2.5.jar with StructureTransformAction
Transforming jetified-core-3.5.3.jar with StructureTransformAction
Transforming jetified-poi-ooxml-5.2.5.jar with StructureTransformAction
Transforming jetified-poi-5.2.5.jar with StructureTransformAction
Transforming jetified-jakarta.mail-2.0.1.jar with StructureTransformAction
Transforming jetified-junit-4.13.2.jar with StructureTransformAction
Transforming jetified-hamcrest-core-1.3.jar with StructureTransformAction
Transforming jetified-annotations-23.0.0.jar with StructureTransformAction
Transforming jetified-listenablefuture-1.0.jar with StructureTransformAction
Transforming jetified-objenesis-3.3.jar with StructureTransformAction
Transforming jetified-byte-buddy-1.14.6.jar with StructureTransformAction
Transforming jetified-byte-buddy-agent-1.14.6.jar with StructureTransformAction
Transforming jetified-resourceinspection-annotation-1.0.1.jar with StructureTransformAction
Transforming jetified-error_prone_annotations-2.15.0.jar with StructureTransformAction
Transforming jetified-hilt-core-2.48.jar with StructureTransformAction
Transforming jetified-dagger-2.48.jar with StructureTransformAction
Transforming jetified-firebase-annotations-16.2.0.jar with StructureTransformAction
Transforming jetified-javax.inject-1.jar with StructureTransformAction
Transforming jetified-dagger-lint-aar-2.48-api.jar with StructureTransformAction
Transforming jetified-jsr305-3.0.2.jar with StructureTransformAction
Transforming exifinterface-1.3.6-api.jar with StructureTransformAction
Transforming jetified-commons-7.2.5.jar with StructureTransformAction
Transforming jetified-slf4j-api-1.7.36.jar with StructureTransformAction
Transforming jetified-bcpkix-jdk15on-1.70.jar with StructureTransformAction
Transforming jetified-bcutil-jdk15on-1.70.jar with StructureTransformAction
Transforming jetified-bcprov-jdk15on-1.70.jar with StructureTransformAction
Transforming jetified-image-1.0.0-beta1-api.jar with StructureTransformAction
Transforming jetified-commons-codec-1.16.0.jar with StructureTransformAction
Transforming jetified-commons-collections4-4.4.jar with StructureTransformAction
Transforming jetified-commons-math3-3.6.1.jar with StructureTransformAction
Transforming jetified-commons-io-2.15.0.jar with StructureTransformAction
Transforming jetified-SparseBitSet-1.3.jar with StructureTransformAction
Transforming jetified-poi-ooxml-lite-5.2.5.jar with StructureTransformAction
Transforming jetified-xmlbeans-5.2.0.jar with StructureTransformAction
Transforming jetified-log4j-api-2.21.1.jar with StructureTransformAction
Transforming jetified-commons-compress-1.25.0.jar with StructureTransformAction
Transforming jetified-curvesapi-1.08.jar with StructureTransformAction
Transforming jetified-jakarta.activation-2.0.1.jar with StructureTransformAction
Transforming android.jar with StructureTransformAction
Transforming core-lambda-stubs.jar with StructureTransformAction
file or directory 'D:\KushwahaHardware\app\src\debugUnitTest\kotlin', not found
file or directory 'D:\KushwahaHardware\app\src\test\kotlin', not found
file or directory 'D:\KushwahaHardware\app\src\test\kotlin', not found
file or directory 'D:\KushwahaHardware\app\src\test\kotlin', not found
file or directory 'D:\KushwahaHardware\app\src\testDebug\kotlin', not found
file or directory 'D:\KushwahaHardware\app\src\testDebug\java', not found
file or directory 'D:\KushwahaHardware\app\src\testDebug\kotlin', not found
file or directory 'D:\KushwahaHardware\app\src\testDebug\kotlin', not found
file or directory 'D:\KushwahaHardware\app\src\testDebug\java', not found
file or directory 'D:\KushwahaHardware\app\src\test\kotlin', not found
file or directory 'D:\KushwahaHardware\app\src\test\kotlin', not found
file or directory 'D:\KushwahaHardware\app\src\test\kotlin', not found
file or directory 'D:\KushwahaHardware\app\src\testDebug\kotlin', not found
file or directory 'D:\KushwahaHardware\app\src\testDebug\java', not found
file or directory 'D:\KushwahaHardware\app\src\testDebug\kotlin', not found
file or directory 'D:\KushwahaHardware\app\src\testDebug\kotlin', not found
file or directory 'D:\KushwahaHardware\app\src\testDebug\java', not found
file or directory 'D:\KushwahaHardware\app\src\testDebug\java', not found
Caching disabled for task ':app:kaptDebugUnitTestKotlin' because:
  Build cache is disabled
Skipping task ':app:kaptDebugUnitTestKotlin' as it is up-to-date.
Resolve mutations for :app:compileDebugUnitTestKotlin (Thread[Execution worker,5,main]) started.
:app:compileDebugUnitTestKotlin (Thread[Execution worker,5,main]) started.

> Task :app:compileDebugUnitTestKotlin UP-TO-DATE
Transforming R.jar with BuildToolsApiClasspathEntrySnapshotTransform
Transforming classes.jar with BuildToolsApiClasspathEntrySnapshotTransform
Transforming jetified-viewbinding-8.6.0-api.jar with BuildToolsApiClasspathEntrySnapshotTransform
Transforming jetified-hilt-navigation-compose-1.1.0-api.jar with BuildToolsApiClasspathEntrySnapshotTransform
Transforming jetified-hilt-navigation-1.1.0-api.jar with BuildToolsApiClasspathEntrySnapshotTransform
Transforming navigation-common-2.7.6-api.jar with BuildToolsApiClasspathEntrySnapshotTransform
Transforming navigation-runtime-2.7.6-api.jar with BuildToolsApiClasspathEntrySnapshotTransform
Transforming navigation-common-ktx-2.7.6-api.jar with BuildToolsApiClasspathEntrySnapshotTransform
Transforming navigation-fragment-2.7.6-api.jar with BuildToolsApiClasspathEntrySnapshotTransform
Transforming navigation-runtime-ktx-2.7.6-api.jar with BuildToolsApiClasspathEntrySnapshotTransform
Transforming navigation-fragment-ktx-2.7.6-api.jar with BuildToolsApiClasspathEntrySnapshotTransform
Transforming jetified-navigation-compose-2.7.6-api.jar with BuildToolsApiClasspathEntrySnapshotTransform
Transforming navigation-ui-ktx-2.7.6-api.jar with BuildToolsApiClasspathEntrySnapshotTransform
Transforming navigation-ui-2.7.6-api.jar with BuildToolsApiClasspathEntrySnapshotTransform
Transforming material-1.11.0-api.jar with BuildToolsApiClasspathEntrySnapshotTransform
Transforming jetified-play-services-mlkit-barcode-scanning-18.3.1-api.jar with BuildToolsApiClasspathEntrySnapshotTransform
Transforming jetified-barcode-scanning-common-17.0.0-api.jar with BuildToolsApiClasspathEntrySnapshotTransform
Transforming jetified-vision-common-17.3.0-api.jar with BuildToolsApiClasspathEntrySnapshotTransform
Transforming jetified-common-18.11.0-api.jar with BuildToolsApiClasspathEntrySnapshotTransform
Transforming appcompat-1.6.1-api.jar with BuildToolsApiClasspathEntrySnapshotTransform
Transforming jetified-hilt-android-2.48-api.jar with BuildToolsApiClasspathEntrySnapshotTransform
Transforming biometric-1.1.0-api.jar with BuildToolsApiClasspathEntrySnapshotTransform
Transforming jetified-firebase-auth-22.3.1-api.jar with BuildToolsApiClasspathEntrySnapshotTransform
Transforming jetified-play-services-auth-21.0.0-api.jar with BuildToolsApiClasspathEntrySnapshotTransform
Transforming jetified-viewpager2-1.0.0-api.jar with BuildToolsApiClasspathEntrySnapshotTransform
Transforming jetified-play-services-auth-api-phone-18.0.2-api.jar with BuildToolsApiClasspathEntrySnapshotTransform
Transforming jetified-firebase-appcheck-interop-17.0.0-api.jar with BuildToolsApiClasspathEntrySnapshotTransform
Transforming jetified-play-services-auth-base-18.0.10-api.jar with BuildToolsApiClasspathEntrySnapshotTransform
Transforming jetified-play-services-fido-20.0.1-api.jar with BuildToolsApiClasspathEntrySnapshotTransform
Transforming jetified-play-services-base-18.5.0-api.jar with BuildToolsApiClasspathEntrySnapshotTransform
Transforming jetified-vision-interfaces-16.3.0-api.jar with BuildToolsApiClasspathEntrySnapshotTransform
Transforming jetified-firebase-common-ktx-20.4.2-api.jar with BuildToolsApiClasspathEntrySnapshotTransform
Transforming jetified-firebase-auth-interop-20.0.0-api.jar with BuildToolsApiClasspathEntrySnapshotTransform
Transforming jetified-firebase-common-20.4.2-api.jar with BuildToolsApiClasspathEntrySnapshotTransform
Transforming jetified-recaptcha-18.4.0-api.jar with BuildToolsApiClasspathEntrySnapshotTransform
Transforming jetified-integrity-1.2.0-api.jar with BuildToolsApiClasspathEntrySnapshotTransform
Transforming room-common-2.6.1.jar with BuildToolsApiClasspathEntrySnapshotTransform
Transforming room-runtime-2.6.1-api.jar with BuildToolsApiClasspathEntrySnapshotTransform
Transforming jetified-room-ktx-2.6.1-api.jar with BuildToolsApiClasspathEntrySnapshotTransform
Transforming jetified-fragment-ktx-1.6.2-api.jar with BuildToolsApiClasspathEntrySnapshotTransform
Transforming jetified-activity-ktx-1.8.2-api.jar with BuildToolsApiClasspathEntrySnapshotTransform
Transforming jetified-activity-compose-1.8.2-api.jar with BuildToolsApiClasspathEntrySnapshotTransform
Transforming jetified-activity-1.8.2-api.jar with BuildToolsApiClasspathEntrySnapshotTransform
Transforming jetified-camera-video-1.3.1-api.jar with BuildToolsApiClasspathEntrySnapshotTransform
Transforming jetified-camera-view-1.3.1-api.jar with BuildToolsApiClasspathEntrySnapshotTransform
Transforming jetified-camera-lifecycle-1.3.1-api.jar with BuildToolsApiClasspathEntrySnapshotTransform
Transforming jetified-camera-camera2-1.3.1-api.jar with BuildToolsApiClasspathEntrySnapshotTransform
Transforming jetified-camera-core-1.3.1-api.jar with BuildToolsApiClasspathEntrySnapshotTransform
Transforming jetified-appcompat-resources-1.6.1-api.jar with BuildToolsApiClasspathEntrySnapshotTransform
Transforming drawerlayout-1.1.1-api.jar with BuildToolsApiClasspathEntrySnapshotTransform
Transforming coordinatorlayout-1.1.0-api.jar with BuildToolsApiClasspathEntrySnapshotTransform
Transforming dynamicanimation-1.0.0-api.jar with BuildToolsApiClasspathEntrySnapshotTransform
Transforming recyclerview-1.1.0-api.jar with BuildToolsApiClasspathEntrySnapshotTransform
Transforming transition-1.4.1-api.jar with BuildToolsApiClasspathEntrySnapshotTransform
Transforming vectordrawable-animated-1.1.0-api.jar with BuildToolsApiClasspathEntrySnapshotTransform
Transforming vectordrawable-1.1.0-api.jar with BuildToolsApiClasspathEntrySnapshotTransform
Transforming browser-1.4.0-api.jar with BuildToolsApiClasspathEntrySnapshotTransform
Transforming legacy-support-core-utils-1.0.0-api.jar with BuildToolsApiClasspathEntrySnapshotTransform
Transforming loader-1.1.0-api.jar with BuildToolsApiClasspathEntrySnapshotTransform
Transforming viewpager-1.0.0-api.jar with BuildToolsApiClasspathEntrySnapshotTransform
Transforming slidingpanelayout-1.2.0-api.jar with BuildToolsApiClasspathEntrySnapshotTransform
Transforming customview-1.1.0-api.jar with BuildToolsApiClasspathEntrySnapshotTransform
Transforming core-1.12.0-api.jar with BuildToolsApiClasspathEntrySnapshotTransform
Transforming lifecycle-common-java8-2.7.0.jar with BuildToolsApiClasspathEntrySnapshotTransform
Transforming lifecycle-livedata-core-2.7.0-api.jar with BuildToolsApiClasspathEntrySnapshotTransform
Transforming jetified-lifecycle-livedata-core-ktx-2.7.0-api.jar with BuildToolsApiClasspathEntrySnapshotTransform
Transforming lifecycle-livedata-2.7.0-api.jar with BuildToolsApiClasspathEntrySnapshotTransform
Transforming lifecycle-common-2.7.0.jar with BuildToolsApiClasspathEntrySnapshotTransform
Transforming jetified-lifecycle-runtime-ktx-2.7.0-api.jar with BuildToolsApiClasspathEntrySnapshotTransform
Transforming jetified-lifecycle-viewmodel-compose-2.7.0-api.jar with BuildToolsApiClasspathEntrySnapshotTransform
Transforming jetified-lifecycle-viewmodel-savedstate-2.7.0-api.jar with BuildToolsApiClasspathEntrySnapshotTransform
Transforming lifecycle-viewmodel-2.7.0-api.jar with BuildToolsApiClasspathEntrySnapshotTransform
Transforming jetified-coil-compose-2.5.0-api.jar with BuildToolsApiClasspathEntrySnapshotTransform
Transforming jetified-coil-compose-base-2.5.0-api.jar with BuildToolsApiClasspathEntrySnapshotTransform
Transforming jetified-coil-2.5.0-api.jar with BuildToolsApiClasspathEntrySnapshotTransform
Transforming jetified-coil-base-2.5.0-api.jar with BuildToolsApiClasspathEntrySnapshotTransform
Transforming lifecycle-runtime-2.7.0-api.jar with BuildToolsApiClasspathEntrySnapshotTransform
Transforming jetified-lifecycle-livedata-ktx-2.7.0-api.jar with BuildToolsApiClasspathEntrySnapshotTransform
Transforming jetified-lifecycle-runtime-compose-2.7.0-api.jar with BuildToolsApiClasspathEntrySnapshotTransform
Transforming jetified-lifecycle-viewmodel-ktx-2.7.0-api.jar with BuildToolsApiClasspathEntrySnapshotTransform
Transforming jetified-material3-release-api.jar with BuildToolsApiClasspathEntrySnapshotTransform
Transforming jetified-foundation-layout-release-api.jar with BuildToolsApiClasspathEntrySnapshotTransform
Transforming jetified-material-icons-core-release-api.jar with BuildToolsApiClasspathEntrySnapshotTransform
Transforming jetified-material-icons-extended-release-api.jar with BuildToolsApiClasspathEntrySnapshotTransform
Transforming jetified-material-ripple-release-api.jar with BuildToolsApiClasspathEntrySnapshotTransform
Transforming jetified-foundation-release-api.jar with BuildToolsApiClasspathEntrySnapshotTransform
Transforming jetified-animation-core-release-api.jar with BuildToolsApiClasspathEntrySnapshotTransform
Transforming jetified-animation-release-api.jar with BuildToolsApiClasspathEntrySnapshotTransform
Transforming jetified-ui-util-release-api.jar with BuildToolsApiClasspathEntrySnapshotTransform
Transforming jetified-ui-unit-release-api.jar with BuildToolsApiClasspathEntrySnapshotTransform
Transforming jetified-ui-text-release-api.jar with BuildToolsApiClasspathEntrySnapshotTransform
Transforming jetified-ui-geometry-release-api.jar with BuildToolsApiClasspathEntrySnapshotTransform
Transforming jetified-ui-tooling-data-release-api.jar with BuildToolsApiClasspathEntrySnapshotTransform
Transforming jetified-ui-tooling-preview-release-api.jar with BuildToolsApiClasspathEntrySnapshotTransform
Transforming jetified-ui-graphics-release-api.jar with BuildToolsApiClasspathEntrySnapshotTransform
Transforming jetified-ui-release-api.jar with BuildToolsApiClasspathEntrySnapshotTransform
Transforming jetified-ui-tooling-release-api.jar with BuildToolsApiClasspathEntrySnapshotTransform
Transforming jetified-runtime-saveable-release-api.jar with BuildToolsApiClasspathEntrySnapshotTransform
Transforming jetified-runtime-release-api.jar with BuildToolsApiClasspathEntrySnapshotTransform
Transforming jetified-kotlinx-coroutines-android-1.7.3.jar with BuildToolsApiClasspathEntrySnapshotTransform
Transforming jetified-kotlinx-coroutines-test-jvm-1.7.3.jar with BuildToolsApiClasspathEntrySnapshotTransform
Transforming jetified-kotlinx-coroutines-core-jvm-1.7.3.jar with BuildToolsApiClasspathEntrySnapshotTransform
Transforming jetified-kotlinx-coroutines-play-services-1.7.3.jar with BuildToolsApiClasspathEntrySnapshotTransform
Transforming jetified-play-services-tasks-18.2.0-api.jar with BuildToolsApiClasspathEntrySnapshotTransform
Transforming jetified-play-services-basement-18.4.0-api.jar with BuildToolsApiClasspathEntrySnapshotTransform
Transforming fragment-1.6.2-api.jar with BuildToolsApiClasspathEntrySnapshotTransform
Transforming jetified-core-ktx-1.12.0-api.jar with BuildToolsApiClasspathEntrySnapshotTransform
Transforming jetified-core-splashscreen-1.0.1-api.jar with BuildToolsApiClasspathEntrySnapshotTransform
Transforming jetified-googleid-1.1.0-api.jar with BuildToolsApiClasspathEntrySnapshotTransform
Transforming jetified-savedstate-ktx-1.2.1-api.jar with BuildToolsApiClasspathEntrySnapshotTransform
Transforming jetified-savedstate-1.2.1-api.jar with BuildToolsApiClasspathEntrySnapshotTransform
Transforming jetified-annotation-experimental-1.4.0-api.jar with BuildToolsApiClasspathEntrySnapshotTransform
Transforming jetified-mockk-jvm-1.13.9.jar with BuildToolsApiClasspathEntrySnapshotTransform
Transforming jetified-okhttp-4.12.0.jar with BuildToolsApiClasspathEntrySnapshotTransform
Transforming jetified-mockk-dsl-jvm-1.13.9.jar with BuildToolsApiClasspathEntrySnapshotTransform
Transforming jetified-mockk-agent-jvm-1.13.9.jar with BuildToolsApiClasspathEntrySnapshotTransform
Transforming jetified-mockk-agent-api-jvm-1.13.9.jar with BuildToolsApiClasspathEntrySnapshotTransform
Transforming jetified-mockk-core-jvm-1.13.9.jar with BuildToolsApiClasspathEntrySnapshotTransform
Transforming jetified-okio-jvm-3.6.0.jar with BuildToolsApiClasspathEntrySnapshotTransform
Transforming jetified-kotlin-stdlib-jdk8-1.9.10.jar with BuildToolsApiClasspathEntrySnapshotTransform
Transforming jetified-credentials-1.0.0-alpha04-api.jar with BuildToolsApiClasspathEntrySnapshotTransform
Transforming cursoradapter-1.0.0-api.jar with BuildToolsApiClasspathEntrySnapshotTransform
Transforming cardview-1.0.0-api.jar with BuildToolsApiClasspathEntrySnapshotTransform
Transforming sqlite-framework-2.4.0-api.jar with BuildToolsApiClasspathEntrySnapshotTransform
Transforming sqlite-2.4.0-api.jar with BuildToolsApiClasspathEntrySnapshotTransform
Transforming jetified-transport-backend-cct-2.3.3-api.jar with BuildToolsApiClasspathEntrySnapshotTransform
Transforming jetified-transport-runtime-2.2.6-api.jar with BuildToolsApiClasspathEntrySnapshotTransform
Transforming jetified-transport-api-2.2.1-api.jar with BuildToolsApiClasspathEntrySnapshotTransform
Transforming jetified-firebase-components-17.1.5-api.jar with BuildToolsApiClasspathEntrySnapshotTransform
Transforming jetified-firebase-encoders-json-17.1.0-api.jar with BuildToolsApiClasspathEntrySnapshotTransform
Transforming jetified-firebase-encoders-17.0.0.jar with BuildToolsApiClasspathEntrySnapshotTransform
Transforming localbroadcastmanager-1.0.0-api.jar with BuildToolsApiClasspathEntrySnapshotTransform
Transforming versionedparcelable-1.1.1-api.jar with BuildToolsApiClasspathEntrySnapshotTransform
Transforming core-runtime-2.2.0-api.jar with BuildToolsApiClasspathEntrySnapshotTransform
Transforming core-common-2.2.0.jar with BuildToolsApiClasspathEntrySnapshotTransform
Transforming jetified-concurrent-futures-1.1.0.jar with BuildToolsApiClasspathEntrySnapshotTransform
Transforming jetified-collection-ktx-1.4.0.jar with BuildToolsApiClasspathEntrySnapshotTransform
Transforming jetified-collection-jvm-1.4.0.jar with BuildToolsApiClasspathEntrySnapshotTransform
Transforming interpolator-1.0.0-api.jar with BuildToolsApiClasspathEntrySnapshotTransform
Transforming documentfile-1.0.0-api.jar with BuildToolsApiClasspathEntrySnapshotTransform
Transforming print-1.0.0-api.jar with BuildToolsApiClasspathEntrySnapshotTransform
Transforming jetified-annotation-jvm-1.7.0.jar with BuildToolsApiClasspathEntrySnapshotTransform
Transforming jetified-kotlin-stdlib-jdk7-1.9.10.jar with BuildToolsApiClasspathEntrySnapshotTransform
Transforming jetified-kotlin-stdlib-2.0.21.jar with BuildToolsApiClasspathEntrySnapshotTransform
Transforming constraintlayout-2.1.4-api.jar with BuildToolsApiClasspathEntrySnapshotTransform
Transforming jetified-MPAndroidChart-3.1.0-api.jar with BuildToolsApiClasspathEntrySnapshotTransform
Transforming jetified-layout-7.2.5.jar with BuildToolsApiClasspathEntrySnapshotTransform
Transforming jetified-kernel-7.2.5.jar with BuildToolsApiClasspathEntrySnapshotTransform
Transforming jetified-io-7.2.5.jar with BuildToolsApiClasspathEntrySnapshotTransform
Transforming jetified-core-3.5.3.jar with BuildToolsApiClasspathEntrySnapshotTransform
Transforming jetified-poi-ooxml-5.2.5.jar with BuildToolsApiClasspathEntrySnapshotTransform
Transforming jetified-poi-5.2.5.jar with BuildToolsApiClasspathEntrySnapshotTransform
Transforming jetified-jakarta.mail-2.0.1.jar with BuildToolsApiClasspathEntrySnapshotTransform
Transforming jetified-junit-4.13.2.jar with BuildToolsApiClasspathEntrySnapshotTransform
Transforming jetified-hamcrest-core-1.3.jar with BuildToolsApiClasspathEntrySnapshotTransform
Transforming jetified-annotations-23.0.0.jar with BuildToolsApiClasspathEntrySnapshotTransform
Transforming jetified-listenablefuture-1.0.jar with BuildToolsApiClasspathEntrySnapshotTransform
Transforming jetified-objenesis-3.3.jar with BuildToolsApiClasspathEntrySnapshotTransform
Transforming jetified-byte-buddy-1.14.6.jar with BuildToolsApiClasspathEntrySnapshotTransform
Transforming jetified-byte-buddy-agent-1.14.6.jar with BuildToolsApiClasspathEntrySnapshotTransform
Transforming jetified-resourceinspection-annotation-1.0.1.jar with BuildToolsApiClasspathEntrySnapshotTransform
Transforming jetified-error_prone_annotations-2.15.0.jar with BuildToolsApiClasspathEntrySnapshotTransform
Transforming jetified-hilt-core-2.48.jar with BuildToolsApiClasspathEntrySnapshotTransform
Transforming jetified-dagger-2.48.jar with BuildToolsApiClasspathEntrySnapshotTransform
Transforming jetified-firebase-annotations-16.2.0.jar with BuildToolsApiClasspathEntrySnapshotTransform
Transforming jetified-javax.inject-1.jar with BuildToolsApiClasspathEntrySnapshotTransform
Transforming jetified-dagger-lint-aar-2.48-api.jar with BuildToolsApiClasspathEntrySnapshotTransform
Transforming jetified-jsr305-3.0.2.jar with BuildToolsApiClasspathEntrySnapshotTransform
Transforming exifinterface-1.3.6-api.jar with BuildToolsApiClasspathEntrySnapshotTransform
Transforming jetified-commons-7.2.5.jar with BuildToolsApiClasspathEntrySnapshotTransform
Transforming jetified-slf4j-api-1.7.36.jar with BuildToolsApiClasspathEntrySnapshotTransform
Transforming jetified-bcpkix-jdk15on-1.70.jar with BuildToolsApiClasspathEntrySnapshotTransform
Transforming jetified-bcutil-jdk15on-1.70.jar with BuildToolsApiClasspathEntrySnapshotTransform
Transforming jetified-bcprov-jdk15on-1.70.jar with BuildToolsApiClasspathEntrySnapshotTransform
Transforming jetified-image-1.0.0-beta1-api.jar with BuildToolsApiClasspathEntrySnapshotTransform
Transforming jetified-commons-codec-1.16.0.jar with BuildToolsApiClasspathEntrySnapshotTransform
Transforming jetified-commons-collections4-4.4.jar with BuildToolsApiClasspathEntrySnapshotTransform
Transforming jetified-commons-math3-3.6.1.jar with BuildToolsApiClasspathEntrySnapshotTransform
Transforming jetified-commons-io-2.15.0.jar with BuildToolsApiClasspathEntrySnapshotTransform
Transforming jetified-SparseBitSet-1.3.jar with BuildToolsApiClasspathEntrySnapshotTransform
Transforming jetified-poi-ooxml-lite-5.2.5.jar with BuildToolsApiClasspathEntrySnapshotTransform
Transforming jetified-xmlbeans-5.2.0.jar with BuildToolsApiClasspathEntrySnapshotTransform
Transforming jetified-log4j-api-2.21.1.jar with BuildToolsApiClasspathEntrySnapshotTransform
Transforming jetified-commons-compress-1.25.0.jar with BuildToolsApiClasspathEntrySnapshotTransform
Transforming jetified-curvesapi-1.08.jar with BuildToolsApiClasspathEntrySnapshotTransform
Transforming jetified-jakarta.activation-2.0.1.jar with BuildToolsApiClasspathEntrySnapshotTransform
Transforming android.jar with BuildToolsApiClasspathEntrySnapshotTransform
Transforming core-lambda-stubs.jar with BuildToolsApiClasspathEntrySnapshotTransform
Transforming debugUnitTest with BuildToolsApiClasspathEntrySnapshotTransform
Caching disabled for task ':app:compileDebugUnitTestKotlin' because:
  Build cache is disabled
Skipping task ':app:compileDebugUnitTestKotlin' as it is up-to-date.
Resolve mutations for :app:javaPreCompileDebugUnitTest (Thread[Execution worker,5,main]) started.
:app:javaPreCompileDebugUnitTest (Thread[Execution worker,5,main]) started.

> Task :app:javaPreCompileDebugUnitTest UP-TO-DATE
Registered task dependencies: app:_agp_internal_javaPreCompileDebugUnitTest_kaptClasspath
Starting dependency analysis
Caching disabled for task ':app:javaPreCompileDebugUnitTest' because:
  Build cache is disabled
Skipping task ':app:javaPreCompileDebugUnitTest' as it is up-to-date.
Resolve mutations for :app:compileDebugUnitTestJavaWithJavac (Thread[Execution worker,5,main]) started.
:app:compileDebugUnitTestJavaWithJavac (Thread[Execution worker,5,main]) started.

> Task :app:compileDebugUnitTestJavaWithJavac NO-SOURCE
Skipping task ':app:compileDebugUnitTestJavaWithJavac' as it has no source files and no previous output files.
Resolve mutations for :app:hiltAggregateDepsDebugUnitTest (Thread[Execution worker,5,main]) started.
:app:hiltAggregateDepsDebugUnitTest (Thread[Execution worker Thread 2,5,main]) started.

> Task :app:hiltAggregateDepsDebugUnitTest UP-TO-DATE
Transforming mockk-jvm-1.13.9.jar (io.mockk:mockk-jvm:1.13.9) with JetifyTransform
Transforming mockk-jvm-1.13.9.jar (io.mockk:mockk-jvm:1.13.9) with IdentityTransform
Transforming mockk-jvm-1.13.9.jar (io.mockk:mockk-jvm:1.13.9) with IdentityTransform
Transforming mockk-jvm-1.13.9.jar (io.mockk:mockk-jvm:1.13.9) with CopyTransform
Transforming junit-4.13.2.jar (junit:junit:4.13.2) with JetifyTransform
Transforming junit-4.13.2.jar (junit:junit:4.13.2) with IdentityTransform
Transforming junit-4.13.2.jar (junit:junit:4.13.2) with IdentityTransform
Transforming junit-4.13.2.jar (junit:junit:4.13.2) with CopyTransform
Transforming kotlinx-coroutines-test-jvm-1.7.3.jar (org.jetbrains.kotlinx:kotlinx-coroutines-test-jvm:1.7.3) with JetifyTransform
Transforming kotlinx-coroutines-test-jvm-1.7.3.jar (org.jetbrains.kotlinx:kotlinx-coroutines-test-jvm:1.7.3) with IdentityTransform
Transforming kotlinx-coroutines-test-jvm-1.7.3.jar (org.jetbrains.kotlinx:kotlinx-coroutines-test-jvm:1.7.3) with IdentityTransform
Transforming kotlinx-coroutines-test-jvm-1.7.3.jar (org.jetbrains.kotlinx:kotlinx-coroutines-test-jvm:1.7.3) with CopyTransform
Transforming mockk-dsl-jvm-1.13.9.jar (io.mockk:mockk-dsl-jvm:1.13.9) with JetifyTransform
Transforming mockk-dsl-jvm-1.13.9.jar (io.mockk:mockk-dsl-jvm:1.13.9) with IdentityTransform
Transforming mockk-dsl-jvm-1.13.9.jar (io.mockk:mockk-dsl-jvm:1.13.9) with IdentityTransform
Transforming mockk-dsl-jvm-1.13.9.jar (io.mockk:mockk-dsl-jvm:1.13.9) with CopyTransform
Transforming mockk-agent-jvm-1.13.9.jar (io.mockk:mockk-agent-jvm:1.13.9) with JetifyTransform
Transforming mockk-agent-jvm-1.13.9.jar (io.mockk:mockk-agent-jvm:1.13.9) with IdentityTransform
Transforming mockk-agent-jvm-1.13.9.jar (io.mockk:mockk-agent-jvm:1.13.9) with IdentityTransform
Transforming mockk-agent-jvm-1.13.9.jar (io.mockk:mockk-agent-jvm:1.13.9) with CopyTransform
Transforming mockk-agent-api-jvm-1.13.9.jar (io.mockk:mockk-agent-api-jvm:1.13.9) with JetifyTransform
Transforming mockk-agent-api-jvm-1.13.9.jar (io.mockk:mockk-agent-api-jvm:1.13.9) with IdentityTransform
Transforming mockk-agent-api-jvm-1.13.9.jar (io.mockk:mockk-agent-api-jvm:1.13.9) with IdentityTransform
Transforming mockk-agent-api-jvm-1.13.9.jar (io.mockk:mockk-agent-api-jvm:1.13.9) with CopyTransform
Transforming mockk-core-jvm-1.13.9.jar (io.mockk:mockk-core-jvm:1.13.9) with JetifyTransform
Transforming mockk-core-jvm-1.13.9.jar (io.mockk:mockk-core-jvm:1.13.9) with IdentityTransform
Transforming mockk-core-jvm-1.13.9.jar (io.mockk:mockk-core-jvm:1.13.9) with IdentityTransform
Transforming mockk-core-jvm-1.13.9.jar (io.mockk:mockk-core-jvm:1.13.9) with CopyTransform
Transforming hamcrest-core-1.3.jar (org.hamcrest:hamcrest-core:1.3) with JetifyTransform
Transforming hamcrest-core-1.3.jar (org.hamcrest:hamcrest-core:1.3) with IdentityTransform
Transforming hamcrest-core-1.3.jar (org.hamcrest:hamcrest-core:1.3) with IdentityTransform
Transforming hamcrest-core-1.3.jar (org.hamcrest:hamcrest-core:1.3) with CopyTransform
Transforming objenesis-3.3.jar (org.objenesis:objenesis:3.3) with JetifyTransform
Transforming objenesis-3.3.jar (org.objenesis:objenesis:3.3) with IdentityTransform
Transforming objenesis-3.3.jar (org.objenesis:objenesis:3.3) with IdentityTransform
Transforming objenesis-3.3.jar (org.objenesis:objenesis:3.3) with CopyTransform
Transforming byte-buddy-1.14.6.jar (net.bytebuddy:byte-buddy:1.14.6) with JetifyTransform
Transforming byte-buddy-1.14.6.jar (net.bytebuddy:byte-buddy:1.14.6) with IdentityTransform
Transforming byte-buddy-1.14.6.jar (net.bytebuddy:byte-buddy:1.14.6) with IdentityTransform
Transforming byte-buddy-1.14.6.jar (net.bytebuddy:byte-buddy:1.14.6) with CopyTransform
Transforming byte-buddy-agent-1.14.6.jar (net.bytebuddy:byte-buddy-agent:1.14.6) with JetifyTransform
Transforming byte-buddy-agent-1.14.6.jar (net.bytebuddy:byte-buddy-agent:1.14.6) with IdentityTransform
Transforming byte-buddy-agent-1.14.6.jar (net.bytebuddy:byte-buddy-agent:1.14.6) with IdentityTransform
Transforming byte-buddy-agent-1.14.6.jar (net.bytebuddy:byte-buddy-agent:1.14.6) with CopyTransform
Transforming mockk-jvm-1.13.9.jar (io.mockk:mockk-jvm:1.13.9) with AggregatedPackagesTransform
Transforming junit-4.13.2.jar (junit:junit:4.13.2) with AggregatedPackagesTransform
Transforming kotlinx-coroutines-test-jvm-1.7.3.jar (org.jetbrains.kotlinx:kotlinx-coroutines-test-jvm:1.7.3) with AggregatedPackagesTransform
Transforming mockk-dsl-jvm-1.13.9.jar (io.mockk:mockk-dsl-jvm:1.13.9) with AggregatedPackagesTransform
Transforming kotlin-reflect-1.9.10.jar (org.jetbrains.kotlin:kotlin-reflect:1.9.10) with JetifyTransform
Transforming mockk-agent-jvm-1.13.9.jar (io.mockk:mockk-agent-jvm:1.13.9) with AggregatedPackagesTransform
Transforming mockk-agent-api-jvm-1.13.9.jar (io.mockk:mockk-agent-api-jvm:1.13.9) with AggregatedPackagesTransform
Transforming mockk-core-jvm-1.13.9.jar (io.mockk:mockk-core-jvm:1.13.9) with AggregatedPackagesTransform
Transforming kotlin-reflect-1.9.10.jar (org.jetbrains.kotlin:kotlin-reflect:1.9.10) with IdentityTransform
Transforming junit-jupiter-params-5.8.2.jar (org.junit.jupiter:junit-jupiter-params:5.8.2) with JetifyTransform
Transforming hamcrest-core-1.3.jar (org.hamcrest:hamcrest-core:1.3) with AggregatedPackagesTransform
Transforming junit-jupiter-engine-5.8.2.jar (org.junit.jupiter:junit-jupiter-engine:5.8.2) with JetifyTransform
Transforming kotlin-reflect-1.9.10.jar (org.jetbrains.kotlin:kotlin-reflect:1.9.10) with IdentityTransform
Transforming kotlin-reflect-1.9.10.jar (org.jetbrains.kotlin:kotlin-reflect:1.9.10) with CopyTransform
Transforming kotlin-reflect-1.9.10.jar (org.jetbrains.kotlin:kotlin-reflect:1.9.10) with AggregatedPackagesTransform
Transforming junit-jupiter-api-5.8.2.jar (org.junit.jupiter:junit-jupiter-api:5.8.2) with JetifyTransform
Transforming junit-jupiter-params-5.8.2.jar (org.junit.jupiter:junit-jupiter-params:5.8.2) with IdentityTransform
Transforming junit-jupiter-engine-5.8.2.jar (org.junit.jupiter:junit-jupiter-engine:5.8.2) with IdentityTransform
Transforming junit-platform-engine-1.8.2.jar (org.junit.platform:junit-platform-engine:1.8.2) with JetifyTransform
Transforming junit-jupiter-params-5.8.2.jar (org.junit.jupiter:junit-jupiter-params:5.8.2) with IdentityTransform
Transforming junit-jupiter-params-5.8.2.jar (org.junit.jupiter:junit-jupiter-params:5.8.2) with CopyTransform
Transforming junit-jupiter-api-5.8.2.jar (org.junit.jupiter:junit-jupiter-api:5.8.2) with IdentityTransform
Transforming junit-jupiter-engine-5.8.2.jar (org.junit.jupiter:junit-jupiter-engine:5.8.2) with IdentityTransform
Transforming junit-jupiter-engine-5.8.2.jar (org.junit.jupiter:junit-jupiter-engine:5.8.2) with CopyTransform
Transforming junit-jupiter-params-5.8.2.jar (org.junit.jupiter:junit-jupiter-params:5.8.2) with AggregatedPackagesTransform
Transforming junit-jupiter-api-5.8.2.jar (org.junit.jupiter:junit-jupiter-api:5.8.2) with IdentityTransform
Transforming junit-jupiter-api-5.8.2.jar (org.junit.jupiter:junit-jupiter-api:5.8.2) with CopyTransform
Transforming junit-jupiter-engine-5.8.2.jar (org.junit.jupiter:junit-jupiter-engine:5.8.2) with AggregatedPackagesTransform
Transforming junit-platform-engine-1.8.2.jar (org.junit.platform:junit-platform-engine:1.8.2) with IdentityTransform
Transforming junit-jupiter-api-5.8.2.jar (org.junit.jupiter:junit-jupiter-api:5.8.2) with AggregatedPackagesTransform
Transforming junit-platform-commons-1.8.2.jar (org.junit.platform:junit-platform-commons:1.8.2) with JetifyTransform
Transforming junit-jupiter-5.8.2.jar (org.junit.jupiter:junit-jupiter:5.8.2) with JetifyTransform
Transforming junit-platform-engine-1.8.2.jar (org.junit.platform:junit-platform-engine:1.8.2) with IdentityTransform
Transforming junit-platform-engine-1.8.2.jar (org.junit.platform:junit-platform-engine:1.8.2) with CopyTransform
Transforming junit-platform-engine-1.8.2.jar (org.junit.platform:junit-platform-engine:1.8.2) with AggregatedPackagesTransform
Transforming junit-platform-commons-1.8.2.jar (org.junit.platform:junit-platform-commons:1.8.2) with IdentityTransform
Transforming junit-jupiter-5.8.2.jar (org.junit.jupiter:junit-jupiter:5.8.2) with IdentityTransform
Transforming junit-platform-commons-1.8.2.jar (org.junit.platform:junit-platform-commons:1.8.2) with IdentityTransform
Transforming junit-platform-commons-1.8.2.jar (org.junit.platform:junit-platform-commons:1.8.2) with CopyTransform
Transforming objenesis-3.3.jar (org.objenesis:objenesis:3.3) with AggregatedPackagesTransform
Transforming junit-jupiter-5.8.2.jar (org.junit.jupiter:junit-jupiter:5.8.2) with IdentityTransform
Transforming junit-jupiter-5.8.2.jar (org.junit.jupiter:junit-jupiter:5.8.2) with CopyTransform
Transforming byte-buddy-1.14.6.jar (net.bytebuddy:byte-buddy:1.14.6) with AggregatedPackagesTransform
Transforming junit-platform-commons-1.8.2.jar (org.junit.platform:junit-platform-commons:1.8.2) with AggregatedPackagesTransform
Transforming junit-jupiter-5.8.2.jar (org.junit.jupiter:junit-jupiter:5.8.2) with AggregatedPackagesTransform
Transforming byte-buddy-agent-1.14.6.jar (net.bytebuddy:byte-buddy-agent:1.14.6) with AggregatedPackagesTransform
Transforming opentest4j-1.2.0.jar (org.opentest4j:opentest4j:1.2.0) with JetifyTransform
Transforming opentest4j-1.2.0.jar (org.opentest4j:opentest4j:1.2.0) with IdentityTransform
Transforming opentest4j-1.2.0.jar (org.opentest4j:opentest4j:1.2.0) with IdentityTransform
Transforming opentest4j-1.2.0.jar (org.opentest4j:opentest4j:1.2.0) with CopyTransform
Transforming opentest4j-1.2.0.jar (org.opentest4j:opentest4j:1.2.0) with AggregatedPackagesTransform
Registered task dependencies: app:hiltCompileOnlyDebugUnitTest
Starting dependency analysis
Transforming android.jar with JetifyTransform
Transforming android.jar with IdentityTransform
Transforming android.jar with IdentityTransform
Transforming android.jar with CopyTransform
Transforming android.jar with AggregatedPackagesTransform
Transforming core-lambda-stubs.jar with JetifyTransform
Transforming core-lambda-stubs.jar with IdentityTransform
Transforming core-lambda-stubs.jar with IdentityTransform
Transforming core-lambda-stubs.jar with CopyTransform
Transforming core-lambda-stubs.jar with AggregatedPackagesTransform
Transforming R.jar with JetifyTransform
Transforming R.jar with IdentityTransform
Transforming R.jar with IdentityTransform
Transforming R.jar with CopyTransform
Transforming R.jar with AggregatedPackagesTransform
Transforming classes.jar with JetifyTransform
Transforming jetified-viewbinding-8.6.0-api.jar with JetifyTransform
Transforming jetified-viewbinding-8.6.0-api.jar with IdentityTransform
Transforming jetified-viewbinding-8.6.0-api.jar with IdentityTransform
Transforming jetified-viewbinding-8.6.0-api.jar with CopyTransform
Transforming jetified-viewbinding-8.6.0-api.jar with AggregatedPackagesTransform
Transforming jetified-hilt-navigation-compose-1.1.0-api.jar with JetifyTransform
Transforming jetified-hilt-navigation-compose-1.1.0-api.jar with IdentityTransform
Transforming jetified-hilt-navigation-compose-1.1.0-api.jar with IdentityTransform
Transforming jetified-hilt-navigation-compose-1.1.0-api.jar with CopyTransform
Transforming jetified-hilt-navigation-compose-1.1.0-api.jar with AggregatedPackagesTransform
Transforming jetified-hilt-navigation-1.1.0-api.jar with JetifyTransform
Transforming jetified-hilt-navigation-1.1.0-api.jar with IdentityTransform
Transforming jetified-hilt-navigation-1.1.0-api.jar with IdentityTransform
Transforming jetified-hilt-navigation-1.1.0-api.jar with CopyTransform
Transforming jetified-hilt-navigation-1.1.0-api.jar with AggregatedPackagesTransform
Transforming navigation-common-2.7.6-api.jar with JetifyTransform
Transforming navigation-common-2.7.6-api.jar with IdentityTransform
Transforming navigation-common-2.7.6-api.jar with IdentityTransform
Transforming navigation-common-2.7.6-api.jar with CopyTransform
Transforming navigation-common-2.7.6-api.jar with AggregatedPackagesTransform
Transforming navigation-runtime-2.7.6-api.jar with JetifyTransform
Transforming navigation-runtime-2.7.6-api.jar with IdentityTransform
Transforming navigation-runtime-2.7.6-api.jar with IdentityTransform
Transforming navigation-runtime-2.7.6-api.jar with CopyTransform
Transforming navigation-runtime-2.7.6-api.jar with AggregatedPackagesTransform
Transforming navigation-common-ktx-2.7.6-api.jar with JetifyTransform
Transforming navigation-common-ktx-2.7.6-api.jar with IdentityTransform
Transforming navigation-common-ktx-2.7.6-api.jar with IdentityTransform
Transforming navigation-common-ktx-2.7.6-api.jar with CopyTransform
Transforming navigation-common-ktx-2.7.6-api.jar with AggregatedPackagesTransform
Transforming navigation-fragment-2.7.6-api.jar with JetifyTransform
Transforming classes.jar with IdentityTransform
Transforming navigation-fragment-2.7.6-api.jar with IdentityTransform
Transforming navigation-fragment-2.7.6-api.jar with IdentityTransform
Transforming navigation-fragment-2.7.6-api.jar with CopyTransform
Transforming navigation-fragment-2.7.6-api.jar with AggregatedPackagesTransform
Transforming navigation-runtime-ktx-2.7.6-api.jar with JetifyTransform
Transforming navigation-runtime-ktx-2.7.6-api.jar with IdentityTransform
Transforming navigation-runtime-ktx-2.7.6-api.jar with IdentityTransform
Transforming navigation-runtime-ktx-2.7.6-api.jar with CopyTransform
Transforming navigation-runtime-ktx-2.7.6-api.jar with AggregatedPackagesTransform
Transforming navigation-fragment-ktx-2.7.6-api.jar with JetifyTransform
Transforming navigation-fragment-ktx-2.7.6-api.jar with IdentityTransform
Transforming navigation-fragment-ktx-2.7.6-api.jar with IdentityTransform
Transforming navigation-fragment-ktx-2.7.6-api.jar with CopyTransform
Transforming navigation-fragment-ktx-2.7.6-api.jar with AggregatedPackagesTransform
Transforming jetified-navigation-compose-2.7.6-api.jar with JetifyTransform
Transforming jetified-navigation-compose-2.7.6-api.jar with IdentityTransform
Transforming jetified-navigation-compose-2.7.6-api.jar with IdentityTransform
Transforming jetified-navigation-compose-2.7.6-api.jar with CopyTransform
Transforming jetified-navigation-compose-2.7.6-api.jar with AggregatedPackagesTransform
Transforming navigation-ui-ktx-2.7.6-api.jar with JetifyTransform
Transforming navigation-ui-ktx-2.7.6-api.jar with IdentityTransform
Transforming navigation-ui-ktx-2.7.6-api.jar with IdentityTransform
Transforming navigation-ui-ktx-2.7.6-api.jar with CopyTransform
Transforming navigation-ui-ktx-2.7.6-api.jar with AggregatedPackagesTransform
Transforming navigation-ui-2.7.6-api.jar with JetifyTransform
Transforming classes.jar with IdentityTransform
Transforming classes.jar with CopyTransform
Transforming classes.jar with AggregatedPackagesTransform
Transforming navigation-ui-2.7.6-api.jar with IdentityTransform
Transforming navigation-ui-2.7.6-api.jar with IdentityTransform
Transforming navigation-ui-2.7.6-api.jar with CopyTransform
Transforming navigation-ui-2.7.6-api.jar with AggregatedPackagesTransform
Transforming material-1.11.0-api.jar with JetifyTransform
Transforming material-1.11.0-api.jar with IdentityTransform
Transforming material-1.11.0-api.jar with IdentityTransform
Transforming material-1.11.0-api.jar with CopyTransform
Transforming material-1.11.0-api.jar with AggregatedPackagesTransform
Transforming jetified-play-services-mlkit-barcode-scanning-18.3.1-api.jar with JetifyTransform
Transforming jetified-play-services-mlkit-barcode-scanning-18.3.1-api.jar with IdentityTransform
Transforming jetified-play-services-mlkit-barcode-scanning-18.3.1-api.jar with IdentityTransform
Transforming jetified-play-services-mlkit-barcode-scanning-18.3.1-api.jar with CopyTransform
Transforming jetified-play-services-mlkit-barcode-scanning-18.3.1-api.jar with AggregatedPackagesTransform
Transforming jetified-barcode-scanning-common-17.0.0-api.jar with JetifyTransform
Transforming jetified-barcode-scanning-common-17.0.0-api.jar with IdentityTransform
Transforming jetified-barcode-scanning-common-17.0.0-api.jar with IdentityTransform
Transforming jetified-barcode-scanning-common-17.0.0-api.jar with CopyTransform
Transforming jetified-barcode-scanning-common-17.0.0-api.jar with AggregatedPackagesTransform
Transforming jetified-vision-common-17.3.0-api.jar with JetifyTransform
Transforming jetified-vision-common-17.3.0-api.jar with IdentityTransform
Transforming jetified-vision-common-17.3.0-api.jar with IdentityTransform
Transforming jetified-vision-common-17.3.0-api.jar with CopyTransform
Transforming jetified-vision-common-17.3.0-api.jar with AggregatedPackagesTransform
Transforming jetified-common-18.11.0-api.jar with JetifyTransform
Transforming jetified-common-18.11.0-api.jar with IdentityTransform
Transforming jetified-common-18.11.0-api.jar with IdentityTransform
Transforming jetified-common-18.11.0-api.jar with CopyTransform
Transforming jetified-common-18.11.0-api.jar with AggregatedPackagesTransform
Transforming appcompat-1.6.1-api.jar with JetifyTransform
Transforming appcompat-1.6.1-api.jar with IdentityTransform
Transforming appcompat-1.6.1-api.jar with IdentityTransform
Transforming appcompat-1.6.1-api.jar with CopyTransform
Transforming appcompat-1.6.1-api.jar with AggregatedPackagesTransform
Transforming jetified-hilt-android-2.48-api.jar with JetifyTransform
Transforming jetified-hilt-android-2.48-api.jar with IdentityTransform
Transforming jetified-hilt-android-2.48-api.jar with IdentityTransform
Transforming jetified-hilt-android-2.48-api.jar with CopyTransform
Transforming jetified-hilt-android-2.48-api.jar with AggregatedPackagesTransform
Transforming biometric-1.1.0-api.jar with JetifyTransform
Transforming biometric-1.1.0-api.jar with IdentityTransform
Transforming biometric-1.1.0-api.jar with IdentityTransform
Transforming biometric-1.1.0-api.jar with CopyTransform
Transforming biometric-1.1.0-api.jar with AggregatedPackagesTransform
Transforming jetified-firebase-auth-22.3.1-api.jar with JetifyTransform
Transforming jetified-firebase-auth-22.3.1-api.jar with IdentityTransform
Transforming jetified-firebase-auth-22.3.1-api.jar with IdentityTransform
Transforming jetified-firebase-auth-22.3.1-api.jar with CopyTransform
Transforming jetified-firebase-auth-22.3.1-api.jar with AggregatedPackagesTransform
Transforming jetified-play-services-auth-21.0.0-api.jar with JetifyTransform
Transforming jetified-play-services-auth-21.0.0-api.jar with IdentityTransform
Transforming jetified-play-services-auth-21.0.0-api.jar with IdentityTransform
Transforming jetified-play-services-auth-21.0.0-api.jar with CopyTransform
Transforming jetified-play-services-auth-21.0.0-api.jar with AggregatedPackagesTransform
Transforming jetified-viewpager2-1.0.0-api.jar with JetifyTransform
Transforming jetified-viewpager2-1.0.0-api.jar with IdentityTransform
Transforming jetified-viewpager2-1.0.0-api.jar with IdentityTransform
Transforming jetified-viewpager2-1.0.0-api.jar with CopyTransform
Transforming jetified-viewpager2-1.0.0-api.jar with AggregatedPackagesTransform
Transforming jetified-play-services-auth-api-phone-18.0.2-api.jar with JetifyTransform
Transforming jetified-play-services-auth-api-phone-18.0.2-api.jar with IdentityTransform
Transforming jetified-play-services-auth-api-phone-18.0.2-api.jar with IdentityTransform
Transforming jetified-play-services-auth-api-phone-18.0.2-api.jar with CopyTransform
Transforming jetified-play-services-auth-api-phone-18.0.2-api.jar with AggregatedPackagesTransform
Transforming jetified-firebase-appcheck-interop-17.0.0-api.jar with JetifyTransform
Transforming jetified-firebase-appcheck-interop-17.0.0-api.jar with IdentityTransform
Transforming jetified-firebase-appcheck-interop-17.0.0-api.jar with IdentityTransform
Transforming jetified-firebase-appcheck-interop-17.0.0-api.jar with CopyTransform
Transforming jetified-firebase-appcheck-interop-17.0.0-api.jar with AggregatedPackagesTransform
Transforming jetified-play-services-auth-base-18.0.10-api.jar with JetifyTransform
Transforming jetified-play-services-auth-base-18.0.10-api.jar with IdentityTransform
Transforming jetified-play-services-auth-base-18.0.10-api.jar with IdentityTransform
Transforming jetified-play-services-auth-base-18.0.10-api.jar with CopyTransform
Transforming jetified-play-services-auth-base-18.0.10-api.jar with AggregatedPackagesTransform
Transforming jetified-play-services-fido-20.0.1-api.jar with JetifyTransform
Transforming jetified-play-services-fido-20.0.1-api.jar with IdentityTransform
Transforming jetified-play-services-fido-20.0.1-api.jar with IdentityTransform
Transforming jetified-play-services-fido-20.0.1-api.jar with CopyTransform
Transforming jetified-play-services-fido-20.0.1-api.jar with AggregatedPackagesTransform
Transforming jetified-play-services-base-18.5.0-api.jar with JetifyTransform
Transforming jetified-play-services-base-18.5.0-api.jar with IdentityTransform
Transforming jetified-play-services-base-18.5.0-api.jar with IdentityTransform
Transforming jetified-play-services-base-18.5.0-api.jar with CopyTransform
Transforming jetified-play-services-base-18.5.0-api.jar with AggregatedPackagesTransform
Transforming jetified-vision-interfaces-16.3.0-api.jar with JetifyTransform
Transforming jetified-vision-interfaces-16.3.0-api.jar with IdentityTransform
Transforming jetified-vision-interfaces-16.3.0-api.jar with IdentityTransform
Transforming jetified-vision-interfaces-16.3.0-api.jar with CopyTransform
Transforming jetified-vision-interfaces-16.3.0-api.jar with AggregatedPackagesTransform
Transforming jetified-firebase-common-ktx-20.4.2-api.jar with JetifyTransform
Transforming jetified-firebase-common-ktx-20.4.2-api.jar with IdentityTransform
Transforming jetified-firebase-common-ktx-20.4.2-api.jar with IdentityTransform
Transforming jetified-firebase-common-ktx-20.4.2-api.jar with CopyTransform
Transforming jetified-firebase-common-ktx-20.4.2-api.jar with AggregatedPackagesTransform
Transforming jetified-firebase-auth-interop-20.0.0-api.jar with JetifyTransform
Transforming jetified-firebase-auth-interop-20.0.0-api.jar with IdentityTransform
Transforming jetified-firebase-auth-interop-20.0.0-api.jar with IdentityTransform
Transforming jetified-firebase-auth-interop-20.0.0-api.jar with CopyTransform
Transforming jetified-firebase-auth-interop-20.0.0-api.jar with AggregatedPackagesTransform
Transforming jetified-firebase-common-20.4.2-api.jar with JetifyTransform
Transforming jetified-firebase-common-20.4.2-api.jar with IdentityTransform
Transforming jetified-firebase-common-20.4.2-api.jar with IdentityTransform
Transforming jetified-firebase-common-20.4.2-api.jar with CopyTransform
Transforming jetified-firebase-common-20.4.2-api.jar with AggregatedPackagesTransform
Transforming jetified-recaptcha-18.4.0-api.jar with JetifyTransform
Transforming jetified-recaptcha-18.4.0-api.jar with IdentityTransform
Transforming jetified-recaptcha-18.4.0-api.jar with IdentityTransform
Transforming jetified-recaptcha-18.4.0-api.jar with CopyTransform
Transforming jetified-recaptcha-18.4.0-api.jar with AggregatedPackagesTransform
Transforming jetified-integrity-1.2.0-api.jar with JetifyTransform
Transforming jetified-integrity-1.2.0-api.jar with IdentityTransform
Transforming jetified-integrity-1.2.0-api.jar with IdentityTransform
Transforming jetified-integrity-1.2.0-api.jar with CopyTransform
Transforming jetified-integrity-1.2.0-api.jar with AggregatedPackagesTransform
Transforming room-common-2.6.1.jar with JetifyTransform
Transforming room-common-2.6.1.jar with IdentityTransform
Transforming room-common-2.6.1.jar with IdentityTransform
Transforming room-common-2.6.1.jar with CopyTransform
Transforming room-common-2.6.1.jar with AggregatedPackagesTransform
Transforming room-runtime-2.6.1-api.jar with JetifyTransform
Transforming room-runtime-2.6.1-api.jar with IdentityTransform
Transforming room-runtime-2.6.1-api.jar with IdentityTransform
Transforming room-runtime-2.6.1-api.jar with CopyTransform
Transforming room-runtime-2.6.1-api.jar with AggregatedPackagesTransform
Transforming jetified-room-ktx-2.6.1-api.jar with JetifyTransform
Transforming jetified-room-ktx-2.6.1-api.jar with IdentityTransform
Transforming jetified-room-ktx-2.6.1-api.jar with IdentityTransform
Transforming jetified-room-ktx-2.6.1-api.jar with CopyTransform
Transforming jetified-room-ktx-2.6.1-api.jar with AggregatedPackagesTransform
Transforming jetified-fragment-ktx-1.6.2-api.jar with JetifyTransform
Transforming jetified-fragment-ktx-1.6.2-api.jar with IdentityTransform
Transforming jetified-fragment-ktx-1.6.2-api.jar with IdentityTransform
Transforming jetified-fragment-ktx-1.6.2-api.jar with CopyTransform
Transforming jetified-fragment-ktx-1.6.2-api.jar with AggregatedPackagesTransform
Transforming jetified-activity-ktx-1.8.2-api.jar with JetifyTransform
Transforming jetified-activity-ktx-1.8.2-api.jar with IdentityTransform
Transforming jetified-activity-ktx-1.8.2-api.jar with IdentityTransform
Transforming jetified-activity-ktx-1.8.2-api.jar with CopyTransform
Transforming jetified-activity-ktx-1.8.2-api.jar with AggregatedPackagesTransform
Transforming jetified-activity-compose-1.8.2-api.jar with JetifyTransform
Transforming jetified-activity-compose-1.8.2-api.jar with IdentityTransform
Transforming jetified-activity-compose-1.8.2-api.jar with IdentityTransform
Transforming jetified-activity-compose-1.8.2-api.jar with CopyTransform
Transforming jetified-activity-compose-1.8.2-api.jar with AggregatedPackagesTransform
Transforming jetified-activity-1.8.2-api.jar with JetifyTransform
Transforming jetified-activity-1.8.2-api.jar with IdentityTransform
Transforming jetified-activity-1.8.2-api.jar with IdentityTransform
Transforming jetified-activity-1.8.2-api.jar with CopyTransform
Transforming jetified-activity-1.8.2-api.jar with AggregatedPackagesTransform
Transforming jetified-camera-video-1.3.1-api.jar with JetifyTransform
Transforming jetified-camera-video-1.3.1-api.jar with IdentityTransform
Transforming jetified-camera-video-1.3.1-api.jar with IdentityTransform
Transforming jetified-camera-video-1.3.1-api.jar with CopyTransform
Transforming jetified-camera-video-1.3.1-api.jar with AggregatedPackagesTransform
Transforming jetified-camera-view-1.3.1-api.jar with JetifyTransform
Transforming jetified-camera-view-1.3.1-api.jar with IdentityTransform
Transforming jetified-camera-view-1.3.1-api.jar with IdentityTransform
Transforming jetified-camera-view-1.3.1-api.jar with CopyTransform
Transforming jetified-camera-view-1.3.1-api.jar with AggregatedPackagesTransform
Transforming jetified-camera-lifecycle-1.3.1-api.jar with JetifyTransform
Transforming jetified-camera-lifecycle-1.3.1-api.jar with IdentityTransform
Transforming jetified-camera-lifecycle-1.3.1-api.jar with IdentityTransform
Transforming jetified-camera-lifecycle-1.3.1-api.jar with CopyTransform
Transforming jetified-camera-lifecycle-1.3.1-api.jar with AggregatedPackagesTransform
Transforming jetified-camera-camera2-1.3.1-api.jar with JetifyTransform
Transforming jetified-camera-camera2-1.3.1-api.jar with IdentityTransform
Transforming jetified-camera-camera2-1.3.1-api.jar with IdentityTransform
Transforming jetified-camera-camera2-1.3.1-api.jar with CopyTransform
Transforming jetified-camera-camera2-1.3.1-api.jar with AggregatedPackagesTransform
Transforming jetified-camera-core-1.3.1-api.jar with JetifyTransform
Transforming jetified-camera-core-1.3.1-api.jar with IdentityTransform
Transforming jetified-camera-core-1.3.1-api.jar with IdentityTransform
Transforming jetified-camera-core-1.3.1-api.jar with CopyTransform
Transforming jetified-camera-core-1.3.1-api.jar with AggregatedPackagesTransform
Transforming jetified-appcompat-resources-1.6.1-api.jar with JetifyTransform
Transforming jetified-appcompat-resources-1.6.1-api.jar with IdentityTransform
Transforming jetified-appcompat-resources-1.6.1-api.jar with IdentityTransform
Transforming jetified-appcompat-resources-1.6.1-api.jar with CopyTransform
Transforming jetified-appcompat-resources-1.6.1-api.jar with AggregatedPackagesTransform
Transforming drawerlayout-1.1.1-api.jar with JetifyTransform
Transforming drawerlayout-1.1.1-api.jar with IdentityTransform
Transforming drawerlayout-1.1.1-api.jar with IdentityTransform
Transforming drawerlayout-1.1.1-api.jar with CopyTransform
Transforming drawerlayout-1.1.1-api.jar with AggregatedPackagesTransform
Transforming coordinatorlayout-1.1.0-api.jar with JetifyTransform
Transforming coordinatorlayout-1.1.0-api.jar with IdentityTransform
Transforming coordinatorlayout-1.1.0-api.jar with IdentityTransform
Transforming coordinatorlayout-1.1.0-api.jar with CopyTransform
Transforming coordinatorlayout-1.1.0-api.jar with AggregatedPackagesTransform
Transforming dynamicanimation-1.0.0-api.jar with JetifyTransform
Transforming dynamicanimation-1.0.0-api.jar with IdentityTransform
Transforming dynamicanimation-1.0.0-api.jar with IdentityTransform
Transforming dynamicanimation-1.0.0-api.jar with CopyTransform
Transforming dynamicanimation-1.0.0-api.jar with AggregatedPackagesTransform
Transforming recyclerview-1.1.0-api.jar with JetifyTransform
Transforming recyclerview-1.1.0-api.jar with IdentityTransform
Transforming recyclerview-1.1.0-api.jar with IdentityTransform
Transforming recyclerview-1.1.0-api.jar with CopyTransform
Transforming recyclerview-1.1.0-api.jar with AggregatedPackagesTransform
Transforming transition-1.4.1-api.jar with JetifyTransform
Transforming transition-1.4.1-api.jar with IdentityTransform
Transforming transition-1.4.1-api.jar with IdentityTransform
Transforming transition-1.4.1-api.jar with CopyTransform
Transforming transition-1.4.1-api.jar with AggregatedPackagesTransform
Transforming vectordrawable-animated-1.1.0-api.jar with JetifyTransform
Transforming vectordrawable-animated-1.1.0-api.jar with IdentityTransform
Transforming vectordrawable-animated-1.1.0-api.jar with IdentityTransform
Transforming vectordrawable-animated-1.1.0-api.jar with CopyTransform
Transforming vectordrawable-animated-1.1.0-api.jar with AggregatedPackagesTransform
Transforming vectordrawable-1.1.0-api.jar with JetifyTransform
Transforming vectordrawable-1.1.0-api.jar with IdentityTransform
Transforming vectordrawable-1.1.0-api.jar with IdentityTransform
Transforming vectordrawable-1.1.0-api.jar with CopyTransform
Transforming vectordrawable-1.1.0-api.jar with AggregatedPackagesTransform
Transforming browser-1.4.0-api.jar with JetifyTransform
Transforming browser-1.4.0-api.jar with IdentityTransform
Transforming browser-1.4.0-api.jar with IdentityTransform
Transforming browser-1.4.0-api.jar with CopyTransform
Transforming browser-1.4.0-api.jar with AggregatedPackagesTransform
Transforming legacy-support-core-utils-1.0.0-api.jar with JetifyTransform
Transforming legacy-support-core-utils-1.0.0-api.jar with IdentityTransform
Transforming legacy-support-core-utils-1.0.0-api.jar with IdentityTransform
Transforming legacy-support-core-utils-1.0.0-api.jar with CopyTransform
Transforming legacy-support-core-utils-1.0.0-api.jar with AggregatedPackagesTransform
Transforming loader-1.1.0-api.jar with JetifyTransform
Transforming loader-1.1.0-api.jar with IdentityTransform
Transforming loader-1.1.0-api.jar with IdentityTransform
Transforming loader-1.1.0-api.jar with CopyTransform
Transforming loader-1.1.0-api.jar with AggregatedPackagesTransform
Transforming viewpager-1.0.0-api.jar with JetifyTransform
Transforming viewpager-1.0.0-api.jar with IdentityTransform
Transforming viewpager-1.0.0-api.jar with IdentityTransform
Transforming viewpager-1.0.0-api.jar with CopyTransform
Transforming viewpager-1.0.0-api.jar with AggregatedPackagesTransform
Transforming slidingpanelayout-1.2.0-api.jar with JetifyTransform
Transforming slidingpanelayout-1.2.0-api.jar with IdentityTransform
Transforming slidingpanelayout-1.2.0-api.jar with IdentityTransform
Transforming slidingpanelayout-1.2.0-api.jar with CopyTransform
Transforming slidingpanelayout-1.2.0-api.jar with AggregatedPackagesTransform
Transforming customview-1.1.0-api.jar with JetifyTransform
Transforming customview-1.1.0-api.jar with IdentityTransform
Transforming customview-1.1.0-api.jar with IdentityTransform
Transforming customview-1.1.0-api.jar with CopyTransform
Transforming customview-1.1.0-api.jar with AggregatedPackagesTransform
Transforming core-1.12.0-api.jar with JetifyTransform
Transforming core-1.12.0-api.jar with IdentityTransform
Transforming core-1.12.0-api.jar with IdentityTransform
Transforming core-1.12.0-api.jar with CopyTransform
Transforming core-1.12.0-api.jar with AggregatedPackagesTransform
Transforming lifecycle-common-java8-2.7.0.jar with JetifyTransform
Transforming lifecycle-common-java8-2.7.0.jar with IdentityTransform
Transforming lifecycle-common-java8-2.7.0.jar with IdentityTransform
Transforming lifecycle-common-java8-2.7.0.jar with CopyTransform
Transforming lifecycle-common-java8-2.7.0.jar with AggregatedPackagesTransform
Transforming lifecycle-livedata-core-2.7.0-api.jar with JetifyTransform
Transforming lifecycle-livedata-core-2.7.0-api.jar with IdentityTransform
Transforming lifecycle-livedata-core-2.7.0-api.jar with IdentityTransform
Transforming lifecycle-livedata-core-2.7.0-api.jar with CopyTransform
Transforming lifecycle-livedata-core-2.7.0-api.jar with AggregatedPackagesTransform
Transforming jetified-lifecycle-livedata-core-ktx-2.7.0-api.jar with JetifyTransform
Transforming jetified-lifecycle-livedata-core-ktx-2.7.0-api.jar with IdentityTransform
Transforming jetified-lifecycle-livedata-core-ktx-2.7.0-api.jar with IdentityTransform
Transforming jetified-lifecycle-livedata-core-ktx-2.7.0-api.jar with CopyTransform
Transforming jetified-lifecycle-livedata-core-ktx-2.7.0-api.jar with AggregatedPackagesTransform
Transforming lifecycle-livedata-2.7.0-api.jar with JetifyTransform
Transforming lifecycle-livedata-2.7.0-api.jar with IdentityTransform
Transforming lifecycle-livedata-2.7.0-api.jar with IdentityTransform
Transforming lifecycle-livedata-2.7.0-api.jar with CopyTransform
Transforming lifecycle-livedata-2.7.0-api.jar with AggregatedPackagesTransform
Transforming lifecycle-common-2.7.0.jar with JetifyTransform
Transforming lifecycle-common-2.7.0.jar with IdentityTransform
Transforming lifecycle-common-2.7.0.jar with IdentityTransform
Transforming lifecycle-common-2.7.0.jar with CopyTransform
Transforming lifecycle-common-2.7.0.jar with AggregatedPackagesTransform
Transforming jetified-lifecycle-runtime-ktx-2.7.0-api.jar with JetifyTransform
Transforming jetified-lifecycle-runtime-ktx-2.7.0-api.jar with IdentityTransform
Transforming jetified-lifecycle-runtime-ktx-2.7.0-api.jar with IdentityTransform
Transforming jetified-lifecycle-runtime-ktx-2.7.0-api.jar with CopyTransform
Transforming jetified-lifecycle-runtime-ktx-2.7.0-api.jar with AggregatedPackagesTransform
Transforming jetified-lifecycle-viewmodel-compose-2.7.0-api.jar with JetifyTransform
Transforming jetified-lifecycle-viewmodel-compose-2.7.0-api.jar with IdentityTransform
Transforming jetified-lifecycle-viewmodel-compose-2.7.0-api.jar with IdentityTransform
Transforming jetified-lifecycle-viewmodel-compose-2.7.0-api.jar with CopyTransform
Transforming jetified-lifecycle-viewmodel-compose-2.7.0-api.jar with AggregatedPackagesTransform
Transforming jetified-lifecycle-viewmodel-savedstate-2.7.0-api.jar with JetifyTransform
Transforming jetified-lifecycle-viewmodel-savedstate-2.7.0-api.jar with IdentityTransform
Transforming jetified-lifecycle-viewmodel-savedstate-2.7.0-api.jar with IdentityTransform
Transforming jetified-lifecycle-viewmodel-savedstate-2.7.0-api.jar with CopyTransform
Transforming jetified-lifecycle-viewmodel-savedstate-2.7.0-api.jar with AggregatedPackagesTransform
Transforming lifecycle-viewmodel-2.7.0-api.jar with JetifyTransform
Transforming lifecycle-viewmodel-2.7.0-api.jar with IdentityTransform
Transforming lifecycle-viewmodel-2.7.0-api.jar with IdentityTransform
Transforming lifecycle-viewmodel-2.7.0-api.jar with CopyTransform
Transforming lifecycle-viewmodel-2.7.0-api.jar with AggregatedPackagesTransform
Transforming jetified-coil-compose-2.5.0-api.jar with JetifyTransform
Transforming jetified-coil-compose-2.5.0-api.jar with IdentityTransform
Transforming jetified-coil-compose-2.5.0-api.jar with IdentityTransform
Transforming jetified-coil-compose-2.5.0-api.jar with CopyTransform
Transforming jetified-coil-compose-2.5.0-api.jar with AggregatedPackagesTransform
Transforming jetified-coil-compose-base-2.5.0-api.jar with JetifyTransform
Transforming jetified-coil-compose-base-2.5.0-api.jar with IdentityTransform
Transforming jetified-coil-compose-base-2.5.0-api.jar with IdentityTransform
Transforming jetified-coil-compose-base-2.5.0-api.jar with CopyTransform
Transforming jetified-coil-compose-base-2.5.0-api.jar with AggregatedPackagesTransform
Transforming jetified-coil-2.5.0-api.jar with JetifyTransform
Transforming jetified-coil-2.5.0-api.jar with IdentityTransform
Transforming jetified-coil-2.5.0-api.jar with IdentityTransform
Transforming jetified-coil-2.5.0-api.jar with CopyTransform
Transforming jetified-coil-2.5.0-api.jar with AggregatedPackagesTransform
Transforming jetified-coil-base-2.5.0-api.jar with JetifyTransform
Transforming jetified-coil-base-2.5.0-api.jar with IdentityTransform
Transforming jetified-coil-base-2.5.0-api.jar with IdentityTransform
Transforming jetified-coil-base-2.5.0-api.jar with CopyTransform
Transforming jetified-coil-base-2.5.0-api.jar with AggregatedPackagesTransform
Transforming lifecycle-runtime-2.7.0-api.jar with JetifyTransform
Transforming lifecycle-runtime-2.7.0-api.jar with IdentityTransform
Transforming lifecycle-runtime-2.7.0-api.jar with IdentityTransform
Transforming lifecycle-runtime-2.7.0-api.jar with CopyTransform
Transforming lifecycle-runtime-2.7.0-api.jar with AggregatedPackagesTransform
Transforming jetified-lifecycle-livedata-ktx-2.7.0-api.jar with JetifyTransform
Transforming jetified-lifecycle-livedata-ktx-2.7.0-api.jar with IdentityTransform
Transforming jetified-lifecycle-livedata-ktx-2.7.0-api.jar with IdentityTransform
Transforming jetified-lifecycle-livedata-ktx-2.7.0-api.jar with CopyTransform
Transforming jetified-lifecycle-livedata-ktx-2.7.0-api.jar with AggregatedPackagesTransform
Transforming jetified-lifecycle-runtime-compose-2.7.0-api.jar with JetifyTransform
Transforming jetified-lifecycle-runtime-compose-2.7.0-api.jar with IdentityTransform
Transforming jetified-lifecycle-runtime-compose-2.7.0-api.jar with IdentityTransform
Transforming jetified-lifecycle-runtime-compose-2.7.0-api.jar with CopyTransform
Transforming jetified-lifecycle-runtime-compose-2.7.0-api.jar with AggregatedPackagesTransform
Transforming jetified-lifecycle-viewmodel-ktx-2.7.0-api.jar with JetifyTransform
Transforming jetified-lifecycle-viewmodel-ktx-2.7.0-api.jar with IdentityTransform
Transforming jetified-lifecycle-viewmodel-ktx-2.7.0-api.jar with IdentityTransform
Transforming jetified-lifecycle-viewmodel-ktx-2.7.0-api.jar with CopyTransform
Transforming jetified-lifecycle-viewmodel-ktx-2.7.0-api.jar with AggregatedPackagesTransform
Transforming jetified-material3-release-api.jar with JetifyTransform
Transforming jetified-material3-release-api.jar with IdentityTransform
Transforming jetified-material3-release-api.jar with IdentityTransform
Transforming jetified-material3-release-api.jar with CopyTransform
Transforming jetified-material3-release-api.jar with AggregatedPackagesTransform
Transforming jetified-foundation-layout-release-api.jar with JetifyTransform
Transforming jetified-foundation-layout-release-api.jar with IdentityTransform
Transforming jetified-foundation-layout-release-api.jar with IdentityTransform
Transforming jetified-foundation-layout-release-api.jar with CopyTransform
Transforming jetified-foundation-layout-release-api.jar with AggregatedPackagesTransform
Transforming jetified-material-icons-core-release-api.jar with JetifyTransform
Transforming jetified-material-icons-core-release-api.jar with IdentityTransform
Transforming jetified-material-icons-core-release-api.jar with IdentityTransform
Transforming jetified-material-icons-core-release-api.jar with CopyTransform
Transforming jetified-material-icons-core-release-api.jar with AggregatedPackagesTransform
Transforming jetified-material-icons-extended-release-api.jar with JetifyTransform
Transforming jetified-material-icons-extended-release-api.jar with IdentityTransform
Transforming jetified-material-icons-extended-release-api.jar with IdentityTransform
Transforming jetified-material-icons-extended-release-api.jar with CopyTransform
Transforming jetified-material-icons-extended-release-api.jar with AggregatedPackagesTransform
Transforming jetified-material-ripple-release-api.jar with JetifyTransform
Transforming jetified-material-ripple-release-api.jar with IdentityTransform
Transforming jetified-material-ripple-release-api.jar with IdentityTransform
Transforming jetified-material-ripple-release-api.jar with CopyTransform
Transforming jetified-material-ripple-release-api.jar with AggregatedPackagesTransform
Transforming jetified-foundation-release-api.jar with JetifyTransform
Transforming jetified-foundation-release-api.jar with IdentityTransform
Transforming jetified-foundation-release-api.jar with IdentityTransform
Transforming jetified-foundation-release-api.jar with CopyTransform
Transforming jetified-foundation-release-api.jar with AggregatedPackagesTransform
Transforming jetified-animation-core-release-api.jar with JetifyTransform
Transforming jetified-animation-core-release-api.jar with IdentityTransform
Transforming jetified-animation-core-release-api.jar with IdentityTransform
Transforming jetified-animation-core-release-api.jar with CopyTransform
Transforming jetified-animation-core-release-api.jar with AggregatedPackagesTransform
Transforming jetified-animation-release-api.jar with JetifyTransform
Transforming jetified-animation-release-api.jar with IdentityTransform
Transforming jetified-animation-release-api.jar with IdentityTransform
Transforming jetified-animation-release-api.jar with CopyTransform
Transforming jetified-animation-release-api.jar with AggregatedPackagesTransform
Transforming jetified-ui-util-release-api.jar with JetifyTransform
Transforming jetified-ui-util-release-api.jar with IdentityTransform
Transforming jetified-ui-util-release-api.jar with IdentityTransform
Transforming jetified-ui-util-release-api.jar with CopyTransform
Transforming jetified-ui-util-release-api.jar with AggregatedPackagesTransform
Transforming jetified-ui-unit-release-api.jar with JetifyTransform
Transforming jetified-ui-unit-release-api.jar with IdentityTransform
Transforming jetified-ui-unit-release-api.jar with IdentityTransform
Transforming jetified-ui-unit-release-api.jar with CopyTransform
Transforming jetified-ui-unit-release-api.jar with AggregatedPackagesTransform
Transforming jetified-ui-text-release-api.jar with JetifyTransform
Transforming jetified-ui-text-release-api.jar with IdentityTransform
Transforming jetified-ui-text-release-api.jar with IdentityTransform
Transforming jetified-ui-text-release-api.jar with CopyTransform
Transforming jetified-ui-text-release-api.jar with AggregatedPackagesTransform
Transforming jetified-ui-geometry-release-api.jar with JetifyTransform
Transforming jetified-ui-geometry-release-api.jar with IdentityTransform
Transforming jetified-ui-geometry-release-api.jar with IdentityTransform
Transforming jetified-ui-geometry-release-api.jar with CopyTransform
Transforming jetified-ui-geometry-release-api.jar with AggregatedPackagesTransform
Transforming jetified-ui-tooling-data-release-api.jar with JetifyTransform
Transforming jetified-ui-tooling-data-release-api.jar with IdentityTransform
Transforming jetified-ui-tooling-data-release-api.jar with IdentityTransform
Transforming jetified-ui-tooling-data-release-api.jar with CopyTransform
Transforming jetified-ui-tooling-data-release-api.jar with AggregatedPackagesTransform
Transforming jetified-ui-tooling-preview-release-api.jar with JetifyTransform
Transforming jetified-ui-tooling-preview-release-api.jar with IdentityTransform
Transforming jetified-ui-tooling-preview-release-api.jar with IdentityTransform
Transforming jetified-ui-tooling-preview-release-api.jar with CopyTransform
Transforming jetified-ui-tooling-preview-release-api.jar with AggregatedPackagesTransform
Transforming jetified-ui-graphics-release-api.jar with JetifyTransform
Transforming jetified-ui-graphics-release-api.jar with IdentityTransform
Transforming jetified-ui-graphics-release-api.jar with IdentityTransform
Transforming jetified-ui-graphics-release-api.jar with CopyTransform
Transforming jetified-ui-graphics-release-api.jar with AggregatedPackagesTransform
Transforming jetified-ui-release-api.jar with JetifyTransform
Transforming jetified-ui-release-api.jar with IdentityTransform
Transforming jetified-ui-release-api.jar with IdentityTransform
Transforming jetified-ui-release-api.jar with CopyTransform
Transforming jetified-ui-release-api.jar with AggregatedPackagesTransform
Transforming jetified-ui-tooling-release-api.jar with JetifyTransform
Transforming jetified-ui-tooling-release-api.jar with IdentityTransform
Transforming jetified-ui-tooling-release-api.jar with IdentityTransform
Transforming jetified-ui-tooling-release-api.jar with CopyTransform
Transforming jetified-ui-tooling-release-api.jar with AggregatedPackagesTransform
Transforming jetified-runtime-saveable-release-api.jar with JetifyTransform
Transforming jetified-runtime-saveable-release-api.jar with IdentityTransform
Transforming jetified-runtime-saveable-release-api.jar with IdentityTransform
Transforming jetified-runtime-saveable-release-api.jar with CopyTransform
Transforming jetified-runtime-saveable-release-api.jar with AggregatedPackagesTransform
Transforming jetified-runtime-release-api.jar with JetifyTransform
Transforming jetified-runtime-release-api.jar with IdentityTransform
Transforming jetified-runtime-release-api.jar with IdentityTransform
Transforming jetified-runtime-release-api.jar with CopyTransform
Transforming jetified-runtime-release-api.jar with AggregatedPackagesTransform
Transforming jetified-kotlinx-coroutines-android-1.7.3.jar with JetifyTransform
Transforming jetified-kotlinx-coroutines-android-1.7.3.jar with IdentityTransform
Transforming jetified-kotlinx-coroutines-android-1.7.3.jar with IdentityTransform
Transforming jetified-kotlinx-coroutines-android-1.7.3.jar with CopyTransform
Transforming jetified-kotlinx-coroutines-android-1.7.3.jar with AggregatedPackagesTransform
Transforming jetified-kotlinx-coroutines-test-jvm-1.7.3.jar with JetifyTransform
Transforming jetified-kotlinx-coroutines-test-jvm-1.7.3.jar with IdentityTransform
Transforming jetified-kotlinx-coroutines-core-jvm-1.7.3.jar with JetifyTransform
Transforming jetified-kotlinx-coroutines-test-jvm-1.7.3.jar with IdentityTransform
Transforming jetified-kotlinx-coroutines-core-jvm-1.7.3.jar with IdentityTransform
Transforming jetified-kotlinx-coroutines-test-jvm-1.7.3.jar with CopyTransform
Transforming jetified-kotlinx-coroutines-core-jvm-1.7.3.jar with IdentityTransform
Transforming jetified-kotlinx-coroutines-core-jvm-1.7.3.jar with CopyTransform
Transforming jetified-kotlinx-coroutines-core-jvm-1.7.3.jar with AggregatedPackagesTransform
Transforming jetified-kotlinx-coroutines-play-services-1.7.3.jar with JetifyTransform
Transforming jetified-kotlinx-coroutines-play-services-1.7.3.jar with IdentityTransform
Transforming jetified-kotlinx-coroutines-play-services-1.7.3.jar with IdentityTransform
Transforming jetified-kotlinx-coroutines-play-services-1.7.3.jar with CopyTransform
Transforming jetified-kotlinx-coroutines-play-services-1.7.3.jar with AggregatedPackagesTransform
Transforming jetified-play-services-tasks-18.2.0-api.jar with JetifyTransform
Transforming jetified-play-services-tasks-18.2.0-api.jar with IdentityTransform
Transforming jetified-play-services-tasks-18.2.0-api.jar with IdentityTransform
Transforming jetified-play-services-tasks-18.2.0-api.jar with CopyTransform
Transforming jetified-play-services-tasks-18.2.0-api.jar with AggregatedPackagesTransform
Transforming jetified-play-services-basement-18.4.0-api.jar with JetifyTransform
Transforming jetified-play-services-basement-18.4.0-api.jar with IdentityTransform
Transforming jetified-play-services-basement-18.4.0-api.jar with IdentityTransform
Transforming jetified-play-services-basement-18.4.0-api.jar with CopyTransform
Transforming jetified-play-services-basement-18.4.0-api.jar with AggregatedPackagesTransform
Transforming fragment-1.6.2-api.jar with JetifyTransform
Transforming fragment-1.6.2-api.jar with IdentityTransform
Transforming fragment-1.6.2-api.jar with IdentityTransform
Transforming fragment-1.6.2-api.jar with CopyTransform
Transforming fragment-1.6.2-api.jar with AggregatedPackagesTransform
Transforming jetified-core-ktx-1.12.0-api.jar with JetifyTransform
Transforming jetified-core-ktx-1.12.0-api.jar with IdentityTransform
Transforming jetified-core-ktx-1.12.0-api.jar with IdentityTransform
Transforming jetified-core-ktx-1.12.0-api.jar with CopyTransform
Transforming jetified-core-ktx-1.12.0-api.jar with AggregatedPackagesTransform
Transforming jetified-core-splashscreen-1.0.1-api.jar with JetifyTransform
Transforming jetified-core-splashscreen-1.0.1-api.jar with IdentityTransform
Transforming jetified-kotlinx-coroutines-test-jvm-1.7.3.jar with AggregatedPackagesTransform
Transforming jetified-core-splashscreen-1.0.1-api.jar with IdentityTransform
Transforming jetified-core-splashscreen-1.0.1-api.jar with CopyTransform
Transforming jetified-core-splashscreen-1.0.1-api.jar with AggregatedPackagesTransform
Transforming jetified-googleid-1.1.0-api.jar with JetifyTransform
Transforming jetified-googleid-1.1.0-api.jar with IdentityTransform
Transforming jetified-googleid-1.1.0-api.jar with IdentityTransform
Transforming jetified-googleid-1.1.0-api.jar with CopyTransform
Transforming jetified-googleid-1.1.0-api.jar with AggregatedPackagesTransform
Transforming jetified-savedstate-ktx-1.2.1-api.jar with JetifyTransform
Transforming jetified-savedstate-ktx-1.2.1-api.jar with IdentityTransform
Transforming jetified-savedstate-ktx-1.2.1-api.jar with IdentityTransform
Transforming jetified-savedstate-ktx-1.2.1-api.jar with CopyTransform
Transforming jetified-savedstate-ktx-1.2.1-api.jar with AggregatedPackagesTransform
Transforming jetified-savedstate-1.2.1-api.jar with JetifyTransform
Transforming jetified-savedstate-1.2.1-api.jar with IdentityTransform
Transforming jetified-savedstate-1.2.1-api.jar with IdentityTransform
Transforming jetified-savedstate-1.2.1-api.jar with CopyTransform
Transforming jetified-savedstate-1.2.1-api.jar with AggregatedPackagesTransform
Transforming jetified-annotation-experimental-1.4.0-api.jar with JetifyTransform
Transforming jetified-annotation-experimental-1.4.0-api.jar with IdentityTransform
Transforming jetified-annotation-experimental-1.4.0-api.jar with IdentityTransform
Transforming jetified-annotation-experimental-1.4.0-api.jar with CopyTransform
Transforming jetified-annotation-experimental-1.4.0-api.jar with AggregatedPackagesTransform
Transforming jetified-mockk-jvm-1.13.9.jar with JetifyTransform
Transforming jetified-okhttp-4.12.0.jar with JetifyTransform
Transforming jetified-okhttp-4.12.0.jar with IdentityTransform
Transforming jetified-okhttp-4.12.0.jar with IdentityTransform
Transforming jetified-okhttp-4.12.0.jar with CopyTransform
Transforming jetified-okhttp-4.12.0.jar with AggregatedPackagesTransform
Transforming jetified-mockk-dsl-jvm-1.13.9.jar with JetifyTransform
Transforming jetified-mockk-agent-jvm-1.13.9.jar with JetifyTransform
Transforming jetified-mockk-agent-api-jvm-1.13.9.jar with JetifyTransform
Transforming jetified-mockk-dsl-jvm-1.13.9.jar with IdentityTransform
Transforming jetified-mockk-agent-jvm-1.13.9.jar with IdentityTransform
Transforming jetified-mockk-jvm-1.13.9.jar with IdentityTransform
Transforming jetified-mockk-agent-jvm-1.13.9.jar with IdentityTransform
Transforming jetified-mockk-dsl-jvm-1.13.9.jar with IdentityTransform
Transforming jetified-mockk-dsl-jvm-1.13.9.jar with CopyTransform
Transforming jetified-mockk-agent-jvm-1.13.9.jar with CopyTransform
Transforming jetified-mockk-jvm-1.13.9.jar with IdentityTransform
Transforming jetified-mockk-jvm-1.13.9.jar with CopyTransform
Transforming jetified-mockk-dsl-jvm-1.13.9.jar with AggregatedPackagesTransform
Transforming jetified-mockk-agent-jvm-1.13.9.jar with AggregatedPackagesTransform
Transforming jetified-mockk-jvm-1.13.9.jar with AggregatedPackagesTransform
Transforming jetified-mockk-agent-api-jvm-1.13.9.jar with IdentityTransform
Transforming jetified-mockk-agent-api-jvm-1.13.9.jar with IdentityTransform
Transforming jetified-mockk-agent-api-jvm-1.13.9.jar with CopyTransform
Transforming jetified-mockk-agent-api-jvm-1.13.9.jar with AggregatedPackagesTransform
Transforming jetified-mockk-core-jvm-1.13.9.jar with JetifyTransform
Transforming jetified-okio-jvm-3.6.0.jar with JetifyTransform
Transforming jetified-okio-jvm-3.6.0.jar with IdentityTransform
Transforming jetified-okio-jvm-3.6.0.jar with IdentityTransform
Transforming jetified-okio-jvm-3.6.0.jar with CopyTransform
Transforming jetified-okio-jvm-3.6.0.jar with AggregatedPackagesTransform
Transforming jetified-kotlin-stdlib-jdk8-1.9.10.jar with JetifyTransform
Transforming jetified-kotlin-stdlib-jdk8-1.9.10.jar with IdentityTransform
Transforming jetified-kotlin-stdlib-jdk8-1.9.10.jar with IdentityTransform
Transforming jetified-kotlin-stdlib-jdk8-1.9.10.jar with CopyTransform
Transforming jetified-kotlin-stdlib-jdk8-1.9.10.jar with AggregatedPackagesTransform
Transforming jetified-credentials-1.0.0-alpha04-api.jar with JetifyTransform
Transforming jetified-credentials-1.0.0-alpha04-api.jar with IdentityTransform
Transforming jetified-credentials-1.0.0-alpha04-api.jar with IdentityTransform
Transforming jetified-credentials-1.0.0-alpha04-api.jar with CopyTransform
Transforming jetified-credentials-1.0.0-alpha04-api.jar with AggregatedPackagesTransform
Transforming cursoradapter-1.0.0-api.jar with JetifyTransform
Transforming cursoradapter-1.0.0-api.jar with IdentityTransform
Transforming cursoradapter-1.0.0-api.jar with IdentityTransform
Transforming cursoradapter-1.0.0-api.jar with CopyTransform
Transforming cursoradapter-1.0.0-api.jar with AggregatedPackagesTransform
Transforming cardview-1.0.0-api.jar with JetifyTransform
Transforming cardview-1.0.0-api.jar with IdentityTransform
Transforming cardview-1.0.0-api.jar with IdentityTransform
Transforming cardview-1.0.0-api.jar with CopyTransform
Transforming cardview-1.0.0-api.jar with AggregatedPackagesTransform
Transforming sqlite-framework-2.4.0-api.jar with JetifyTransform
Transforming sqlite-framework-2.4.0-api.jar with IdentityTransform
Transforming sqlite-framework-2.4.0-api.jar with IdentityTransform
Transforming sqlite-framework-2.4.0-api.jar with CopyTransform
Transforming sqlite-framework-2.4.0-api.jar with AggregatedPackagesTransform
Transforming jetified-mockk-core-jvm-1.13.9.jar with IdentityTransform
Transforming sqlite-2.4.0-api.jar with JetifyTransform
Transforming sqlite-2.4.0-api.jar with IdentityTransform
Transforming sqlite-2.4.0-api.jar with IdentityTransform
Transforming sqlite-2.4.0-api.jar with CopyTransform
Transforming sqlite-2.4.0-api.jar with AggregatedPackagesTransform
Transforming jetified-transport-backend-cct-2.3.3-api.jar with JetifyTransform
Transforming jetified-transport-backend-cct-2.3.3-api.jar with IdentityTransform
Transforming jetified-transport-backend-cct-2.3.3-api.jar with IdentityTransform
Transforming jetified-transport-backend-cct-2.3.3-api.jar with CopyTransform
Transforming jetified-transport-backend-cct-2.3.3-api.jar with AggregatedPackagesTransform
Transforming jetified-transport-runtime-2.2.6-api.jar with JetifyTransform
Transforming jetified-transport-runtime-2.2.6-api.jar with IdentityTransform
Transforming jetified-transport-runtime-2.2.6-api.jar with IdentityTransform
Transforming jetified-transport-runtime-2.2.6-api.jar with CopyTransform
Transforming jetified-transport-runtime-2.2.6-api.jar with AggregatedPackagesTransform
Transforming jetified-transport-api-2.2.1-api.jar with JetifyTransform
Transforming jetified-transport-api-2.2.1-api.jar with IdentityTransform
Transforming jetified-transport-api-2.2.1-api.jar with IdentityTransform
Transforming jetified-transport-api-2.2.1-api.jar with CopyTransform
Transforming jetified-transport-api-2.2.1-api.jar with AggregatedPackagesTransform
Transforming jetified-firebase-components-17.1.5-api.jar with JetifyTransform
Transforming jetified-firebase-components-17.1.5-api.jar with IdentityTransform
Transforming jetified-firebase-components-17.1.5-api.jar with IdentityTransform
Transforming jetified-firebase-components-17.1.5-api.jar with CopyTransform
Transforming jetified-firebase-components-17.1.5-api.jar with AggregatedPackagesTransform
Transforming jetified-firebase-encoders-json-17.1.0-api.jar with JetifyTransform
Transforming jetified-firebase-encoders-json-17.1.0-api.jar with IdentityTransform
Transforming jetified-firebase-encoders-json-17.1.0-api.jar with IdentityTransform
Transforming jetified-firebase-encoders-json-17.1.0-api.jar with CopyTransform
Transforming jetified-firebase-encoders-json-17.1.0-api.jar with AggregatedPackagesTransform
Transforming jetified-firebase-encoders-17.0.0.jar with JetifyTransform
Transforming jetified-firebase-encoders-17.0.0.jar with IdentityTransform
Transforming jetified-mockk-core-jvm-1.13.9.jar with IdentityTransform
Transforming jetified-firebase-encoders-17.0.0.jar with IdentityTransform
Transforming jetified-mockk-core-jvm-1.13.9.jar with CopyTransform
Transforming jetified-firebase-encoders-17.0.0.jar with CopyTransform
Transforming jetified-firebase-encoders-17.0.0.jar with AggregatedPackagesTransform
Transforming localbroadcastmanager-1.0.0-api.jar with JetifyTransform
Transforming localbroadcastmanager-1.0.0-api.jar with IdentityTransform
Transforming localbroadcastmanager-1.0.0-api.jar with IdentityTransform
Transforming localbroadcastmanager-1.0.0-api.jar with CopyTransform
Transforming localbroadcastmanager-1.0.0-api.jar with AggregatedPackagesTransform
Transforming versionedparcelable-1.1.1-api.jar with JetifyTransform
Transforming versionedparcelable-1.1.1-api.jar with IdentityTransform
Transforming versionedparcelable-1.1.1-api.jar with IdentityTransform
Transforming versionedparcelable-1.1.1-api.jar with CopyTransform
Transforming versionedparcelable-1.1.1-api.jar with AggregatedPackagesTransform
Transforming core-runtime-2.2.0-api.jar with JetifyTransform
Transforming core-runtime-2.2.0-api.jar with IdentityTransform
Transforming core-runtime-2.2.0-api.jar with IdentityTransform
Transforming core-runtime-2.2.0-api.jar with CopyTransform
Transforming core-runtime-2.2.0-api.jar with AggregatedPackagesTransform
Transforming core-common-2.2.0.jar with JetifyTransform
Transforming core-common-2.2.0.jar with IdentityTransform
Transforming core-common-2.2.0.jar with IdentityTransform
Transforming core-common-2.2.0.jar with CopyTransform
Transforming core-common-2.2.0.jar with AggregatedPackagesTransform
Transforming jetified-concurrent-futures-1.1.0.jar with JetifyTransform
Transforming jetified-concurrent-futures-1.1.0.jar with IdentityTransform
Transforming jetified-concurrent-futures-1.1.0.jar with IdentityTransform
Transforming jetified-concurrent-futures-1.1.0.jar with CopyTransform
Transforming jetified-concurrent-futures-1.1.0.jar with AggregatedPackagesTransform
Transforming jetified-collection-ktx-1.4.0.jar with JetifyTransform
Transforming jetified-collection-ktx-1.4.0.jar with IdentityTransform
Transforming jetified-collection-ktx-1.4.0.jar with IdentityTransform
Transforming jetified-mockk-core-jvm-1.13.9.jar with AggregatedPackagesTransform
Transforming jetified-collection-ktx-1.4.0.jar with CopyTransform
Transforming jetified-collection-ktx-1.4.0.jar with AggregatedPackagesTransform
Transforming jetified-collection-jvm-1.4.0.jar with JetifyTransform
Transforming jetified-collection-jvm-1.4.0.jar with IdentityTransform
Transforming jetified-collection-jvm-1.4.0.jar with IdentityTransform
Transforming jetified-collection-jvm-1.4.0.jar with CopyTransform
Transforming jetified-collection-jvm-1.4.0.jar with AggregatedPackagesTransform
Transforming interpolator-1.0.0-api.jar with JetifyTransform
Transforming interpolator-1.0.0-api.jar with IdentityTransform
Transforming interpolator-1.0.0-api.jar with IdentityTransform
Transforming interpolator-1.0.0-api.jar with CopyTransform
Transforming interpolator-1.0.0-api.jar with AggregatedPackagesTransform
Transforming documentfile-1.0.0-api.jar with JetifyTransform
Transforming documentfile-1.0.0-api.jar with IdentityTransform
Transforming documentfile-1.0.0-api.jar with IdentityTransform
Transforming documentfile-1.0.0-api.jar with CopyTransform
Transforming documentfile-1.0.0-api.jar with AggregatedPackagesTransform
Transforming print-1.0.0-api.jar with JetifyTransform
Transforming print-1.0.0-api.jar with IdentityTransform
Transforming print-1.0.0-api.jar with IdentityTransform
Transforming print-1.0.0-api.jar with CopyTransform
Transforming print-1.0.0-api.jar with AggregatedPackagesTransform
Transforming jetified-annotation-jvm-1.7.0.jar with JetifyTransform
Transforming jetified-annotation-jvm-1.7.0.jar with IdentityTransform
Transforming jetified-annotation-jvm-1.7.0.jar with IdentityTransform
Transforming jetified-annotation-jvm-1.7.0.jar with CopyTransform
Transforming jetified-annotation-jvm-1.7.0.jar with AggregatedPackagesTransform
Transforming jetified-kotlin-stdlib-jdk7-1.9.10.jar with JetifyTransform
Transforming jetified-kotlin-stdlib-jdk7-1.9.10.jar with IdentityTransform
Transforming jetified-kotlin-stdlib-jdk7-1.9.10.jar with IdentityTransform
Transforming jetified-kotlin-stdlib-jdk7-1.9.10.jar with CopyTransform
Transforming jetified-kotlin-stdlib-jdk7-1.9.10.jar with AggregatedPackagesTransform
Transforming jetified-kotlin-stdlib-2.0.21.jar with JetifyTransform
Transforming jetified-kotlin-stdlib-2.0.21.jar with IdentityTransform
Transforming jetified-kotlin-stdlib-2.0.21.jar with IdentityTransform
Transforming jetified-kotlin-stdlib-2.0.21.jar with CopyTransform
Transforming jetified-kotlin-stdlib-2.0.21.jar with AggregatedPackagesTransform
Transforming constraintlayout-2.1.4-api.jar with JetifyTransform
Transforming constraintlayout-2.1.4-api.jar with IdentityTransform
Transforming constraintlayout-2.1.4-api.jar with IdentityTransform
Transforming constraintlayout-2.1.4-api.jar with CopyTransform
Transforming constraintlayout-2.1.4-api.jar with AggregatedPackagesTransform
Transforming jetified-MPAndroidChart-3.1.0-api.jar with JetifyTransform
Transforming jetified-MPAndroidChart-3.1.0-api.jar with IdentityTransform
Transforming jetified-MPAndroidChart-3.1.0-api.jar with IdentityTransform
Transforming jetified-MPAndroidChart-3.1.0-api.jar with CopyTransform
Transforming jetified-MPAndroidChart-3.1.0-api.jar with AggregatedPackagesTransform
Transforming jetified-layout-7.2.5.jar with JetifyTransform
Transforming jetified-layout-7.2.5.jar with IdentityTransform
Transforming jetified-layout-7.2.5.jar with IdentityTransform
Transforming jetified-layout-7.2.5.jar with CopyTransform
Transforming jetified-layout-7.2.5.jar with AggregatedPackagesTransform
Transforming jetified-kernel-7.2.5.jar with JetifyTransform
Transforming jetified-kernel-7.2.5.jar with IdentityTransform
Transforming jetified-kernel-7.2.5.jar with IdentityTransform
Transforming jetified-kernel-7.2.5.jar with CopyTransform
Transforming jetified-kernel-7.2.5.jar with AggregatedPackagesTransform
Transforming jetified-io-7.2.5.jar with JetifyTransform
Transforming jetified-io-7.2.5.jar with IdentityTransform
Transforming jetified-io-7.2.5.jar with IdentityTransform
Transforming jetified-io-7.2.5.jar with CopyTransform
Transforming jetified-io-7.2.5.jar with AggregatedPackagesTransform
Transforming jetified-core-3.5.3.jar with JetifyTransform
Transforming jetified-core-3.5.3.jar with IdentityTransform
Transforming jetified-core-3.5.3.jar with IdentityTransform
Transforming jetified-core-3.5.3.jar with CopyTransform
Transforming jetified-core-3.5.3.jar with AggregatedPackagesTransform
Transforming jetified-poi-ooxml-5.2.5.jar with JetifyTransform
Transforming jetified-poi-ooxml-5.2.5.jar with IdentityTransform
Transforming jetified-poi-ooxml-5.2.5.jar with IdentityTransform
Transforming jetified-poi-ooxml-5.2.5.jar with CopyTransform
Transforming jetified-poi-ooxml-5.2.5.jar with AggregatedPackagesTransform
Transforming jetified-poi-5.2.5.jar with JetifyTransform
Transforming jetified-poi-5.2.5.jar with IdentityTransform
Transforming jetified-poi-5.2.5.jar with IdentityTransform
Transforming jetified-poi-5.2.5.jar with CopyTransform
Transforming jetified-poi-5.2.5.jar with AggregatedPackagesTransform
Transforming jetified-jakarta.mail-2.0.1.jar with JetifyTransform
Transforming jetified-jakarta.mail-2.0.1.jar with IdentityTransform
Transforming jetified-jakarta.mail-2.0.1.jar with IdentityTransform
Transforming jetified-jakarta.mail-2.0.1.jar with CopyTransform
Transforming jetified-jakarta.mail-2.0.1.jar with AggregatedPackagesTransform
Transforming jetified-junit-4.13.2.jar with JetifyTransform
Transforming jetified-hamcrest-core-1.3.jar with JetifyTransform
Transforming jetified-hamcrest-core-1.3.jar with IdentityTransform
Transforming jetified-junit-4.13.2.jar with IdentityTransform
Transforming jetified-annotations-23.0.0.jar with JetifyTransform
Transforming jetified-annotations-23.0.0.jar with IdentityTransform
Transforming jetified-hamcrest-core-1.3.jar with IdentityTransform
Transforming jetified-junit-4.13.2.jar with IdentityTransform
Transforming jetified-hamcrest-core-1.3.jar with CopyTransform
Transforming jetified-junit-4.13.2.jar with CopyTransform
Transforming jetified-annotations-23.0.0.jar with IdentityTransform
Transforming jetified-annotations-23.0.0.jar with CopyTransform
Transforming jetified-annotations-23.0.0.jar with AggregatedPackagesTransform
Transforming jetified-listenablefuture-1.0.jar with JetifyTransform
Transforming jetified-hamcrest-core-1.3.jar with AggregatedPackagesTransform
Transforming jetified-junit-4.13.2.jar with AggregatedPackagesTransform
Transforming jetified-listenablefuture-1.0.jar with IdentityTransform
Transforming jetified-listenablefuture-1.0.jar with IdentityTransform
Transforming jetified-listenablefuture-1.0.jar with CopyTransform
Transforming jetified-listenablefuture-1.0.jar with AggregatedPackagesTransform
Transforming jetified-objenesis-3.3.jar with JetifyTransform
Transforming jetified-byte-buddy-1.14.6.jar with JetifyTransform
Transforming jetified-objenesis-3.3.jar with IdentityTransform
Transforming jetified-byte-buddy-1.14.6.jar with IdentityTransform
Transforming jetified-objenesis-3.3.jar with IdentityTransform
Transforming jetified-objenesis-3.3.jar with CopyTransform
Transforming jetified-byte-buddy-agent-1.14.6.jar with JetifyTransform
Transforming jetified-byte-buddy-1.14.6.jar with IdentityTransform
Transforming jetified-byte-buddy-1.14.6.jar with CopyTransform
Transforming jetified-objenesis-3.3.jar with AggregatedPackagesTransform
Transforming jetified-resourceinspection-annotation-1.0.1.jar with JetifyTransform
Transforming jetified-byte-buddy-agent-1.14.6.jar with IdentityTransform
Transforming jetified-byte-buddy-1.14.6.jar with AggregatedPackagesTransform
Transforming jetified-byte-buddy-agent-1.14.6.jar with IdentityTransform
Transforming jetified-resourceinspection-annotation-1.0.1.jar with IdentityTransform
Transforming jetified-byte-buddy-agent-1.14.6.jar with CopyTransform
Transforming jetified-byte-buddy-agent-1.14.6.jar with AggregatedPackagesTransform
Transforming jetified-resourceinspection-annotation-1.0.1.jar with IdentityTransform
Transforming jetified-resourceinspection-annotation-1.0.1.jar with CopyTransform
Transforming jetified-resourceinspection-annotation-1.0.1.jar with AggregatedPackagesTransform
Transforming jetified-error_prone_annotations-2.15.0.jar with JetifyTransform
Transforming jetified-error_prone_annotations-2.15.0.jar with IdentityTransform
Transforming jetified-error_prone_annotations-2.15.0.jar with IdentityTransform
Transforming jetified-error_prone_annotations-2.15.0.jar with CopyTransform
Transforming jetified-error_prone_annotations-2.15.0.jar with AggregatedPackagesTransform
Transforming jetified-hilt-core-2.48.jar with JetifyTransform
Transforming jetified-hilt-core-2.48.jar with IdentityTransform
Transforming jetified-hilt-core-2.48.jar with IdentityTransform
Transforming jetified-hilt-core-2.48.jar with CopyTransform
Transforming jetified-hilt-core-2.48.jar with AggregatedPackagesTransform
Transforming jetified-dagger-2.48.jar with JetifyTransform
Transforming jetified-dagger-2.48.jar with IdentityTransform
Transforming jetified-dagger-2.48.jar with IdentityTransform
Transforming jetified-dagger-2.48.jar with CopyTransform
Transforming jetified-dagger-2.48.jar with AggregatedPackagesTransform
Transforming jetified-firebase-annotations-16.2.0.jar with JetifyTransform
Transforming jetified-firebase-annotations-16.2.0.jar with IdentityTransform
Transforming jetified-firebase-annotations-16.2.0.jar with IdentityTransform
Transforming jetified-firebase-annotations-16.2.0.jar with CopyTransform
Transforming jetified-firebase-annotations-16.2.0.jar with AggregatedPackagesTransform
Transforming jetified-javax.inject-1.jar with JetifyTransform
Transforming jetified-javax.inject-1.jar with IdentityTransform
Transforming jetified-javax.inject-1.jar with IdentityTransform
Transforming jetified-javax.inject-1.jar with CopyTransform
Transforming jetified-javax.inject-1.jar with AggregatedPackagesTransform
Transforming jetified-dagger-lint-aar-2.48-api.jar with JetifyTransform
Transforming jetified-dagger-lint-aar-2.48-api.jar with IdentityTransform
Transforming jetified-dagger-lint-aar-2.48-api.jar with IdentityTransform
Transforming jetified-dagger-lint-aar-2.48-api.jar with CopyTransform
Transforming jetified-dagger-lint-aar-2.48-api.jar with AggregatedPackagesTransform
Transforming jetified-jsr305-3.0.2.jar with JetifyTransform
Transforming jetified-jsr305-3.0.2.jar with IdentityTransform
Transforming jetified-jsr305-3.0.2.jar with IdentityTransform
Transforming jetified-jsr305-3.0.2.jar with CopyTransform
Transforming jetified-jsr305-3.0.2.jar with AggregatedPackagesTransform
Transforming exifinterface-1.3.6-api.jar with JetifyTransform
Transforming exifinterface-1.3.6-api.jar with IdentityTransform
Transforming exifinterface-1.3.6-api.jar with IdentityTransform
Transforming exifinterface-1.3.6-api.jar with CopyTransform
Transforming exifinterface-1.3.6-api.jar with AggregatedPackagesTransform
Transforming jetified-commons-7.2.5.jar with JetifyTransform
Transforming jetified-commons-7.2.5.jar with IdentityTransform
Transforming jetified-commons-7.2.5.jar with IdentityTransform
Transforming jetified-commons-7.2.5.jar with CopyTransform
Transforming jetified-commons-7.2.5.jar with AggregatedPackagesTransform
Transforming jetified-slf4j-api-1.7.36.jar with JetifyTransform
Transforming jetified-slf4j-api-1.7.36.jar with IdentityTransform
Transforming jetified-slf4j-api-1.7.36.jar with IdentityTransform
Transforming jetified-slf4j-api-1.7.36.jar with CopyTransform
Transforming jetified-slf4j-api-1.7.36.jar with AggregatedPackagesTransform
Transforming jetified-bcpkix-jdk15on-1.70.jar with JetifyTransform
Transforming jetified-bcpkix-jdk15on-1.70.jar with IdentityTransform
Transforming jetified-bcpkix-jdk15on-1.70.jar with IdentityTransform
Transforming jetified-bcpkix-jdk15on-1.70.jar with CopyTransform
Transforming jetified-bcpkix-jdk15on-1.70.jar with AggregatedPackagesTransform
Transforming jetified-bcutil-jdk15on-1.70.jar with JetifyTransform
Transforming jetified-bcutil-jdk15on-1.70.jar with IdentityTransform
Transforming jetified-bcutil-jdk15on-1.70.jar with IdentityTransform
Transforming jetified-bcutil-jdk15on-1.70.jar with CopyTransform
Transforming jetified-bcutil-jdk15on-1.70.jar with AggregatedPackagesTransform
Transforming jetified-bcprov-jdk15on-1.70.jar with JetifyTransform
Transforming jetified-bcprov-jdk15on-1.70.jar with IdentityTransform
Transforming jetified-bcprov-jdk15on-1.70.jar with IdentityTransform
Transforming jetified-bcprov-jdk15on-1.70.jar with CopyTransform
Transforming jetified-bcprov-jdk15on-1.70.jar with AggregatedPackagesTransform
Transforming jetified-image-1.0.0-beta1-api.jar with JetifyTransform
Transforming jetified-image-1.0.0-beta1-api.jar with IdentityTransform
Transforming jetified-image-1.0.0-beta1-api.jar with IdentityTransform
Transforming jetified-image-1.0.0-beta1-api.jar with CopyTransform
Transforming jetified-image-1.0.0-beta1-api.jar with AggregatedPackagesTransform
Transforming jetified-commons-codec-1.16.0.jar with JetifyTransform
Transforming jetified-commons-codec-1.16.0.jar with IdentityTransform
Transforming jetified-commons-codec-1.16.0.jar with IdentityTransform
Transforming jetified-commons-codec-1.16.0.jar with CopyTransform
Transforming jetified-commons-codec-1.16.0.jar with AggregatedPackagesTransform
Transforming jetified-commons-collections4-4.4.jar with JetifyTransform
Transforming jetified-commons-collections4-4.4.jar with IdentityTransform
Transforming jetified-commons-collections4-4.4.jar with IdentityTransform
Transforming jetified-commons-collections4-4.4.jar with CopyTransform
Transforming jetified-commons-collections4-4.4.jar with AggregatedPackagesTransform
Transforming jetified-commons-math3-3.6.1.jar with JetifyTransform
Transforming jetified-commons-math3-3.6.1.jar with IdentityTransform
Transforming jetified-commons-math3-3.6.1.jar with IdentityTransform
Transforming jetified-commons-math3-3.6.1.jar with CopyTransform
Transforming jetified-commons-math3-3.6.1.jar with AggregatedPackagesTransform
Transforming jetified-commons-io-2.15.0.jar with JetifyTransform
Transforming jetified-commons-io-2.15.0.jar with IdentityTransform
Transforming jetified-commons-io-2.15.0.jar with IdentityTransform
Transforming jetified-commons-io-2.15.0.jar with CopyTransform
Transforming jetified-commons-io-2.15.0.jar with AggregatedPackagesTransform
Transforming jetified-SparseBitSet-1.3.jar with JetifyTransform
Transforming jetified-SparseBitSet-1.3.jar with IdentityTransform
Transforming jetified-SparseBitSet-1.3.jar with IdentityTransform
Transforming jetified-SparseBitSet-1.3.jar with CopyTransform
Transforming jetified-SparseBitSet-1.3.jar with AggregatedPackagesTransform
Transforming jetified-poi-ooxml-lite-5.2.5.jar with JetifyTransform
Transforming jetified-poi-ooxml-lite-5.2.5.jar with IdentityTransform
Transforming jetified-poi-ooxml-lite-5.2.5.jar with IdentityTransform
Transforming jetified-poi-ooxml-lite-5.2.5.jar with CopyTransform
Transforming jetified-poi-ooxml-lite-5.2.5.jar with AggregatedPackagesTransform
Transforming jetified-xmlbeans-5.2.0.jar with JetifyTransform
Transforming jetified-xmlbeans-5.2.0.jar with IdentityTransform
Transforming jetified-xmlbeans-5.2.0.jar with IdentityTransform
Transforming jetified-xmlbeans-5.2.0.jar with CopyTransform
Transforming jetified-xmlbeans-5.2.0.jar with AggregatedPackagesTransform
Transforming jetified-log4j-api-2.21.1.jar with JetifyTransform
Transforming jetified-log4j-api-2.21.1.jar with IdentityTransform
Transforming jetified-log4j-api-2.21.1.jar with IdentityTransform
Transforming jetified-log4j-api-2.21.1.jar with CopyTransform
Transforming jetified-log4j-api-2.21.1.jar with AggregatedPackagesTransform
Transforming jetified-commons-compress-1.25.0.jar with JetifyTransform
Transforming jetified-commons-compress-1.25.0.jar with IdentityTransform
Transforming jetified-commons-compress-1.25.0.jar with IdentityTransform
Transforming jetified-commons-compress-1.25.0.jar with CopyTransform
Transforming jetified-commons-compress-1.25.0.jar with AggregatedPackagesTransform
Transforming jetified-curvesapi-1.08.jar with JetifyTransform
Transforming jetified-curvesapi-1.08.jar with IdentityTransform
Transforming jetified-curvesapi-1.08.jar with IdentityTransform
Transforming jetified-curvesapi-1.08.jar with CopyTransform
Transforming jetified-curvesapi-1.08.jar with AggregatedPackagesTransform
Transforming jetified-jakarta.activation-2.0.1.jar with JetifyTransform
Transforming jetified-jakarta.activation-2.0.1.jar with IdentityTransform
Transforming jetified-jakarta.activation-2.0.1.jar with IdentityTransform
Transforming jetified-jakarta.activation-2.0.1.jar with CopyTransform
Transforming jetified-jakarta.activation-2.0.1.jar with AggregatedPackagesTransform
Transforming debugUnitTest with CopyTransform
Transforming debugUnitTest with CopyTransform
Transforming debugUnitTest with AggregatedPackagesTransform
Transforming debugUnitTest with AggregatedPackagesTransform
Caching disabled for task ':app:hiltAggregateDepsDebugUnitTest' because:
  Build cache is disabled
Skipping task ':app:hiltAggregateDepsDebugUnitTest' as it is up-to-date.
Resolve mutations for :app:hiltJavaCompileDebugUnitTest (Thread[Execution worker Thread 3,5,main]) started.
:app:hiltJavaCompileDebugUnitTest (Thread[included builds,5,main]) started.

> Task :app:hiltJavaCompileDebugUnitTest NO-SOURCE
Skipping task ':app:hiltJavaCompileDebugUnitTest' as it has no source files and no previous output files.
Resolve mutations for :app:processDebugUnitTestJavaRes (Thread[included builds,5,main]) started.
:app:processDebugUnitTestJavaRes (Thread[included builds,5,main]) started.

> Task :app:processDebugUnitTestJavaRes UP-TO-DATE
file or directory 'D:\KushwahaHardware\app\src\test\resources', not found
file or directory 'D:\KushwahaHardware\app\src\testDebug\resources', not found
file or directory 'D:\KushwahaHardware\app\src\test\resources', not found
file or directory 'D:\KushwahaHardware\app\src\testDebug\resources', not found
Caching disabled for task ':app:processDebugUnitTestJavaRes' because:
  Build cache is disabled
  Caching has been disabled for the task
Skipping task ':app:processDebugUnitTestJavaRes' as it is up-to-date.
Resolve mutations for :app:transformDebugUnitTestClassesWithAsm (Thread[Execution worker Thread 2,5,main]) started.
:app:transformDebugUnitTestClassesWithAsm (Thread[Execution worker Thread 2,5,main]) started.

> Task :app:transformDebugUnitTestClassesWithAsm UP-TO-DATE
Transforming mockk-jvm-1.13.9.jar (io.mockk:mockk-jvm:1.13.9) with JetifyTransform
Transforming mockk-jvm-1.13.9.jar (io.mockk:mockk-jvm:1.13.9) with IdentityTransform
Transforming junit-4.13.2.jar (junit:junit:4.13.2) with JetifyTransform
Transforming junit-4.13.2.jar (junit:junit:4.13.2) with IdentityTransform
Transforming kotlinx-coroutines-test-jvm-1.7.3.jar (org.jetbrains.kotlinx:kotlinx-coroutines-test-jvm:1.7.3) with JetifyTransform
Transforming kotlinx-coroutines-test-jvm-1.7.3.jar (org.jetbrains.kotlinx:kotlinx-coroutines-test-jvm:1.7.3) with IdentityTransform
Transforming mockk-dsl-jvm-1.13.9.jar (io.mockk:mockk-dsl-jvm:1.13.9) with JetifyTransform
Transforming mockk-dsl-jvm-1.13.9.jar (io.mockk:mockk-dsl-jvm:1.13.9) with IdentityTransform
Transforming mockk-agent-jvm-1.13.9.jar (io.mockk:mockk-agent-jvm:1.13.9) with JetifyTransform
Transforming mockk-agent-jvm-1.13.9.jar (io.mockk:mockk-agent-jvm:1.13.9) with IdentityTransform
Transforming mockk-agent-api-jvm-1.13.9.jar (io.mockk:mockk-agent-api-jvm:1.13.9) with JetifyTransform
Transforming mockk-agent-api-jvm-1.13.9.jar (io.mockk:mockk-agent-api-jvm:1.13.9) with IdentityTransform
Transforming mockk-core-jvm-1.13.9.jar (io.mockk:mockk-core-jvm:1.13.9) with JetifyTransform
Transforming mockk-core-jvm-1.13.9.jar (io.mockk:mockk-core-jvm:1.13.9) with IdentityTransform
Transforming kotlin-reflect-1.9.10.jar (org.jetbrains.kotlin:kotlin-reflect:1.9.10) with JetifyTransform
Transforming kotlin-reflect-1.9.10.jar (org.jetbrains.kotlin:kotlin-reflect:1.9.10) with IdentityTransform
Transforming hamcrest-core-1.3.jar (org.hamcrest:hamcrest-core:1.3) with JetifyTransform
Transforming hamcrest-core-1.3.jar (org.hamcrest:hamcrest-core:1.3) with IdentityTransform
Transforming junit-jupiter-params-5.8.2.jar (org.junit.jupiter:junit-jupiter-params:5.8.2) with JetifyTransform
Transforming junit-jupiter-params-5.8.2.jar (org.junit.jupiter:junit-jupiter-params:5.8.2) with IdentityTransform
Transforming junit-jupiter-engine-5.8.2.jar (org.junit.jupiter:junit-jupiter-engine:5.8.2) with JetifyTransform
Transforming junit-jupiter-engine-5.8.2.jar (org.junit.jupiter:junit-jupiter-engine:5.8.2) with IdentityTransform
Transforming junit-jupiter-api-5.8.2.jar (org.junit.jupiter:junit-jupiter-api:5.8.2) with JetifyTransform
Transforming junit-jupiter-api-5.8.2.jar (org.junit.jupiter:junit-jupiter-api:5.8.2) with IdentityTransform
Transforming junit-platform-engine-1.8.2.jar (org.junit.platform:junit-platform-engine:1.8.2) with JetifyTransform
Transforming junit-platform-engine-1.8.2.jar (org.junit.platform:junit-platform-engine:1.8.2) with IdentityTransform
Transforming junit-platform-commons-1.8.2.jar (org.junit.platform:junit-platform-commons:1.8.2) with JetifyTransform
Transforming junit-platform-commons-1.8.2.jar (org.junit.platform:junit-platform-commons:1.8.2) with IdentityTransform
Transforming junit-jupiter-5.8.2.jar (org.junit.jupiter:junit-jupiter:5.8.2) with JetifyTransform
Transforming junit-jupiter-5.8.2.jar (org.junit.jupiter:junit-jupiter:5.8.2) with IdentityTransform
Transforming objenesis-3.3.jar (org.objenesis:objenesis:3.3) with JetifyTransform
Transforming objenesis-3.3.jar (org.objenesis:objenesis:3.3) with IdentityTransform
Transforming byte-buddy-1.14.6.jar (net.bytebuddy:byte-buddy:1.14.6) with JetifyTransform
Transforming byte-buddy-1.14.6.jar (net.bytebuddy:byte-buddy:1.14.6) with IdentityTransform
Transforming byte-buddy-agent-1.14.6.jar (net.bytebuddy:byte-buddy-agent:1.14.6) with JetifyTransform
Transforming byte-buddy-agent-1.14.6.jar (net.bytebuddy:byte-buddy-agent:1.14.6) with IdentityTransform
Transforming opentest4j-1.2.0.jar (org.opentest4j:opentest4j:1.2.0) with JetifyTransform
Transforming opentest4j-1.2.0.jar (org.opentest4j:opentest4j:1.2.0) with IdentityTransform
Caching disabled for task ':app:transformDebugUnitTestClassesWithAsm' because:
  Build cache is disabled
Skipping task ':app:transformDebugUnitTestClassesWithAsm' as it is up-to-date.
Resolve mutations for :app:testDebugUnitTest (Thread[included builds,5,main]) started.
:app:testDebugUnitTest (Thread[included builds,5,main]) started.

> Task :app:testDebugUnitTest UP-TO-DATE
Transforming mockk-jvm-1.13.9.jar (io.mockk:mockk-jvm:1.13.9) with JetifyTransform
Transforming mockk-jvm-1.13.9.jar (io.mockk:mockk-jvm:1.13.9) with IdentityTransform
Transforming junit-4.13.2.jar (junit:junit:4.13.2) with JetifyTransform
Transforming junit-4.13.2.jar (junit:junit:4.13.2) with IdentityTransform
Transforming room-common-2.6.1.jar (androidx.room:room-common:2.6.1) with JetifyTransform
Transforming room-common-2.6.1.jar (androidx.room:room-common:2.6.1) with IdentityTransform
Transforming room-runtime-2.6.1.aar (androidx.room:room-runtime:2.6.1) with JetifyTransform
Transforming room-runtime-2.6.1.aar (androidx.room:room-runtime:2.6.1) with ExtractAarTransform
Transforming room-runtime-2.6.1.aar (androidx.room:room-runtime:2.6.1) with AarTransform
Transforming room-ktx-2.6.1.aar (androidx.room:room-ktx:2.6.1) with JetifyTransform
Transforming room-ktx-2.6.1.aar (androidx.room:room-ktx:2.6.1) with ExtractAarTransform
Transforming room-ktx-2.6.1.aar (androidx.room:room-ktx:2.6.1) with AarTransform
Transforming hilt-navigation-compose-1.1.0.aar (androidx.hilt:hilt-navigation-compose:1.1.0) with JetifyTransform
Transforming hilt-navigation-compose-1.1.0.aar (androidx.hilt:hilt-navigation-compose:1.1.0) with ExtractAarTransform
Transforming hilt-navigation-compose-1.1.0.aar (androidx.hilt:hilt-navigation-compose:1.1.0) with AarTransform
Transforming hilt-navigation-1.1.0.aar (androidx.hilt:hilt-navigation:1.1.0) with JetifyTransform
Transforming hilt-navigation-1.1.0.aar (androidx.hilt:hilt-navigation:1.1.0) with ExtractAarTransform
Transforming hilt-navigation-1.1.0.aar (androidx.hilt:hilt-navigation:1.1.0) with AarTransform
Transforming navigation-common-2.7.6.aar (androidx.navigation:navigation-common:2.7.6) with JetifyTransform
Transforming navigation-common-2.7.6.aar (androidx.navigation:navigation-common:2.7.6) with ExtractAarTransform
Transforming navigation-common-2.7.6.aar (androidx.navigation:navigation-common:2.7.6) with AarTransform
Transforming navigation-runtime-2.7.6.aar (androidx.navigation:navigation-runtime:2.7.6) with JetifyTransform
Transforming navigation-runtime-2.7.6.aar (androidx.navigation:navigation-runtime:2.7.6) with ExtractAarTransform
Transforming navigation-runtime-2.7.6.aar (androidx.navigation:navigation-runtime:2.7.6) with AarTransform
Transforming navigation-common-ktx-2.7.6.aar (androidx.navigation:navigation-common-ktx:2.7.6) with JetifyTransform
Transforming navigation-common-ktx-2.7.6.aar (androidx.navigation:navigation-common-ktx:2.7.6) with ExtractAarTransform
Transforming navigation-common-ktx-2.7.6.aar (androidx.navigation:navigation-common-ktx:2.7.6) with AarTransform
Transforming navigation-fragment-2.7.6.aar (androidx.navigation:navigation-fragment:2.7.6) with JetifyTransform
Transforming navigation-fragment-2.7.6.aar (androidx.navigation:navigation-fragment:2.7.6) with ExtractAarTransform
Transforming navigation-fragment-2.7.6.aar (androidx.navigation:navigation-fragment:2.7.6) with AarTransform
Transforming navigation-runtime-ktx-2.7.6.aar (androidx.navigation:navigation-runtime-ktx:2.7.6) with JetifyTransform
Transforming navigation-runtime-ktx-2.7.6.aar (androidx.navigation:navigation-runtime-ktx:2.7.6) with ExtractAarTransform
Transforming navigation-runtime-ktx-2.7.6.aar (androidx.navigation:navigation-runtime-ktx:2.7.6) with AarTransform
Transforming navigation-fragment-ktx-2.7.6.aar (androidx.navigation:navigation-fragment-ktx:2.7.6) with JetifyTransform
Transforming navigation-fragment-ktx-2.7.6.aar (androidx.navigation:navigation-fragment-ktx:2.7.6) with ExtractAarTransform
Transforming navigation-fragment-ktx-2.7.6.aar (androidx.navigation:navigation-fragment-ktx:2.7.6) with AarTransform
Transforming navigation-compose-2.7.6.aar (androidx.navigation:navigation-compose:2.7.6) with JetifyTransform
Transforming navigation-compose-2.7.6.aar (androidx.navigation:navigation-compose:2.7.6) with ExtractAarTransform
Transforming navigation-compose-2.7.6.aar (androidx.navigation:navigation-compose:2.7.6) with AarTransform
Transforming navigation-ui-ktx-2.7.6.aar (androidx.navigation:navigation-ui-ktx:2.7.6) with JetifyTransform
Transforming navigation-ui-ktx-2.7.6.aar (androidx.navigation:navigation-ui-ktx:2.7.6) with ExtractAarTransform
Transforming navigation-ui-ktx-2.7.6.aar (androidx.navigation:navigation-ui-ktx:2.7.6) with AarTransform
Transforming navigation-ui-2.7.6.aar (androidx.navigation:navigation-ui:2.7.6) with JetifyTransform
Transforming navigation-ui-2.7.6.aar (androidx.navigation:navigation-ui:2.7.6) with ExtractAarTransform
Transforming navigation-ui-2.7.6.aar (androidx.navigation:navigation-ui:2.7.6) with AarTransform
Transforming material-1.11.0.aar (com.google.android.material:material:1.11.0) with JetifyTransform
Transforming material-1.11.0.aar (com.google.android.material:material:1.11.0) with ExtractAarTransform
Transforming material-1.11.0.aar (com.google.android.material:material:1.11.0) with AarTransform
Transforming constraintlayout-2.1.4.aar (androidx.constraintlayout:constraintlayout:2.1.4) with JetifyTransform
Transforming constraintlayout-2.1.4.aar (androidx.constraintlayout:constraintlayout:2.1.4) with ExtractAarTransform
Transforming constraintlayout-2.1.4.aar (androidx.constraintlayout:constraintlayout:2.1.4) with AarTransform
Transforming biometric-1.1.0.aar (androidx.biometric:biometric:1.1.0) with JetifyTransform
Transforming biometric-1.1.0.aar (androidx.biometric:biometric:1.1.0) with ExtractAarTransform
Transforming biometric-1.1.0.aar (androidx.biometric:biometric:1.1.0) with AarTransform
Transforming camera-video-1.3.1.aar (androidx.camera:camera-video:1.3.1) with JetifyTransform
Transforming camera-video-1.3.1.aar (androidx.camera:camera-video:1.3.1) with ExtractAarTransform
Transforming camera-video-1.3.1.aar (androidx.camera:camera-video:1.3.1) with AarTransform
Transforming camera-lifecycle-1.3.1.aar (androidx.camera:camera-lifecycle:1.3.1) with JetifyTransform
Transforming camera-lifecycle-1.3.1.aar (androidx.camera:camera-lifecycle:1.3.1) with ExtractAarTransform
Transforming camera-lifecycle-1.3.1.aar (androidx.camera:camera-lifecycle:1.3.1) with AarTransform
Transforming camera-camera2-1.3.1.aar (androidx.camera:camera-camera2:1.3.1) with JetifyTransform
Transforming camera-camera2-1.3.1.aar (androidx.camera:camera-camera2:1.3.1) with ExtractAarTransform
Transforming camera-camera2-1.3.1.aar (androidx.camera:camera-camera2:1.3.1) with AarTransform
Transforming camera-core-1.3.1.aar (androidx.camera:camera-core:1.3.1) with JetifyTransform
Transforming camera-core-1.3.1.aar (androidx.camera:camera-core:1.3.1) with ExtractAarTransform
Transforming camera-core-1.3.1.aar (androidx.camera:camera-core:1.3.1) with AarTransform
Transforming camera-view-1.3.1.aar (androidx.camera:camera-view:1.3.1) with JetifyTransform
Transforming camera-view-1.3.1.aar (androidx.camera:camera-view:1.3.1) with ExtractAarTransform
Transforming camera-view-1.3.1.aar (androidx.camera:camera-view:1.3.1) with AarTransform
Transforming coil-compose-2.5.0.aar (io.coil-kt:coil-compose:2.5.0) with JetifyTransform
Transforming coil-compose-2.5.0.aar (io.coil-kt:coil-compose:2.5.0) with ExtractAarTransform
Transforming coil-compose-2.5.0.aar (io.coil-kt:coil-compose:2.5.0) with AarTransform
Transforming coil-compose-base-2.5.0.aar (io.coil-kt:coil-compose-base:2.5.0) with JetifyTransform
Transforming coil-compose-base-2.5.0.aar (io.coil-kt:coil-compose-base:2.5.0) with ExtractAarTransform
Transforming coil-compose-base-2.5.0.aar (io.coil-kt:coil-compose-base:2.5.0) with AarTransform
Transforming coil-2.5.0.aar (io.coil-kt:coil:2.5.0) with JetifyTransform
Transforming coil-2.5.0.aar (io.coil-kt:coil:2.5.0) with ExtractAarTransform
Transforming coil-2.5.0.aar (io.coil-kt:coil:2.5.0) with AarTransform
Transforming coil-base-2.5.0.aar (io.coil-kt:coil-base:2.5.0) with JetifyTransform
Transforming coil-base-2.5.0.aar (io.coil-kt:coil-base:2.5.0) with ExtractAarTransform
Transforming coil-base-2.5.0.aar (io.coil-kt:coil-base:2.5.0) with AarTransform
Transforming appcompat-resources-1.6.1.aar (androidx.appcompat:appcompat-resources:1.6.1) with JetifyTransform
Transforming appcompat-resources-1.6.1.aar (androidx.appcompat:appcompat-resources:1.6.1) with ExtractAarTransform
Transforming appcompat-resources-1.6.1.aar (androidx.appcompat:appcompat-resources:1.6.1) with AarTransform
Transforming play-services-mlkit-barcode-scanning-18.3.1.aar (com.google.android.gms:play-services-mlkit-barcode-scanning:18.3.1) with JetifyTransform
Transforming play-services-mlkit-barcode-scanning-18.3.1.aar (com.google.android.gms:play-services-mlkit-barcode-scanning:18.3.1) with ExtractAarTransform
Transforming play-services-mlkit-barcode-scanning-18.3.1.aar (com.google.android.gms:play-services-mlkit-barcode-scanning:18.3.1) with AarTransform
Transforming barcode-scanning-common-17.0.0.aar (com.google.mlkit:barcode-scanning-common:17.0.0) with JetifyTransform
Transforming barcode-scanning-common-17.0.0.aar (com.google.mlkit:barcode-scanning-common:17.0.0) with ExtractAarTransform
Transforming barcode-scanning-common-17.0.0.aar (com.google.mlkit:barcode-scanning-common:17.0.0) with AarTransform
Transforming vision-common-17.3.0.aar (com.google.mlkit:vision-common:17.3.0) with JetifyTransform
Transforming vision-common-17.3.0.aar (com.google.mlkit:vision-common:17.3.0) with ExtractAarTransform
Transforming vision-common-17.3.0.aar (com.google.mlkit:vision-common:17.3.0) with AarTransform
Transforming vision-common-17.3.0.aar (com.google.mlkit:vision-common:17.3.0) with JetifyTransform
Transforming vision-common-17.3.0.aar (com.google.mlkit:vision-common:17.3.0) with ExtractAarTransform
Transforming vision-common-17.3.0.aar (com.google.mlkit:vision-common:17.3.0) with AarTransform
Transforming common-18.11.0.aar (com.google.mlkit:common:18.11.0) with JetifyTransform
Transforming common-18.11.0.aar (com.google.mlkit:common:18.11.0) with ExtractAarTransform
Transforming common-18.11.0.aar (com.google.mlkit:common:18.11.0) with AarTransform
Transforming common-18.11.0.aar (com.google.mlkit:common:18.11.0) with JetifyTransform
Transforming common-18.11.0.aar (com.google.mlkit:common:18.11.0) with ExtractAarTransform
Transforming common-18.11.0.aar (com.google.mlkit:common:18.11.0) with AarTransform
Transforming appcompat-1.6.1.aar (androidx.appcompat:appcompat:1.6.1) with JetifyTransform
Transforming appcompat-1.6.1.aar (androidx.appcompat:appcompat:1.6.1) with ExtractAarTransform
Transforming appcompat-1.6.1.aar (androidx.appcompat:appcompat:1.6.1) with AarTransform
Transforming appcompat-1.6.1.aar (androidx.appcompat:appcompat:1.6.1) with JetifyTransform
Transforming appcompat-1.6.1.aar (androidx.appcompat:appcompat:1.6.1) with ExtractAarTransform
Transforming appcompat-1.6.1.aar (androidx.appcompat:appcompat:1.6.1) with AarTransform
Transforming hilt-android-2.48.aar (com.google.dagger:hilt-android:2.48) with JetifyTransform
Transforming hilt-android-2.48.aar (com.google.dagger:hilt-android:2.48) with ExtractAarTransform
Transforming hilt-android-2.48.aar (com.google.dagger:hilt-android:2.48) with AarTransform
Transforming material3-release.aar (androidx.compose.material3:material3-android:1.2.0) with JetifyTransform
Transforming material3-release.aar (androidx.compose.material3:material3-android:1.2.0) with ExtractAarTransform
Transforming material3-release.aar (androidx.compose.material3:material3-android:1.2.0) with AarTransform
Transforming material-release.aar (androidx.compose.material:material-android:1.6.1) with JetifyTransform
Transforming material-release.aar (androidx.compose.material:material-android:1.6.1) with ExtractAarTransform
Transforming material-release.aar (androidx.compose.material:material-android:1.6.1) with AarTransform
Transforming material-icons-core-release.aar (androidx.compose.material:material-icons-core-android:1.6.1) with JetifyTransform
Transforming material-icons-core-release.aar (androidx.compose.material:material-icons-core-android:1.6.1) with ExtractAarTransform
Transforming material-icons-core-release.aar (androidx.compose.material:material-icons-core-android:1.6.1) with AarTransform
Transforming material-icons-extended-release.aar (androidx.compose.material:material-icons-extended-android:1.6.1) with JetifyTransform
Transforming material-icons-extended-release.aar (androidx.compose.material:material-icons-extended-android:1.6.1) with ExtractAarTransform
Transforming material-icons-extended-release.aar (androidx.compose.material:material-icons-extended-android:1.6.1) with AarTransform
Transforming material-ripple-release.aar (androidx.compose.material:material-ripple-android:1.6.1) with JetifyTransform
Transforming material-ripple-release.aar (androidx.compose.material:material-ripple-android:1.6.1) with ExtractAarTransform
Transforming material-ripple-release.aar (androidx.compose.material:material-ripple-android:1.6.1) with AarTransform
Transforming animation-core-release.aar (androidx.compose.animation:animation-core-android:1.6.1) with JetifyTransform
Transforming animation-core-release.aar (androidx.compose.animation:animation-core-android:1.6.1) with ExtractAarTransform
Transforming animation-core-release.aar (androidx.compose.animation:animation-core-android:1.6.1) with AarTransform
Transforming animation-release.aar (androidx.compose.animation:animation-android:1.6.1) with JetifyTransform
Transforming animation-release.aar (androidx.compose.animation:animation-android:1.6.1) with ExtractAarTransform
Transforming animation-release.aar (androidx.compose.animation:animation-android:1.6.1) with AarTransform
Transforming foundation-layout-release.aar (androidx.compose.foundation:foundation-layout-android:1.6.1) with JetifyTransform
Transforming foundation-layout-release.aar (androidx.compose.foundation:foundation-layout-android:1.6.1) with ExtractAarTransform
Transforming foundation-layout-release.aar (androidx.compose.foundation:foundation-layout-android:1.6.1) with AarTransform
Transforming foundation-release.aar (androidx.compose.foundation:foundation-android:1.6.1) with JetifyTransform
Transforming foundation-release.aar (androidx.compose.foundation:foundation-android:1.6.1) with ExtractAarTransform
Transforming foundation-release.aar (androidx.compose.foundation:foundation-android:1.6.1) with AarTransform
Transforming ui-tooling-data-release.aar (androidx.compose.ui:ui-tooling-data-android:1.6.1) with JetifyTransform
Transforming ui-tooling-data-release.aar (androidx.compose.ui:ui-tooling-data-android:1.6.1) with ExtractAarTransform
Transforming ui-tooling-data-release.aar (androidx.compose.ui:ui-tooling-data-android:1.6.1) with AarTransform
Transforming ui-unit-release.aar (androidx.compose.ui:ui-unit-android:1.6.1) with JetifyTransform
Transforming ui-unit-release.aar (androidx.compose.ui:ui-unit-android:1.6.1) with ExtractAarTransform
Transforming ui-unit-release.aar (androidx.compose.ui:ui-unit-android:1.6.1) with AarTransform
Transforming ui-geometry-release.aar (androidx.compose.ui:ui-geometry-android:1.6.1) with JetifyTransform
Transforming ui-geometry-release.aar (androidx.compose.ui:ui-geometry-android:1.6.1) with ExtractAarTransform
Transforming ui-geometry-release.aar (androidx.compose.ui:ui-geometry-android:1.6.1) with AarTransform
Transforming ui-util-release.aar (androidx.compose.ui:ui-util-android:1.6.1) with JetifyTransform
Transforming ui-util-release.aar (androidx.compose.ui:ui-util-android:1.6.1) with ExtractAarTransform
Transforming ui-util-release.aar (androidx.compose.ui:ui-util-android:1.6.1) with AarTransform
Transforming ui-text-release.aar (androidx.compose.ui:ui-text-android:1.6.1) with JetifyTransform
Transforming ui-text-release.aar (androidx.compose.ui:ui-text-android:1.6.1) with ExtractAarTransform
Transforming ui-text-release.aar (androidx.compose.ui:ui-text-android:1.6.1) with AarTransform
Transforming ui-tooling-preview-release.aar (androidx.compose.ui:ui-tooling-preview-android:1.6.1) with JetifyTransform
Transforming ui-tooling-preview-release.aar (androidx.compose.ui:ui-tooling-preview-android:1.6.1) with ExtractAarTransform
Transforming ui-tooling-preview-release.aar (androidx.compose.ui:ui-tooling-preview-android:1.6.1) with AarTransform
Transforming ui-graphics-release.aar (androidx.compose.ui:ui-graphics-android:1.6.1) with JetifyTransform
Transforming ui-graphics-release.aar (androidx.compose.ui:ui-graphics-android:1.6.1) with ExtractAarTransform
Transforming ui-graphics-release.aar (androidx.compose.ui:ui-graphics-android:1.6.1) with AarTransform
Transforming ui-tooling-release.aar (androidx.compose.ui:ui-tooling-android:1.6.1) with JetifyTransform
Transforming ui-tooling-release.aar (androidx.compose.ui:ui-tooling-android:1.6.1) with ExtractAarTransform
Transforming ui-tooling-release.aar (androidx.compose.ui:ui-tooling-android:1.6.1) with AarTransform
Transforming play-services-auth-21.0.0.aar (com.google.android.gms:play-services-auth:21.0.0) with JetifyTransform
Transforming play-services-auth-21.0.0.aar (com.google.android.gms:play-services-auth:21.0.0) with ExtractAarTransform
Transforming play-services-auth-21.0.0.aar (com.google.android.gms:play-services-auth:21.0.0) with AarTransform
Transforming viewpager2-1.0.0.aar (androidx.viewpager2:viewpager2:1.0.0) with JetifyTransform
Transforming viewpager2-1.0.0.aar (androidx.viewpager2:viewpager2:1.0.0) with ExtractAarTransform
Transforming viewpager2-1.0.0.aar (androidx.viewpager2:viewpager2:1.0.0) with AarTransform
Transforming firebase-auth-22.3.1.aar (com.google.firebase:firebase-auth:22.3.1) with JetifyTransform
Transforming firebase-auth-22.3.1.aar (com.google.firebase:firebase-auth:22.3.1) with ExtractAarTransform
Transforming firebase-auth-22.3.1.aar (com.google.firebase:firebase-auth:22.3.1) with AarTransform
Transforming play-services-auth-api-phone-18.0.2.aar (com.google.android.gms:play-services-auth-api-phone:18.0.2) with JetifyTransform
Transforming play-services-auth-api-phone-18.0.2.aar (com.google.android.gms:play-services-auth-api-phone:18.0.2) with ExtractAarTransform
Transforming play-services-auth-api-phone-18.0.2.aar (com.google.android.gms:play-services-auth-api-phone:18.0.2) with AarTransform
Transforming play-services-auth-api-phone-18.0.2.aar (com.google.android.gms:play-services-auth-api-phone:18.0.2) with JetifyTransform
Transforming play-services-auth-api-phone-18.0.2.aar (com.google.android.gms:play-services-auth-api-phone:18.0.2) with ExtractAarTransform
Transforming play-services-auth-api-phone-18.0.2.aar (com.google.android.gms:play-services-auth-api-phone:18.0.2) with AarTransform
Transforming play-services-auth-base-18.0.10.aar (com.google.android.gms:play-services-auth-base:18.0.10) with JetifyTransform
Transforming play-services-auth-base-18.0.10.aar (com.google.android.gms:play-services-auth-base:18.0.10) with ExtractAarTransform
Transforming play-services-auth-base-18.0.10.aar (com.google.android.gms:play-services-auth-base:18.0.10) with AarTransform
Transforming play-services-fido-20.0.1.aar (com.google.android.gms:play-services-fido:20.0.1) with JetifyTransform
Transforming play-services-fido-20.0.1.aar (com.google.android.gms:play-services-fido:20.0.1) with ExtractAarTransform
Transforming play-services-fido-20.0.1.aar (com.google.android.gms:play-services-fido:20.0.1) with AarTransform
Transforming firebase-appcheck-interop-17.0.0.aar (com.google.firebase:firebase-appcheck-interop:17.0.0) with JetifyTransform
Transforming firebase-appcheck-interop-17.0.0.aar (com.google.firebase:firebase-appcheck-interop:17.0.0) with ExtractAarTransform
Transforming firebase-appcheck-interop-17.0.0.aar (com.google.firebase:firebase-appcheck-interop:17.0.0) with AarTransform
Transforming play-services-base-18.5.0.aar (com.google.android.gms:play-services-base:18.5.0) with JetifyTransform
Transforming play-services-base-18.5.0.aar (com.google.android.gms:play-services-base:18.5.0) with ExtractAarTransform
Transforming play-services-base-18.5.0.aar (com.google.android.gms:play-services-base:18.5.0) with AarTransform
Transforming play-services-base-18.5.0.aar (com.google.android.gms:play-services-base:18.5.0) with JetifyTransform
Transforming play-services-base-18.5.0.aar (com.google.android.gms:play-services-base:18.5.0) with ExtractAarTransform
Transforming play-services-base-18.5.0.aar (com.google.android.gms:play-services-base:18.5.0) with AarTransform
Transforming play-services-base-18.5.0.aar (com.google.android.gms:play-services-base:18.5.0) with JetifyTransform
Transforming play-services-base-18.5.0.aar (com.google.android.gms:play-services-base:18.5.0) with ExtractAarTransform
Transforming play-services-base-18.5.0.aar (com.google.android.gms:play-services-base:18.5.0) with AarTransform
Transforming play-services-base-18.5.0.aar (com.google.android.gms:play-services-base:18.5.0) with JetifyTransform
Transforming play-services-base-18.5.0.aar (com.google.android.gms:play-services-base:18.5.0) with ExtractAarTransform
Transforming play-services-base-18.5.0.aar (com.google.android.gms:play-services-base:18.5.0) with AarTransform
Transforming play-services-base-18.5.0.aar (com.google.android.gms:play-services-base:18.5.0) with JetifyTransform
Transforming play-services-base-18.5.0.aar (com.google.android.gms:play-services-base:18.5.0) with ExtractAarTransform
Transforming play-services-base-18.5.0.aar (com.google.android.gms:play-services-base:18.5.0) with AarTransform
Transforming play-services-base-18.5.0.aar (com.google.android.gms:play-services-base:18.5.0) with JetifyTransform
Transforming play-services-base-18.5.0.aar (com.google.android.gms:play-services-base:18.5.0) with ExtractAarTransform
Transforming play-services-base-18.5.0.aar (com.google.android.gms:play-services-base:18.5.0) with AarTransform
Transforming play-services-base-18.5.0.aar (com.google.android.gms:play-services-base:18.5.0) with JetifyTransform
Transforming play-services-base-18.5.0.aar (com.google.android.gms:play-services-base:18.5.0) with ExtractAarTransform
Transforming play-services-base-18.5.0.aar (com.google.android.gms:play-services-base:18.5.0) with AarTransform
Transforming play-services-base-18.5.0.aar (com.google.android.gms:play-services-base:18.5.0) with JetifyTransform
Transforming play-services-base-18.5.0.aar (com.google.android.gms:play-services-base:18.5.0) with ExtractAarTransform
Transforming play-services-base-18.5.0.aar (com.google.android.gms:play-services-base:18.5.0) with AarTransform
Transforming vision-interfaces-16.3.0.aar (com.google.mlkit:vision-interfaces:16.3.0) with JetifyTransform
Transforming vision-interfaces-16.3.0.aar (com.google.mlkit:vision-interfaces:16.3.0) with ExtractAarTransform
Transforming vision-interfaces-16.3.0.aar (com.google.mlkit:vision-interfaces:16.3.0) with AarTransform
Transforming recaptcha-18.4.0.aar (com.google.android.recaptcha:recaptcha:18.4.0) with JetifyTransform
Transforming recaptcha-18.4.0.aar (com.google.android.recaptcha:recaptcha:18.4.0) with ExtractAarTransform
Transforming recaptcha-18.4.0.aar (com.google.android.recaptcha:recaptcha:18.4.0) with AarTransform
Transforming integrity-1.2.0.aar (com.google.android.play:integrity:1.2.0) with JetifyTransform
Transforming integrity-1.2.0.aar (com.google.android.play:integrity:1.2.0) with ExtractAarTransform
Transforming integrity-1.2.0.aar (com.google.android.play:integrity:1.2.0) with AarTransform
Transforming integrity-1.2.0.aar (com.google.android.play:integrity:1.2.0) with JetifyTransform
Transforming integrity-1.2.0.aar (com.google.android.play:integrity:1.2.0) with ExtractAarTransform
Transforming integrity-1.2.0.aar (com.google.android.play:integrity:1.2.0) with AarTransform
Transforming firebase-auth-interop-20.0.0.aar (com.google.firebase:firebase-auth-interop:20.0.0) with JetifyTransform
Transforming firebase-auth-interop-20.0.0.aar (com.google.firebase:firebase-auth-interop:20.0.0) with ExtractAarTransform
Transforming firebase-auth-interop-20.0.0.aar (com.google.firebase:firebase-auth-interop:20.0.0) with AarTransform
Transforming firebase-common-ktx-20.4.2.aar (com.google.firebase:firebase-common-ktx:20.4.2) with JetifyTransform
Transforming firebase-common-ktx-20.4.2.aar (com.google.firebase:firebase-common-ktx:20.4.2) with ExtractAarTransform
Transforming firebase-common-ktx-20.4.2.aar (com.google.firebase:firebase-common-ktx:20.4.2) with AarTransform
Transforming firebase-common-20.4.2.aar (com.google.firebase:firebase-common:20.4.2) with JetifyTransform
Transforming firebase-common-20.4.2.aar (com.google.firebase:firebase-common:20.4.2) with ExtractAarTransform
Transforming firebase-common-20.4.2.aar (com.google.firebase:firebase-common:20.4.2) with AarTransform
Transforming firebase-common-20.4.2.aar (com.google.firebase:firebase-common:20.4.2) with JetifyTransform
Transforming firebase-common-20.4.2.aar (com.google.firebase:firebase-common:20.4.2) with ExtractAarTransform
Transforming firebase-common-20.4.2.aar (com.google.firebase:firebase-common:20.4.2) with AarTransform
Transforming firebase-common-20.4.2.aar (com.google.firebase:firebase-common:20.4.2) with JetifyTransform
Transforming firebase-common-20.4.2.aar (com.google.firebase:firebase-common:20.4.2) with ExtractAarTransform
Transforming firebase-common-20.4.2.aar (com.google.firebase:firebase-common:20.4.2) with AarTransform
Transforming kotlinx-coroutines-play-services-1.7.3.jar (org.jetbrains.kotlinx:kotlinx-coroutines-play-services:1.7.3) with JetifyTransform
Transforming kotlinx-coroutines-play-services-1.7.3.jar (org.jetbrains.kotlinx:kotlinx-coroutines-play-services:1.7.3) with IdentityTransform
Transforming play-services-tasks-18.2.0.aar (com.google.android.gms:play-services-tasks:18.2.0) with JetifyTransform
Transforming play-services-tasks-18.2.0.aar (com.google.android.gms:play-services-tasks:18.2.0) with ExtractAarTransform
Transforming play-services-tasks-18.2.0.aar (com.google.android.gms:play-services-tasks:18.2.0) with AarTransform
Transforming play-services-tasks-18.2.0.aar (com.google.android.gms:play-services-tasks:18.2.0) with JetifyTransform
Transforming play-services-tasks-18.2.0.aar (com.google.android.gms:play-services-tasks:18.2.0) with ExtractAarTransform
Transforming play-services-tasks-18.2.0.aar (com.google.android.gms:play-services-tasks:18.2.0) with AarTransform
Transforming play-services-tasks-18.2.0.aar (com.google.android.gms:play-services-tasks:18.2.0) with JetifyTransform
Transforming play-services-tasks-18.2.0.aar (com.google.android.gms:play-services-tasks:18.2.0) with ExtractAarTransform
Transforming play-services-tasks-18.2.0.aar (com.google.android.gms:play-services-tasks:18.2.0) with AarTransform
Transforming play-services-tasks-18.2.0.aar (com.google.android.gms:play-services-tasks:18.2.0) with JetifyTransform
Transforming play-services-tasks-18.2.0.aar (com.google.android.gms:play-services-tasks:18.2.0) with ExtractAarTransform
Transforming play-services-tasks-18.2.0.aar (com.google.android.gms:play-services-tasks:18.2.0) with AarTransform
Transforming play-services-tasks-18.2.0.aar (com.google.android.gms:play-services-tasks:18.2.0) with JetifyTransform
Transforming play-services-tasks-18.2.0.aar (com.google.android.gms:play-services-tasks:18.2.0) with ExtractAarTransform
Transforming play-services-tasks-18.2.0.aar (com.google.android.gms:play-services-tasks:18.2.0) with AarTransform
Transforming play-services-tasks-18.2.0.aar (com.google.android.gms:play-services-tasks:18.2.0) with JetifyTransform
Transforming play-services-tasks-18.2.0.aar (com.google.android.gms:play-services-tasks:18.2.0) with ExtractAarTransform
Transforming play-services-tasks-18.2.0.aar (com.google.android.gms:play-services-tasks:18.2.0) with AarTransform
Transforming play-services-tasks-18.2.0.aar (com.google.android.gms:play-services-tasks:18.2.0) with JetifyTransform
Transforming play-services-tasks-18.2.0.aar (com.google.android.gms:play-services-tasks:18.2.0) with ExtractAarTransform
Transforming play-services-tasks-18.2.0.aar (com.google.android.gms:play-services-tasks:18.2.0) with AarTransform
Transforming play-services-tasks-18.2.0.aar (com.google.android.gms:play-services-tasks:18.2.0) with JetifyTransform
Transforming play-services-tasks-18.2.0.aar (com.google.android.gms:play-services-tasks:18.2.0) with ExtractAarTransform
Transforming play-services-tasks-18.2.0.aar (com.google.android.gms:play-services-tasks:18.2.0) with AarTransform
Transforming play-services-tasks-18.2.0.aar (com.google.android.gms:play-services-tasks:18.2.0) with JetifyTransform
Transforming play-services-tasks-18.2.0.aar (com.google.android.gms:play-services-tasks:18.2.0) with ExtractAarTransform
Transforming play-services-tasks-18.2.0.aar (com.google.android.gms:play-services-tasks:18.2.0) with AarTransform
Transforming play-services-tasks-18.2.0.aar (com.google.android.gms:play-services-tasks:18.2.0) with JetifyTransform
Transforming play-services-tasks-18.2.0.aar (com.google.android.gms:play-services-tasks:18.2.0) with ExtractAarTransform
Transforming play-services-tasks-18.2.0.aar (com.google.android.gms:play-services-tasks:18.2.0) with AarTransform
Transforming play-services-tasks-18.2.0.aar (com.google.android.gms:play-services-tasks:18.2.0) with JetifyTransform
Transforming play-services-tasks-18.2.0.aar (com.google.android.gms:play-services-tasks:18.2.0) with ExtractAarTransform
Transforming play-services-tasks-18.2.0.aar (com.google.android.gms:play-services-tasks:18.2.0) with AarTransform
Transforming play-services-tasks-18.2.0.aar (com.google.android.gms:play-services-tasks:18.2.0) with JetifyTransform
Transforming play-services-tasks-18.2.0.aar (com.google.android.gms:play-services-tasks:18.2.0) with ExtractAarTransform
Transforming play-services-tasks-18.2.0.aar (com.google.android.gms:play-services-tasks:18.2.0) with AarTransform
Transforming play-services-tasks-18.2.0.aar (com.google.android.gms:play-services-tasks:18.2.0) with JetifyTransform
Transforming play-services-tasks-18.2.0.aar (com.google.android.gms:play-services-tasks:18.2.0) with ExtractAarTransform
Transforming play-services-tasks-18.2.0.aar (com.google.android.gms:play-services-tasks:18.2.0) with AarTransform
Transforming play-services-tasks-18.2.0.aar (com.google.android.gms:play-services-tasks:18.2.0) with JetifyTransform
Transforming play-services-tasks-18.2.0.aar (com.google.android.gms:play-services-tasks:18.2.0) with ExtractAarTransform
Transforming play-services-tasks-18.2.0.aar (com.google.android.gms:play-services-tasks:18.2.0) with AarTransform
Transforming play-services-tasks-18.2.0.aar (com.google.android.gms:play-services-tasks:18.2.0) with JetifyTransform
Transforming play-services-tasks-18.2.0.aar (com.google.android.gms:play-services-tasks:18.2.0) with ExtractAarTransform
Transforming play-services-tasks-18.2.0.aar (com.google.android.gms:play-services-tasks:18.2.0) with AarTransform
Transforming play-services-tasks-18.2.0.aar (com.google.android.gms:play-services-tasks:18.2.0) with JetifyTransform
Transforming play-services-tasks-18.2.0.aar (com.google.android.gms:play-services-tasks:18.2.0) with ExtractAarTransform
Transforming play-services-tasks-18.2.0.aar (com.google.android.gms:play-services-tasks:18.2.0) with AarTransform
Transforming play-services-basement-18.4.0.aar (com.google.android.gms:play-services-basement:18.4.0) with JetifyTransform
Transforming play-services-basement-18.4.0.aar (com.google.android.gms:play-services-basement:18.4.0) with ExtractAarTransform
Transforming play-services-basement-18.4.0.aar (com.google.android.gms:play-services-basement:18.4.0) with AarTransform
Transforming play-services-basement-18.4.0.aar (com.google.android.gms:play-services-basement:18.4.0) with JetifyTransform
Transforming play-services-basement-18.4.0.aar (com.google.android.gms:play-services-basement:18.4.0) with ExtractAarTransform
Transforming play-services-basement-18.4.0.aar (com.google.android.gms:play-services-basement:18.4.0) with AarTransform
Transforming play-services-basement-18.4.0.aar (com.google.android.gms:play-services-basement:18.4.0) with JetifyTransform
Transforming play-services-basement-18.4.0.aar (com.google.android.gms:play-services-basement:18.4.0) with ExtractAarTransform
Transforming play-services-basement-18.4.0.aar (com.google.android.gms:play-services-basement:18.4.0) with AarTransform
Transforming play-services-basement-18.4.0.aar (com.google.android.gms:play-services-basement:18.4.0) with JetifyTransform
Transforming play-services-basement-18.4.0.aar (com.google.android.gms:play-services-basement:18.4.0) with ExtractAarTransform
Transforming play-services-basement-18.4.0.aar (com.google.android.gms:play-services-basement:18.4.0) with AarTransform
Transforming play-services-basement-18.4.0.aar (com.google.android.gms:play-services-basement:18.4.0) with JetifyTransform
Transforming play-services-basement-18.4.0.aar (com.google.android.gms:play-services-basement:18.4.0) with ExtractAarTransform
Transforming play-services-basement-18.4.0.aar (com.google.android.gms:play-services-basement:18.4.0) with AarTransform
Transforming play-services-basement-18.4.0.aar (com.google.android.gms:play-services-basement:18.4.0) with JetifyTransform
Transforming play-services-basement-18.4.0.aar (com.google.android.gms:play-services-basement:18.4.0) with ExtractAarTransform
Transforming play-services-basement-18.4.0.aar (com.google.android.gms:play-services-basement:18.4.0) with AarTransform
Transforming play-services-basement-18.4.0.aar (com.google.android.gms:play-services-basement:18.4.0) with JetifyTransform
Transforming play-services-basement-18.4.0.aar (com.google.android.gms:play-services-basement:18.4.0) with ExtractAarTransform
Transforming play-services-basement-18.4.0.aar (com.google.android.gms:play-services-basement:18.4.0) with AarTransform
Transforming play-services-basement-18.4.0.aar (com.google.android.gms:play-services-basement:18.4.0) with JetifyTransform
Transforming play-services-basement-18.4.0.aar (com.google.android.gms:play-services-basement:18.4.0) with ExtractAarTransform
Transforming play-services-basement-18.4.0.aar (com.google.android.gms:play-services-basement:18.4.0) with AarTransform
Transforming play-services-basement-18.4.0.aar (com.google.android.gms:play-services-basement:18.4.0) with JetifyTransform
Transforming play-services-basement-18.4.0.aar (com.google.android.gms:play-services-basement:18.4.0) with ExtractAarTransform
Transforming play-services-basement-18.4.0.aar (com.google.android.gms:play-services-basement:18.4.0) with AarTransform
Transforming play-services-basement-18.4.0.aar (com.google.android.gms:play-services-basement:18.4.0) with JetifyTransform
Transforming play-services-basement-18.4.0.aar (com.google.android.gms:play-services-basement:18.4.0) with ExtractAarTransform
Transforming play-services-basement-18.4.0.aar (com.google.android.gms:play-services-basement:18.4.0) with AarTransform
Transforming play-services-basement-18.4.0.aar (com.google.android.gms:play-services-basement:18.4.0) with JetifyTransform
Transforming play-services-basement-18.4.0.aar (com.google.android.gms:play-services-basement:18.4.0) with ExtractAarTransform
Transforming play-services-basement-18.4.0.aar (com.google.android.gms:play-services-basement:18.4.0) with AarTransform
Transforming play-services-basement-18.4.0.aar (com.google.android.gms:play-services-basement:18.4.0) with JetifyTransform
Transforming play-services-basement-18.4.0.aar (com.google.android.gms:play-services-basement:18.4.0) with ExtractAarTransform
Transforming play-services-basement-18.4.0.aar (com.google.android.gms:play-services-basement:18.4.0) with AarTransform
Transforming play-services-basement-18.4.0.aar (com.google.android.gms:play-services-basement:18.4.0) with JetifyTransform
Transforming play-services-basement-18.4.0.aar (com.google.android.gms:play-services-basement:18.4.0) with ExtractAarTransform
Transforming play-services-basement-18.4.0.aar (com.google.android.gms:play-services-basement:18.4.0) with AarTransform
Transforming play-services-basement-18.4.0.aar (com.google.android.gms:play-services-basement:18.4.0) with JetifyTransform
Transforming play-services-basement-18.4.0.aar (com.google.android.gms:play-services-basement:18.4.0) with ExtractAarTransform
Transforming play-services-basement-18.4.0.aar (com.google.android.gms:play-services-basement:18.4.0) with AarTransform
Transforming play-services-basement-18.4.0.aar (com.google.android.gms:play-services-basement:18.4.0) with JetifyTransform
Transforming play-services-basement-18.4.0.aar (com.google.android.gms:play-services-basement:18.4.0) with ExtractAarTransform
Transforming play-services-basement-18.4.0.aar (com.google.android.gms:play-services-basement:18.4.0) with AarTransform
Transforming play-services-basement-18.4.0.aar (com.google.android.gms:play-services-basement:18.4.0) with JetifyTransform
Transforming play-services-basement-18.4.0.aar (com.google.android.gms:play-services-basement:18.4.0) with ExtractAarTransform
Transforming play-services-basement-18.4.0.aar (com.google.android.gms:play-services-basement:18.4.0) with AarTransform
Transforming fragment-1.6.2.aar (androidx.fragment:fragment:1.6.2) with JetifyTransform
Transforming fragment-1.6.2.aar (androidx.fragment:fragment:1.6.2) with ExtractAarTransform
Transforming fragment-1.6.2.aar (androidx.fragment:fragment:1.6.2) with AarTransform
Transforming fragment-1.6.2.aar (androidx.fragment:fragment:1.6.2) with JetifyTransform
Transforming fragment-1.6.2.aar (androidx.fragment:fragment:1.6.2) with ExtractAarTransform
Transforming fragment-1.6.2.aar (androidx.fragment:fragment:1.6.2) with AarTransform
Transforming fragment-1.6.2.aar (androidx.fragment:fragment:1.6.2) with JetifyTransform
Transforming fragment-1.6.2.aar (androidx.fragment:fragment:1.6.2) with ExtractAarTransform
Transforming fragment-1.6.2.aar (androidx.fragment:fragment:1.6.2) with AarTransform
Transforming fragment-1.6.2.aar (androidx.fragment:fragment:1.6.2) with JetifyTransform
Transforming fragment-1.6.2.aar (androidx.fragment:fragment:1.6.2) with ExtractAarTransform
Transforming fragment-1.6.2.aar (androidx.fragment:fragment:1.6.2) with AarTransform
Transforming fragment-1.6.2.aar (androidx.fragment:fragment:1.6.2) with JetifyTransform
Transforming fragment-1.6.2.aar (androidx.fragment:fragment:1.6.2) with ExtractAarTransform
Transforming fragment-1.6.2.aar (androidx.fragment:fragment:1.6.2) with AarTransform
Transforming fragment-1.6.2.aar (androidx.fragment:fragment:1.6.2) with JetifyTransform
Transforming fragment-1.6.2.aar (androidx.fragment:fragment:1.6.2) with ExtractAarTransform
Transforming fragment-1.6.2.aar (androidx.fragment:fragment:1.6.2) with AarTransform
Transforming fragment-ktx-1.6.2.aar (androidx.fragment:fragment-ktx:1.6.2) with JetifyTransform
Transforming fragment-ktx-1.6.2.aar (androidx.fragment:fragment-ktx:1.6.2) with ExtractAarTransform
Transforming fragment-ktx-1.6.2.aar (androidx.fragment:fragment-ktx:1.6.2) with AarTransform
Transforming savedstate-ktx-1.2.1.aar (androidx.savedstate:savedstate-ktx:1.2.1) with JetifyTransform
Transforming savedstate-ktx-1.2.1.aar (androidx.savedstate:savedstate-ktx:1.2.1) with ExtractAarTransform
Transforming savedstate-ktx-1.2.1.aar (androidx.savedstate:savedstate-ktx:1.2.1) with AarTransform
Transforming savedstate-1.2.1.aar (androidx.savedstate:savedstate:1.2.1) with JetifyTransform
Transforming savedstate-1.2.1.aar (androidx.savedstate:savedstate:1.2.1) with ExtractAarTransform
Transforming savedstate-1.2.1.aar (androidx.savedstate:savedstate:1.2.1) with AarTransform
Transforming dynamicanimation-1.0.0.aar (androidx.dynamicanimation:dynamicanimation:1.0.0) with JetifyTransform
Transforming dynamicanimation-1.0.0.aar (androidx.dynamicanimation:dynamicanimation:1.0.0) with ExtractAarTransform
Transforming dynamicanimation-1.0.0.aar (androidx.dynamicanimation:dynamicanimation:1.0.0) with AarTransform
Transforming legacy-support-core-utils-1.0.0.aar (androidx.legacy:legacy-support-core-utils:1.0.0) with JetifyTransform
Transforming legacy-support-core-utils-1.0.0.aar (androidx.legacy:legacy-support-core-utils:1.0.0) with ExtractAarTransform
Transforming legacy-support-core-utils-1.0.0.aar (androidx.legacy:legacy-support-core-utils:1.0.0) with AarTransform
Transforming loader-1.1.0.aar (androidx.loader:loader:1.1.0) with JetifyTransform
Transforming loader-1.1.0.aar (androidx.loader:loader:1.1.0) with ExtractAarTransform
Transforming loader-1.1.0.aar (androidx.loader:loader:1.1.0) with AarTransform
Transforming loader-1.1.0.aar (androidx.loader:loader:1.1.0) with JetifyTransform
Transforming loader-1.1.0.aar (androidx.loader:loader:1.1.0) with ExtractAarTransform
Transforming loader-1.1.0.aar (androidx.loader:loader:1.1.0) with AarTransform
Transforming loader-1.1.0.aar (androidx.loader:loader:1.1.0) with JetifyTransform
Transforming loader-1.1.0.aar (androidx.loader:loader:1.1.0) with ExtractAarTransform
Transforming loader-1.1.0.aar (androidx.loader:loader:1.1.0) with AarTransform
Transforming emoji2-views-helper-1.3.0.aar (androidx.emoji2:emoji2-views-helper:1.3.0) with JetifyTransform
Transforming emoji2-views-helper-1.3.0.aar (androidx.emoji2:emoji2-views-helper:1.3.0) with ExtractAarTransform
Transforming emoji2-views-helper-1.3.0.aar (androidx.emoji2:emoji2-views-helper:1.3.0) with AarTransform
Transforming emoji2-1.3.0.aar (androidx.emoji2:emoji2:1.3.0) with JetifyTransform
Transforming emoji2-1.3.0.aar (androidx.emoji2:emoji2:1.3.0) with ExtractAarTransform
Transforming emoji2-1.3.0.aar (androidx.emoji2:emoji2:1.3.0) with AarTransform
Transforming lifecycle-process-2.7.0.aar (androidx.lifecycle:lifecycle-process:2.7.0) with JetifyTransform
Transforming lifecycle-process-2.7.0.aar (androidx.lifecycle:lifecycle-process:2.7.0) with ExtractAarTransform
Transforming lifecycle-process-2.7.0.aar (androidx.lifecycle:lifecycle-process:2.7.0) with AarTransform
Transforming lifecycle-common-java8-2.7.0.jar (androidx.lifecycle:lifecycle-common-java8:2.7.0) with JetifyTransform
Transforming lifecycle-common-java8-2.7.0.jar (androidx.lifecycle:lifecycle-common-java8:2.7.0) with IdentityTransform
Transforming lifecycle-livedata-core-2.7.0.aar (androidx.lifecycle:lifecycle-livedata-core:2.7.0) with JetifyTransform
Transforming lifecycle-livedata-core-2.7.0.aar (androidx.lifecycle:lifecycle-livedata-core:2.7.0) with ExtractAarTransform
Transforming lifecycle-livedata-core-2.7.0.aar (androidx.lifecycle:lifecycle-livedata-core:2.7.0) with AarTransform
Transforming lifecycle-livedata-core-2.7.0.aar (androidx.lifecycle:lifecycle-livedata-core:2.7.0) with JetifyTransform
Transforming lifecycle-livedata-core-2.7.0.aar (androidx.lifecycle:lifecycle-livedata-core:2.7.0) with ExtractAarTransform
Transforming lifecycle-livedata-core-2.7.0.aar (androidx.lifecycle:lifecycle-livedata-core:2.7.0) with AarTransform
Transforming lifecycle-livedata-core-ktx-2.7.0.aar (androidx.lifecycle:lifecycle-livedata-core-ktx:2.7.0) with JetifyTransform
Transforming lifecycle-livedata-core-ktx-2.7.0.aar (androidx.lifecycle:lifecycle-livedata-core-ktx:2.7.0) with ExtractAarTransform
Transforming lifecycle-livedata-core-ktx-2.7.0.aar (androidx.lifecycle:lifecycle-livedata-core-ktx:2.7.0) with AarTransform
Transforming lifecycle-livedata-2.7.0.aar (androidx.lifecycle:lifecycle-livedata:2.7.0) with JetifyTransform
Transforming lifecycle-livedata-2.7.0.aar (androidx.lifecycle:lifecycle-livedata:2.7.0) with ExtractAarTransform
Transforming lifecycle-livedata-2.7.0.aar (androidx.lifecycle:lifecycle-livedata:2.7.0) with AarTransform
Transforming lifecycle-common-2.7.0.jar (androidx.lifecycle:lifecycle-common:2.7.0) with JetifyTransform
Transforming lifecycle-common-2.7.0.jar (androidx.lifecycle:lifecycle-common:2.7.0) with IdentityTransform
Transforming lifecycle-runtime-ktx-2.7.0.aar (androidx.lifecycle:lifecycle-runtime-ktx:2.7.0) with JetifyTransform
Transforming lifecycle-runtime-ktx-2.7.0.aar (androidx.lifecycle:lifecycle-runtime-ktx:2.7.0) with ExtractAarTransform
Transforming lifecycle-runtime-ktx-2.7.0.aar (androidx.lifecycle:lifecycle-runtime-ktx:2.7.0) with AarTransform
Transforming lifecycle-viewmodel-savedstate-2.7.0.aar (androidx.lifecycle:lifecycle-viewmodel-savedstate:2.7.0) with JetifyTransform
Transforming lifecycle-viewmodel-savedstate-2.7.0.aar (androidx.lifecycle:lifecycle-viewmodel-savedstate:2.7.0) with ExtractAarTransform
Transforming lifecycle-viewmodel-savedstate-2.7.0.aar (androidx.lifecycle:lifecycle-viewmodel-savedstate:2.7.0) with AarTransform
Transforming lifecycle-viewmodel-2.7.0.aar (androidx.lifecycle:lifecycle-viewmodel:2.7.0) with JetifyTransform
Transforming lifecycle-viewmodel-2.7.0.aar (androidx.lifecycle:lifecycle-viewmodel:2.7.0) with ExtractAarTransform
Transforming lifecycle-viewmodel-2.7.0.aar (androidx.lifecycle:lifecycle-viewmodel:2.7.0) with AarTransform
Transforming lifecycle-viewmodel-2.7.0.aar (androidx.lifecycle:lifecycle-viewmodel:2.7.0) with JetifyTransform
Transforming lifecycle-viewmodel-2.7.0.aar (androidx.lifecycle:lifecycle-viewmodel:2.7.0) with ExtractAarTransform
Transforming lifecycle-viewmodel-2.7.0.aar (androidx.lifecycle:lifecycle-viewmodel:2.7.0) with AarTransform
Transforming lifecycle-viewmodel-compose-2.7.0.aar (androidx.lifecycle:lifecycle-viewmodel-compose:2.7.0) with JetifyTransform
Transforming lifecycle-viewmodel-compose-2.7.0.aar (androidx.lifecycle:lifecycle-viewmodel-compose:2.7.0) with ExtractAarTransform
Transforming lifecycle-viewmodel-compose-2.7.0.aar (androidx.lifecycle:lifecycle-viewmodel-compose:2.7.0) with AarTransform
Transforming accompanist-drawablepainter-0.32.0.aar (com.google.accompanist:accompanist-drawablepainter:0.32.0) with JetifyTransform
Transforming accompanist-drawablepainter-0.32.0.aar (com.google.accompanist:accompanist-drawablepainter:0.32.0) with ExtractAarTransform
Transforming accompanist-drawablepainter-0.32.0.aar (com.google.accompanist:accompanist-drawablepainter:0.32.0) with AarTransform
Transforming ui-release.aar (androidx.compose.ui:ui-android:1.6.1) with JetifyTransform
Transforming ui-release.aar (androidx.compose.ui:ui-android:1.6.1) with ExtractAarTransform
Transforming ui-release.aar (androidx.compose.ui:ui-android:1.6.1) with AarTransform
Transforming activity-ktx-1.8.2.aar (androidx.activity:activity-ktx:1.8.2) with JetifyTransform
Transforming activity-ktx-1.8.2.aar (androidx.activity:activity-ktx:1.8.2) with ExtractAarTransform
Transforming activity-ktx-1.8.2.aar (androidx.activity:activity-ktx:1.8.2) with AarTransform
Transforming activity-compose-1.8.2.aar (androidx.activity:activity-compose:1.8.2) with JetifyTransform
Transforming activity-compose-1.8.2.aar (androidx.activity:activity-compose:1.8.2) with ExtractAarTransform
Transforming activity-compose-1.8.2.aar (androidx.activity:activity-compose:1.8.2) with AarTransform
Transforming activity-1.8.2.aar (androidx.activity:activity:1.8.2) with JetifyTransform
Transforming activity-1.8.2.aar (androidx.activity:activity:1.8.2) with ExtractAarTransform
Transforming activity-1.8.2.aar (androidx.activity:activity:1.8.2) with AarTransform
Transforming customview-poolingcontainer-1.0.0.aar (androidx.customview:customview-poolingcontainer:1.0.0) with JetifyTransform
Transforming customview-poolingcontainer-1.0.0.aar (androidx.customview:customview-poolingcontainer:1.0.0) with ExtractAarTransform
Transforming customview-poolingcontainer-1.0.0.aar (androidx.customview:customview-poolingcontainer:1.0.0) with AarTransform
Transforming core-ktx-1.12.0.aar (androidx.core:core-ktx:1.12.0) with JetifyTransform
Transforming core-ktx-1.12.0.aar (androidx.core:core-ktx:1.12.0) with ExtractAarTransform
Transforming core-ktx-1.12.0.aar (androidx.core:core-ktx:1.12.0) with AarTransform
Transforming drawerlayout-1.1.1.aar (androidx.drawerlayout:drawerlayout:1.1.1) with JetifyTransform
Transforming drawerlayout-1.1.1.aar (androidx.drawerlayout:drawerlayout:1.1.1) with ExtractAarTransform
Transforming drawerlayout-1.1.1.aar (androidx.drawerlayout:drawerlayout:1.1.1) with AarTransform
Transforming coordinatorlayout-1.1.0.aar (androidx.coordinatorlayout:coordinatorlayout:1.1.0) with JetifyTransform
Transforming coordinatorlayout-1.1.0.aar (androidx.coordinatorlayout:coordinatorlayout:1.1.0) with ExtractAarTransform
Transforming coordinatorlayout-1.1.0.aar (androidx.coordinatorlayout:coordinatorlayout:1.1.0) with AarTransform
Transforming vectordrawable-animated-1.1.0.aar (androidx.vectordrawable:vectordrawable-animated:1.1.0) with JetifyTransform
Transforming vectordrawable-animated-1.1.0.aar (androidx.vectordrawable:vectordrawable-animated:1.1.0) with ExtractAarTransform
Transforming vectordrawable-animated-1.1.0.aar (androidx.vectordrawable:vectordrawable-animated:1.1.0) with AarTransform
Transforming vectordrawable-1.1.0.aar (androidx.vectordrawable:vectordrawable:1.1.0) with JetifyTransform
Transforming vectordrawable-1.1.0.aar (androidx.vectordrawable:vectordrawable:1.1.0) with ExtractAarTransform
Transforming vectordrawable-1.1.0.aar (androidx.vectordrawable:vectordrawable:1.1.0) with AarTransform
Transforming vectordrawable-1.1.0.aar (androidx.vectordrawable:vectordrawable:1.1.0) with JetifyTransform
Transforming vectordrawable-1.1.0.aar (androidx.vectordrawable:vectordrawable:1.1.0) with ExtractAarTransform
Transforming vectordrawable-1.1.0.aar (androidx.vectordrawable:vectordrawable:1.1.0) with AarTransform
Transforming recyclerview-1.1.0.aar (androidx.recyclerview:recyclerview:1.1.0) with JetifyTransform
Transforming recyclerview-1.1.0.aar (androidx.recyclerview:recyclerview:1.1.0) with ExtractAarTransform
Transforming recyclerview-1.1.0.aar (androidx.recyclerview:recyclerview:1.1.0) with AarTransform
Transforming recyclerview-1.1.0.aar (androidx.recyclerview:recyclerview:1.1.0) with JetifyTransform
Transforming recyclerview-1.1.0.aar (androidx.recyclerview:recyclerview:1.1.0) with ExtractAarTransform
Transforming recyclerview-1.1.0.aar (androidx.recyclerview:recyclerview:1.1.0) with AarTransform
Transforming slidingpanelayout-1.2.0.aar (androidx.slidingpanelayout:slidingpanelayout:1.2.0) with JetifyTransform
Transforming slidingpanelayout-1.2.0.aar (androidx.slidingpanelayout:slidingpanelayout:1.2.0) with ExtractAarTransform
Transforming slidingpanelayout-1.2.0.aar (androidx.slidingpanelayout:slidingpanelayout:1.2.0) with AarTransform
Transforming viewpager-1.0.0.aar (androidx.viewpager:viewpager:1.0.0) with JetifyTransform
Transforming viewpager-1.0.0.aar (androidx.viewpager:viewpager:1.0.0) with ExtractAarTransform
Transforming viewpager-1.0.0.aar (androidx.viewpager:viewpager:1.0.0) with AarTransform
Transforming customview-1.1.0.aar (androidx.customview:customview:1.1.0) with JetifyTransform
Transforming customview-1.1.0.aar (androidx.customview:customview:1.1.0) with ExtractAarTransform
Transforming customview-1.1.0.aar (androidx.customview:customview:1.1.0) with AarTransform
Transforming customview-1.1.0.aar (androidx.customview:customview:1.1.0) with JetifyTransform
Transforming customview-1.1.0.aar (androidx.customview:customview:1.1.0) with ExtractAarTransform
Transforming customview-1.1.0.aar (androidx.customview:customview:1.1.0) with AarTransform
Transforming customview-1.1.0.aar (androidx.customview:customview:1.1.0) with JetifyTransform
Transforming customview-1.1.0.aar (androidx.customview:customview:1.1.0) with ExtractAarTransform
Transforming customview-1.1.0.aar (androidx.customview:customview:1.1.0) with AarTransform
Transforming customview-1.1.0.aar (androidx.customview:customview:1.1.0) with JetifyTransform
Transforming customview-1.1.0.aar (androidx.customview:customview:1.1.0) with ExtractAarTransform
Transforming customview-1.1.0.aar (androidx.customview:customview:1.1.0) with AarTransform
Transforming customview-1.1.0.aar (androidx.customview:customview:1.1.0) with JetifyTransform
Transforming customview-1.1.0.aar (androidx.customview:customview:1.1.0) with ExtractAarTransform
Transforming customview-1.1.0.aar (androidx.customview:customview:1.1.0) with AarTransform
Transforming browser-1.4.0.aar (androidx.browser:browser:1.4.0) with JetifyTransform
Transforming browser-1.4.0.aar (androidx.browser:browser:1.4.0) with ExtractAarTransform
Transforming browser-1.4.0.aar (androidx.browser:browser:1.4.0) with AarTransform
Transforming autofill-1.0.0.aar (androidx.autofill:autofill:1.0.0) with JetifyTransform
Transforming autofill-1.0.0.aar (androidx.autofill:autofill:1.0.0) with ExtractAarTransform
Transforming autofill-1.0.0.aar (androidx.autofill:autofill:1.0.0) with AarTransform
Transforming transition-1.4.1.aar (androidx.transition:transition:1.4.1) with JetifyTransform
Transforming transition-1.4.1.aar (androidx.transition:transition:1.4.1) with ExtractAarTransform
Transforming transition-1.4.1.aar (androidx.transition:transition:1.4.1) with AarTransform
Transforming window-1.0.0.aar (androidx.window:window:1.0.0) with JetifyTransform
Transforming window-1.0.0.aar (androidx.window:window:1.0.0) with ExtractAarTransform
Transforming window-1.0.0.aar (androidx.window:window:1.0.0) with AarTransform
Transforming core-1.12.0.aar (androidx.core:core:1.12.0) with JetifyTransform
Transforming core-1.12.0.aar (androidx.core:core:1.12.0) with ExtractAarTransform
Transforming core-1.12.0.aar (androidx.core:core:1.12.0) with AarTransform
Transforming core-1.12.0.aar (androidx.core:core:1.12.0) with JetifyTransform
Transforming core-1.12.0.aar (androidx.core:core:1.12.0) with ExtractAarTransform
Transforming core-1.12.0.aar (androidx.core:core:1.12.0) with AarTransform
Transforming core-1.12.0.aar (androidx.core:core:1.12.0) with JetifyTransform
Transforming core-1.12.0.aar (androidx.core:core:1.12.0) with ExtractAarTransform
Transforming core-1.12.0.aar (androidx.core:core:1.12.0) with AarTransform
Transforming core-1.12.0.aar (androidx.core:core:1.12.0) with JetifyTransform
Transforming core-1.12.0.aar (androidx.core:core:1.12.0) with ExtractAarTransform
Transforming core-1.12.0.aar (androidx.core:core:1.12.0) with AarTransform
Transforming core-1.12.0.aar (androidx.core:core:1.12.0) with JetifyTransform
Transforming core-1.12.0.aar (androidx.core:core:1.12.0) with ExtractAarTransform
Transforming core-1.12.0.aar (androidx.core:core:1.12.0) with AarTransform
Transforming core-1.12.0.aar (androidx.core:core:1.12.0) with JetifyTransform
Transforming core-1.12.0.aar (androidx.core:core:1.12.0) with ExtractAarTransform
Transforming core-1.12.0.aar (androidx.core:core:1.12.0) with AarTransform
Transforming core-1.12.0.aar (androidx.core:core:1.12.0) with JetifyTransform
Transforming core-1.12.0.aar (androidx.core:core:1.12.0) with ExtractAarTransform
Transforming core-1.12.0.aar (androidx.core:core:1.12.0) with AarTransform
Transforming core-1.12.0.aar (androidx.core:core:1.12.0) with JetifyTransform
Transforming core-1.12.0.aar (androidx.core:core:1.12.0) with ExtractAarTransform
Transforming core-1.12.0.aar (androidx.core:core:1.12.0) with AarTransform
Transforming core-1.12.0.aar (androidx.core:core:1.12.0) with JetifyTransform
Transforming core-1.12.0.aar (androidx.core:core:1.12.0) with ExtractAarTransform
Transforming core-1.12.0.aar (androidx.core:core:1.12.0) with AarTransform
Transforming core-1.12.0.aar (androidx.core:core:1.12.0) with JetifyTransform
Transforming core-1.12.0.aar (androidx.core:core:1.12.0) with ExtractAarTransform
Transforming core-1.12.0.aar (androidx.core:core:1.12.0) with AarTransform
Transforming core-1.12.0.aar (androidx.core:core:1.12.0) with JetifyTransform
Transforming core-1.12.0.aar (androidx.core:core:1.12.0) with ExtractAarTransform
Transforming core-1.12.0.aar (androidx.core:core:1.12.0) with AarTransform
Transforming core-1.12.0.aar (androidx.core:core:1.12.0) with JetifyTransform
Transforming core-1.12.0.aar (androidx.core:core:1.12.0) with ExtractAarTransform
Transforming core-1.12.0.aar (androidx.core:core:1.12.0) with AarTransform
Transforming core-1.12.0.aar (androidx.core:core:1.12.0) with JetifyTransform
Transforming core-1.12.0.aar (androidx.core:core:1.12.0) with ExtractAarTransform
Transforming core-1.12.0.aar (androidx.core:core:1.12.0) with AarTransform
Transforming core-1.12.0.aar (androidx.core:core:1.12.0) with JetifyTransform
Transforming core-1.12.0.aar (androidx.core:core:1.12.0) with ExtractAarTransform
Transforming core-1.12.0.aar (androidx.core:core:1.12.0) with AarTransform
Transforming core-1.12.0.aar (androidx.core:core:1.12.0) with JetifyTransform
Transforming core-1.12.0.aar (androidx.core:core:1.12.0) with ExtractAarTransform
Transforming core-1.12.0.aar (androidx.core:core:1.12.0) with AarTransform
Transforming lifecycle-runtime-2.7.0.aar (androidx.lifecycle:lifecycle-runtime:2.7.0) with JetifyTransform
Transforming lifecycle-runtime-2.7.0.aar (androidx.lifecycle:lifecycle-runtime:2.7.0) with ExtractAarTransform
Transforming lifecycle-runtime-2.7.0.aar (androidx.lifecycle:lifecycle-runtime:2.7.0) with AarTransform
Transforming lifecycle-livedata-ktx-2.7.0.aar (androidx.lifecycle:lifecycle-livedata-ktx:2.7.0) with JetifyTransform
Transforming lifecycle-livedata-ktx-2.7.0.aar (androidx.lifecycle:lifecycle-livedata-ktx:2.7.0) with ExtractAarTransform
Transforming lifecycle-livedata-ktx-2.7.0.aar (androidx.lifecycle:lifecycle-livedata-ktx:2.7.0) with AarTransform
Transforming lifecycle-runtime-compose-2.7.0.aar (androidx.lifecycle:lifecycle-runtime-compose:2.7.0) with JetifyTransform
Transforming lifecycle-runtime-compose-2.7.0.aar (androidx.lifecycle:lifecycle-runtime-compose:2.7.0) with ExtractAarTransform
Transforming lifecycle-runtime-compose-2.7.0.aar (androidx.lifecycle:lifecycle-runtime-compose:2.7.0) with AarTransform
Transforming lifecycle-viewmodel-ktx-2.7.0.aar (androidx.lifecycle:lifecycle-viewmodel-ktx:2.7.0) with JetifyTransform
Transforming lifecycle-viewmodel-ktx-2.7.0.aar (androidx.lifecycle:lifecycle-viewmodel-ktx:2.7.0) with ExtractAarTransform
Transforming lifecycle-viewmodel-ktx-2.7.0.aar (androidx.lifecycle:lifecycle-viewmodel-ktx:2.7.0) with AarTransform
Transforming runtime-saveable-release.aar (androidx.compose.runtime:runtime-saveable-android:1.6.1) with JetifyTransform
Transforming runtime-saveable-release.aar (androidx.compose.runtime:runtime-saveable-android:1.6.1) with ExtractAarTransform
Transforming runtime-saveable-release.aar (androidx.compose.runtime:runtime-saveable-android:1.6.1) with AarTransform
Transforming runtime-release.aar (androidx.compose.runtime:runtime-android:1.6.1) with JetifyTransform
Transforming runtime-release.aar (androidx.compose.runtime:runtime-android:1.6.1) with ExtractAarTransform
Transforming runtime-release.aar (androidx.compose.runtime:runtime-android:1.6.1) with AarTransform
Transforming kotlinx-coroutines-android-1.7.3.jar (org.jetbrains.kotlinx:kotlinx-coroutines-android:1.7.3) with JetifyTransform
Transforming kotlinx-coroutines-android-1.7.3.jar (org.jetbrains.kotlinx:kotlinx-coroutines-android:1.7.3) with IdentityTransform
Transforming kotlinx-coroutines-test-jvm-1.7.3.jar (org.jetbrains.kotlinx:kotlinx-coroutines-test-jvm:1.7.3) with JetifyTransform
Transforming kotlinx-coroutines-test-jvm-1.7.3.jar (org.jetbrains.kotlinx:kotlinx-coroutines-test-jvm:1.7.3) with IdentityTransform
Transforming googleid-1.1.0.aar (com.google.android.libraries.identity.googleid:googleid:1.1.0) with JetifyTransform
Transforming googleid-1.1.0.aar (com.google.android.libraries.identity.googleid:googleid:1.1.0) with ExtractAarTransform
Transforming googleid-1.1.0.aar (com.google.android.libraries.identity.googleid:googleid:1.1.0) with AarTransform
Transforming credentials-1.0.0-alpha04.aar (androidx.credentials:credentials:1.0.0-alpha04) with JetifyTransform
Transforming credentials-1.0.0-alpha04.aar (androidx.credentials:credentials:1.0.0-alpha04) with ExtractAarTransform
Transforming credentials-1.0.0-alpha04.aar (androidx.credentials:credentials:1.0.0-alpha04) with AarTransform
Transforming mockk-dsl-jvm-1.13.9.jar (io.mockk:mockk-dsl-jvm:1.13.9) with JetifyTransform
Transforming mockk-dsl-jvm-1.13.9.jar (io.mockk:mockk-dsl-jvm:1.13.9) with IdentityTransform
Transforming kotlinx-coroutines-core-jvm-1.7.3.jar (org.jetbrains.kotlinx:kotlinx-coroutines-core-jvm:1.7.3) with JetifyTransform
Transforming kotlinx-coroutines-core-jvm-1.7.3.jar (org.jetbrains.kotlinx:kotlinx-coroutines-core-jvm:1.7.3) with IdentityTransform
Transforming viewbinding-8.6.0.aar (androidx.databinding:viewbinding:8.6.0) with JetifyTransform
Transforming viewbinding-8.6.0.aar (androidx.databinding:viewbinding:8.6.0) with ExtractAarTransform
Transforming viewbinding-8.6.0.aar (androidx.databinding:viewbinding:8.6.0) with AarTransform
Transforming core-splashscreen-1.0.1.aar (androidx.core:core-splashscreen:1.0.1) with JetifyTransform
Transforming core-splashscreen-1.0.1.aar (androidx.core:core-splashscreen:1.0.1) with ExtractAarTransform
Transforming core-splashscreen-1.0.1.aar (androidx.core:core-splashscreen:1.0.1) with AarTransform
Transforming sqlite-framework-2.4.0.aar (androidx.sqlite:sqlite-framework:2.4.0) with JetifyTransform
Transforming sqlite-framework-2.4.0.aar (androidx.sqlite:sqlite-framework:2.4.0) with ExtractAarTransform
Transforming sqlite-framework-2.4.0.aar (androidx.sqlite:sqlite-framework:2.4.0) with AarTransform
Transforming sqlite-2.4.0.aar (androidx.sqlite:sqlite:2.4.0) with JetifyTransform
Transforming sqlite-2.4.0.aar (androidx.sqlite:sqlite:2.4.0) with ExtractAarTransform
Transforming sqlite-2.4.0.aar (androidx.sqlite:sqlite:2.4.0) with AarTransform
Transforming mockk-agent-jvm-1.13.9.jar (io.mockk:mockk-agent-jvm:1.13.9) with JetifyTransform
Transforming mockk-agent-jvm-1.13.9.jar (io.mockk:mockk-agent-jvm:1.13.9) with IdentityTransform
Transforming mockk-agent-api-jvm-1.13.9.jar (io.mockk:mockk-agent-api-jvm:1.13.9) with JetifyTransform
Transforming mockk-agent-api-jvm-1.13.9.jar (io.mockk:mockk-agent-api-jvm:1.13.9) with IdentityTransform
Transforming mockk-core-jvm-1.13.9.jar (io.mockk:mockk-core-jvm:1.13.9) with JetifyTransform
Transforming mockk-core-jvm-1.13.9.jar (io.mockk:mockk-core-jvm:1.13.9) with IdentityTransform
Transforming okhttp-4.12.0.jar (com.squareup.okhttp3:okhttp:4.12.0) with JetifyTransform
Transforming okhttp-4.12.0.jar (com.squareup.okhttp3:okhttp:4.12.0) with IdentityTransform
Transforming okio-jvm-3.6.0.jar (com.squareup.okio:okio-jvm:3.6.0) with JetifyTransform
Transforming okio-jvm-3.6.0.jar (com.squareup.okio:okio-jvm:3.6.0) with IdentityTransform
Transforming kotlin-stdlib-jdk8-1.9.10.jar (org.jetbrains.kotlin:kotlin-stdlib-jdk8:1.9.10) with JetifyTransform
Transforming kotlin-stdlib-jdk8-1.9.10.jar (org.jetbrains.kotlin:kotlin-stdlib-jdk8:1.9.10) with IdentityTransform
Transforming kotlin-reflect-1.9.10.jar (org.jetbrains.kotlin:kotlin-reflect:1.9.10) with JetifyTransform
Transforming kotlin-reflect-1.9.10.jar (org.jetbrains.kotlin:kotlin-reflect:1.9.10) with IdentityTransform
Transforming kotlin-stdlib-jdk7-1.9.10.jar (org.jetbrains.kotlin:kotlin-stdlib-jdk7:1.9.10) with JetifyTransform
Transforming kotlin-stdlib-jdk7-1.9.10.jar (org.jetbrains.kotlin:kotlin-stdlib-jdk7:1.9.10) with IdentityTransform
Transforming annotation-experimental-1.4.0.aar (androidx.annotation:annotation-experimental:1.4.0) with JetifyTransform
Transforming annotation-experimental-1.4.0.aar (androidx.annotation:annotation-experimental:1.4.0) with ExtractAarTransform
Transforming annotation-experimental-1.4.0.aar (androidx.annotation:annotation-experimental:1.4.0) with AarTransform
Transforming versionedparcelable-1.1.1.aar (androidx.versionedparcelable:versionedparcelable:1.1.1) with JetifyTransform
Transforming versionedparcelable-1.1.1.aar (androidx.versionedparcelable:versionedparcelable:1.1.1) with ExtractAarTransform
Transforming versionedparcelable-1.1.1.aar (androidx.versionedparcelable:versionedparcelable:1.1.1) with AarTransform
Transforming collection-ktx-1.4.0.jar (androidx.collection:collection-ktx:1.4.0) with JetifyTransform
Transforming collection-ktx-1.4.0.jar (androidx.collection:collection-ktx:1.4.0) with IdentityTransform
Transforming collection-jvm-1.4.0.jar (androidx.collection:collection-jvm:1.4.0) with JetifyTransform
Transforming collection-jvm-1.4.0.jar (androidx.collection:collection-jvm:1.4.0) with IdentityTransform
Transforming MPAndroidChart-3.1.0.aar (com.github.PhilJay:MPAndroidChart:3.1.0) with JetifyTransform
Transforming MPAndroidChart-3.1.0.aar (com.github.PhilJay:MPAndroidChart:3.1.0) with ExtractAarTransform
Transforming MPAndroidChart-3.1.0.aar (com.github.PhilJay:MPAndroidChart:3.1.0) with AarTransform
Transforming cursoradapter-1.0.0.aar (androidx.cursoradapter:cursoradapter:1.0.0) with JetifyTransform
Transforming cursoradapter-1.0.0.aar (androidx.cursoradapter:cursoradapter:1.0.0) with ExtractAarTransform
Transforming cursoradapter-1.0.0.aar (androidx.cursoradapter:cursoradapter:1.0.0) with AarTransform
Transforming resourceinspection-annotation-1.0.1.jar (androidx.resourceinspection:resourceinspection-annotation:1.0.1) with JetifyTransform
Transforming resourceinspection-annotation-1.0.1.jar (androidx.resourceinspection:resourceinspection-annotation:1.0.1) with IdentityTransform
Transforming cardview-1.0.0.aar (androidx.cardview:cardview:1.0.0) with JetifyTransform
Transforming cardview-1.0.0.aar (androidx.cardview:cardview:1.0.0) with ExtractAarTransform
Transforming cardview-1.0.0.aar (androidx.cardview:cardview:1.0.0) with AarTransform
Transforming profileinstaller-1.3.1.aar (androidx.profileinstaller:profileinstaller:1.3.1) with JetifyTransform
Transforming profileinstaller-1.3.1.aar (androidx.profileinstaller:profileinstaller:1.3.1) with ExtractAarTransform
Transforming profileinstaller-1.3.1.aar (androidx.profileinstaller:profileinstaller:1.3.1) with AarTransform
Transforming startup-runtime-1.1.1.aar (androidx.startup:startup-runtime:1.1.1) with JetifyTransform
Transforming startup-runtime-1.1.1.aar (androidx.startup:startup-runtime:1.1.1) with ExtractAarTransform
Transforming startup-runtime-1.1.1.aar (androidx.startup:startup-runtime:1.1.1) with AarTransform
Transforming tracing-1.0.0.aar (androidx.tracing:tracing:1.0.0) with JetifyTransform
Transforming tracing-1.0.0.aar (androidx.tracing:tracing:1.0.0) with ExtractAarTransform
Transforming tracing-1.0.0.aar (androidx.tracing:tracing:1.0.0) with AarTransform
Transforming core-runtime-2.2.0.aar (androidx.arch.core:core-runtime:2.2.0) with JetifyTransform
Transforming core-runtime-2.2.0.aar (androidx.arch.core:core-runtime:2.2.0) with ExtractAarTransform
Transforming core-runtime-2.2.0.aar (androidx.arch.core:core-runtime:2.2.0) with AarTransform
Transforming transport-backend-cct-2.3.3.aar (com.google.android.datatransport:transport-backend-cct:2.3.3) with JetifyTransform
Transforming transport-backend-cct-2.3.3.aar (com.google.android.datatransport:transport-backend-cct:2.3.3) with ExtractAarTransform
Transforming transport-backend-cct-2.3.3.aar (com.google.android.datatransport:transport-backend-cct:2.3.3) with AarTransform
Transforming transport-backend-cct-2.3.3.aar (com.google.android.datatransport:transport-backend-cct:2.3.3) with JetifyTransform
Transforming transport-backend-cct-2.3.3.aar (com.google.android.datatransport:transport-backend-cct:2.3.3) with ExtractAarTransform
Transforming transport-backend-cct-2.3.3.aar (com.google.android.datatransport:transport-backend-cct:2.3.3) with AarTransform
Transforming transport-backend-cct-2.3.3.aar (com.google.android.datatransport:transport-backend-cct:2.3.3) with JetifyTransform
Transforming transport-backend-cct-2.3.3.aar (com.google.android.datatransport:transport-backend-cct:2.3.3) with ExtractAarTransform
Transforming transport-backend-cct-2.3.3.aar (com.google.android.datatransport:transport-backend-cct:2.3.3) with AarTransform
Transforming transport-runtime-2.2.6.aar (com.google.android.datatransport:transport-runtime:2.2.6) with JetifyTransform
Transforming transport-runtime-2.2.6.aar (com.google.android.datatransport:transport-runtime:2.2.6) with ExtractAarTransform
Transforming transport-runtime-2.2.6.aar (com.google.android.datatransport:transport-runtime:2.2.6) with AarTransform
Transforming transport-runtime-2.2.6.aar (com.google.android.datatransport:transport-runtime:2.2.6) with JetifyTransform
Transforming transport-runtime-2.2.6.aar (com.google.android.datatransport:transport-runtime:2.2.6) with ExtractAarTransform
Transforming transport-runtime-2.2.6.aar (com.google.android.datatransport:transport-runtime:2.2.6) with AarTransform
Transforming transport-runtime-2.2.6.aar (com.google.android.datatransport:transport-runtime:2.2.6) with JetifyTransform
Transforming transport-runtime-2.2.6.aar (com.google.android.datatransport:transport-runtime:2.2.6) with ExtractAarTransform
Transforming transport-runtime-2.2.6.aar (com.google.android.datatransport:transport-runtime:2.2.6) with AarTransform
Transforming transport-runtime-2.2.6.aar (com.google.android.datatransport:transport-runtime:2.2.6) with JetifyTransform
Transforming transport-runtime-2.2.6.aar (com.google.android.datatransport:transport-runtime:2.2.6) with ExtractAarTransform
Transforming transport-runtime-2.2.6.aar (com.google.android.datatransport:transport-runtime:2.2.6) with AarTransform
Transforming transport-api-2.2.1.aar (com.google.android.datatransport:transport-api:2.2.1) with JetifyTransform
Transforming transport-api-2.2.1.aar (com.google.android.datatransport:transport-api:2.2.1) with ExtractAarTransform
Transforming transport-api-2.2.1.aar (com.google.android.datatransport:transport-api:2.2.1) with AarTransform
Transforming transport-api-2.2.1.aar (com.google.android.datatransport:transport-api:2.2.1) with JetifyTransform
Transforming transport-api-2.2.1.aar (com.google.android.datatransport:transport-api:2.2.1) with ExtractAarTransform
Transforming transport-api-2.2.1.aar (com.google.android.datatransport:transport-api:2.2.1) with AarTransform
Transforming transport-api-2.2.1.aar (com.google.android.datatransport:transport-api:2.2.1) with JetifyTransform
Transforming transport-api-2.2.1.aar (com.google.android.datatransport:transport-api:2.2.1) with ExtractAarTransform
Transforming transport-api-2.2.1.aar (com.google.android.datatransport:transport-api:2.2.1) with AarTransform
Transforming transport-api-2.2.1.aar (com.google.android.datatransport:transport-api:2.2.1) with JetifyTransform
Transforming transport-api-2.2.1.aar (com.google.android.datatransport:transport-api:2.2.1) with ExtractAarTransform
Transforming transport-api-2.2.1.aar (com.google.android.datatransport:transport-api:2.2.1) with AarTransform
Transforming transport-api-2.2.1.aar (com.google.android.datatransport:transport-api:2.2.1) with JetifyTransform
Transforming transport-api-2.2.1.aar (com.google.android.datatransport:transport-api:2.2.1) with ExtractAarTransform
Transforming transport-api-2.2.1.aar (com.google.android.datatransport:transport-api:2.2.1) with AarTransform
Transforming firebase-encoders-json-17.1.0.aar (com.google.firebase:firebase-encoders-json:17.1.0) with JetifyTransform
Transforming firebase-encoders-json-17.1.0.aar (com.google.firebase:firebase-encoders-json:17.1.0) with ExtractAarTransform
Transforming firebase-encoders-json-17.1.0.aar (com.google.firebase:firebase-encoders-json:17.1.0) with AarTransform
Transforming firebase-encoders-json-17.1.0.aar (com.google.firebase:firebase-encoders-json:17.1.0) with JetifyTransform
Transforming firebase-encoders-json-17.1.0.aar (com.google.firebase:firebase-encoders-json:17.1.0) with ExtractAarTransform
Transforming firebase-encoders-json-17.1.0.aar (com.google.firebase:firebase-encoders-json:17.1.0) with AarTransform
Transforming firebase-encoders-json-17.1.0.aar (com.google.firebase:firebase-encoders-json:17.1.0) with JetifyTransform
Transforming firebase-encoders-json-17.1.0.aar (com.google.firebase:firebase-encoders-json:17.1.0) with ExtractAarTransform
Transforming firebase-encoders-json-17.1.0.aar (com.google.firebase:firebase-encoders-json:17.1.0) with AarTransform
Transforming firebase-encoders-json-17.1.0.aar (com.google.firebase:firebase-encoders-json:17.1.0) with JetifyTransform
Transforming firebase-encoders-json-17.1.0.aar (com.google.firebase:firebase-encoders-json:17.1.0) with ExtractAarTransform
Transforming firebase-encoders-json-17.1.0.aar (com.google.firebase:firebase-encoders-json:17.1.0) with AarTransform
Transforming firebase-encoders-17.0.0.jar (com.google.firebase:firebase-encoders:17.0.0) with JetifyTransform
Transforming firebase-encoders-17.0.0.jar (com.google.firebase:firebase-encoders:17.0.0) with IdentityTransform
Transforming interpolator-1.0.0.aar (androidx.interpolator:interpolator:1.0.0) with JetifyTransform
Transforming interpolator-1.0.0.aar (androidx.interpolator:interpolator:1.0.0) with ExtractAarTransform
Transforming interpolator-1.0.0.aar (androidx.interpolator:interpolator:1.0.0) with AarTransform
Transforming interpolator-1.0.0.aar (androidx.interpolator:interpolator:1.0.0) with JetifyTransform
Transforming interpolator-1.0.0.aar (androidx.interpolator:interpolator:1.0.0) with ExtractAarTransform
Transforming interpolator-1.0.0.aar (androidx.interpolator:interpolator:1.0.0) with AarTransform
Transforming core-common-2.2.0.jar (androidx.arch.core:core-common:2.2.0) with JetifyTransform
Transforming core-common-2.2.0.jar (androidx.arch.core:core-common:2.2.0) with IdentityTransform
Transforming firebase-components-17.1.5.aar (com.google.firebase:firebase-components:17.1.5) with JetifyTransform
Transforming firebase-components-17.1.5.aar (com.google.firebase:firebase-components:17.1.5) with ExtractAarTransform
Transforming firebase-components-17.1.5.aar (com.google.firebase:firebase-components:17.1.5) with AarTransform
Transforming firebase-components-17.1.5.aar (com.google.firebase:firebase-components:17.1.5) with JetifyTransform
Transforming firebase-components-17.1.5.aar (com.google.firebase:firebase-components:17.1.5) with ExtractAarTransform
Transforming firebase-components-17.1.5.aar (com.google.firebase:firebase-components:17.1.5) with AarTransform
Transforming firebase-components-17.1.5.aar (com.google.firebase:firebase-components:17.1.5) with JetifyTransform
Transforming firebase-components-17.1.5.aar (com.google.firebase:firebase-components:17.1.5) with ExtractAarTransform
Transforming firebase-components-17.1.5.aar (com.google.firebase:firebase-components:17.1.5) with AarTransform
Transforming firebase-components-17.1.5.aar (com.google.firebase:firebase-components:17.1.5) with JetifyTransform
Transforming firebase-components-17.1.5.aar (com.google.firebase:firebase-components:17.1.5) with ExtractAarTransform
Transforming firebase-components-17.1.5.aar (com.google.firebase:firebase-components:17.1.5) with AarTransform
Transforming firebase-components-17.1.5.aar (com.google.firebase:firebase-components:17.1.5) with JetifyTransform
Transforming firebase-components-17.1.5.aar (com.google.firebase:firebase-components:17.1.5) with ExtractAarTransform
Transforming firebase-components-17.1.5.aar (com.google.firebase:firebase-components:17.1.5) with AarTransform
Transforming firebase-components-17.1.5.aar (com.google.firebase:firebase-components:17.1.5) with JetifyTransform
Transforming firebase-components-17.1.5.aar (com.google.firebase:firebase-components:17.1.5) with ExtractAarTransform
Transforming firebase-components-17.1.5.aar (com.google.firebase:firebase-components:17.1.5) with AarTransform
Transforming localbroadcastmanager-1.0.0.aar (androidx.localbroadcastmanager:localbroadcastmanager:1.0.0) with JetifyTransform
Transforming localbroadcastmanager-1.0.0.aar (androidx.localbroadcastmanager:localbroadcastmanager:1.0.0) with ExtractAarTransform
Transforming localbroadcastmanager-1.0.0.aar (androidx.localbroadcastmanager:localbroadcastmanager:1.0.0) with AarTransform
Transforming localbroadcastmanager-1.0.0.aar (androidx.localbroadcastmanager:localbroadcastmanager:1.0.0) with JetifyTransform
Transforming localbroadcastmanager-1.0.0.aar (androidx.localbroadcastmanager:localbroadcastmanager:1.0.0) with ExtractAarTransform
Transforming localbroadcastmanager-1.0.0.aar (androidx.localbroadcastmanager:localbroadcastmanager:1.0.0) with AarTransform
Transforming documentfile-1.0.0.aar (androidx.documentfile:documentfile:1.0.0) with JetifyTransform
Transforming documentfile-1.0.0.aar (androidx.documentfile:documentfile:1.0.0) with ExtractAarTransform
Transforming documentfile-1.0.0.aar (androidx.documentfile:documentfile:1.0.0) with AarTransform
Transforming print-1.0.0.aar (androidx.print:print:1.0.0) with JetifyTransform
Transforming print-1.0.0.aar (androidx.print:print:1.0.0) with ExtractAarTransform
Transforming print-1.0.0.aar (androidx.print:print:1.0.0) with AarTransform
Transforming exifinterface-1.3.6.aar (androidx.exifinterface:exifinterface:1.3.6) with JetifyTransform
Transforming exifinterface-1.3.6.aar (androidx.exifinterface:exifinterface:1.3.6) with ExtractAarTransform
Transforming exifinterface-1.3.6.aar (androidx.exifinterface:exifinterface:1.3.6) with AarTransform
Transforming exifinterface-1.3.6.aar (androidx.exifinterface:exifinterface:1.3.6) with JetifyTransform
Transforming exifinterface-1.3.6.aar (androidx.exifinterface:exifinterface:1.3.6) with ExtractAarTransform
Transforming exifinterface-1.3.6.aar (androidx.exifinterface:exifinterface:1.3.6) with AarTransform
Transforming concurrent-futures-1.1.0.jar (androidx.concurrent:concurrent-futures:1.1.0) with JetifyTransform
Transforming concurrent-futures-1.1.0.jar (androidx.concurrent:concurrent-futures:1.1.0) with IdentityTransform
Transforming annotation-jvm-1.7.0.jar (androidx.annotation:annotation-jvm:1.7.0) with JetifyTransform
Transforming annotation-jvm-1.7.0.jar (androidx.annotation:annotation-jvm:1.7.0) with IdentityTransform
Transforming kotlin-stdlib-2.0.21.jar (org.jetbrains.kotlin:kotlin-stdlib:2.0.21) with JetifyTransform
Transforming kotlin-stdlib-2.0.21.jar (org.jetbrains.kotlin:kotlin-stdlib:2.0.21) with IdentityTransform
Transforming layout-7.2.5.jar (com.itextpdf:layout:7.2.5) with JetifyTransform
Transforming layout-7.2.5.jar (com.itextpdf:layout:7.2.5) with IdentityTransform
Transforming kernel-7.2.5.jar (com.itextpdf:kernel:7.2.5) with JetifyTransform
Transforming kernel-7.2.5.jar (com.itextpdf:kernel:7.2.5) with IdentityTransform
Transforming io-7.2.5.jar (com.itextpdf:io:7.2.5) with JetifyTransform
Transforming io-7.2.5.jar (com.itextpdf:io:7.2.5) with IdentityTransform
Transforming core-3.5.3.jar (com.google.zxing:core:3.5.3) with JetifyTransform
Transforming core-3.5.3.jar (com.google.zxing:core:3.5.3) with IdentityTransform
Transforming poi-ooxml-5.2.5.jar (org.apache.poi:poi-ooxml:5.2.5) with JetifyTransform
Transforming poi-ooxml-5.2.5.jar (org.apache.poi:poi-ooxml:5.2.5) with IdentityTransform
Transforming poi-5.2.5.jar (org.apache.poi:poi:5.2.5) with JetifyTransform
Transforming poi-5.2.5.jar (org.apache.poi:poi:5.2.5) with IdentityTransform
Transforming jakarta.mail-2.0.1.jar (com.sun.mail:jakarta.mail:2.0.1) with JetifyTransform
Transforming jakarta.mail-2.0.1.jar (com.sun.mail:jakarta.mail:2.0.1) with IdentityTransform
Transforming hamcrest-core-1.3.jar (org.hamcrest:hamcrest-core:1.3) with JetifyTransform
Transforming hamcrest-core-1.3.jar (org.hamcrest:hamcrest-core:1.3) with IdentityTransform
Transforming annotations-23.0.0.jar (org.jetbrains:annotations:23.0.0) with JetifyTransform
Transforming annotations-23.0.0.jar (org.jetbrains:annotations:23.0.0) with IdentityTransform
Transforming error_prone_annotations-2.15.0.jar (com.google.errorprone:error_prone_annotations:2.15.0) with JetifyTransform
Transforming error_prone_annotations-2.15.0.jar (com.google.errorprone:error_prone_annotations:2.15.0) with IdentityTransform
Transforming constraintlayout-core-1.0.4.jar (androidx.constraintlayout:constraintlayout-core:1.0.4) with JetifyTransform
Transforming constraintlayout-core-1.0.4.jar (androidx.constraintlayout:constraintlayout-core:1.0.4) with IdentityTransform
Transforming hilt-core-2.48.jar (com.google.dagger:hilt-core:2.48) with JetifyTransform
Transforming hilt-core-2.48.jar (com.google.dagger:hilt-core:2.48) with IdentityTransform
Transforming dagger-2.48.jar (com.google.dagger:dagger:2.48) with JetifyTransform
Transforming dagger-2.48.jar (com.google.dagger:dagger:2.48) with IdentityTransform
Transforming dagger-lint-aar-2.48.aar (com.google.dagger:dagger-lint-aar:2.48) with JetifyTransform
Transforming dagger-lint-aar-2.48.aar (com.google.dagger:dagger-lint-aar:2.48) with ExtractAarTransform
Transforming dagger-lint-aar-2.48.aar (com.google.dagger:dagger-lint-aar:2.48) with AarTransform
Transforming jsr305-3.0.2.jar (com.google.code.findbugs:jsr305:3.0.2) with JetifyTransform
Transforming jsr305-3.0.2.jar (com.google.code.findbugs:jsr305:3.0.2) with IdentityTransform
Transforming firebase-annotations-16.2.0.jar (com.google.firebase:firebase-annotations:16.2.0) with JetifyTransform
Transforming firebase-annotations-16.2.0.jar (com.google.firebase:firebase-annotations:16.2.0) with IdentityTransform
Transforming javax.inject-1.jar (javax.inject:javax.inject:1) with JetifyTransform
Transforming javax.inject-1.jar (javax.inject:javax.inject:1) with IdentityTransform
Transforming bcpkix-jdk15on-1.70.jar (org.bouncycastle:bcpkix-jdk15on:1.70) with JetifyTransform
Transforming bcpkix-jdk15on-1.70.jar (org.bouncycastle:bcpkix-jdk15on:1.70) with IdentityTransform
Transforming bcutil-jdk15on-1.70.jar (org.bouncycastle:bcutil-jdk15on:1.70) with JetifyTransform
Transforming bcutil-jdk15on-1.70.jar (org.bouncycastle:bcutil-jdk15on:1.70) with IdentityTransform
Transforming bcprov-jdk15on-1.70.jar (org.bouncycastle:bcprov-jdk15on:1.70) with JetifyTransform
Transforming bcprov-jdk15on-1.70.jar (org.bouncycastle:bcprov-jdk15on:1.70) with IdentityTransform
Transforming commons-7.2.5.jar (com.itextpdf:commons:7.2.5) with JetifyTransform
Transforming commons-7.2.5.jar (com.itextpdf:commons:7.2.5) with IdentityTransform
Transforming slf4j-api-1.7.36.jar (org.slf4j:slf4j-api:1.7.36) with JetifyTransform
Transforming slf4j-api-1.7.36.jar (org.slf4j:slf4j-api:1.7.36) with IdentityTransform
Transforming auto-value-annotations-1.6.3.jar (com.google.auto.value:auto-value-annotations:1.6.3) with JetifyTransform
Transforming auto-value-annotations-1.6.3.jar (com.google.auto.value:auto-value-annotations:1.6.3) with IdentityTransform
Transforming listenablefuture-1.0.jar (com.google.guava:listenablefuture:1.0) with JetifyTransform
Transforming listenablefuture-1.0.jar (com.google.guava:listenablefuture:1.0) with IdentityTransform
Transforming image-1.0.0-beta1.aar (com.google.android.odml:image:1.0.0-beta1) with JetifyTransform
Transforming image-1.0.0-beta1.aar (com.google.android.odml:image:1.0.0-beta1) with ExtractAarTransform
Transforming image-1.0.0-beta1.aar (com.google.android.odml:image:1.0.0-beta1) with AarTransform
Transforming image-1.0.0-beta1.aar (com.google.android.odml:image:1.0.0-beta1) with JetifyTransform
Transforming image-1.0.0-beta1.aar (com.google.android.odml:image:1.0.0-beta1) with ExtractAarTransform
Transforming image-1.0.0-beta1.aar (com.google.android.odml:image:1.0.0-beta1) with AarTransform
Transforming commons-codec-1.16.0.jar (commons-codec:commons-codec:1.16.0) with JetifyTransform
Transforming commons-codec-1.16.0.jar (commons-codec:commons-codec:1.16.0) with IdentityTransform
Transforming commons-collections4-4.4.jar (org.apache.commons:commons-collections4:4.4) with JetifyTransform
Transforming commons-collections4-4.4.jar (org.apache.commons:commons-collections4:4.4) with IdentityTransform
Transforming commons-math3-3.6.1.jar (org.apache.commons:commons-math3:3.6.1) with JetifyTransform
Transforming commons-math3-3.6.1.jar (org.apache.commons:commons-math3:3.6.1) with IdentityTransform
Transforming commons-io-2.15.0.jar (commons-io:commons-io:2.15.0) with JetifyTransform
Transforming commons-io-2.15.0.jar (commons-io:commons-io:2.15.0) with IdentityTransform
Transforming SparseBitSet-1.3.jar (com.zaxxer:SparseBitSet:1.3) with JetifyTransform
Transforming SparseBitSet-1.3.jar (com.zaxxer:SparseBitSet:1.3) with IdentityTransform
Transforming poi-ooxml-lite-5.2.5.jar (org.apache.poi:poi-ooxml-lite:5.2.5) with JetifyTransform
Transforming poi-ooxml-lite-5.2.5.jar (org.apache.poi:poi-ooxml-lite:5.2.5) with IdentityTransform
Transforming xmlbeans-5.2.0.jar (org.apache.xmlbeans:xmlbeans:5.2.0) with JetifyTransform
Transforming xmlbeans-5.2.0.jar (org.apache.xmlbeans:xmlbeans:5.2.0) with IdentityTransform
Transforming log4j-api-2.21.1.jar (org.apache.logging.log4j:log4j-api:2.21.1) with JetifyTransform
Transforming log4j-api-2.21.1.jar (org.apache.logging.log4j:log4j-api:2.21.1) with IdentityTransform
Transforming commons-compress-1.25.0.jar (org.apache.commons:commons-compress:1.25.0) with JetifyTransform
Transforming commons-compress-1.25.0.jar (org.apache.commons:commons-compress:1.25.0) with IdentityTransform
Transforming curvesapi-1.08.jar (com.github.virtuald:curvesapi:1.08) with JetifyTransform
Transforming curvesapi-1.08.jar (com.github.virtuald:curvesapi:1.08) with IdentityTransform
Transforming jakarta.activation-2.0.1.jar (com.sun.activation:jakarta.activation:2.0.1) with JetifyTransform
Transforming jakarta.activation-2.0.1.jar (com.sun.activation:jakarta.activation:2.0.1) with IdentityTransform
Transforming junit-jupiter-params-5.8.2.jar (org.junit.jupiter:junit-jupiter-params:5.8.2) with JetifyTransform
Transforming junit-jupiter-params-5.8.2.jar (org.junit.jupiter:junit-jupiter-params:5.8.2) with IdentityTransform
Transforming junit-jupiter-engine-5.8.2.jar (org.junit.jupiter:junit-jupiter-engine:5.8.2) with JetifyTransform
Transforming junit-jupiter-engine-5.8.2.jar (org.junit.jupiter:junit-jupiter-engine:5.8.2) with IdentityTransform
Transforming junit-jupiter-api-5.8.2.jar (org.junit.jupiter:junit-jupiter-api:5.8.2) with JetifyTransform
Transforming junit-jupiter-api-5.8.2.jar (org.junit.jupiter:junit-jupiter-api:5.8.2) with IdentityTransform
Transforming junit-platform-engine-1.8.2.jar (org.junit.platform:junit-platform-engine:1.8.2) with JetifyTransform
Transforming junit-platform-engine-1.8.2.jar (org.junit.platform:junit-platform-engine:1.8.2) with IdentityTransform
Transforming junit-platform-commons-1.8.2.jar (org.junit.platform:junit-platform-commons:1.8.2) with JetifyTransform
Transforming junit-platform-commons-1.8.2.jar (org.junit.platform:junit-platform-commons:1.8.2) with IdentityTransform
Transforming junit-jupiter-5.8.2.jar (org.junit.jupiter:junit-jupiter:5.8.2) with JetifyTransform
Transforming junit-jupiter-5.8.2.jar (org.junit.jupiter:junit-jupiter:5.8.2) with IdentityTransform
Transforming objenesis-3.3.jar (org.objenesis:objenesis:3.3) with JetifyTransform
Transforming objenesis-3.3.jar (org.objenesis:objenesis:3.3) with IdentityTransform
Transforming byte-buddy-1.14.6.jar (net.bytebuddy:byte-buddy:1.14.6) with JetifyTransform
Transforming byte-buddy-1.14.6.jar (net.bytebuddy:byte-buddy:1.14.6) with IdentityTransform
Transforming byte-buddy-agent-1.14.6.jar (net.bytebuddy:byte-buddy-agent:1.14.6) with JetifyTransform
Transforming byte-buddy-agent-1.14.6.jar (net.bytebuddy:byte-buddy-agent:1.14.6) with IdentityTransform
Transforming opentest4j-1.2.0.jar (org.opentest4j:opentest4j:1.2.0) with JetifyTransform
Transforming opentest4j-1.2.0.jar (org.opentest4j:opentest4j:1.2.0) with IdentityTransform
Transforming android.jar with MockableJarTransform
Transforming android.jar with MockableJarTransform
Caching disabled for task ':app:testDebugUnitTest' because:
  Build cache is disabled
Skipping task ':app:testDebugUnitTest' as it is up-to-date.

BUILD SUCCESSFUL in 29s
35 actionable tasks: 35 up-to-date
Watched directory hierarchies: [D:\KushwahaHardware]
